[fastcheck] driving sweep main() with degenerate key-state contract ...
pack files verified: 90, mismatch: 0
FK validation vs frozen witnesses: PASS
centerline points: 2608
clamp co-location max residual: 57.496 mm; bend analytic 54.738 / menger 54.738
J1 coil axis offset 0.00016 mm; J6 helix parallel 0.00000 offset 0.00014 mm
fields: vendor 10, rc parts 75, solar 264 tris, rails 2
running mission sweep (nominal step)...
mission worst clearance (gated): -18.746 mm
FAST_MODE: refinement skipped (V1 convergence evidence <0.05 mm)
key states: 10 unsafe
pinch worst: -17.695 mm
FAST_MODE: full-range spot check skipped (ODR-54 mission-rated target)
running RC hardware cross-clearance...
RC cross-clearance worst -2.913 mm over 146204 evals
pack files verified: 90, mismatch: 0
FK validation vs frozen witnesses: PASS
centerline points: 2608
clamp co-location max residual: 57.496 mm; bend analytic 54.738 / menger 54.738
J1 coil axis offset 0.00016 mm; J6 helix parallel 0.00000 offset 0.00014 mm
fields: vendor 10, rc parts 75, solar 264 tris, rails 2
running mission sweep (nominal step)...
mission worst clearance (gated): -18.746 mm
FAST_MODE: refinement skipped (V1 convergence evidence <0.05 mm)
key states: 10 unsafe
pinch worst: -17.695 mm
FAST_MODE: full-range spot check skipped (ODR-54 mission-rated target)
running RC hardware cross-clearance...
RC cross-clearance worst -2.913 mm over 146204 evals
VERDICT: FAIL_DOCUMENTED
[fastcheck] STOW gated -17.357 raw -10.874 | ring-vs-link5 worst 16.221 (crit 9.5) | others worst gated -18.746 | unsafe 10 | regressions ['ARM_RELEASE_CLEAR', 'Q_DEPLOYED_HOME', 'ARM_TASK_READY_C06', 'PREGRASP', 'CONTACT', 'CAPTURE_22KG', 'POST_CAPTURE_22KG', 'PHYSICS_VETO_150KG', 'SAFE_RECOVERY_TARGET']
[fastcheck] recommendation: V8_TARGETED_FIX_OR_FAIL_DOCUMENTED
[fastcheck] wrote F:\China Graduate Future Flight Vehicle Innovation Competition\20_engineering\MECHANICAL_ENGINEERING_RELEASE_R2\route_c\ROUTE_C_STOW_SITE_FAST_CHECK_V7.json
