pack files verified: 99, mismatch: 0
FK validation vs frozen witnesses: PASS
centerline points: 2303
clamp co-location max residual: 15.133 mm; bend analytic 50.000 / menger 50.000
J1 coil axis offset 0.00016 mm; J6 helix parallel 0.00000 offset 0.00037 mm
fields: vendor 10, rc parts 75, solar 264 tris, rails 2
running mission sweep (nominal step)...
mission worst clearance (gated): -13.846 mm
running mission sweep (2x refinement)...
refined worst -13.846 mm; |delta| 0.0001 mm
key states: 1 unsafe
pinch worst: 10.664 mm
running full-range spot check...
full-range spot worst (gated): -43.456 mm
running RC hardware cross-clearance...
RC cross-clearance worst -0.463 mm over 696550 evals
pack files verified: 99, mismatch: 0
FK validation vs frozen witnesses: PASS
centerline points: 2303
clamp co-location max residual: 15.133 mm; bend analytic 50.000 / menger 50.000
J1 coil axis offset 0.00016 mm; J6 helix parallel 0.00000 offset 0.00037 mm
fields: vendor 10, rc parts 75, solar 264 tris, rails 2
running mission sweep (nominal step)...
mission worst clearance (gated): -13.846 mm
running mission sweep (2x refinement)...
refined worst -13.846 mm; |delta| 0.0001 mm
key states: 1 unsafe
pinch worst: 10.664 mm
running full-range spot check...
full-range spot worst (gated): -43.456 mm
running RC hardware cross-clearance...
RC cross-clearance worst -0.463 mm over 696550 evals
VERDICT: FAIL_DOCUMENTED
