pack files verified: 99, mismatch: 0
FK validation vs frozen witnesses: PASS
centerline points: 2303
clamp co-location max residual: 15.133 mm; bend analytic 50.000 / menger 50.000
J1 coil axis offset 0.00016 mm; J6 helix parallel 0.00000 offset 0.00037 mm
fields: vendor 10, rc parts 75, solar 264 tris, rails 2
running mission sweep (nominal step)...
mission worst clearance (gated): -15.336 mm
running mission sweep (2x refinement)...
refined worst -15.381 mm; |delta| 0.0448 mm
key states: 1 unsafe
pinch worst: -8.406 mm
running full-range spot check...
full-range spot worst (gated): -43.800 mm
running RC hardware cross-clearance...
RC cross-clearance worst -0.500 mm over 812312 evals
pack files verified: 99, mismatch: 0
FK validation vs frozen witnesses: PASS
centerline points: 2303
clamp co-location max residual: 15.133 mm; bend analytic 50.000 / menger 50.000
J1 coil axis offset 0.00016 mm; J6 helix parallel 0.00000 offset 0.00037 mm
fields: vendor 10, rc parts 75, solar 264 tris, rails 2
running mission sweep (nominal step)...
mission worst clearance (gated): -15.336 mm
running mission sweep (2x refinement)...
refined worst -15.381 mm; |delta| 0.0448 mm
key states: 1 unsafe
pinch worst: -8.406 mm
running full-range spot check...
full-range spot worst (gated): -43.800 mm
running RC hardware cross-clearance...
RC cross-clearance worst -0.500 mm over 812312 evals
VERDICT: FAIL_DOCUMENTED
