** Drc report for wp10_c203_terminal.kicad_pcb **
** Created on 2026-09-09T18:11:26 **
** Report includes: Errors, Warnings **

** Found 12 DRC violations **
[hole_clearance]: Hole clearance violation (board setup constraints hole clearance 0.2500 mm; actual 0.0000 mm)
    Rule: board setup constraints hole; error
    @(95.0000 mm, 100.0000 mm): Track [WP10_PRECHARGED_PLUS] on B.Cu, length 5.0000 mm
    @(95.0000 mm, 100.0000 mm): NPTH pad of C203
[hole_clearance]: Hole clearance violation (board setup constraints hole clearance 0.2500 mm; actual 0.0000 mm)
    Rule: board setup constraints hole; error
    @(114.0000 mm, 104.0000 mm): Track [WP10_INPUT_RETURN] on B.Cu, length 10.0000 mm
    @(114.0000 mm, 114.0000 mm): NPTH pad of C203
[hole_clearance]: Hole clearance violation (board setup constraints hole clearance 0.2500 mm; actual 0.0000 mm)
    Rule: board setup constraints hole; error
    @(86.0000 mm, 104.0000 mm): Track [WP10_PRECHARGED_PLUS] on B.Cu, length 10.0000 mm
    @(86.0000 mm, 114.0000 mm): NPTH pad of C203
[hole_clearance]: Hole clearance violation (board setup constraints hole clearance 0.2500 mm; actual 0.0000 mm)
    Rule: board setup constraints hole; error
    @(105.0000 mm, 100.0000 mm): Track [WP10_INPUT_RETURN] on B.Cu, length 5.0000 mm
    @(105.0000 mm, 100.0000 mm): NPTH pad of C203
[hole_clearance]: Hole clearance violation (board setup constraints hole clearance 0.2500 mm; actual 0.0000 mm)
    Rule: board setup constraints hole; error
    @(86.0000 mm, 114.0000 mm): Pad 1 [WP10_PRECHARGED_PLUS] of C203 on B.Cu
    @(86.0000 mm, 114.0000 mm): NPTH pad of C203
[hole_clearance]: Hole clearance violation (board setup constraints hole clearance 0.2500 mm; actual 0.0000 mm)
    Rule: board setup constraints hole; error
    @(95.0000 mm, 100.0000 mm): Pad 1 [WP10_PRECHARGED_PLUS] of C203 on B.Cu
    @(95.0000 mm, 100.0000 mm): NPTH pad of C203
[hole_clearance]: Hole clearance violation (board setup constraints hole clearance 0.2500 mm; actual 0.0000 mm)
    Rule: board setup constraints hole; error
    @(105.0000 mm, 100.0000 mm): Pad 2 [WP10_INPUT_RETURN] of C203 on B.Cu
    @(105.0000 mm, 100.0000 mm): NPTH pad of C203
[hole_clearance]: Hole clearance violation (board setup constraints hole clearance 0.2500 mm; actual 0.0000 mm)
    Rule: board setup constraints hole; error
    @(114.0000 mm, 114.0000 mm): Pad 2 [WP10_INPUT_RETURN] of C203 on B.Cu
    @(114.0000 mm, 114.0000 mm): NPTH pad of C203
[solder_mask_bridge]: Rear solder mask aperture bridges items with different nets
    Rule: board setup solder mask min width; error
    @(95.0000 mm, 100.0000 mm): NPTH pad of C203
    @(95.0000 mm, 100.0000 mm): Pad 1 [WP10_PRECHARGED_PLUS] of C203 on B.Cu
[solder_mask_bridge]: Rear solder mask aperture bridges items with different nets
    Rule: board setup solder mask min width; error
    @(86.0000 mm, 114.0000 mm): NPTH pad of C203
    @(86.0000 mm, 114.0000 mm): Pad 1 [WP10_PRECHARGED_PLUS] of C203 on B.Cu
[solder_mask_bridge]: Rear solder mask aperture bridges items with different nets
    Rule: board setup solder mask min width; error
    @(105.0000 mm, 100.0000 mm): NPTH pad of C203
    @(105.0000 mm, 100.0000 mm): Pad 2 [WP10_INPUT_RETURN] of C203 on B.Cu
[solder_mask_bridge]: Rear solder mask aperture bridges items with different nets
    Rule: board setup solder mask min width; error
    @(114.0000 mm, 114.0000 mm): NPTH pad of C203
    @(114.0000 mm, 114.0000 mm): Pad 2 [WP10_INPUT_RETURN] of C203 on B.Cu

** Found 0 unconnected pads **

** Found 0 Footprint errors **

** Ignored checks **
    - Footprint has no courtyard defined
    - Track endpoint not centered on via
    - Tuning profile track geometries
    - Footprint doesn't match symbol's footprint filters
    - Footprint component type doesn't match footprint pads

** End of Report **
