RESULT|A3_GEOMETRY_ONLY_NATIVE_CAD_CREATED
SOLIDWORKS_VERSION|32.5.0
PROFILE|COMPETITION_DISPLAY_V0
STATUS|GEOMETRY_ONLY
NO_DYNAMICS_USE|TRUE
TARGET_EXCLUDED|TRUE
FILE|F:\China Graduate Future Flight Vehicle Innovation Competition\20_engineering\cad\Space_Embodied_Robot_CAD_V0_1\00_Master_Skeleton\SER_Master_Skeleton.SLDPRT|61728
FILE|F:\China Graduate Future Flight Vehicle Innovation Competition\20_engineering\cad\Space_Embodied_Robot_CAD_V0_1\01_Service_Bus\01_Service_Bus.SLDPRT|103608
FILE|F:\China Graduate Future Flight Vehicle Innovation Competition\20_engineering\cad\Space_Embodied_Robot_CAD_V0_1\02_Robot_Mount\02_B601_Mount_Adapter.SLDPRT|111108
FILE|F:\China Graduate Future Flight Vehicle Innovation Competition\20_engineering\cad\Space_Embodied_Robot_CAD_V0_1\03_B601_Interface\links\base_link_bbox_ref.SLDPRT|60607
FILE|F:\China Graduate Future Flight Vehicle Innovation Competition\20_engineering\cad\Space_Embodied_Robot_CAD_V0_1\03_B601_Interface\links\link1_bbox_ref.SLDPRT|82949
FILE|F:\China Graduate Future Flight Vehicle Innovation Competition\20_engineering\cad\Space_Embodied_Robot_CAD_V0_1\03_B601_Interface\links\link2_bbox_ref.SLDPRT|85201
FILE|F:\China Graduate Future Flight Vehicle Innovation Competition\20_engineering\cad\Space_Embodied_Robot_CAD_V0_1\03_B601_Interface\links\link3_bbox_ref.SLDPRT|85068
FILE|F:\China Graduate Future Flight Vehicle Innovation Competition\20_engineering\cad\Space_Embodied_Robot_CAD_V0_1\03_B601_Interface\links\link4_bbox_ref.SLDPRT|83332
FILE|F:\China Graduate Future Flight Vehicle Innovation Competition\20_engineering\cad\Space_Embodied_Robot_CAD_V0_1\03_B601_Interface\links\link5_bbox_ref.SLDPRT|82281
FILE|F:\China Graduate Future Flight Vehicle Innovation Competition\20_engineering\cad\Space_Embodied_Robot_CAD_V0_1\03_B601_Interface\links\link6_bbox_ref.SLDPRT|60045
FILE|F:\China Graduate Future Flight Vehicle Innovation Competition\20_engineering\cad\Space_Embodied_Robot_CAD_V0_1\03_B601_Interface\links\gripper_link_bbox_ref.SLDPRT|82174
FILE|F:\China Graduate Future Flight Vehicle Innovation Competition\20_engineering\cad\Space_Embodied_Robot_CAD_V0_1\03_B601_Interface\links\gripper_left_bbox_ref.SLDPRT|81549
FILE|F:\China Graduate Future Flight Vehicle Innovation Competition\20_engineering\cad\Space_Embodied_Robot_CAD_V0_1\03_B601_Interface\links\gripper_right_bbox_ref.SLDPRT|82731
FILE|F:\China Graduate Future Flight Vehicle Innovation Competition\20_engineering\cad\Space_Embodied_Robot_CAD_V0_1\03_B601_Interface\B601_Reference_Assembly.SLDASM|77681
FILE|F:\China Graduate Future Flight Vehicle Innovation Competition\20_engineering\cad\Space_Embodied_Robot_CAD_V0_1\Assembly\12U_Master_Skeleton.SLDASM|89892
FILE|F:\China Graduate Future Flight Vehicle Innovation Competition\20_engineering\cad\Space_Embodied_Robot_CAD_V0_1\evidence\12U_B601_geometry_only_isometric.bmp|4320054
CHECK|MASTER_SKELETON|S_M_A0_CREATED|B_AND_TCP_DISABLED
CHECK|SERVICE_BUS_BBOX|-0.17025,-0.11315,-0.11315,0.18525000000000003,0.11315,0.11315
CHECK|ADAPTER_BBOX_M|-0.08,-0.08,-0.027,0.08,0.08,0
CHECK|B601_REFERENCE_COMPONENTS|10
CHECK|TOP_ASSEMBLY_COMPONENTS|4
CHECK|TOP_ASSEMBLY_BBOX_S|-0.17025,-0.11315,-0.26031015301125326,0.46745023829891352,0.11315,0.27250014927116395
CHECK|BMP_EXPORT|PASS
INTERFERENCE_COUNT|0

