INSPECTOR|SER_GEOMETRY_ONLY_V0_1
SOLIDWORKS_VERSION|32.5.0
DOC|PART|F:\China Graduate Future Flight Vehicle Innovation Competition\20_engineering\cad\Space_Embodied_Robot_CAD_V0_1\00_Master_Skeleton\SER_Master_Skeleton.SLDPRT|OPEN_PASS
PART_BBOX_M|SER_Master_Skeleton.SLDPRT|-0.17025,-0.11315,-0.11315,0.28525,0.11315,0.11315
PART_SOLID_BODY_COUNT|SER_Master_Skeleton.SLDPRT|0
PROPERTY|SER_Master_Skeleton.SLDPRT|STATUS|PASS|GEOMETRY_ONLY|GEOMETRY_ONLY
PROPERTY|SER_Master_Skeleton.SLDPRT|PROFILE|PASS|COMPETITION_DISPLAY_V0|COMPETITION_DISPLAY_V0
PROPERTY|SER_Master_Skeleton.SLDPRT|CLAIM_LIMIT|PASS|NON_FLIGHT_COMPETITION_DISPLAY|NON_FLIGHT_COMPETITION_DISPLAY
PROPERTY|SER_Master_Skeleton.SLDPRT|NO_DYNAMICS_USE|PASS|TRUE|TRUE
PROPERTY|SER_Master_Skeleton.SLDPRT|TARGET_INCLUDED|PASS|FALSE|FALSE
PROPERTY|SER_Master_Skeleton.SLDPRT|ROLE|PASS|MASTER_SKELETON|MASTER_SKELETON
PROPERTY|SER_Master_Skeleton.SLDPRT|REPRESENTATION|PASS|REFERENCE_GEOMETRY_ONLY|REFERENCE_GEOMETRY_ONLY
FEATURE|SER_Master_Skeleton.SLDPRT|Favorites|FavoriteFolder
FEATURE|SER_Master_Skeleton.SLDPRT|History|HistoryFolder
FEATURE|SER_Master_Skeleton.SLDPRT|Selection Sets|SelectionSetFolder
FEATURE|SER_Master_Skeleton.SLDPRT|Sensors|SensorFolder
FEATURE|SER_Master_Skeleton.SLDPRT|设计活页夹|DocsFolder
FEATURE|SER_Master_Skeleton.SLDPRT|Annotations|DetailCabinet
FEATURE|SER_Master_Skeleton.SLDPRT|标注|InkMarkupFolder
FEATURE|SER_Master_Skeleton.SLDPRT|Lights, Cameras and Scene|EnvFolder
FEATURE|SER_Master_Skeleton.SLDPRT|Solid Bodies|SolidBodyFolder
FEATURE|SER_Master_Skeleton.SLDPRT|Surface Bodies|SurfaceBodyFolder
FEATURE|SER_Master_Skeleton.SLDPRT|Comments|CommentsFolder
FEATURE|SER_Master_Skeleton.SLDPRT|Equations|EqnFolder
FEATURE|SER_Master_Skeleton.SLDPRT|6061-T6 (SS)|MaterialFolder
FEATURE|SER_Master_Skeleton.SLDPRT|Front|RefPlane
FEATURE|SER_Master_Skeleton.SLDPRT|Top|RefPlane
FEATURE|SER_Master_Skeleton.SLDPRT|Right|RefPlane
FEATURE|SER_Master_Skeleton.SLDPRT|Origin|OriginProfileFeature
FEATURE|SER_Master_Skeleton.SLDPRT|CS_S|CoordSys
FEATURE|SER_Master_Skeleton.SLDPRT|CS_M|CoordSys
FEATURE|SER_Master_Skeleton.SLDPRT|CS_A0|CoordSys
FEATURE|SER_Master_Skeleton.SLDPRT|MASTER_ENVELOPE_AND_FRAME_WIRES|3DProfileFeature
EXPECTED_FEATURE|SER_Master_Skeleton.SLDPRT|CS_S|PASS
EXPECTED_FEATURE|SER_Master_Skeleton.SLDPRT|CS_M|PASS
EXPECTED_FEATURE|SER_Master_Skeleton.SLDPRT|CS_A0|PASS
EXPECTED_FEATURE|SER_Master_Skeleton.SLDPRT|MASTER_ENVELOPE_AND_FRAME_WIRES|PASS
DOC|PART|F:\China Graduate Future Flight Vehicle Innovation Competition\20_engineering\cad\Space_Embodied_Robot_CAD_V0_1\01_Service_Bus\01_Service_Bus.SLDPRT|OPEN_PASS
PART_BBOX_M|01_Service_Bus.SLDPRT|-0.17025,-0.11315,-0.11315,0.18525000000000003,0.11315,0.11315
PART_SOLID_BODY_COUNT|01_Service_Bus.SLDPRT|2
PROPERTY|01_Service_Bus.SLDPRT|STATUS|PASS|GEOMETRY_ONLY|GEOMETRY_ONLY
PROPERTY|01_Service_Bus.SLDPRT|PROFILE|PASS|COMPETITION_DISPLAY_V0|COMPETITION_DISPLAY_V0
PROPERTY|01_Service_Bus.SLDPRT|CLAIM_LIMIT|PASS|NON_FLIGHT_COMPETITION_DISPLAY|NON_FLIGHT_COMPETITION_DISPLAY
PROPERTY|01_Service_Bus.SLDPRT|NO_DYNAMICS_USE|PASS|TRUE|TRUE
PROPERTY|01_Service_Bus.SLDPRT|TARGET_INCLUDED|PASS|FALSE|FALSE
PROPERTY|01_Service_Bus.SLDPRT|ROLE|PASS|SERVICE_BUS|SERVICE_BUS
PROPERTY|01_Service_Bus.SLDPRT|REPRESENTATION|PASS|PARAMETRIC_NATIVE_SOLID|PARAMETRIC_NATIVE_SOLID
FEATURE|01_Service_Bus.SLDPRT|Favorites|FavoriteFolder
FEATURE|01_Service_Bus.SLDPRT|History|HistoryFolder
FEATURE|01_Service_Bus.SLDPRT|Selection Sets|SelectionSetFolder
FEATURE|01_Service_Bus.SLDPRT|Sensors|SensorFolder
FEATURE|01_Service_Bus.SLDPRT|设计活页夹|DocsFolder
FEATURE|01_Service_Bus.SLDPRT|Annotations|DetailCabinet
FEATURE|01_Service_Bus.SLDPRT|标注|InkMarkupFolder
FEATURE|01_Service_Bus.SLDPRT|Lights, Cameras and Scene|EnvFolder
FEATURE|01_Service_Bus.SLDPRT|Solid Bodies|SolidBodyFolder
FEATURE|01_Service_Bus.SLDPRT|Surface Bodies|SurfaceBodyFolder
FEATURE|01_Service_Bus.SLDPRT|Comments|CommentsFolder
FEATURE|01_Service_Bus.SLDPRT|Equations|EqnFolder
FEATURE|01_Service_Bus.SLDPRT|6061-T6 (SS)|MaterialFolder
FEATURE|01_Service_Bus.SLDPRT|Front|RefPlane
FEATURE|01_Service_Bus.SLDPRT|Top|RefPlane
FEATURE|01_Service_Bus.SLDPRT|Right|RefPlane
FEATURE|01_Service_Bus.SLDPRT|Origin|OriginProfileFeature
FEATURE|01_Service_Bus.SLDPRT|BUS_ENVELOPE_SKETCH|ProfileFeature
FEATURE|01_Service_Bus.SLDPRT|BUS_ENVELOPE|Extrusion
FEATURE|01_Service_Bus.SLDPRT|PLANE_TASK_FACE|RefPlane
FEATURE|01_Service_Bus.SLDPRT|ADAPTER_RECESS_160_SKETCH|ProfileFeature
FEATURE|01_Service_Bus.SLDPRT|ADAPTER_RECESS_160|ICE
FEATURE|01_Service_Bus.SLDPRT|SERVICER_FLANGE_RING_SKETCH|ProfileFeature
FEATURE|01_Service_Bus.SLDPRT|SERVICER_FLANGE_RING_160|ICE
FEATURE|01_Service_Bus.SLDPRT|CS_S|CoordSys
FEATURE|01_Service_Bus.SLDPRT|CS_M|CoordSys
EXPECTED_FEATURE|01_Service_Bus.SLDPRT|BUS_ENVELOPE|PASS
EXPECTED_FEATURE|01_Service_Bus.SLDPRT|ADAPTER_RECESS_160|PASS
EXPECTED_FEATURE|01_Service_Bus.SLDPRT|SERVICER_FLANGE_RING_160|PASS
EXPECTED_FEATURE|01_Service_Bus.SLDPRT|CS_S|PASS
EXPECTED_FEATURE|01_Service_Bus.SLDPRT|CS_M|PASS
NAMED_DIMENSION|01_Service_Bus.SLDPRT|BUS_WIDTH@BUS_ENVELOPE_SKETCH|PASS|0.2263
NAMED_DIMENSION|01_Service_Bus.SLDPRT|BUS_HEIGHT@BUS_ENVELOPE_SKETCH|PASS|0.2263
NAMED_DIMENSION|01_Service_Bus.SLDPRT|BUS_HALF_LENGTH_POS@BUS_ENVELOPE|PASS|0.17025
NAMED_DIMENSION|01_Service_Bus.SLDPRT|BUS_HALF_LENGTH_NEG@BUS_ENVELOPE|PASS|0.17025
NAMED_DIMENSION|01_Service_Bus.SLDPRT|ADAPTER_RECESS_Y@ADAPTER_RECESS_160_SKETCH|PASS|0.16
NAMED_DIMENSION|01_Service_Bus.SLDPRT|ADAPTER_RECESS_Z@ADAPTER_RECESS_160_SKETCH|PASS|0.16
NAMED_DIMENSION|01_Service_Bus.SLDPRT|ADAPTER_RECESS_DEPTH@ADAPTER_RECESS_160|PASS|0.012
NAMED_DIMENSION|01_Service_Bus.SLDPRT|SERVICER_FLANGE_Y@SERVICER_FLANGE_RING_SKETCH|PASS|0.16
NAMED_DIMENSION|01_Service_Bus.SLDPRT|SERVICER_FLANGE_Z@SERVICER_FLANGE_RING_SKETCH|PASS|0.16
NAMED_DIMENSION|01_Service_Bus.SLDPRT|FLANGE_CENTER_CLEARANCE_DIAMETER@SERVICER_FLANGE_RING_SKETCH|PASS|0.1
NAMED_DIMENSION|01_Service_Bus.SLDPRT|SERVICER_FLANGE_DEPTH@SERVICER_FLANGE_RING_160|PASS|0.015
DOC|PART|F:\China Graduate Future Flight Vehicle Innovation Competition\20_engineering\cad\Space_Embodied_Robot_CAD_V0_1\02_Robot_Mount\02_B601_Mount_Adapter.SLDPRT|OPEN_PASS
PART_BBOX_M|02_B601_Mount_Adapter.SLDPRT|-0.08,-0.08,-0.027,0.08,0.08,0
PART_SOLID_BODY_COUNT|02_B601_Mount_Adapter.SLDPRT|1
PROPERTY|02_B601_Mount_Adapter.SLDPRT|STATUS|PASS|GEOMETRY_ONLY|GEOMETRY_ONLY
PROPERTY|02_B601_Mount_Adapter.SLDPRT|PROFILE|PASS|COMPETITION_DISPLAY_V0|COMPETITION_DISPLAY_V0
PROPERTY|02_B601_Mount_Adapter.SLDPRT|CLAIM_LIMIT|PASS|NON_FLIGHT_COMPETITION_DISPLAY|NON_FLIGHT_COMPETITION_DISPLAY
PROPERTY|02_B601_Mount_Adapter.SLDPRT|NO_DYNAMICS_USE|PASS|TRUE|TRUE
PROPERTY|02_B601_Mount_Adapter.SLDPRT|TARGET_INCLUDED|PASS|FALSE|FALSE
PROPERTY|02_B601_Mount_Adapter.SLDPRT|ROLE|PASS|ROBOT_MOUNT_ADAPTER|ROBOT_MOUNT_ADAPTER
PROPERTY|02_B601_Mount_Adapter.SLDPRT|REPRESENTATION|PASS|PARAMETRIC_NATIVE_SOLID|PARAMETRIC_NATIVE_SOLID
FEATURE|02_B601_Mount_Adapter.SLDPRT|Favorites|FavoriteFolder
FEATURE|02_B601_Mount_Adapter.SLDPRT|History|HistoryFolder
FEATURE|02_B601_Mount_Adapter.SLDPRT|Selection Sets|SelectionSetFolder
FEATURE|02_B601_Mount_Adapter.SLDPRT|Sensors|SensorFolder
FEATURE|02_B601_Mount_Adapter.SLDPRT|设计活页夹|DocsFolder
FEATURE|02_B601_Mount_Adapter.SLDPRT|Annotations|DetailCabinet
FEATURE|02_B601_Mount_Adapter.SLDPRT|标注|InkMarkupFolder
FEATURE|02_B601_Mount_Adapter.SLDPRT|Lights, Cameras and Scene|EnvFolder
FEATURE|02_B601_Mount_Adapter.SLDPRT|Solid Bodies|SolidBodyFolder
FEATURE|02_B601_Mount_Adapter.SLDPRT|Surface Bodies|SurfaceBodyFolder
FEATURE|02_B601_Mount_Adapter.SLDPRT|Comments|CommentsFolder
FEATURE|02_B601_Mount_Adapter.SLDPRT|Equations|EqnFolder
FEATURE|02_B601_Mount_Adapter.SLDPRT|6061-T6 (SS)|MaterialFolder
FEATURE|02_B601_Mount_Adapter.SLDPRT|Front|RefPlane
FEATURE|02_B601_Mount_Adapter.SLDPRT|Top|RefPlane
FEATURE|02_B601_Mount_Adapter.SLDPRT|Right|RefPlane
FEATURE|02_B601_Mount_Adapter.SLDPRT|Origin|OriginProfileFeature
FEATURE|02_B601_Mount_Adapter.SLDPRT|ADAPTER_BOSS_SKETCH|ProfileFeature
FEATURE|02_B601_Mount_Adapter.SLDPRT|ADAPTER_BOSS_D100|Extrusion
FEATURE|02_B601_Mount_Adapter.SLDPRT|PLANE_ADAPTER_PLATE_FRONT|RefPlane
FEATURE|02_B601_Mount_Adapter.SLDPRT|ADAPTER_PLATE_SKETCH|ProfileFeature
FEATURE|02_B601_Mount_Adapter.SLDPRT|ADAPTER_PLATE_160|ICE
FEATURE|02_B601_Mount_Adapter.SLDPRT|B601_BOLT_PATTERN_PCD80_PLACEHOLDER|ProfileFeature
FEATURE|02_B601_Mount_Adapter.SLDPRT|CABLE_PASSAGE_KEEP_OUT_20x40|ProfileFeature
FEATURE|02_B601_Mount_Adapter.SLDPRT|CS_M_A0|CoordSys
EXPECTED_FEATURE|02_B601_Mount_Adapter.SLDPRT|ADAPTER_BOSS_D100|PASS
EXPECTED_FEATURE|02_B601_Mount_Adapter.SLDPRT|ADAPTER_PLATE_160|PASS
EXPECTED_FEATURE|02_B601_Mount_Adapter.SLDPRT|B601_BOLT_PATTERN_PCD80_PLACEHOLDER|PASS
EXPECTED_FEATURE|02_B601_Mount_Adapter.SLDPRT|CABLE_PASSAGE_KEEP_OUT_20x40|PASS
EXPECTED_FEATURE|02_B601_Mount_Adapter.SLDPRT|CS_M_A0|PASS
NAMED_DIMENSION|02_B601_Mount_Adapter.SLDPRT|ADAPTER_BOSS_DIAMETER@ADAPTER_BOSS_SKETCH|PASS|0.1
NAMED_DIMENSION|02_B601_Mount_Adapter.SLDPRT|ADAPTER_BOSS_HEIGHT@ADAPTER_BOSS_D100|PASS|0.015
NAMED_DIMENSION|02_B601_Mount_Adapter.SLDPRT|ADAPTER_PLATE_X@ADAPTER_PLATE_SKETCH|PASS|0.16
NAMED_DIMENSION|02_B601_Mount_Adapter.SLDPRT|ADAPTER_PLATE_Y@ADAPTER_PLATE_SKETCH|PASS|0.16
NAMED_DIMENSION|02_B601_Mount_Adapter.SLDPRT|ADAPTER_PLATE_THICKNESS@ADAPTER_PLATE_160|PASS|0.012
DOC|PART|F:\China Graduate Future Flight Vehicle Innovation Competition\20_engineering\cad\Space_Embodied_Robot_CAD_V0_1\03_B601_Interface\links\base_link_bbox_ref.SLDPRT|OPEN_PASS
PART_BBOX_M|base_link_bbox_ref.SLDPRT|-0.070000000298023224,-0.10000000149011612,-1.7881390812490849E-11,0.070000000298023224,0.10000000149011612,0.082649998366832733
PART_SOLID_BODY_COUNT|base_link_bbox_ref.SLDPRT|1
PROPERTY|base_link_bbox_ref.SLDPRT|STATUS|PASS|GEOMETRY_ONLY|GEOMETRY_ONLY
PROPERTY|base_link_bbox_ref.SLDPRT|PROFILE|PASS|COMPETITION_DISPLAY_V0|COMPETITION_DISPLAY_V0
PROPERTY|base_link_bbox_ref.SLDPRT|CLAIM_LIMIT|PASS|NON_FLIGHT_COMPETITION_DISPLAY|NON_FLIGHT_COMPETITION_DISPLAY
PROPERTY|base_link_bbox_ref.SLDPRT|NO_DYNAMICS_USE|PASS|TRUE|TRUE
PROPERTY|base_link_bbox_ref.SLDPRT|TARGET_INCLUDED|PASS|FALSE|FALSE
PROPERTY|base_link_bbox_ref.SLDPRT|ROLE|PASS|B601_LINK_REFERENCE_base_link|B601_LINK_REFERENCE_base_link
PROPERTY|base_link_bbox_ref.SLDPRT|REPRESENTATION|PASS|MESH_BOUNDING_BOX_PROXY|MESH_BOUNDING_BOX_PROXY
BBOX_SOURCE_AXIS_MATCH|base_link_bbox_ref.SLDPRT|PASS|3.4694469519536142E-18
FEATURE|base_link_bbox_ref.SLDPRT|Favorites|FavoriteFolder
FEATURE|base_link_bbox_ref.SLDPRT|History|HistoryFolder
FEATURE|base_link_bbox_ref.SLDPRT|Selection Sets|SelectionSetFolder
FEATURE|base_link_bbox_ref.SLDPRT|Sensors|SensorFolder
FEATURE|base_link_bbox_ref.SLDPRT|设计活页夹|DocsFolder
FEATURE|base_link_bbox_ref.SLDPRT|Annotations|DetailCabinet
FEATURE|base_link_bbox_ref.SLDPRT|标注|InkMarkupFolder
FEATURE|base_link_bbox_ref.SLDPRT|Lights, Cameras and Scene|EnvFolder
FEATURE|base_link_bbox_ref.SLDPRT|Solid Bodies|SolidBodyFolder
FEATURE|base_link_bbox_ref.SLDPRT|Surface Bodies|SurfaceBodyFolder
FEATURE|base_link_bbox_ref.SLDPRT|Comments|CommentsFolder
FEATURE|base_link_bbox_ref.SLDPRT|Equations|EqnFolder
FEATURE|base_link_bbox_ref.SLDPRT|6061-T6 (SS)|MaterialFolder
FEATURE|base_link_bbox_ref.SLDPRT|Front|RefPlane
FEATURE|base_link_bbox_ref.SLDPRT|Top|RefPlane
FEATURE|base_link_bbox_ref.SLDPRT|Right|RefPlane
FEATURE|base_link_bbox_ref.SLDPRT|Origin|OriginProfileFeature
FEATURE|base_link_bbox_ref.SLDPRT|BBOX_SKETCH_base_link|ProfileFeature
FEATURE|base_link_bbox_ref.SLDPRT|BBOX_PROXY_base_link|Extrusion
EXPECTED_FEATURE|base_link_bbox_ref.SLDPRT|BBOX_PROXY_base_link|PASS
NAMED_DIMENSION|base_link_bbox_ref.SLDPRT|BBOX_Z@BBOX_SKETCH_base_link|PASS|0.082649998384714124
NAMED_DIMENSION|base_link_bbox_ref.SLDPRT|BBOX_Y@BBOX_SKETCH_base_link|PASS|0.20000000298023224
NAMED_DIMENSION|base_link_bbox_ref.SLDPRT|BBOX_HALF_X_POS@BBOX_PROXY_base_link|PASS|0.070000000298023224
NAMED_DIMENSION|base_link_bbox_ref.SLDPRT|BBOX_HALF_X_NEG@BBOX_PROXY_base_link|PASS|0.070000000298023224
DOC|PART|F:\China Graduate Future Flight Vehicle Innovation Competition\20_engineering\cad\Space_Embodied_Robot_CAD_V0_1\03_B601_Interface\links\link1_bbox_ref.SLDPRT|OPEN_PASS
PART_BBOX_M|link1_bbox_ref.SLDPRT|-0.03841584175825119,-0.038624998182058334,-0.0070999986492097378,0.048565555363893509,0.038624998182058334,0.083919338881969452
PART_SOLID_BODY_COUNT|link1_bbox_ref.SLDPRT|1
PROPERTY|link1_bbox_ref.SLDPRT|STATUS|PASS|GEOMETRY_ONLY|GEOMETRY_ONLY
PROPERTY|link1_bbox_ref.SLDPRT|PROFILE|PASS|COMPETITION_DISPLAY_V0|COMPETITION_DISPLAY_V0
PROPERTY|link1_bbox_ref.SLDPRT|CLAIM_LIMIT|PASS|NON_FLIGHT_COMPETITION_DISPLAY|NON_FLIGHT_COMPETITION_DISPLAY
PROPERTY|link1_bbox_ref.SLDPRT|NO_DYNAMICS_USE|PASS|TRUE|TRUE
PROPERTY|link1_bbox_ref.SLDPRT|TARGET_INCLUDED|PASS|FALSE|FALSE
PROPERTY|link1_bbox_ref.SLDPRT|ROLE|PASS|B601_LINK_REFERENCE_link1|B601_LINK_REFERENCE_link1
PROPERTY|link1_bbox_ref.SLDPRT|REPRESENTATION|PASS|MESH_BOUNDING_BOX_PROXY|MESH_BOUNDING_BOX_PROXY
BBOX_SOURCE_AXIS_MATCH|link1_bbox_ref.SLDPRT|PASS|0
FEATURE|link1_bbox_ref.SLDPRT|Favorites|FavoriteFolder
FEATURE|link1_bbox_ref.SLDPRT|History|HistoryFolder
FEATURE|link1_bbox_ref.SLDPRT|Selection Sets|SelectionSetFolder
FEATURE|link1_bbox_ref.SLDPRT|Sensors|SensorFolder
FEATURE|link1_bbox_ref.SLDPRT|设计活页夹|DocsFolder
FEATURE|link1_bbox_ref.SLDPRT|Annotations|DetailCabinet
FEATURE|link1_bbox_ref.SLDPRT|标注|InkMarkupFolder
FEATURE|link1_bbox_ref.SLDPRT|Lights, Cameras and Scene|EnvFolder
FEATURE|link1_bbox_ref.SLDPRT|Solid Bodies|SolidBodyFolder
FEATURE|link1_bbox_ref.SLDPRT|Surface Bodies|SurfaceBodyFolder
FEATURE|link1_bbox_ref.SLDPRT|Comments|CommentsFolder
FEATURE|link1_bbox_ref.SLDPRT|Equations|EqnFolder
FEATURE|link1_bbox_ref.SLDPRT|6061-T6 (SS)|MaterialFolder
FEATURE|link1_bbox_ref.SLDPRT|Front|RefPlane
FEATURE|link1_bbox_ref.SLDPRT|Top|RefPlane
FEATURE|link1_bbox_ref.SLDPRT|Right|RefPlane
FEATURE|link1_bbox_ref.SLDPRT|Origin|OriginProfileFeature
FEATURE|link1_bbox_ref.SLDPRT|PLANE_BBOX_CENTER_X|RefPlane
FEATURE|link1_bbox_ref.SLDPRT|BBOX_SKETCH_link1|ProfileFeature
FEATURE|link1_bbox_ref.SLDPRT|BBOX_PROXY_link1|Extrusion
EXPECTED_FEATURE|link1_bbox_ref.SLDPRT|BBOX_PROXY_link1|PASS
NAMED_DIMENSION|link1_bbox_ref.SLDPRT|BBOX_Z@BBOX_SKETCH_link1|PASS|0.09101933753117919
NAMED_DIMENSION|link1_bbox_ref.SLDPRT|BBOX_Y@BBOX_SKETCH_link1|PASS|0.077249996364116669
NAMED_DIMENSION|link1_bbox_ref.SLDPRT|BBOX_HALF_X_POS@BBOX_PROXY_link1|PASS|0.04349069856107235
NAMED_DIMENSION|link1_bbox_ref.SLDPRT|BBOX_HALF_X_NEG@BBOX_PROXY_link1|PASS|0.04349069856107235
DOC|PART|F:\China Graduate Future Flight Vehicle Innovation Competition\20_engineering\cad\Space_Embodied_Robot_CAD_V0_1\03_B601_Interface\links\link2_bbox_ref.SLDPRT|OPEN_PASS
PART_BBOX_M|link2_bbox_ref.SLDPRT|-0.29249998927116394,-0.028500000014901161,-0.065300002694129944,0.028500000014901161,0.02850000374019146,0.0020500000100582838
PART_SOLID_BODY_COUNT|link2_bbox_ref.SLDPRT|1
PROPERTY|link2_bbox_ref.SLDPRT|STATUS|PASS|GEOMETRY_ONLY|GEOMETRY_ONLY
PROPERTY|link2_bbox_ref.SLDPRT|PROFILE|PASS|COMPETITION_DISPLAY_V0|COMPETITION_DISPLAY_V0
PROPERTY|link2_bbox_ref.SLDPRT|CLAIM_LIMIT|PASS|NON_FLIGHT_COMPETITION_DISPLAY|NON_FLIGHT_COMPETITION_DISPLAY
PROPERTY|link2_bbox_ref.SLDPRT|NO_DYNAMICS_USE|PASS|TRUE|TRUE
PROPERTY|link2_bbox_ref.SLDPRT|TARGET_INCLUDED|PASS|FALSE|FALSE
PROPERTY|link2_bbox_ref.SLDPRT|ROLE|PASS|B601_LINK_REFERENCE_link2|B601_LINK_REFERENCE_link2
PROPERTY|link2_bbox_ref.SLDPRT|REPRESENTATION|PASS|MESH_BOUNDING_BOX_PROXY|MESH_BOUNDING_BOX_PROXY
BBOX_SOURCE_AXIS_MATCH|link2_bbox_ref.SLDPRT|PASS|0
FEATURE|link2_bbox_ref.SLDPRT|Favorites|FavoriteFolder
FEATURE|link2_bbox_ref.SLDPRT|History|HistoryFolder
FEATURE|link2_bbox_ref.SLDPRT|Selection Sets|SelectionSetFolder
FEATURE|link2_bbox_ref.SLDPRT|Sensors|SensorFolder
FEATURE|link2_bbox_ref.SLDPRT|设计活页夹|DocsFolder
FEATURE|link2_bbox_ref.SLDPRT|Annotations|DetailCabinet
FEATURE|link2_bbox_ref.SLDPRT|标注|InkMarkupFolder
FEATURE|link2_bbox_ref.SLDPRT|Lights, Cameras and Scene|EnvFolder
FEATURE|link2_bbox_ref.SLDPRT|Solid Bodies|SolidBodyFolder
FEATURE|link2_bbox_ref.SLDPRT|Surface Bodies|SurfaceBodyFolder
FEATURE|link2_bbox_ref.SLDPRT|Comments|CommentsFolder
FEATURE|link2_bbox_ref.SLDPRT|Equations|EqnFolder
FEATURE|link2_bbox_ref.SLDPRT|6061-T6 (SS)|MaterialFolder
FEATURE|link2_bbox_ref.SLDPRT|Front|RefPlane
FEATURE|link2_bbox_ref.SLDPRT|Top|RefPlane
FEATURE|link2_bbox_ref.SLDPRT|Right|RefPlane
FEATURE|link2_bbox_ref.SLDPRT|Origin|OriginProfileFeature
FEATURE|link2_bbox_ref.SLDPRT|PLANE_BBOX_CENTER_X|RefPlane
FEATURE|link2_bbox_ref.SLDPRT|BBOX_SKETCH_link2|ProfileFeature
FEATURE|link2_bbox_ref.SLDPRT|BBOX_PROXY_link2|Extrusion
EXPECTED_FEATURE|link2_bbox_ref.SLDPRT|BBOX_PROXY_link2|PASS
NAMED_DIMENSION|link2_bbox_ref.SLDPRT|BBOX_Z@BBOX_SKETCH_link2|PASS|0.067350002704188228
NAMED_DIMENSION|link2_bbox_ref.SLDPRT|BBOX_Y@BBOX_SKETCH_link2|PASS|0.057000003755092621
NAMED_DIMENSION|link2_bbox_ref.SLDPRT|BBOX_HALF_X_POS@BBOX_PROXY_link2|PASS|0.16049999464303255
NAMED_DIMENSION|link2_bbox_ref.SLDPRT|BBOX_HALF_X_NEG@BBOX_PROXY_link2|PASS|0.16049999464303255
DOC|PART|F:\China Graduate Future Flight Vehicle Innovation Competition\20_engineering\cad\Space_Embodied_Robot_CAD_V0_1\03_B601_Interface\links\link3_bbox_ref.SLDPRT|OPEN_PASS
PART_BBOX_M|link3_bbox_ref.SLDPRT|-0.026679547503590584,-0.082499973475933075,-0.071249999105930328,0.27109998464584351,0.022500023245811462,0.008999999612569809
PART_SOLID_BODY_COUNT|link3_bbox_ref.SLDPRT|1
PROPERTY|link3_bbox_ref.SLDPRT|STATUS|PASS|GEOMETRY_ONLY|GEOMETRY_ONLY
PROPERTY|link3_bbox_ref.SLDPRT|PROFILE|PASS|COMPETITION_DISPLAY_V0|COMPETITION_DISPLAY_V0
PROPERTY|link3_bbox_ref.SLDPRT|CLAIM_LIMIT|PASS|NON_FLIGHT_COMPETITION_DISPLAY|NON_FLIGHT_COMPETITION_DISPLAY
PROPERTY|link3_bbox_ref.SLDPRT|NO_DYNAMICS_USE|PASS|TRUE|TRUE
PROPERTY|link3_bbox_ref.SLDPRT|TARGET_INCLUDED|PASS|FALSE|FALSE
PROPERTY|link3_bbox_ref.SLDPRT|ROLE|PASS|B601_LINK_REFERENCE_link3|B601_LINK_REFERENCE_link3
PROPERTY|link3_bbox_ref.SLDPRT|REPRESENTATION|PASS|MESH_BOUNDING_BOX_PROXY|MESH_BOUNDING_BOX_PROXY
BBOX_SOURCE_AXIS_MATCH|link3_bbox_ref.SLDPRT|PASS|0
FEATURE|link3_bbox_ref.SLDPRT|Favorites|FavoriteFolder
FEATURE|link3_bbox_ref.SLDPRT|History|HistoryFolder
FEATURE|link3_bbox_ref.SLDPRT|Selection Sets|SelectionSetFolder
FEATURE|link3_bbox_ref.SLDPRT|Sensors|SensorFolder
FEATURE|link3_bbox_ref.SLDPRT|设计活页夹|DocsFolder
FEATURE|link3_bbox_ref.SLDPRT|Annotations|DetailCabinet
FEATURE|link3_bbox_ref.SLDPRT|标注|InkMarkupFolder
FEATURE|link3_bbox_ref.SLDPRT|Lights, Cameras and Scene|EnvFolder
FEATURE|link3_bbox_ref.SLDPRT|Solid Bodies|SolidBodyFolder
FEATURE|link3_bbox_ref.SLDPRT|Surface Bodies|SurfaceBodyFolder
FEATURE|link3_bbox_ref.SLDPRT|Comments|CommentsFolder
FEATURE|link3_bbox_ref.SLDPRT|Equations|EqnFolder
FEATURE|link3_bbox_ref.SLDPRT|6061-T6 (SS)|MaterialFolder
FEATURE|link3_bbox_ref.SLDPRT|Front|RefPlane
FEATURE|link3_bbox_ref.SLDPRT|Top|RefPlane
FEATURE|link3_bbox_ref.SLDPRT|Right|RefPlane
FEATURE|link3_bbox_ref.SLDPRT|Origin|OriginProfileFeature
FEATURE|link3_bbox_ref.SLDPRT|PLANE_BBOX_CENTER_X|RefPlane
FEATURE|link3_bbox_ref.SLDPRT|BBOX_SKETCH_link3|ProfileFeature
FEATURE|link3_bbox_ref.SLDPRT|BBOX_PROXY_link3|Extrusion
EXPECTED_FEATURE|link3_bbox_ref.SLDPRT|BBOX_PROXY_link3|PASS
NAMED_DIMENSION|link3_bbox_ref.SLDPRT|BBOX_Z@BBOX_SKETCH_link3|PASS|0.080249998718500137
NAMED_DIMENSION|link3_bbox_ref.SLDPRT|BBOX_Y@BBOX_SKETCH_link3|PASS|0.10499999672174454
NAMED_DIMENSION|link3_bbox_ref.SLDPRT|BBOX_HALF_X_POS@BBOX_PROXY_link3|PASS|0.14888976607471704
NAMED_DIMENSION|link3_bbox_ref.SLDPRT|BBOX_HALF_X_NEG@BBOX_PROXY_link3|PASS|0.14888976607471704
DOC|PART|F:\China Graduate Future Flight Vehicle Innovation Competition\20_engineering\cad\Space_Embodied_Robot_CAD_V0_1\03_B601_Interface\links\link4_bbox_ref.SLDPRT|OPEN_PASS
PART_BBOX_M|link4_bbox_ref.SLDPRT|-0.028033716604113579,-0.087999999523162842,-0.063380002975463867,0.11775152385234833,0.027914844453334808,0.0033799998927861452
PART_SOLID_BODY_COUNT|link4_bbox_ref.SLDPRT|1
PROPERTY|link4_bbox_ref.SLDPRT|STATUS|PASS|GEOMETRY_ONLY|GEOMETRY_ONLY
PROPERTY|link4_bbox_ref.SLDPRT|PROFILE|PASS|COMPETITION_DISPLAY_V0|COMPETITION_DISPLAY_V0
PROPERTY|link4_bbox_ref.SLDPRT|CLAIM_LIMIT|PASS|NON_FLIGHT_COMPETITION_DISPLAY|NON_FLIGHT_COMPETITION_DISPLAY
PROPERTY|link4_bbox_ref.SLDPRT|NO_DYNAMICS_USE|PASS|TRUE|TRUE
PROPERTY|link4_bbox_ref.SLDPRT|TARGET_INCLUDED|PASS|FALSE|FALSE
PROPERTY|link4_bbox_ref.SLDPRT|ROLE|PASS|B601_LINK_REFERENCE_link4|B601_LINK_REFERENCE_link4
PROPERTY|link4_bbox_ref.SLDPRT|REPRESENTATION|PASS|MESH_BOUNDING_BOX_PROXY|MESH_BOUNDING_BOX_PROXY
BBOX_SOURCE_AXIS_MATCH|link4_bbox_ref.SLDPRT|PASS|0
FEATURE|link4_bbox_ref.SLDPRT|Favorites|FavoriteFolder
FEATURE|link4_bbox_ref.SLDPRT|History|HistoryFolder
FEATURE|link4_bbox_ref.SLDPRT|Selection Sets|SelectionSetFolder
FEATURE|link4_bbox_ref.SLDPRT|Sensors|SensorFolder
FEATURE|link4_bbox_ref.SLDPRT|设计活页夹|DocsFolder
FEATURE|link4_bbox_ref.SLDPRT|Annotations|DetailCabinet
FEATURE|link4_bbox_ref.SLDPRT|标注|InkMarkupFolder
FEATURE|link4_bbox_ref.SLDPRT|Lights, Cameras and Scene|EnvFolder
FEATURE|link4_bbox_ref.SLDPRT|Solid Bodies|SolidBodyFolder
FEATURE|link4_bbox_ref.SLDPRT|Surface Bodies|SurfaceBodyFolder
FEATURE|link4_bbox_ref.SLDPRT|Comments|CommentsFolder
FEATURE|link4_bbox_ref.SLDPRT|Equations|EqnFolder
FEATURE|link4_bbox_ref.SLDPRT|6061-T6 (SS)|MaterialFolder
FEATURE|link4_bbox_ref.SLDPRT|Front|RefPlane
FEATURE|link4_bbox_ref.SLDPRT|Top|RefPlane
FEATURE|link4_bbox_ref.SLDPRT|Right|RefPlane
FEATURE|link4_bbox_ref.SLDPRT|Origin|OriginProfileFeature
FEATURE|link4_bbox_ref.SLDPRT|PLANE_BBOX_CENTER_X|RefPlane
FEATURE|link4_bbox_ref.SLDPRT|BBOX_SKETCH_link4|ProfileFeature
FEATURE|link4_bbox_ref.SLDPRT|BBOX_PROXY_link4|Extrusion
EXPECTED_FEATURE|link4_bbox_ref.SLDPRT|BBOX_PROXY_link4|PASS
NAMED_DIMENSION|link4_bbox_ref.SLDPRT|BBOX_Z@BBOX_SKETCH_link4|PASS|0.066760002868250012
NAMED_DIMENSION|link4_bbox_ref.SLDPRT|BBOX_Y@BBOX_SKETCH_link4|PASS|0.11591484397649765
NAMED_DIMENSION|link4_bbox_ref.SLDPRT|BBOX_HALF_X_POS@BBOX_PROXY_link4|PASS|0.072892620228230953
NAMED_DIMENSION|link4_bbox_ref.SLDPRT|BBOX_HALF_X_NEG@BBOX_PROXY_link4|PASS|0.072892620228230953
DOC|PART|F:\China Graduate Future Flight Vehicle Innovation Competition\20_engineering\cad\Space_Embodied_Robot_CAD_V0_1\03_B601_Interface\links\link5_bbox_ref.SLDPRT|OPEN_PASS
PART_BBOX_M|link5_bbox_ref.SLDPRT|-0.037807747721672058,-0.038499999791383743,-0.0019999989308416843,0.032192256301641464,0.038499999791383743,0.078039944171905518
PART_SOLID_BODY_COUNT|link5_bbox_ref.SLDPRT|1
PROPERTY|link5_bbox_ref.SLDPRT|STATUS|PASS|GEOMETRY_ONLY|GEOMETRY_ONLY
PROPERTY|link5_bbox_ref.SLDPRT|PROFILE|PASS|COMPETITION_DISPLAY_V0|COMPETITION_DISPLAY_V0
PROPERTY|link5_bbox_ref.SLDPRT|CLAIM_LIMIT|PASS|NON_FLIGHT_COMPETITION_DISPLAY|NON_FLIGHT_COMPETITION_DISPLAY
PROPERTY|link5_bbox_ref.SLDPRT|NO_DYNAMICS_USE|PASS|TRUE|TRUE
PROPERTY|link5_bbox_ref.SLDPRT|TARGET_INCLUDED|PASS|FALSE|FALSE
PROPERTY|link5_bbox_ref.SLDPRT|ROLE|PASS|B601_LINK_REFERENCE_link5|B601_LINK_REFERENCE_link5
PROPERTY|link5_bbox_ref.SLDPRT|REPRESENTATION|PASS|MESH_BOUNDING_BOX_PROXY|MESH_BOUNDING_BOX_PROXY
BBOX_SOURCE_AXIS_MATCH|link5_bbox_ref.SLDPRT|PASS|0
FEATURE|link5_bbox_ref.SLDPRT|Favorites|FavoriteFolder
FEATURE|link5_bbox_ref.SLDPRT|History|HistoryFolder
FEATURE|link5_bbox_ref.SLDPRT|Selection Sets|SelectionSetFolder
FEATURE|link5_bbox_ref.SLDPRT|Sensors|SensorFolder
FEATURE|link5_bbox_ref.SLDPRT|设计活页夹|DocsFolder
FEATURE|link5_bbox_ref.SLDPRT|Annotations|DetailCabinet
FEATURE|link5_bbox_ref.SLDPRT|标注|InkMarkupFolder
FEATURE|link5_bbox_ref.SLDPRT|Lights, Cameras and Scene|EnvFolder
FEATURE|link5_bbox_ref.SLDPRT|Solid Bodies|SolidBodyFolder
FEATURE|link5_bbox_ref.SLDPRT|Surface Bodies|SurfaceBodyFolder
FEATURE|link5_bbox_ref.SLDPRT|Comments|CommentsFolder
FEATURE|link5_bbox_ref.SLDPRT|Equations|EqnFolder
FEATURE|link5_bbox_ref.SLDPRT|6061-T6 (SS)|MaterialFolder
FEATURE|link5_bbox_ref.SLDPRT|Front|RefPlane
FEATURE|link5_bbox_ref.SLDPRT|Top|RefPlane
FEATURE|link5_bbox_ref.SLDPRT|Right|RefPlane
FEATURE|link5_bbox_ref.SLDPRT|Origin|OriginProfileFeature
FEATURE|link5_bbox_ref.SLDPRT|PLANE_BBOX_CENTER_X|RefPlane
FEATURE|link5_bbox_ref.SLDPRT|BBOX_SKETCH_link5|ProfileFeature
FEATURE|link5_bbox_ref.SLDPRT|BBOX_PROXY_link5|Extrusion
EXPECTED_FEATURE|link5_bbox_ref.SLDPRT|BBOX_PROXY_link5|PASS
NAMED_DIMENSION|link5_bbox_ref.SLDPRT|BBOX_Z@BBOX_SKETCH_link5|PASS|0.0800399431027472
NAMED_DIMENSION|link5_bbox_ref.SLDPRT|BBOX_Y@BBOX_SKETCH_link5|PASS|0.076999999582767487
NAMED_DIMENSION|link5_bbox_ref.SLDPRT|BBOX_HALF_X_POS@BBOX_PROXY_link5|PASS|0.035000002011656761
NAMED_DIMENSION|link5_bbox_ref.SLDPRT|BBOX_HALF_X_NEG@BBOX_PROXY_link5|PASS|0.035000002011656761
DOC|PART|F:\China Graduate Future Flight Vehicle Innovation Competition\20_engineering\cad\Space_Embodied_Robot_CAD_V0_1\03_B601_Interface\links\link6_bbox_ref.SLDPRT|OPEN_PASS
PART_BBOX_M|link6_bbox_ref.SLDPRT|-0.0284000001847744,-0.0284000001847744,-0.00049999967450276017,0.0284000001847744,0.0284000001847744,0.008999999612569809
PART_SOLID_BODY_COUNT|link6_bbox_ref.SLDPRT|1
PROPERTY|link6_bbox_ref.SLDPRT|STATUS|PASS|GEOMETRY_ONLY|GEOMETRY_ONLY
PROPERTY|link6_bbox_ref.SLDPRT|PROFILE|PASS|COMPETITION_DISPLAY_V0|COMPETITION_DISPLAY_V0
PROPERTY|link6_bbox_ref.SLDPRT|CLAIM_LIMIT|PASS|NON_FLIGHT_COMPETITION_DISPLAY|NON_FLIGHT_COMPETITION_DISPLAY
PROPERTY|link6_bbox_ref.SLDPRT|NO_DYNAMICS_USE|PASS|TRUE|TRUE
PROPERTY|link6_bbox_ref.SLDPRT|TARGET_INCLUDED|PASS|FALSE|FALSE
PROPERTY|link6_bbox_ref.SLDPRT|ROLE|PASS|B601_LINK_REFERENCE_link6|B601_LINK_REFERENCE_link6
PROPERTY|link6_bbox_ref.SLDPRT|REPRESENTATION|PASS|MESH_BOUNDING_BOX_PROXY|MESH_BOUNDING_BOX_PROXY
BBOX_SOURCE_AXIS_MATCH|link6_bbox_ref.SLDPRT|PASS|0
FEATURE|link6_bbox_ref.SLDPRT|Favorites|FavoriteFolder
FEATURE|link6_bbox_ref.SLDPRT|History|HistoryFolder
FEATURE|link6_bbox_ref.SLDPRT|Selection Sets|SelectionSetFolder
FEATURE|link6_bbox_ref.SLDPRT|Sensors|SensorFolder
FEATURE|link6_bbox_ref.SLDPRT|设计活页夹|DocsFolder
FEATURE|link6_bbox_ref.SLDPRT|Annotations|DetailCabinet
FEATURE|link6_bbox_ref.SLDPRT|标注|InkMarkupFolder
FEATURE|link6_bbox_ref.SLDPRT|Lights, Cameras and Scene|EnvFolder
FEATURE|link6_bbox_ref.SLDPRT|Solid Bodies|SolidBodyFolder
FEATURE|link6_bbox_ref.SLDPRT|Surface Bodies|SurfaceBodyFolder
FEATURE|link6_bbox_ref.SLDPRT|Comments|CommentsFolder
FEATURE|link6_bbox_ref.SLDPRT|Equations|EqnFolder
FEATURE|link6_bbox_ref.SLDPRT|6061-T6 (SS)|MaterialFolder
FEATURE|link6_bbox_ref.SLDPRT|Front|RefPlane
FEATURE|link6_bbox_ref.SLDPRT|Top|RefPlane
FEATURE|link6_bbox_ref.SLDPRT|Right|RefPlane
FEATURE|link6_bbox_ref.SLDPRT|Origin|OriginProfileFeature
FEATURE|link6_bbox_ref.SLDPRT|BBOX_SKETCH_link6|ProfileFeature
FEATURE|link6_bbox_ref.SLDPRT|BBOX_PROXY_link6|Extrusion
EXPECTED_FEATURE|link6_bbox_ref.SLDPRT|BBOX_PROXY_link6|PASS
NAMED_DIMENSION|link6_bbox_ref.SLDPRT|BBOX_Z@BBOX_SKETCH_link6|PASS|0.0094999992870725691
NAMED_DIMENSION|link6_bbox_ref.SLDPRT|BBOX_Y@BBOX_SKETCH_link6|PASS|0.0568000003695488
NAMED_DIMENSION|link6_bbox_ref.SLDPRT|BBOX_HALF_X_POS@BBOX_PROXY_link6|PASS|0.0284000001847744
NAMED_DIMENSION|link6_bbox_ref.SLDPRT|BBOX_HALF_X_NEG@BBOX_PROXY_link6|PASS|0.0284000001847744
DOC|PART|F:\China Graduate Future Flight Vehicle Innovation Competition\20_engineering\cad\Space_Embodied_Robot_CAD_V0_1\03_B601_Interface\links\gripper_link_bbox_ref.SLDPRT|OPEN_PASS
PART_BBOX_M|gripper_link_bbox_ref.SLDPRT|-0.150709331035614,-0.092034757137298584,-0.038499999791383743,-0.073209322988986969,0.092034757137298584,0.038499999791383743
PART_SOLID_BODY_COUNT|gripper_link_bbox_ref.SLDPRT|1
PROPERTY|gripper_link_bbox_ref.SLDPRT|STATUS|PASS|GEOMETRY_ONLY|GEOMETRY_ONLY
PROPERTY|gripper_link_bbox_ref.SLDPRT|PROFILE|PASS|COMPETITION_DISPLAY_V0|COMPETITION_DISPLAY_V0
PROPERTY|gripper_link_bbox_ref.SLDPRT|CLAIM_LIMIT|PASS|NON_FLIGHT_COMPETITION_DISPLAY|NON_FLIGHT_COMPETITION_DISPLAY
PROPERTY|gripper_link_bbox_ref.SLDPRT|NO_DYNAMICS_USE|PASS|TRUE|TRUE
PROPERTY|gripper_link_bbox_ref.SLDPRT|TARGET_INCLUDED|PASS|FALSE|FALSE
PROPERTY|gripper_link_bbox_ref.SLDPRT|ROLE|PASS|B601_LINK_REFERENCE_gripper_link|B601_LINK_REFERENCE_gripper_link
PROPERTY|gripper_link_bbox_ref.SLDPRT|REPRESENTATION|PASS|MESH_BOUNDING_BOX_PROXY|MESH_BOUNDING_BOX_PROXY
BBOX_SOURCE_AXIS_MATCH|gripper_link_bbox_ref.SLDPRT|PASS|0
FEATURE|gripper_link_bbox_ref.SLDPRT|Favorites|FavoriteFolder
FEATURE|gripper_link_bbox_ref.SLDPRT|History|HistoryFolder
FEATURE|gripper_link_bbox_ref.SLDPRT|Selection Sets|SelectionSetFolder
FEATURE|gripper_link_bbox_ref.SLDPRT|Sensors|SensorFolder
FEATURE|gripper_link_bbox_ref.SLDPRT|设计活页夹|DocsFolder
FEATURE|gripper_link_bbox_ref.SLDPRT|Annotations|DetailCabinet
FEATURE|gripper_link_bbox_ref.SLDPRT|标注|InkMarkupFolder
FEATURE|gripper_link_bbox_ref.SLDPRT|Lights, Cameras and Scene|EnvFolder
FEATURE|gripper_link_bbox_ref.SLDPRT|Solid Bodies|SolidBodyFolder
FEATURE|gripper_link_bbox_ref.SLDPRT|Surface Bodies|SurfaceBodyFolder
FEATURE|gripper_link_bbox_ref.SLDPRT|Comments|CommentsFolder
FEATURE|gripper_link_bbox_ref.SLDPRT|Equations|EqnFolder
FEATURE|gripper_link_bbox_ref.SLDPRT|6061-T6 (SS)|MaterialFolder
FEATURE|gripper_link_bbox_ref.SLDPRT|Front|RefPlane
FEATURE|gripper_link_bbox_ref.SLDPRT|Top|RefPlane
FEATURE|gripper_link_bbox_ref.SLDPRT|Right|RefPlane
FEATURE|gripper_link_bbox_ref.SLDPRT|Origin|OriginProfileFeature
FEATURE|gripper_link_bbox_ref.SLDPRT|PLANE_BBOX_CENTER_X|RefPlane
FEATURE|gripper_link_bbox_ref.SLDPRT|BBOX_SKETCH_gripper_link|ProfileFeature
FEATURE|gripper_link_bbox_ref.SLDPRT|BBOX_PROXY_gripper_link|Extrusion
EXPECTED_FEATURE|gripper_link_bbox_ref.SLDPRT|BBOX_PROXY_gripper_link|PASS
NAMED_DIMENSION|gripper_link_bbox_ref.SLDPRT|BBOX_Z@BBOX_SKETCH_gripper_link|PASS|0.076999999582767487
NAMED_DIMENSION|gripper_link_bbox_ref.SLDPRT|BBOX_Y@BBOX_SKETCH_gripper_link|PASS|0.18406951427459717
NAMED_DIMENSION|gripper_link_bbox_ref.SLDPRT|BBOX_HALF_X_POS@BBOX_PROXY_gripper_link|PASS|0.038750004023313522
NAMED_DIMENSION|gripper_link_bbox_ref.SLDPRT|BBOX_HALF_X_NEG@BBOX_PROXY_gripper_link|PASS|0.038750004023313522
DOC|PART|F:\China Graduate Future Flight Vehicle Innovation Competition\20_engineering\cad\Space_Embodied_Robot_CAD_V0_1\03_B601_Interface\links\gripper_left_bbox_ref.SLDPRT|OPEN_PASS
PART_BBOX_M|gripper_left_bbox_ref.SLDPRT|-0.058621801435947418,-0.046518225222826004,-0.019606968387961388,0.0342775322496891,0.042091097682714462,0.019606968387961388
PART_SOLID_BODY_COUNT|gripper_left_bbox_ref.SLDPRT|1
PROPERTY|gripper_left_bbox_ref.SLDPRT|STATUS|PASS|GEOMETRY_ONLY|GEOMETRY_ONLY
PROPERTY|gripper_left_bbox_ref.SLDPRT|PROFILE|PASS|COMPETITION_DISPLAY_V0|COMPETITION_DISPLAY_V0
PROPERTY|gripper_left_bbox_ref.SLDPRT|CLAIM_LIMIT|PASS|NON_FLIGHT_COMPETITION_DISPLAY|NON_FLIGHT_COMPETITION_DISPLAY
PROPERTY|gripper_left_bbox_ref.SLDPRT|NO_DYNAMICS_USE|PASS|TRUE|TRUE
PROPERTY|gripper_left_bbox_ref.SLDPRT|TARGET_INCLUDED|PASS|FALSE|FALSE
PROPERTY|gripper_left_bbox_ref.SLDPRT|ROLE|PASS|B601_LINK_REFERENCE_gripper_left|B601_LINK_REFERENCE_gripper_left
PROPERTY|gripper_left_bbox_ref.SLDPRT|REPRESENTATION|PASS|MESH_BOUNDING_BOX_PROXY|MESH_BOUNDING_BOX_PROXY
BBOX_SOURCE_AXIS_MATCH|gripper_left_bbox_ref.SLDPRT|PASS|0
FEATURE|gripper_left_bbox_ref.SLDPRT|Favorites|FavoriteFolder
FEATURE|gripper_left_bbox_ref.SLDPRT|History|HistoryFolder
FEATURE|gripper_left_bbox_ref.SLDPRT|Selection Sets|SelectionSetFolder
FEATURE|gripper_left_bbox_ref.SLDPRT|Sensors|SensorFolder
FEATURE|gripper_left_bbox_ref.SLDPRT|设计活页夹|DocsFolder
FEATURE|gripper_left_bbox_ref.SLDPRT|Annotations|DetailCabinet
FEATURE|gripper_left_bbox_ref.SLDPRT|标注|InkMarkupFolder
FEATURE|gripper_left_bbox_ref.SLDPRT|Lights, Cameras and Scene|EnvFolder
FEATURE|gripper_left_bbox_ref.SLDPRT|Solid Bodies|SolidBodyFolder
FEATURE|gripper_left_bbox_ref.SLDPRT|Surface Bodies|SurfaceBodyFolder
FEATURE|gripper_left_bbox_ref.SLDPRT|Comments|CommentsFolder
FEATURE|gripper_left_bbox_ref.SLDPRT|Equations|EqnFolder
FEATURE|gripper_left_bbox_ref.SLDPRT|6061-T6 (SS)|MaterialFolder
FEATURE|gripper_left_bbox_ref.SLDPRT|Front|RefPlane
FEATURE|gripper_left_bbox_ref.SLDPRT|Top|RefPlane
FEATURE|gripper_left_bbox_ref.SLDPRT|Right|RefPlane
FEATURE|gripper_left_bbox_ref.SLDPRT|Origin|OriginProfileFeature
FEATURE|gripper_left_bbox_ref.SLDPRT|PLANE_BBOX_CENTER_X|RefPlane
FEATURE|gripper_left_bbox_ref.SLDPRT|BBOX_SKETCH_gripper_left|ProfileFeature
FEATURE|gripper_left_bbox_ref.SLDPRT|BBOX_PROXY_gripper_left|Extrusion
EXPECTED_FEATURE|gripper_left_bbox_ref.SLDPRT|BBOX_PROXY_gripper_left|PASS
NAMED_DIMENSION|gripper_left_bbox_ref.SLDPRT|BBOX_Z@BBOX_SKETCH_gripper_left|PASS|0.039213936775922775
NAMED_DIMENSION|gripper_left_bbox_ref.SLDPRT|BBOX_Y@BBOX_SKETCH_gripper_left|PASS|0.088609322905540466
NAMED_DIMENSION|gripper_left_bbox_ref.SLDPRT|BBOX_HALF_X_POS@BBOX_PROXY_gripper_left|PASS|0.04644966684281826
NAMED_DIMENSION|gripper_left_bbox_ref.SLDPRT|BBOX_HALF_X_NEG@BBOX_PROXY_gripper_left|PASS|0.04644966684281826
DOC|PART|F:\China Graduate Future Flight Vehicle Innovation Competition\20_engineering\cad\Space_Embodied_Robot_CAD_V0_1\03_B601_Interface\links\gripper_right_bbox_ref.SLDPRT|OPEN_PASS
PART_BBOX_M|gripper_right_bbox_ref.SLDPRT|-0.058621801435947418,-0.042091097682714462,-0.019606968387961388,0.0342775322496891,0.046518225222826004,0.019606968387961388
PART_SOLID_BODY_COUNT|gripper_right_bbox_ref.SLDPRT|1
PROPERTY|gripper_right_bbox_ref.SLDPRT|STATUS|PASS|GEOMETRY_ONLY|GEOMETRY_ONLY
PROPERTY|gripper_right_bbox_ref.SLDPRT|PROFILE|PASS|COMPETITION_DISPLAY_V0|COMPETITION_DISPLAY_V0
PROPERTY|gripper_right_bbox_ref.SLDPRT|CLAIM_LIMIT|PASS|NON_FLIGHT_COMPETITION_DISPLAY|NON_FLIGHT_COMPETITION_DISPLAY
PROPERTY|gripper_right_bbox_ref.SLDPRT|NO_DYNAMICS_USE|PASS|TRUE|TRUE
PROPERTY|gripper_right_bbox_ref.SLDPRT|TARGET_INCLUDED|PASS|FALSE|FALSE
PROPERTY|gripper_right_bbox_ref.SLDPRT|ROLE|PASS|B601_LINK_REFERENCE_gripper_right|B601_LINK_REFERENCE_gripper_right
PROPERTY|gripper_right_bbox_ref.SLDPRT|REPRESENTATION|PASS|MESH_BOUNDING_BOX_PROXY|MESH_BOUNDING_BOX_PROXY
BBOX_SOURCE_AXIS_MATCH|gripper_right_bbox_ref.SLDPRT|PASS|0
FEATURE|gripper_right_bbox_ref.SLDPRT|Favorites|FavoriteFolder
FEATURE|gripper_right_bbox_ref.SLDPRT|History|HistoryFolder
FEATURE|gripper_right_bbox_ref.SLDPRT|Selection Sets|SelectionSetFolder
FEATURE|gripper_right_bbox_ref.SLDPRT|Sensors|SensorFolder
FEATURE|gripper_right_bbox_ref.SLDPRT|设计活页夹|DocsFolder
FEATURE|gripper_right_bbox_ref.SLDPRT|Annotations|DetailCabinet
FEATURE|gripper_right_bbox_ref.SLDPRT|标注|InkMarkupFolder
FEATURE|gripper_right_bbox_ref.SLDPRT|Lights, Cameras and Scene|EnvFolder
FEATURE|gripper_right_bbox_ref.SLDPRT|Solid Bodies|SolidBodyFolder
FEATURE|gripper_right_bbox_ref.SLDPRT|Surface Bodies|SurfaceBodyFolder
FEATURE|gripper_right_bbox_ref.SLDPRT|Comments|CommentsFolder
FEATURE|gripper_right_bbox_ref.SLDPRT|Equations|EqnFolder
FEATURE|gripper_right_bbox_ref.SLDPRT|6061-T6 (SS)|MaterialFolder
FEATURE|gripper_right_bbox_ref.SLDPRT|Front|RefPlane
FEATURE|gripper_right_bbox_ref.SLDPRT|Top|RefPlane
FEATURE|gripper_right_bbox_ref.SLDPRT|Right|RefPlane
FEATURE|gripper_right_bbox_ref.SLDPRT|Origin|OriginProfileFeature
FEATURE|gripper_right_bbox_ref.SLDPRT|PLANE_BBOX_CENTER_X|RefPlane
FEATURE|gripper_right_bbox_ref.SLDPRT|BBOX_SKETCH_gripper_right|ProfileFeature
FEATURE|gripper_right_bbox_ref.SLDPRT|BBOX_PROXY_gripper_right|Extrusion
EXPECTED_FEATURE|gripper_right_bbox_ref.SLDPRT|BBOX_PROXY_gripper_right|PASS
NAMED_DIMENSION|gripper_right_bbox_ref.SLDPRT|BBOX_Z@BBOX_SKETCH_gripper_right|PASS|0.039213936775922775
NAMED_DIMENSION|gripper_right_bbox_ref.SLDPRT|BBOX_Y@BBOX_SKETCH_gripper_right|PASS|0.088609322905540466
NAMED_DIMENSION|gripper_right_bbox_ref.SLDPRT|BBOX_HALF_X_POS@BBOX_PROXY_gripper_right|PASS|0.04644966684281826
NAMED_DIMENSION|gripper_right_bbox_ref.SLDPRT|BBOX_HALF_X_NEG@BBOX_PROXY_gripper_right|PASS|0.04644966684281826
DOC|ASSEMBLY|F:\China Graduate Future Flight Vehicle Innovation Competition\20_engineering\cad\Space_Embodied_Robot_CAD_V0_1\03_B601_Interface\B601_Reference_Assembly.SLDASM|OPEN_PASS
PROPERTY|B601_Reference_Assembly.SLDASM|STATUS|PASS|GEOMETRY_ONLY|GEOMETRY_ONLY
PROPERTY|B601_Reference_Assembly.SLDASM|PROFILE|PASS|COMPETITION_DISPLAY_V0|COMPETITION_DISPLAY_V0
PROPERTY|B601_Reference_Assembly.SLDASM|CLAIM_LIMIT|PASS|NON_FLIGHT_COMPETITION_DISPLAY|NON_FLIGHT_COMPETITION_DISPLAY
PROPERTY|B601_Reference_Assembly.SLDASM|NO_DYNAMICS_USE|PASS|TRUE|TRUE
PROPERTY|B601_Reference_Assembly.SLDASM|TARGET_INCLUDED|PASS|FALSE|FALSE
PROPERTY|B601_Reference_Assembly.SLDASM|ROLE|PASS|B601_REFERENCE_ASSEMBLY|B601_REFERENCE_ASSEMBLY
PROPERTY|B601_Reference_Assembly.SLDASM|REPRESENTATION|PASS|URDF_MESH_BOUNDING_BOX_REFERENCE|URDF_MESH_BOUNDING_BOX_REFERENCE
ASSEMBLY_COMPONENT_COUNT|B601_REFERENCE|10
ASSEMBLY_BBOX_M|B601_REFERENCE|-0.27250014927116395,-0.10000000149011612,-1.7881390812490849E-11,0.26031015301125326,0.10000000149011612,0.28220023829891355
COMPONENT|B601_REFERENCE|link6_bbox_ref-1|F:\China Graduate Future Flight Vehicle Innovation Competition\20_engineering\cad\Space_Embodied_Robot_CAD_V0_1\03_B601_Interface\links\link6_bbox_ref.SLDPRT|-3.6732051033465765E-06,7.3464102065940315E-06,0.999999999966269,0,-0.99999999997301525,7.3464102066435922E-06,0.999999999993254,2.6984871462320616E-11,3.673205103247455E-06,0.10059984,4.2242072041584962E-08,0.1917001161655735,1,0,0,0|FIXED
COMPONENT|B601_REFERENCE|link1_bbox_ref-1|F:\China Graduate Future Flight Vehicle Innovation Competition\20_engineering\cad\Space_Embodied_Robot_CAD_V0_1\03_B601_Interface\links\link1_bbox_ref.SLDPRT|1,0,0,0,1,0,0,0,1,-8.4159999999999791E-05,0,0.08465,1,0,0,0|FIXED
COMPONENT|B601_REFERENCE|gripper_left_bbox_ref-1|F:\China Graduate Future Flight Vehicle Innovation Competition\20_engineering\cad\Space_Embodied_Robot_CAD_V0_1\03_B601_Interface\links\gripper_left_bbox_ref.SLDPRT|-3.673205103346576E-06,0.999999999966269,-7.3464102065940315E-06,0.99999999999325384,3.673205103247455E-06,-2.6984871462320616E-11,0,-7.3464102066435914E-06,-0.99999999997301514,0.21821883999892255,-2.7488657886390322E-05,0.19171373401541419,1,0,0,0|FIXED
COMPONENT|B601_REFERENCE|base_link_bbox_ref-1|F:\China Graduate Future Flight Vehicle Innovation Competition\20_engineering\cad\Space_Embodied_Robot_CAD_V0_1\03_B601_Interface\links\base_link_bbox_ref.SLDPRT|1,0,0,0,1,0,0,0,1,0,0,0,1,0,0,0|FIXED
COMPONENT|B601_REFERENCE|gripper_right_bbox_ref-1|F:\China Graduate Future Flight Vehicle Innovation Competition\20_engineering\cad\Space_Embodied_Robot_CAD_V0_1\03_B601_Interface\links\gripper_right_bbox_ref.SLDPRT|-3.673205103346576E-06,-0.999999999966269,7.3464102065940315E-06,-0.99999999999325384,3.673205103247455E-06,-2.6984871462320616E-11,0,-7.3464102066435914E-06,-0.99999999997301514,0.21821883999892255,2.7573150649981126E-05,0.19168767161090688,1,0,0,0|FIXED
COMPONENT|B601_REFERENCE|link2_bbox_ref-1|F:\China Graduate Future Flight Vehicle Innovation Competition\20_engineering\cad\Space_Embodied_Robot_CAD_V0_1\03_B601_Interface\links\link2_bbox_ref.SLDPRT|1,0,0,0,-3.6732051033465765E-06,-0.999999999993254,0,0.999999999993254,-3.6732051033465765E-06,0.019999839999999991,0.031625,0.1402,1,0,0,0|FIXED
COMPONENT|B601_REFERENCE|link3_bbox_ref-1|F:\China Graduate Future Flight Vehicle Innovation Competition\20_engineering\cad\Space_Embodied_Robot_CAD_V0_1\03_B601_Interface\links\link3_bbox_ref.SLDPRT|1,0,0,0,-3.6732051033465765E-06,-0.999999999993254,0,0.999999999993254,-3.6732051033465765E-06,-0.24400016000000002,0.031625,0.1402,1,0,0,0|FIXED
COMPONENT|B601_REFERENCE|link4_bbox_ref-1|F:\China Graduate Future Flight Vehicle Innovation Competition\20_engineering\cad\Space_Embodied_Robot_CAD_V0_1\03_B601_Interface\links\link4_bbox_ref.SLDPRT|1,0,0,0,-3.6732051033465765E-06,-0.999999999993254,0,0.999999999993254,-3.6732051033465765E-06,-0.0014001600000000114,0.030000198353086545,0.194200005968594,1,0,0,0|FIXED
COMPONENT|B601_REFERENCE|gripper_link_bbox_ref-1|F:\China Graduate Future Flight Vehicle Innovation Competition\20_engineering\cad\Space_Embodied_Robot_CAD_V0_1\03_B601_Interface\links\gripper_link_bbox_ref.SLDPRT|1,0,0,0,-0.99999999997301525,7.3464102066435922E-06,0,-7.3464102066435914E-06,-0.99999999997301514,0.26030983999892254,4.2246381795406209E-08,0.19170070281316054,1,0,0,0|FIXED
COMPONENT|B601_REFERENCE|link5_bbox_ref-1|F:\China Graduate Future Flight Vehicle Innovation Competition\20_engineering\cad\Space_Embodied_Robot_CAD_V0_1\03_B601_Interface\links\link5_bbox_ref.SLDPRT|1,0,0,0,-0.99999999997301525,7.3464102066435922E-06,0,-7.3464102066435922E-06,-0.99999999997301525,0.076907839999999991,3.3609848030732858E-07,0.2317001161644941,1,0,0,0|FIXED
COMPONENT_BOX|B601_REFERENCE|link6_bbox_ref-1|0.100099736006475,-0.028400166580000708,0.16329990550710446,0.1095999439315347,0.028400251064374164,0.22010035804628567|-3.6732051033465765E-06,7.3464102065940315E-06,0.999999999966269,0,-0.99999999997301525,7.3464102066435922E-06,0.999999999993254,2.6984871462320616E-11,3.673205103247455E-06,0.10059984,4.2242072041584962E-08,0.1917001161655735,1,0,0,0
COMPONENT_BOX|B601_REFERENCE|link1_bbox_ref-1|-0.03850000175825119,-0.038624998182058334,0.077550001350790265,0.048481395363893509,0.038624998182058334,0.16856933888196945|1,0,0,0,1,0,0,0,1,-8.4159999999999791E-05,0,0.08465,1,0,0,0
COMPONENT_BOX|B601_REFERENCE|gripper_left_bbox_ref-1|0.171700488868004,-0.058649605003671404,0.17210651381003331,0.26031015301125326,0.034250342240713993,0.21132113306390218|-3.673205103346576E-06,0.999999999966269,-7.3464102065940315E-06,0.99999999999325384,3.673205103247455E-06,-2.6984871462320616E-11,0,-7.3464102066435914E-06,-0.99999999997301514,0.21821883999892255,-2.7488657886390322E-05,0.19171373401541419,1,0,0,0
COMPONENT_BOX|B601_REFERENCE|base_link_bbox_ref-1|-0.070000000298023224,-0.10000000149011612,-1.7881390812490849E-11,0.070000000298023224,0.10000000149011612,0.082649998366832733|1,0,0,0,1,0,0,0,1,0,0,0,1,0,0,0
COMPONENT_BOX|B601_REFERENCE|gripper_right_bbox_ref-1|0.171700488868004,-0.0342502577479504,0.1720802725624189,0.26031015301125326,0.058649689496434995,0.21129489181628777|-3.673205103346576E-06,-0.999999999966269,7.3464102065940315E-06,-0.99999999999325384,3.673205103247455E-06,-2.6984871462320616E-11,0,-7.3464102066435914E-06,-0.99999999997301514,0.21821883999892255,2.7573150649981126E-05,0.19168767161090688,1,0,0,0
COMPONENT_BOX|B601_REFERENCE|link2_bbox_ref-1|-0.27250014927116395,-0.033675107380048613,0.11169998872993031,0.048499840014901152,0.033675104696389957,0.16870023987501204|1,0,0,0,-3.6732051033465765E-06,-0.999999999993254,0,0.999999999993254,-3.6732051033465765E-06,0.019999839999999991,0.031625,0.1402,1,0,0,0
COMPONENT_BOX|B601_REFERENCE|link3_bbox_ref-1|-0.27067970750359061,-0.039625081752649886,0.11769994369549583,0.027099824645843484,0.040625302651832694,0.22270023519123686|1,0,0,0,-3.6732051033465765E-06,-0.999999999993254,0,0.999999999993254,-3.6732051033465765E-06,-0.24400016000000002,0.031625,0.1402,1,0,0,0
COMPONENT_BOX|B601_REFERENCE|link4_bbox_ref-1|-0.02943387660411359,-0.033379907158898867,0.16628514910001463,0.11635136385234832,0.033380521487897233,0.28220023829891355|1,0,0,0,-3.6732051033465765E-06,-0.999999999993254,0,0.999999999993254,-3.6732051033465765E-06,-0.0014001600000000114,0.030000198353086545,0.194200005968594,1,0,0,0
COMPONENT_BOX|B601_REFERENCE|gripper_link_bbox_ref-1|0.10960050896330853,-0.092034997725224665,0.15320002689773651,0.18710051700993557,0.092035082217988257,0.23020137872858457|1,0,0,0,-0.99999999997301525,7.3464102066435922E-06,0,-7.3464102066435914E-06,-0.99999999997301514,0.26030983999892254,4.2246381795406209E-08,0.19170070281316054,1,0,0,0
COMPONENT_BOX|B601_REFERENCE|link5_bbox_ref-1|0.039100092278327933,-0.038500237005306914,0.15365988915790305,0.10910009630164146,0.0385003505816377,0.23370039793207323|1,0,0,0,-0.99999999997301525,7.3464102066435922E-06,0,-7.3464102066435922E-06,-0.99999999997301525,0.076907839999999991,3.3609848030732858E-07,0.2317001161644941,1,0,0,0
DOC|ASSEMBLY|F:\China Graduate Future Flight Vehicle Innovation Competition\20_engineering\cad\Space_Embodied_Robot_CAD_V0_1\Assembly\12U_Master_Skeleton.SLDASM|OPEN_PASS
PROPERTY|12U_Master_Skeleton.SLDASM|STATUS|PASS|GEOMETRY_ONLY|GEOMETRY_ONLY
PROPERTY|12U_Master_Skeleton.SLDASM|PROFILE|PASS|COMPETITION_DISPLAY_V0|COMPETITION_DISPLAY_V0
PROPERTY|12U_Master_Skeleton.SLDASM|CLAIM_LIMIT|PASS|NON_FLIGHT_COMPETITION_DISPLAY|NON_FLIGHT_COMPETITION_DISPLAY
PROPERTY|12U_Master_Skeleton.SLDASM|NO_DYNAMICS_USE|PASS|TRUE|TRUE
PROPERTY|12U_Master_Skeleton.SLDASM|TARGET_INCLUDED|PASS|FALSE|FALSE
PROPERTY|12U_Master_Skeleton.SLDASM|ROLE|PASS|SPACE_EMBODIED_ROBOT_DIGITAL_HOST|SPACE_EMBODIED_ROBOT_DIGITAL_HOST
PROPERTY|12U_Master_Skeleton.SLDASM|REPRESENTATION|PASS|NATIVE_TOP_ASSEMBLY|NATIVE_TOP_ASSEMBLY
ASSEMBLY_COMPONENT_COUNT|TOP_ASSEMBLY|4
ASSEMBLY_BBOX_M|TOP_ASSEMBLY|-0.17025,-0.11315,-0.26031015301125326,0.46745023829891352,0.11315,0.27250014927116395
COMPONENT|TOP_ASSEMBLY|SER_Master_Skeleton-1|F:\China Graduate Future Flight Vehicle Innovation Competition\20_engineering\cad\Space_Embodied_Robot_CAD_V0_1\00_Master_Skeleton\SER_Master_Skeleton.SLDPRT|1,0,0,0,1,0,0,0,1,0,0,0,1,0,0,0|FIXED
COMPONENT|TOP_ASSEMBLY|01_Service_Bus-1|F:\China Graduate Future Flight Vehicle Innovation Competition\20_engineering\cad\Space_Embodied_Robot_CAD_V0_1\01_Service_Bus\01_Service_Bus.SLDPRT|1,0,0,0,1,0,0,0,1,0,0,0,1,0,0,0|FIXED
COMPONENT|TOP_ASSEMBLY|02_B601_Mount_Adapter-1|F:\China Graduate Future Flight Vehicle Innovation Competition\20_engineering\cad\Space_Embodied_Robot_CAD_V0_1\02_Robot_Mount\02_B601_Mount_Adapter.SLDPRT|0,0,-1,0,1,0,1,0,0,0.18525,0,0,1,0,0,0|FIXED
TOP_T_SM_CONTRACT|02_B601_Mount_Adapter-1|PASS
COMPONENT|TOP_ASSEMBLY|B601_Reference_Assembly-1|F:\China Graduate Future Flight Vehicle Innovation Competition\20_engineering\cad\Space_Embodied_Robot_CAD_V0_1\03_B601_Interface\B601_Reference_Assembly.SLDASM|0,0,-1,0,1,0,1,0,0,0.18525,0,0,1,0,0,0|FIXED
TOP_T_SM_CONTRACT|B601_Reference_Assembly-1|PASS
COMPONENT_BOX|TOP_ASSEMBLY|SER_Master_Skeleton-1|NULL|1,0,0,0,1,0,0,0,1,0,0,0,1,0,0,0
COMPONENT_BOX|TOP_ASSEMBLY|01_Service_Bus-1|-0.17025,-0.11315,-0.11315,0.18525000000000003,0.11315,0.11315|1,0,0,0,1,0,0,0,1,0,0,0,1,0,0,0
COMPONENT_BOX|TOP_ASSEMBLY|02_B601_Mount_Adapter-1|0.15824999999999997,-0.08,-0.08,0.18525,0.08,0.08|0,0,-1,0,1,0,1,0,0,0.18525,0,0,1,0,0,0
COMPONENT_BOX|TOP_ASSEMBLY|B601_Reference_Assembly-1|0.18524999998211855,-0.10000000149011612,-0.26031015301125326,0.46745023829891352,0.10000000149011612,0.27250014927116395|0,0,-1,0,1,0,1,0,0,0.18525,0,0,1,0,0,0
COMPONENT_BOX|TOP_ASSEMBLY|B601_Reference_Assembly-1/link6_bbox_ref-1|0.34854990550710446,-0.028400166580000708,-0.1095999439315347,0.40535035804628566,0.028400251064374164,-0.100099736006475|0.999999999966269,7.3464102065940315E-06,3.6732051033465765E-06,7.3464102066435922E-06,-0.99999999997301525,0,3.673205103247455E-06,2.6984871462320616E-11,-0.999999999993254,0.3769501161655735,4.2242072041584962E-08,-0.10059984,1,0,0,0
COMPONENT_BOX|TOP_ASSEMBLY|B601_Reference_Assembly-1/link1_bbox_ref-1|0.26280000135079029,-0.038624998182058334,-0.048481395363893509,0.35381933888196948,0.038624998182058334,0.03850000175825119|0,0,-1,0,1,0,1,0,0,0.26990000000000003,0,8.4159999999999791E-05,1,0,0,0
COMPONENT_BOX|TOP_ASSEMBLY|B601_Reference_Assembly-1/gripper_left_bbox_ref-1|0.3573565138100333,-0.058649605003671404,-0.26031015301125326,0.39657113306390213,0.034250342240713993,-0.171700488868004|-7.3464102065940315E-06,0.999999999966269,3.673205103346576E-06,-2.6984871462320616E-11,3.673205103247455E-06,-0.99999999999325384,-0.99999999997301514,-7.3464102066435914E-06,0,0.37696373401541416,-2.7488657886390322E-05,-0.21821883999892255,1,0,0,0
COMPONENT_BOX|TOP_ASSEMBLY|B601_Reference_Assembly-1/base_link_bbox_ref-1|0.18524999998211861,-0.10000000149011612,-0.070000000298023224,0.2678999983668327,0.10000000149011612,0.070000000298023224|0,0,-1,0,1,0,1,0,0,0.18525,0,0,1,0,0,0
COMPONENT_BOX|TOP_ASSEMBLY|B601_Reference_Assembly-1/gripper_right_bbox_ref-1|0.35733027256241889,-0.0342502577479504,-0.26031015301125326,0.39654489181628771,0.058649689496434995,-0.171700488868004|7.3464102065940315E-06,-0.999999999966269,3.673205103346576E-06,-2.6984871462320616E-11,3.673205103247455E-06,0.99999999999325384,-0.99999999997301514,-7.3464102066435914E-06,0,0.37693767161090685,2.7573150649981126E-05,-0.21821883999892255,1,0,0,0
COMPONENT_BOX|TOP_ASSEMBLY|B601_Reference_Assembly-1/link2_bbox_ref-1|0.29694998872993028,-0.033675107380048613,-0.048499840014901152,0.35395023987501206,0.033675104696389957,0.27250014927116395|0,0,-1,-0.999999999993254,-3.6732051033465765E-06,0,-3.6732051033465765E-06,0.999999999993254,0,0.32545,0.031625,-0.019999839999999991,1,0,0,0
COMPONENT_BOX|TOP_ASSEMBLY|B601_Reference_Assembly-1/link3_bbox_ref-1|0.30294994369549583,-0.039625081752649886,-0.027099824645843484,0.40795023519123691,0.040625302651832694,0.27067970750359061|0,0,-1,-0.999999999993254,-3.6732051033465765E-06,0,-3.6732051033465765E-06,0.999999999993254,0,0.32545,0.031625,0.24400016000000002,1,0,0,0
COMPONENT_BOX|TOP_ASSEMBLY|B601_Reference_Assembly-1/link4_bbox_ref-1|0.35153514910001465,-0.033379907158898867,-0.11635136385234832,0.46745023829891358,0.033380521487897233,0.02943387660411359|0,0,-1,-0.999999999993254,-3.6732051033465765E-06,0,-3.6732051033465765E-06,0.999999999993254,0,0.379450005968594,0.030000198353086545,0.0014001600000000114,1,0,0,0
COMPONENT_BOX|TOP_ASSEMBLY|B601_Reference_Assembly-1/gripper_link_bbox_ref-1|0.33845002689773651,-0.092034997725224665,-0.18710051700993557,0.41545137872858462,0.092035082217988257,-0.10960050896330853|0,0,-1,7.3464102066435922E-06,-0.99999999997301525,0,-0.99999999997301514,-7.3464102066435914E-06,0,0.37695070281316057,4.2246381795406209E-08,-0.26030983999892254,1,0,0,0
COMPONENT_BOX|TOP_ASSEMBLY|B601_Reference_Assembly-1/link5_bbox_ref-1|0.338909889157903,-0.038500237005306914,-0.10910009630164146,0.41895039793207323,0.0385003505816377,-0.039100092278327933|0,0,-1,7.3464102066435922E-06,-0.99999999997301525,0,-0.99999999997301525,-7.3464102066435922E-06,0,0.41695011616449407,3.3609848030732858E-07,-0.076907839999999991,1,0,0,0
EMBEDDED_STACKUP_X|PASS|BUS_MAX=0.18525000000000003|ADAPTER_MIN=0.15824999999999997|ADAPTER_MAX=0.18525|BASE_MIN=0.18524999998211861
