{"stage": "identity_inventory", "utc": "2026-09-07T10:36:13.744993+00:00", "components": 64}
{"stage": "identity_inventory", "utc": "2026-09-07T10:36:14.537176+00:00", "components": 128}
{"stage": "identity_inventory", "utc": "2026-09-07T10:36:15.326387+00:00", "components": 192}
{"stage": "identity_inventory", "utc": "2026-09-07T10:36:16.190851+00:00", "components": 256}
{"stage": "identity_inventory", "utc": "2026-09-07T10:36:17.057447+00:00", "components": 320}
{"stage": "identity_inventory", "utc": "2026-09-07T10:36:17.884274+00:00", "components": 384}
{"stage": "identity_inventory", "utc": "2026-09-07T10:36:18.726493+00:00", "components": 448}
{"stage": "identity_inventory", "utc": "2026-09-07T10:36:19.556928+00:00", "components": 512}
{"stage": "identity_inventory", "utc": "2026-09-07T10:36:20.320071+00:00", "components": 576}
{"stage": "identity_inventory", "utc": "2026-09-07T10:36:21.110058+00:00", "components": 640}
{"stage": "identity_inventory", "utc": "2026-09-07T10:36:37.091910+00:00", "components": 64}
{"stage": "identity_inventory", "utc": "2026-09-07T10:36:37.446005+00:00", "components": 128}
{"stage": "identity_inventory", "utc": "2026-09-07T10:36:37.816409+00:00", "components": 192}
{"stage": "identity_inventory", "utc": "2026-09-07T10:36:38.198728+00:00", "components": 256}
{"stage": "identity_inventory", "utc": "2026-09-07T10:36:38.555121+00:00", "components": 320}
{"stage": "identity_inventory", "utc": "2026-09-07T10:36:38.915654+00:00", "components": 384}
{"stage": "identity_inventory", "utc": "2026-09-07T10:36:39.270659+00:00", "components": 448}
{"stage": "identity_inventory", "utc": "2026-09-07T10:36:39.628297+00:00", "components": 512}
{"stage": "identity_inventory", "utc": "2026-09-07T10:36:40.017231+00:00", "components": 576}
{"stage": "identity_inventory", "utc": "2026-09-07T10:36:40.387273+00:00", "components": 640}
{"stage": "retained_identity_verified", "utc": "2026-09-07T10:36:40.737408+00:00", "count": 700}
{"stage": "identity_inventory", "utc": "2026-09-07T10:36:44.764837+00:00", "components": 64}
{"stage": "identity_inventory", "utc": "2026-09-07T10:36:45.103672+00:00", "components": 128}
{"stage": "identity_inventory", "utc": "2026-09-07T10:36:45.435624+00:00", "components": 192}
{"stage": "identity_inventory", "utc": "2026-09-07T10:36:45.765103+00:00", "components": 256}
{"stage": "identity_inventory", "utc": "2026-09-07T10:36:46.093018+00:00", "components": 320}
{"stage": "identity_inventory", "utc": "2026-09-07T10:36:46.401084+00:00", "components": 384}
{"stage": "identity_inventory", "utc": "2026-09-07T10:36:46.702916+00:00", "components": 448}
{"stage": "identity_inventory", "utc": "2026-09-07T10:36:47.003343+00:00", "components": 512}
{"stage": "identity_inventory", "utc": "2026-09-07T10:36:47.306480+00:00", "components": 576}
{"stage": "identity_inventory", "utc": "2026-09-07T10:36:47.625142+00:00", "components": 640}
{"stage": "identity_inventory", "utc": "2026-09-07T10:36:47.927107+00:00", "components": 704}
{"stage": "save_attempt", "utc": "2026-09-07T10:37:07.107282+00:00", "path": "F:\\China Graduate Future Flight Vehicle Innovation Competition\\01_project\\competition\\SERVICE_ROBOT_MECHANICAL_CONSOLIDATION_20260905\\runs\\wp09_interfaces_20260907_1525\\reuse_closure\\mechanical\\native\\WP09R_PARKING.SLDASM", "api_return": [true, 0, 0], "ok": true, "errors": 0, "warnings": 0}
{"stage": "cold_batch", "utc": "2026-09-07T10:37:32.893439+00:00", "components": 8}
{"stage": "cold_batch", "utc": "2026-09-07T10:37:33.102732+00:00", "components": 16}
{"stage": "cold_batch", "utc": "2026-09-07T10:37:33.286979+00:00", "components": 24}
{"stage": "cold_batch", "utc": "2026-09-07T10:37:33.473435+00:00", "components": 32}
{"stage": "cold_batch", "utc": "2026-09-07T10:37:33.669994+00:00", "components": 40}
{"stage": "cold_batch", "utc": "2026-09-07T10:37:33.913685+00:00", "components": 48}
{"stage": "cold_batch", "utc": "2026-09-07T10:37:34.179761+00:00", "components": 56}
{"stage": "cold_batch", "utc": "2026-09-07T10:37:34.377599+00:00", "components": 64}
{"stage": "cold_batch", "utc": "2026-09-07T10:37:34.576193+00:00", "components": 72}
{"stage": "cold_batch", "utc": "2026-09-07T10:37:34.764895+00:00", "components": 80}
{"stage": "cold_batch", "utc": "2026-09-07T10:37:34.992143+00:00", "components": 88}
{"stage": "cold_batch", "utc": "2026-09-07T10:37:35.283562+00:00", "components": 96}
{"stage": "cold_batch", "utc": "2026-09-07T10:37:35.482638+00:00", "components": 104}
{"stage": "cold_batch", "utc": "2026-09-07T10:37:35.671621+00:00", "components": 112}
{"stage": "cold_batch", "utc": "2026-09-07T10:37:35.888966+00:00", "components": 120}
{"stage": "cold_batch", "utc": "2026-09-07T10:37:36.085055+00:00", "components": 128}
{"stage": "cold_batch", "utc": "2026-09-07T10:37:36.358368+00:00", "components": 136}
{"stage": "cold_batch", "utc": "2026-09-07T10:37:36.574396+00:00", "components": 144}
{"stage": "cold_batch", "utc": "2026-09-07T10:37:36.771802+00:00", "components": 152}
{"stage": "cold_batch", "utc": "2026-09-07T10:37:36.972320+00:00", "components": 160}
{"stage": "cold_batch", "utc": "2026-09-07T10:37:37.174682+00:00", "components": 168}
{"stage": "cold_batch", "utc": "2026-09-07T10:37:37.392472+00:00", "components": 176}
{"stage": "cold_batch", "utc": "2026-09-07T10:37:37.659167+00:00", "components": 184}
{"stage": "cold_batch", "utc": "2026-09-07T10:37:37.860024+00:00", "components": 192}
{"stage": "cold_batch", "utc": "2026-09-07T10:37:38.063327+00:00", "components": 200}
{"stage": "cold_batch", "utc": "2026-09-07T10:37:38.259361+00:00", "components": 208}
{"stage": "cold_batch", "utc": "2026-09-07T10:37:38.456665+00:00", "components": 216}
{"stage": "cold_batch", "utc": "2026-09-07T10:37:38.721768+00:00", "components": 224}
{"stage": "cold_batch", "utc": "2026-09-07T10:37:38.937346+00:00", "components": 232}
{"stage": "cold_batch", "utc": "2026-09-07T10:37:39.131263+00:00", "components": 240}
{"stage": "cold_batch", "utc": "2026-09-07T10:37:39.346546+00:00", "components": 248}
{"stage": "cold_batch", "utc": "2026-09-07T10:37:39.555489+00:00", "components": 256}
{"stage": "cold_batch", "utc": "2026-09-07T10:37:39.780907+00:00", "components": 264}
{"stage": "cold_batch", "utc": "2026-09-07T10:37:40.033135+00:00", "components": 272}
{"stage": "cold_batch", "utc": "2026-09-07T10:37:40.224572+00:00", "components": 280}
{"stage": "cold_batch", "utc": "2026-09-07T10:37:40.431864+00:00", "components": 288}
{"stage": "cold_batch", "utc": "2026-09-07T10:37:40.624659+00:00", "components": 296}
{"stage": "cold_batch", "utc": "2026-09-07T10:37:40.828226+00:00", "components": 304}
{"stage": "cold_batch", "utc": "2026-09-07T10:37:41.131756+00:00", "components": 312}
{"stage": "cold_batch", "utc": "2026-09-07T10:37:41.362930+00:00", "components": 320}
{"stage": "cold_batch", "utc": "2026-09-07T10:37:41.600079+00:00", "components": 328}
{"stage": "cold_batch", "utc": "2026-09-07T10:37:41.831986+00:00", "components": 336}
{"stage": "cold_batch", "utc": "2026-09-07T10:37:42.037422+00:00", "components": 344}
{"stage": "cold_batch", "utc": "2026-09-07T10:37:42.404367+00:00", "components": 352}
{"stage": "cold_batch", "utc": "2026-09-07T10:37:42.653367+00:00", "components": 360}
{"stage": "cold_batch", "utc": "2026-09-07T10:37:42.891322+00:00", "components": 368}
{"stage": "cold_batch", "utc": "2026-09-07T10:37:43.144723+00:00", "components": 376}
{"stage": "cold_batch", "utc": "2026-09-07T10:37:43.430223+00:00", "components": 384}
{"stage": "cold_batch", "utc": "2026-09-07T10:37:43.719685+00:00", "components": 392}
{"stage": "cold_batch", "utc": "2026-09-07T10:37:43.955884+00:00", "components": 400}
{"stage": "cold_batch", "utc": "2026-09-07T10:37:44.183546+00:00", "components": 408}
{"stage": "cold_batch", "utc": "2026-09-07T10:37:44.385952+00:00", "components": 416}
{"stage": "cold_batch", "utc": "2026-09-07T10:37:44.648843+00:00", "components": 424}
{"stage": "cold_batch", "utc": "2026-09-07T10:37:44.906458+00:00", "components": 432}
{"stage": "cold_batch", "utc": "2026-09-07T10:37:45.105432+00:00", "components": 440}
{"stage": "cold_batch", "utc": "2026-09-07T10:37:45.323789+00:00", "components": 448}
{"stage": "cold_batch", "utc": "2026-09-07T10:37:45.555494+00:00", "components": 456}
{"stage": "cold_batch", "utc": "2026-09-07T10:37:45.824061+00:00", "components": 464}
{"stage": "cold_batch", "utc": "2026-09-07T10:37:46.082935+00:00", "components": 472}
{"stage": "cold_batch", "utc": "2026-09-07T10:37:46.322033+00:00", "components": 480}
{"stage": "cold_batch", "utc": "2026-09-07T10:37:46.541768+00:00", "components": 488}
{"stage": "cold_batch", "utc": "2026-09-07T10:37:46.749723+00:00", "components": 496}
{"stage": "cold_batch", "utc": "2026-09-07T10:37:47.052701+00:00", "components": 504}
{"stage": "cold_batch", "utc": "2026-09-07T10:37:47.288356+00:00", "components": 512}
{"stage": "cold_batch", "utc": "2026-09-07T10:37:47.496358+00:00", "components": 520}
{"stage": "cold_batch", "utc": "2026-09-07T10:37:47.716197+00:00", "components": 528}
{"stage": "cold_batch", "utc": "2026-09-07T10:37:47.963918+00:00", "components": 536}
{"stage": "cold_batch", "utc": "2026-09-07T10:37:48.322792+00:00", "components": 544}
{"stage": "cold_batch", "utc": "2026-09-07T10:37:48.528980+00:00", "components": 552}
{"stage": "cold_batch", "utc": "2026-09-07T10:37:48.722562+00:00", "components": 560}
{"stage": "cold_batch", "utc": "2026-09-07T10:37:48.943751+00:00", "components": 568}
{"stage": "cold_batch", "utc": "2026-09-07T10:37:49.129670+00:00", "components": 576}
{"stage": "cold_batch", "utc": "2026-09-07T10:37:49.346324+00:00", "components": 584}
{"stage": "cold_batch", "utc": "2026-09-07T10:37:49.586491+00:00", "components": 592}
{"stage": "cold_batch", "utc": "2026-09-07T10:37:49.794284+00:00", "components": 600}
{"stage": "cold_batch", "utc": "2026-09-07T10:37:50.010820+00:00", "components": 608}
{"stage": "cold_batch", "utc": "2026-09-07T10:37:50.211502+00:00", "components": 616}
{"stage": "cold_batch", "utc": "2026-09-07T10:37:50.401237+00:00", "components": 624}
{"stage": "cold_batch", "utc": "2026-09-07T10:37:50.679132+00:00", "components": 632}
{"stage": "cold_batch", "utc": "2026-09-07T10:37:50.863987+00:00", "components": 640}
{"stage": "cold_batch", "utc": "2026-09-07T10:37:51.074398+00:00", "components": 648}
{"stage": "cold_batch", "utc": "2026-09-07T10:37:51.266213+00:00", "components": 656}
{"stage": "cold_batch", "utc": "2026-09-07T10:37:51.449212+00:00", "components": 664}
{"stage": "cold_batch", "utc": "2026-09-07T10:37:51.666633+00:00", "components": 672}
{"stage": "cold_batch", "utc": "2026-09-07T10:37:51.966929+00:00", "components": 680}
{"stage": "cold_batch", "utc": "2026-09-07T10:37:54.941302+00:00", "components": 688}
{"stage": "cold_batch", "utc": "2026-09-07T10:37:55.126649+00:00", "components": 696}
{"stage": "cold_batch", "utc": "2026-09-07T10:37:55.421805+00:00", "components": 704}
{"stage": "verified_empty_exit", "utc": "2026-09-07T10:38:01.459458+00:00"}
