{"stage": "identity_inventory", "utc": "2026-09-07T10:42:30.322862+00:00", "components": 64}
{"stage": "identity_inventory", "utc": "2026-09-07T10:42:31.142214+00:00", "components": 128}
{"stage": "identity_inventory", "utc": "2026-09-07T10:42:32.051452+00:00", "components": 192}
{"stage": "identity_inventory", "utc": "2026-09-07T10:42:32.968027+00:00", "components": 256}
{"stage": "identity_inventory", "utc": "2026-09-07T10:42:33.907239+00:00", "components": 320}
{"stage": "identity_inventory", "utc": "2026-09-07T10:42:34.876555+00:00", "components": 384}
{"stage": "identity_inventory", "utc": "2026-09-07T10:42:35.777282+00:00", "components": 448}
{"stage": "identity_inventory", "utc": "2026-09-07T10:42:36.622208+00:00", "components": 512}
{"stage": "identity_inventory", "utc": "2026-09-07T10:42:37.514790+00:00", "components": 576}
{"stage": "identity_inventory", "utc": "2026-09-07T10:42:38.426291+00:00", "components": 640}
{"stage": "identity_inventory", "utc": "2026-09-07T10:42:55.865877+00:00", "components": 64}
{"stage": "identity_inventory", "utc": "2026-09-07T10:42:56.299748+00:00", "components": 128}
{"stage": "identity_inventory", "utc": "2026-09-07T10:42:56.663486+00:00", "components": 192}
{"stage": "identity_inventory", "utc": "2026-09-07T10:42:57.076051+00:00", "components": 256}
{"stage": "identity_inventory", "utc": "2026-09-07T10:42:57.494632+00:00", "components": 320}
{"stage": "identity_inventory", "utc": "2026-09-07T10:42:57.855558+00:00", "components": 384}
{"stage": "identity_inventory", "utc": "2026-09-07T10:42:58.290833+00:00", "components": 448}
{"stage": "identity_inventory", "utc": "2026-09-07T10:42:58.675906+00:00", "components": 512}
{"stage": "identity_inventory", "utc": "2026-09-07T10:42:59.045057+00:00", "components": 576}
{"stage": "identity_inventory", "utc": "2026-09-07T10:42:59.415680+00:00", "components": 640}
{"stage": "retained_identity_verified", "utc": "2026-09-07T10:42:59.806654+00:00", "count": 700}
{"stage": "identity_inventory", "utc": "2026-09-07T10:43:04.047754+00:00", "components": 64}
{"stage": "identity_inventory", "utc": "2026-09-07T10:43:04.411491+00:00", "components": 128}
{"stage": "identity_inventory", "utc": "2026-09-07T10:43:04.705034+00:00", "components": 192}
{"stage": "identity_inventory", "utc": "2026-09-07T10:43:04.997648+00:00", "components": 256}
{"stage": "identity_inventory", "utc": "2026-09-07T10:43:05.343913+00:00", "components": 320}
{"stage": "identity_inventory", "utc": "2026-09-07T10:43:05.690988+00:00", "components": 384}
{"stage": "identity_inventory", "utc": "2026-09-07T10:43:05.992810+00:00", "components": 448}
{"stage": "identity_inventory", "utc": "2026-09-07T10:43:06.327886+00:00", "components": 512}
{"stage": "identity_inventory", "utc": "2026-09-07T10:43:06.652782+00:00", "components": 576}
{"stage": "identity_inventory", "utc": "2026-09-07T10:43:06.955639+00:00", "components": 640}
{"stage": "identity_inventory", "utc": "2026-09-07T10:43:07.255261+00:00", "components": 704}
{"stage": "save_attempt", "utc": "2026-09-07T10:43:26.442533+00:00", "path": "F:\\China Graduate Future Flight Vehicle Innovation Competition\\01_project\\competition\\SERVICE_ROBOT_MECHANICAL_CONSOLIDATION_20260905\\runs\\wp09_interfaces_20260907_1525\\reuse_closure\\mechanical\\native\\WP09R_RELEASED.SLDASM", "api_return": [true, 0, 0], "ok": true, "errors": 0, "warnings": 0}
{"stage": "cold_batch", "utc": "2026-09-07T10:43:47.105090+00:00", "components": 8}
{"stage": "cold_batch", "utc": "2026-09-07T10:43:47.269060+00:00", "components": 16}
{"stage": "cold_batch", "utc": "2026-09-07T10:43:47.432143+00:00", "components": 24}
{"stage": "cold_batch", "utc": "2026-09-07T10:43:47.594718+00:00", "components": 32}
{"stage": "cold_batch", "utc": "2026-09-07T10:43:47.755098+00:00", "components": 40}
{"stage": "cold_batch", "utc": "2026-09-07T10:43:47.978617+00:00", "components": 48}
{"stage": "cold_batch", "utc": "2026-09-07T10:43:48.184632+00:00", "components": 56}
{"stage": "cold_batch", "utc": "2026-09-07T10:43:48.351299+00:00", "components": 64}
{"stage": "cold_batch", "utc": "2026-09-07T10:43:48.523121+00:00", "components": 72}
{"stage": "cold_batch", "utc": "2026-09-07T10:43:48.684314+00:00", "components": 80}
{"stage": "cold_batch", "utc": "2026-09-07T10:43:48.841074+00:00", "components": 88}
{"stage": "cold_batch", "utc": "2026-09-07T10:43:49.023208+00:00", "components": 96}
{"stage": "cold_batch", "utc": "2026-09-07T10:43:49.234700+00:00", "components": 104}
{"stage": "cold_batch", "utc": "2026-09-07T10:43:49.429159+00:00", "components": 112}
{"stage": "cold_batch", "utc": "2026-09-07T10:43:49.593856+00:00", "components": 120}
{"stage": "cold_batch", "utc": "2026-09-07T10:43:49.752595+00:00", "components": 128}
{"stage": "cold_batch", "utc": "2026-09-07T10:43:49.916547+00:00", "components": 136}
{"stage": "cold_batch", "utc": "2026-09-07T10:43:50.081945+00:00", "components": 144}
{"stage": "cold_batch", "utc": "2026-09-07T10:43:50.311558+00:00", "components": 152}
{"stage": "cold_batch", "utc": "2026-09-07T10:43:50.541959+00:00", "components": 160}
{"stage": "cold_batch", "utc": "2026-09-07T10:43:50.712078+00:00", "components": 168}
{"stage": "cold_batch", "utc": "2026-09-07T10:43:50.878254+00:00", "components": 176}
{"stage": "cold_batch", "utc": "2026-09-07T10:43:51.037186+00:00", "components": 184}
{"stage": "cold_batch", "utc": "2026-09-07T10:43:51.191289+00:00", "components": 192}
{"stage": "cold_batch", "utc": "2026-09-07T10:43:51.373957+00:00", "components": 200}
{"stage": "cold_batch", "utc": "2026-09-07T10:43:51.554597+00:00", "components": 208}
{"stage": "cold_batch", "utc": "2026-09-07T10:43:51.740896+00:00", "components": 216}
{"stage": "cold_batch", "utc": "2026-09-07T10:43:51.898457+00:00", "components": 224}
{"stage": "cold_batch", "utc": "2026-09-07T10:43:52.052516+00:00", "components": 232}
{"stage": "cold_batch", "utc": "2026-09-07T10:43:52.208609+00:00", "components": 240}
{"stage": "cold_batch", "utc": "2026-09-07T10:43:52.363487+00:00", "components": 248}
{"stage": "cold_batch", "utc": "2026-09-07T10:43:52.565996+00:00", "components": 256}
{"stage": "cold_batch", "utc": "2026-09-07T10:43:52.755936+00:00", "components": 264}
{"stage": "cold_batch", "utc": "2026-09-07T10:43:52.938128+00:00", "components": 272}
{"stage": "cold_batch", "utc": "2026-09-07T10:43:53.093239+00:00", "components": 280}
{"stage": "cold_batch", "utc": "2026-09-07T10:43:53.251476+00:00", "components": 288}
{"stage": "cold_batch", "utc": "2026-09-07T10:43:53.405170+00:00", "components": 296}
{"stage": "cold_batch", "utc": "2026-09-07T10:43:53.565717+00:00", "components": 304}
{"stage": "cold_batch", "utc": "2026-09-07T10:43:53.751839+00:00", "components": 312}
{"stage": "cold_batch", "utc": "2026-09-07T10:43:53.944976+00:00", "components": 320}
{"stage": "cold_batch", "utc": "2026-09-07T10:43:54.140702+00:00", "components": 328}
{"stage": "cold_batch", "utc": "2026-09-07T10:43:54.297364+00:00", "components": 336}
{"stage": "cold_batch", "utc": "2026-09-07T10:43:54.460282+00:00", "components": 344}
{"stage": "cold_batch", "utc": "2026-09-07T10:43:54.621481+00:00", "components": 352}
{"stage": "cold_batch", "utc": "2026-09-07T10:43:54.780336+00:00", "components": 360}
{"stage": "cold_batch", "utc": "2026-09-07T10:43:54.984173+00:00", "components": 368}
{"stage": "cold_batch", "utc": "2026-09-07T10:43:55.160337+00:00", "components": 376}
{"stage": "cold_batch", "utc": "2026-09-07T10:43:55.349036+00:00", "components": 384}
{"stage": "cold_batch", "utc": "2026-09-07T10:43:55.512404+00:00", "components": 392}
{"stage": "cold_batch", "utc": "2026-09-07T10:43:55.680475+00:00", "components": 400}
{"stage": "cold_batch", "utc": "2026-09-07T10:43:55.842075+00:00", "components": 408}
{"stage": "cold_batch", "utc": "2026-09-07T10:43:56.019304+00:00", "components": 416}
{"stage": "cold_batch", "utc": "2026-09-07T10:43:56.212220+00:00", "components": 424}
{"stage": "cold_batch", "utc": "2026-09-07T10:43:56.460453+00:00", "components": 432}
{"stage": "cold_batch", "utc": "2026-09-07T10:43:56.638161+00:00", "components": 440}
{"stage": "cold_batch", "utc": "2026-09-07T10:43:56.797327+00:00", "components": 448}
{"stage": "cold_batch", "utc": "2026-09-07T10:43:56.961361+00:00", "components": 456}
{"stage": "cold_batch", "utc": "2026-09-07T10:43:57.124970+00:00", "components": 464}
{"stage": "cold_batch", "utc": "2026-09-07T10:43:57.346536+00:00", "components": 472}
{"stage": "cold_batch", "utc": "2026-09-07T10:43:57.575321+00:00", "components": 480}
{"stage": "cold_batch", "utc": "2026-09-07T10:43:57.733816+00:00", "components": 488}
{"stage": "cold_batch", "utc": "2026-09-07T10:43:57.894970+00:00", "components": 496}
{"stage": "cold_batch", "utc": "2026-09-07T10:43:58.041757+00:00", "components": 504}
{"stage": "cold_batch", "utc": "2026-09-07T10:43:58.189719+00:00", "components": 512}
{"stage": "cold_batch", "utc": "2026-09-07T10:43:58.332362+00:00", "components": 520}
{"stage": "cold_batch", "utc": "2026-09-07T10:43:58.544948+00:00", "components": 528}
{"stage": "cold_batch", "utc": "2026-09-07T10:43:58.738424+00:00", "components": 536}
{"stage": "cold_batch", "utc": "2026-09-07T10:43:58.896672+00:00", "components": 544}
{"stage": "cold_batch", "utc": "2026-09-07T10:43:59.052109+00:00", "components": 552}
{"stage": "cold_batch", "utc": "2026-09-07T10:43:59.206606+00:00", "components": 560}
{"stage": "cold_batch", "utc": "2026-09-07T10:44:00.807907+00:00", "components": 568}
{"stage": "cold_batch", "utc": "2026-09-07T10:44:02.830151+00:00", "components": 576}
{"stage": "cold_batch", "utc": "2026-09-07T10:44:04.251450+00:00", "components": 584}
{"stage": "cold_batch", "utc": "2026-09-07T10:44:04.422232+00:00", "components": 592}
{"stage": "cold_batch", "utc": "2026-09-07T10:44:04.664694+00:00", "components": 600}
{"stage": "cold_batch", "utc": "2026-09-07T10:44:04.810874+00:00", "components": 608}
{"stage": "cold_batch", "utc": "2026-09-07T10:44:04.959510+00:00", "components": 616}
{"stage": "cold_batch", "utc": "2026-09-07T10:44:05.105386+00:00", "components": 624}
{"stage": "cold_batch", "utc": "2026-09-07T10:44:05.255844+00:00", "components": 632}
{"stage": "cold_batch", "utc": "2026-09-07T10:44:05.407850+00:00", "components": 640}
{"stage": "cold_batch", "utc": "2026-09-07T10:44:05.583761+00:00", "components": 648}
{"stage": "cold_batch", "utc": "2026-09-07T10:44:05.800860+00:00", "components": 656}
{"stage": "cold_batch", "utc": "2026-09-07T10:44:05.959965+00:00", "components": 664}
{"stage": "cold_batch", "utc": "2026-09-07T10:44:06.110032+00:00", "components": 672}
{"stage": "cold_batch", "utc": "2026-09-07T10:44:06.265130+00:00", "components": 680}
{"stage": "cold_batch", "utc": "2026-09-07T10:44:06.413971+00:00", "components": 688}
{"stage": "cold_batch", "utc": "2026-09-07T10:44:06.559068+00:00", "components": 696}
{"stage": "cold_batch", "utc": "2026-09-07T10:44:06.746305+00:00", "components": 704}
{"stage": "verified_empty_exit", "utc": "2026-09-07T10:44:11.304027+00:00"}
