2026-08-02T11:55:37.1382392Z | START | B51R1_MASTER_SKELETON_NATIVE_BUILD_V2
2026-08-02T11:55:37.1422403Z | BEGIN | ATTACH_ACTIVE_SOLIDWORKS
2026-08-02T11:55:37.1665135Z | END | ATTACH_ACTIVE_SOLIDWORKS
2026-08-02T11:55:37.1745131Z | BEGIN | CREATE_NEW_PART_FROM_GB_TEMPLATE
2026-08-02T11:55:46.3641631Z | END | CREATE_NEW_PART_FROM_GB_TEMPLATE
2026-08-02T11:55:46.3811732Z | BEGIN | ADD_PLANE_PLN_TASK_FACE_X183
2026-08-02T11:55:47.1481414Z | END | ADD_PLANE_PLN_TASK_FACE_X183
2026-08-02T11:55:47.1551001Z | BEGIN | ADD_PLANE_PLN_M_DYNAMICS_X185_25
2026-08-02T11:55:47.4805384Z | END | ADD_PLANE_PLN_M_DYNAMICS_X185_25
2026-08-02T11:55:47.4815459Z | BEGIN | ADD_PLANE_PLN_M_DISPLAY_X198
2026-08-02T11:55:47.7121813Z | END | ADD_PLANE_PLN_M_DISPLAY_X198
2026-08-02T11:55:47.7199679Z | BEGIN | ADD_PLANE_PLN_PRIMARY_PY_110_15
2026-08-02T11:55:47.9212281Z | END | ADD_PLANE_PLN_PRIMARY_PY_110_15
2026-08-02T11:55:47.9222291Z | BEGIN | ADD_PLANE_PLN_PRIMARY_NY_110_15
2026-08-02T11:55:48.2542071Z | END | ADD_PLANE_PLN_PRIMARY_NY_110_15
2026-08-02T11:55:48.2562050Z | BEGIN | ADD_PLANE_PLN_PANEL_OUTER_PY_113_15
2026-08-02T11:55:48.5033131Z | END | ADD_PLANE_PLN_PANEL_OUTER_PY_113_15
2026-08-02T11:55:48.5053130Z | BEGIN | ADD_PLANE_PLN_PANEL_OUTER_NY_113_15
2026-08-02T11:55:48.8818600Z | END | ADD_PLANE_PLN_PANEL_OUTER_NY_113_15
2026-08-02T11:55:48.8848591Z | BEGIN | ADD_PLANE_PLN_PRIMARY_PZ_110_15
2026-08-02T11:55:49.2460095Z | END | ADD_PLANE_PLN_PRIMARY_PZ_110_15
2026-08-02T11:55:49.2480200Z | BEGIN | ADD_PLANE_PLN_PRIMARY_NZ_110_15
2026-08-02T11:55:49.5573376Z | END | ADD_PLANE_PLN_PRIMARY_NZ_110_15
2026-08-02T11:55:49.5593372Z | BEGIN | ADD_PLANE_PLN_PANEL_OUTER_PZ_113_15
2026-08-02T11:55:49.8724319Z | END | ADD_PLANE_PLN_PANEL_OUTER_PZ_113_15
2026-08-02T11:55:49.8744340Z | BEGIN | ADD_PLANE_PLN_PANEL_OUTER_NZ_113_15
2026-08-02T11:55:50.1910986Z | END | ADD_PLANE_PLN_PANEL_OUTER_NZ_113_15
2026-08-02T11:55:50.1995773Z | BEGIN | ADD_MOUNT_SKETCH
2026-08-02T11:55:55.4781784Z | END | ADD_MOUNT_SKETCH
2026-08-02T11:55:55.4831821Z | BEGIN | ADD_AXIS_AX_LONGERON_PY_PZ
2026-08-02T11:56:00.6522899Z | END | ADD_AXIS_AX_LONGERON_PY_PZ
2026-08-02T11:56:00.6572905Z | BEGIN | ADD_AXIS_AX_LONGERON_PY_NZ
2026-08-02T11:56:03.8689425Z | END | ADD_AXIS_AX_LONGERON_PY_NZ
2026-08-02T11:56:03.8729424Z | BEGIN | ADD_AXIS_AX_LONGERON_NY_PZ
2026-08-02T11:56:07.1855396Z | END | ADD_AXIS_AX_LONGERON_NY_PZ
2026-08-02T11:56:07.1909281Z | BEGIN | ADD_AXIS_AX_LONGERON_NY_NZ
2026-08-02T11:56:11.7262597Z | END | ADD_AXIS_AX_LONGERON_NY_NZ
2026-08-02T11:56:11.7540911Z | BEGIN | RENAME_DEFAULT_CONFIGURATION_COMMON_CANONICAL
2026-08-02T11:56:11.7888934Z | END | RENAME_DEFAULT_CONFIGURATION_COMMON_CANONICAL
2026-08-02T11:56:11.7888934Z | BEGIN | ADD_CONFIGURATION_MODE_A_EVALUATION
2026-08-02T11:56:13.2760765Z | END | ADD_CONFIGURATION_MODE_A_EVALUATION
2026-08-02T11:56:13.2770776Z | BEGIN | ADD_CONFIGURATION_MODE_B_EVALUATION
2026-08-02T11:56:14.1202942Z | END | ADD_CONFIGURATION_MODE_B_EVALUATION
2026-08-02T11:56:14.1212939Z | BEGIN | ADD_CUSTOM_PROPERTIES
2026-08-02T11:56:14.3834984Z | END | ADD_CUSTOM_PROPERTIES
2026-08-02T11:56:14.3844990Z | BEGIN | FORCE_REBUILD_STAGE_A
2026-08-02T11:56:14.6484064Z | END | FORCE_REBUILD_STAGE_A
2026-08-02T11:56:14.6520969Z | BEGIN | VERIFY_ZERO_SOLID_BODIES_STAGE_A
2026-08-02T11:56:14.6939705Z | END | VERIFY_ZERO_SOLID_BODIES_STAGE_A
2026-08-02T11:56:14.6959689Z | BEGIN | SAVE_STAGE_A_RECOVERY_CHECKPOINT
2026-08-02T11:56:15.8404549Z | END | SAVE_STAGE_A_RECOVERY_CHECKPOINT
2026-08-02T11:56:15.8447255Z | RECEIPT | PASS_STAGE_A_CHECKPOINT_COORDINATE_SYSTEMS_PENDING
2026-08-02T11:56:15.8457256Z | BEGIN | ADD_COORDINATE_SYSTEM_CS_SPACECRAFT_BODY
2026-08-02T11:56:16.4604166Z | END | ADD_COORDINATE_SYSTEM_CS_SPACECRAFT_BODY
2026-08-02T11:56:16.4664641Z | BEGIN | SAVE_STAGE_B_CS01_RECOVERY_CHECKPOINT
2026-08-02T11:56:17.4981674Z | END | SAVE_STAGE_B_CS01_RECOVERY_CHECKPOINT
2026-08-02T11:56:17.5001662Z | BEGIN | ADD_COORDINATE_SYSTEM_CS_B601_BASE_ACCEPTED
2026-08-02T11:56:38.5070448Z | END | ADD_COORDINATE_SYSTEM_CS_B601_BASE_ACCEPTED
2026-08-02T11:56:38.5146943Z | BEGIN | SAVE_STAGE_B_CS02_RECOVERY_CHECKPOINT
2026-08-02T11:56:39.3831900Z | END | SAVE_STAGE_B_CS02_RECOVERY_CHECKPOINT
2026-08-02T11:56:39.3851898Z | BEGIN | ADD_COORDINATE_SYSTEM_CS_B601_BASE_DISPLAY_X198
2026-08-02T11:56:40.3232377Z | END | ADD_COORDINATE_SYSTEM_CS_B601_BASE_DISPLAY_X198
2026-08-02T11:56:40.3306221Z | BEGIN | SAVE_STAGE_B_CS03_RECOVERY_CHECKPOINT
2026-08-02T11:56:41.2887805Z | END | SAVE_STAGE_B_CS03_RECOVERY_CHECKPOINT
2026-08-02T11:56:41.2917893Z | BEGIN | ADD_COORDINATE_SYSTEM_CS_B601_BASE_A0_25DEG_CANDIDATE
2026-08-02T11:56:42.5450335Z | END | ADD_COORDINATE_SYSTEM_CS_B601_BASE_A0_25DEG_CANDIDATE
2026-08-02T11:56:42.5470325Z | BEGIN | SAVE_FINAL_NATIVE_TARGET
2026-08-02T11:56:43.1500694Z | END | SAVE_FINAL_NATIVE_TARGET
2026-08-02T11:56:44.7340204Z | BEGIN | CLOSE_FINAL_NATIVE_DOCUMENT
2026-08-02T11:56:45.9055110Z | END | CLOSE_FINAL_NATIVE_DOCUMENT
2026-08-02T11:56:45.9447999Z | PASS | PASS_NATIVE_MASTER_SKELETON_BUILT
