2026-07-29T14:13:32.9498628Z | START | B51R1_MASTER_SKELETON_NATIVE_BUILD_V2
2026-07-29T14:13:32.9528646Z | BEGIN | ATTACH_ACTIVE_SOLIDWORKS
2026-07-29T14:13:32.9993974Z | END | ATTACH_ACTIVE_SOLIDWORKS
2026-07-29T14:13:33.0111090Z | BEGIN | CREATE_NEW_PART_FROM_GB_TEMPLATE
2026-07-29T14:13:36.1216331Z | END | CREATE_NEW_PART_FROM_GB_TEMPLATE
2026-07-29T14:13:36.1256435Z | BEGIN | ADD_PLANE_PLN_TASK_FACE_X183
2026-07-29T14:13:37.6993798Z | END | ADD_PLANE_PLN_TASK_FACE_X183
2026-07-29T14:13:37.7615492Z | BEGIN | ADD_PLANE_PLN_M_DYNAMICS_X185_25
2026-07-29T14:13:38.7012620Z | END | ADD_PLANE_PLN_M_DYNAMICS_X185_25
2026-07-29T14:13:38.7558838Z | BEGIN | ADD_PLANE_PLN_M_DISPLAY_X198
2026-07-29T14:13:39.7398862Z | END | ADD_PLANE_PLN_M_DISPLAY_X198
2026-07-29T14:13:39.8201853Z | BEGIN | ADD_PLANE_PLN_PRIMARY_PY_110_15
2026-07-29T14:13:40.5310342Z | END | ADD_PLANE_PLN_PRIMARY_PY_110_15
2026-07-29T14:13:40.5978379Z | BEGIN | ADD_PLANE_PLN_PRIMARY_NY_110_15
2026-07-29T14:13:41.3919951Z | END | ADD_PLANE_PLN_PRIMARY_NY_110_15
2026-07-29T14:13:41.3972781Z | BEGIN | ADD_PLANE_PLN_PANEL_OUTER_PY_113_15
2026-07-29T14:13:42.1895580Z | END | ADD_PLANE_PLN_PANEL_OUTER_PY_113_15
2026-07-29T14:13:42.2308955Z | BEGIN | ADD_PLANE_PLN_PANEL_OUTER_NY_113_15
2026-07-29T14:13:43.0835618Z | END | ADD_PLANE_PLN_PANEL_OUTER_NY_113_15
2026-07-29T14:13:43.1539983Z | BEGIN | ADD_PLANE_PLN_PRIMARY_PZ_110_15
2026-07-29T14:13:44.4637618Z | END | ADD_PLANE_PLN_PRIMARY_PZ_110_15
2026-07-29T14:13:44.5951690Z | BEGIN | ADD_PLANE_PLN_PRIMARY_NZ_110_15
2026-07-29T14:13:45.5187049Z | END | ADD_PLANE_PLN_PRIMARY_NZ_110_15
2026-07-29T14:13:45.7620887Z | BEGIN | ADD_PLANE_PLN_PANEL_OUTER_PZ_113_15
2026-07-29T14:13:46.9350015Z | END | ADD_PLANE_PLN_PANEL_OUTER_PZ_113_15
2026-07-29T14:13:46.9417273Z | BEGIN | ADD_PLANE_PLN_PANEL_OUTER_NZ_113_15
2026-07-29T14:13:47.8814980Z | END | ADD_PLANE_PLN_PANEL_OUTER_NZ_113_15
2026-07-29T14:13:47.9548085Z | BEGIN | ADD_MOUNT_SKETCH
2026-07-29T14:13:56.0677591Z | END | ADD_MOUNT_SKETCH
2026-07-29T14:13:56.1788972Z | BEGIN | ADD_AXIS_AX_LONGERON_PY_PZ
2026-07-29T14:13:59.7521661Z | END | ADD_AXIS_AX_LONGERON_PY_PZ
2026-07-29T14:13:59.9290201Z | BEGIN | ADD_AXIS_AX_LONGERON_PY_NZ
2026-07-29T14:14:03.4137007Z | END | ADD_AXIS_AX_LONGERON_PY_NZ
2026-07-29T14:14:03.6794210Z | BEGIN | ADD_AXIS_AX_LONGERON_NY_PZ
2026-07-29T14:14:07.0192968Z | END | ADD_AXIS_AX_LONGERON_NY_PZ
2026-07-29T14:14:07.2055157Z | BEGIN | ADD_AXIS_AX_LONGERON_NY_NZ
2026-07-29T14:14:12.8000999Z | END | ADD_AXIS_AX_LONGERON_NY_NZ
2026-07-29T14:14:12.9668286Z | BEGIN | RENAME_DEFAULT_CONFIGURATION_COMMON_CANONICAL
2026-07-29T14:14:13.0867209Z | END | RENAME_DEFAULT_CONFIGURATION_COMMON_CANONICAL
2026-07-29T14:14:13.0872261Z | BEGIN | ADD_CONFIGURATION_MODE_A_EVALUATION
2026-07-29T14:14:14.8151587Z | END | ADD_CONFIGURATION_MODE_A_EVALUATION
2026-07-29T14:14:14.8161633Z | BEGIN | ADD_CONFIGURATION_MODE_B_EVALUATION
2026-07-29T14:14:16.5123635Z | END | ADD_CONFIGURATION_MODE_B_EVALUATION
2026-07-29T14:14:16.5133657Z | BEGIN | ADD_CUSTOM_PROPERTIES
2026-07-29T14:14:16.5826519Z | END | ADD_CUSTOM_PROPERTIES
2026-07-29T14:14:16.5836507Z | BEGIN | FORCE_REBUILD_STAGE_A
2026-07-29T14:14:17.1854092Z | END | FORCE_REBUILD_STAGE_A
2026-07-29T14:14:17.1864326Z | BEGIN | VERIFY_ZERO_SOLID_BODIES_STAGE_A
2026-07-29T14:14:17.4867740Z | END | VERIFY_ZERO_SOLID_BODIES_STAGE_A
2026-07-29T14:14:17.4877735Z | BEGIN | SAVE_STAGE_A_RECOVERY_CHECKPOINT
2026-07-29T14:14:19.1539078Z | FAIL | SAVE_STAGE_A_RECOVERY_CHECKPOINT | System.IO.IOException | The process cannot access the file 'F:\China Graduate Future Flight Vehicle Innovation Competition\20_engineering\cad\B5_1R1_B601_interface_native_rework_candidate\02_MASTER_SKELETON\B51R1_MASTER_SKELETON_V2_STAGE_A_RECOVERY.SLDPRT' because it is being used by another process.
2026-07-29T14:14:19.1549038Z | FAIL_CLOSED | System.IO.IOException | The process cannot access the file 'F:\China Graduate Future Flight Vehicle Innovation Competition\20_engineering\cad\B5_1R1_B601_interface_native_rework_candidate\02_MASTER_SKELETON\B51R1_MASTER_SKELETON_V2_STAGE_A_RECOVERY.SLDPRT' because it is being used by another process.
