Loading arm BRep: base_link
Loading arm BRep: link1
Loading arm BRep: link2
Loading arm BRep: link3
Loading arm BRep: link4
Loading arm BRep: link5
Loading arm BRep: link6
Loading arm BRep: gripper_link
Loading arm BRep: gripper_left
Loading arm BRep: gripper_right
[scripts/gen] generated assembly GLB/topology artifact: __cadgen__/models/service_robot_work.step.py
Loading arm BRep: base_link
Loading arm BRep: link1
Loading arm BRep: link2
Loading arm BRep: link3
Loading arm BRep: link4
Loading arm BRep: link5
Loading arm BRep: link6
Loading arm BRep: gripper_link
Loading arm BRep: gripper_left
Loading arm BRep: gripper_right
[scripts/gen] generated assembly GLB/topology artifact: __cadgen__/models/service_robot_stowed.step.py
Loading arm BRep: base_link
Loading arm BRep: link1
Loading arm BRep: link2
Loading arm BRep: link3
Loading arm BRep: link4
Loading arm BRep: link5
Loading arm BRep: link6
Loading arm BRep: gripper_link
Loading arm BRep: gripper_left
Loading arm BRep: gripper_right
[scripts/gen] generated assembly GLB/topology artifact: __cadgen__/models/service_robot_initial_deploy.step.py
{"ok":true,"sourceRef":"service_robot_work.step.py","cadPath":"service_robot_work","kind":"part","outcome":"built","packagePath":"__cadgen__/models/service_robot_work.step.py"}
{"ok":true,"sourceRef":"service_robot_stowed.step.py","cadPath":"service_robot_stowed","kind":"part","outcome":"built","packagePath":"__cadgen__/models/service_robot_stowed.step.py"}
{"ok":true,"sourceRef":"service_robot_initial_deploy.step.py","cadPath":"service_robot_initial_deploy","kind":"part","outcome":"built","packagePath":"__cadgen__/models/service_robot_initial_deploy.step.py"}
