=== R2-HRN-04 full-FK harness sweep (QUICK=False) ===
revolute joints: [('joint1', -2.8, 2.8), ('joint2', -3.14, 0.0), ('joint3', -3.14, 0.0), ('joint4', -1.87, 1.57), ('joint5', -1.57, 1.57), ('joint6', -3.14, 3.14)]
mesh base_link     tris=  7797 verts=  3919
mesh link1         tris=   997 verts=   443
mesh link2         tris= 11984 verts=  6039
mesh link3         tris=  8418 verts=  4078
mesh link4         tris=  5156 verts=  2511
mesh link5         tris=  4238 verts=  2083
mesh link6         tris=  2496 verts=  1226
mesh gripper_link  tris=  5352 verts=  2654
mesh gripper_left  tris=  4238 verts=  2172
mesh gripper_right tris=  4238 verts=  2172
solar tris: 264
palm-slot-vs-gripper_link vertex dist: median 0.422 p90 3.487 mm
rail swept volumes validated against gripper_link mesh via palm-slot hugging (median 0.422 mm, p90 3.487 mm); treated as authored in the gripper_link frame
crossing design:
  joint1  r=  72.05 alpha=   57.6deg s=  37.3 pref=   57.6deg
  joint2  r=  35.00 alpha=  315.0deg s=   0.0 pref=  -44.5deg
  joint3  r=  35.00 alpha=   15.0deg s=   0.0 pref=   10.7deg
  joint4  r=  35.00 alpha=  150.0deg s=   0.0 pref=  154.2deg
  joint5  r=  48.35 alpha=  210.0deg s= -30.0 pref=  210.0deg
  joint6  r=  42.48 alpha=  345.0deg s=  40.0 pref=  345.0deg
clamp_l1 (HC-3): [38.63 60.82 37.35]
G0 (gripper_link-local): [-80.   0.  50.]
P1: [200.   -81.08 -85.73]  P2: [272.   -95.35 -74.5 ]
coil beta0=-0.129 sign=1
FK Q0               origin residual 0.0000 mm, axis residual 0.0000 mm
FK STOWED           origin residual 0.0000 mm, axis residual 0.0000 mm
FK DEPLOYED_NOMINAL origin residual 0.0000 mm, axis residual 0.0000 mm
FK PARTIAL          origin residual 0.0000 mm, axis residual 0.0000 mm
FK SERVICE          origin residual 0.0000 mm, axis residual 0.0000 mm
FK_VALIDATION PASS (base face x=208.000)
total states: 308
state 1/308 SWEEP_joint1_00              L= 2898.0 Rmin=  0.10 worst_clear= -10.410 t=31s
state 21/308 SWEEP_joint1_20              L= 3150.2 Rmin=  0.10 worst_clear= -10.410 t=70s
state 41/308 SWEEP_joint2_07              L= 3200.5 Rmin=  0.10 worst_clear= -11.866 t=129s
state 61/308 SWEEP_joint2_27              L= 3109.9 Rmin=  0.10 worst_clear= -11.994 t=186s
state 81/308 SWEEP_joint3_14              L= 3174.9 Rmin=  0.10 worst_clear= -11.994 t=224s
state 101/308 SWEEP_joint4_01              L= 3174.8 Rmin=  0.10 worst_clear= -11.994 t=265s
state 121/308 SWEEP_joint4_21              L= 3106.3 Rmin=  0.10 worst_clear= -11.994 t=305s
state 141/308 SWEEP_joint5_08              L= 3061.8 Rmin=  0.10 worst_clear= -11.994 t=362s
state 161/308 SWEEP_joint5_28              L= 3156.7 Rmin=  0.10 worst_clear= -11.994 t=402s
state 181/308 SWEEP_joint6_15              L= 3091.4 Rmin=  0.10 worst_clear= -11.994 t=442s
state 201/308 NAMED_Q_DEPLOYED_HOME        L= 3087.9 Rmin=  0.10 worst_clear= -11.994 t=484s
state 221/308 CORNER_010000                L= 2878.6 Rmin=  0.10 worst_clear= -11.994 t=539s
state 241/308 CORNER_100100                L= 3377.7 Rmin=  0.10 worst_clear= -11.994 t=593s
state 261/308 CORNER_111000                L= 3172.1 Rmin=  0.10 worst_clear= -11.994 t=656s
state 281/308 LHS_12                       L= 3015.5 Rmin=  0.10 worst_clear= -11.994 t=714s
state 301/308 LHS_32                       L= 3071.2 Rmin=  0.10 worst_clear= -11.994 t=755s
state 308/308 LHS_39                       L= 3252.5 Rmin=  0.10 worst_clear= -11.994 t=772s
pinch worst=-11.990 at HARDSTOP_joint4_hi joint5
VERDICT: FAIL
Lmax=3810.6 (CORNER_100011) prov=4001.2 | Rmin=0.10 (CORNER_110000:span_link5) | clear=-11.994 vs link3 @ SWEEP_joint2_09
runtime 818s
FreeCAD 1.1.3, Libs: 1.1.3R20260725 (Git shallow)
(C) 2001-2026 FreeCAD contributors
FreeCAD is free and open-source software licensed under the terms of LGPL2+ license.

