0
1
0
Assembly-1
1
PART-1-1
PART-1
1
PART-1-1
1519
-2147483647
0
6068 1 16 1510 0 1 0 -1 -1 10862 318 -1342176960 -1342176956 -1342176952 -1342176948 -1342176944 -1342176940 -1342176936 -1342176932 -1342176928 -1342176924 -1342176920 -1342176916 -1342176912 -1342176908 -1342176904 -1342176900 -1342176896 -1342176892 -1342176888 -1342176884 -1342176880 -1342176876 -1342176872 -1342176868 -1342176864 -1342176860 -1342176856 -1342176852 -1342176848 -1342176844 -1342176840 -1342176836 -1342176832 -1342176828 -1342176824 -1342176820 -1342176816 -1342176812 -1342176808 -1342176804 -1342176800 -1342176796 -1342176792 -1342176788 -1342176784 -1342176780 -1342176776 -1342176772 -1342176768 -1342176764 -1342176760 -1342176756 -1342176752 -1342176748 -1342176744 -1342176740 -1342176736 -1342176732 -1342176728 -1342176724 -1342176720 -1342176716 -1342176712 -1342176708 -1342176704 -1342176700 -1342176696 -1342176692 -1342176688 -1342176684 -1342176680 -1342176676 -1342176672 -1342176668 -1342176664 -1342176660 -1342176656 -1342176652 -1342176648 -1342176644 -1342176640 -1342176636 -1342176632 -1342176628 -1342176624 -1342176620 -1342176616 -1342176612 -1342176608 -1342176604 -1342176600 -1342176596 -1342176592 -1342176588 -1342176584 -1342176580 -1342176576 -1342176572 -1342176568 -1342176564 -1342176560 -1342176556 -1342176552 -1342176548 -1342176544 -1342176540 -1342176536 -1342176532 -1342176528 -1342176524 -1342176520 -1342176516 -1342176512 -1342176508 -1342176504 -1342176500 -1342176496 -1342176492 -1342176488 -1342176484 -1342176480 -1342176476 -1342176472 -1342176468 -1342176464 -1342176460 -1342176456 -1342176452 -1342176448 -1342176444 -1342176440 -1342176436 -1342176432 -1342176428 -1342176424 -1342176420 -1342176416 -1342176412 -1342176408 -1342176404 -1342176400 -1342176396 -1342176392 -1342176388 -1342176384 -1342176380 -1342176376 -1342176372 -1342176368 -1342176364 -1342176360 -1342176356 -1342176352 -1342176348 -1342176344 -1342176340 -1342176336 -1342176332 -1342176328 -1342176324 -1342176320 -1342176316 -1342176312 -1342176308 -1342176304 -1342176300 -1342176296 -1342176292 -1342176288 -1342176284 -1342176280 -1342176276 -1342176272 -1342176268 -1342176264 -1342176260 -1342176256 -1342176252 -1342176248 -1342176244 -1342176240 -1342176236 -1342176232 -1342176228 -1342176224 -1342176220 -1342176216 -1342176212 -1879047120 -1879047118 -1879047116 -1342176202 -1342176198 -1342176194 -1342176190 -1342176186 -1342176182 -1342176178 -1342176174 -1342176170 -1879047078 -1879047076 -1342176162 -1879047070 -1879047068 -1342176154 -1342176150 -1342176146 -1342176142 -1342176138 -1342176134 -1342176130 -1342176126 -1342176122 -1879047030 -1879047028 -1342176114 -1879047022 -1879047020 -1342176106 -1342176102 -1342176098 -1342176094 -1342176090 -1342176086 -1342176082 -1342176078 -1342176074 -1879046982 -1879046980 -1342176066 -1879046974 -1879046972 -1342176058 -1342176054 -1342176050 -1342176046 -1342176042 -1342176038 -1342176034 -1342176030 -1342176026 -1879046934 -1879046932 -1342176018 -1879046926 -1879046924 -1342176010 -1342176006 -1342176002 -1342175998 -1342175994 -1342175990 -1342175986 -1342175982 -1342175978 -1879046886 -1879046884 -1342175970 -1879046878 -1879046876 -1342175962 -1342175958 -1342175954 -1342175950 -1342175946 -1342175942 -1342175938 -1342175934 -1342175930 -1879046838 -1879046836 -1342175922 -1879046830 -1879046828 -1342175914 -1342175910 -1342175906 -1342175902 -1342175898 -1342175894 -1342175890 -1342175886 -1342175882 -1879046790 -1879046788 -1342175874 -1879046782 -1879046780 -1342175866 -1342175862 -1342175858 -1342175854 -1342175850 -1342175846 -1342175842 -1342175838 -1342175834 -1879046742 -1879046740 -1342175826 -1879046734 -1879046732 -1342175818 -1342175814 -1342175810 -1342175806 -1342175802 -1342175798 -1342175794 -1342175790 -1342175786 -1879046694 -1879046692 -1879046690 -1879046688 -1879046686 -1879046684 1000001 21 8 1000 1008001 9 2 12 1009001 8 2 13 1010001 8 2 13 1011001 8 2 13 1012001 9 2 12 1013001 21 8 1000 2000001 21 8 1000 2008001 9 2 12 2009001 8 2 13 2010001 8 2 13 2011001 8 2 13 2012001 9 2 12 2013001 21 8 1000 3000001 21 8 1000 3008001 9 2 12 3009001 8 2 13 3010001 8 2 13 3011001 8 2 13 3012001 9 2 12 3013001 21 8 1000 4000001 21 8 1000 4008001 9 2 12 4009001 8 2 13 4010001 8 2 13 4011001 8 2 13 4012001 9 2 12 4013001 21 8 1000 5000001 21 8 1000 5008001 9 2 12 5009001 8 2 13 5010001 8 2 13 5011001 8 2 13 5012001 9 2 12 5013001 21 8 1000 6000001 21 8 1000 6008001 9 2 12 6009001 8 2 13 6010001 8 2 13 6011001 8 2 13 6012001 9 2 12 6013001 21 8 1000 7000001 21 8 1000 7008001 9 2 12 7009001 8 2 13 7010001 8 2 13 7011001 8 2 13 7012001 9 2 12 7013001 21 8 1000 8000001 21 8 1000 8008001 9 2 12 8009001 8 2 13 8010001 8 2 13 8011001 8 2 13 8012001 9 2 12 8013001 21 8 1000 9000001 21 8 1000 9008001 9 2 12 9009001 8 2 13 9010001 8 2 13 9011001 8 2 13 9012001 9 2 12 9013001 21 8 1000 10000001 21 4 1000 10004001 9 2 12 10005001 7 2 14 10006001 6 2 15 10007001 5 2 16 10008001 5 2 16 10009001 4 2 17 10010001 4 2 17 10011001 4 2 17 10012001 5 2 16 10013001 5 2 16 10014001 6 2 15 10015001 7 2 14 10016001 9 2 12 10017001 21 4 1000 11000001 21 4 1000 11004001 9 2 12 11005001 7 2 14 11006001 6 2 15 11007001 5 2 16 11008001 5 2 16 11009001 4 2 17 11010001 4 2 17 11011001 4 2 17 11012001 5 2 16 11013001 5 2 16 11014001 6 2 15 11015001 7 2 14 11016001 9 2 12 11017001 21 4 1000 12000001 21 4 1000 12004001 9 2 12 12005001 7 2 14 12006001 6 2 15 12007001 5 2 16 12008001 5 2 16 12009001 4 2 17 12010001 4 2 17 12011001 4 2 17 12012001 5 2 16 12013001 5 2 16 12014001 6 2 15 12015001 7 2 14 12016001 9 2 12 12017001 21 4 1000 13000001 21 4 1000 13004001 9 2 12 13005001 7 2 14 13006001 6 2 15 13007001 5 2 16 13008001 5 2 16 13009001 4 2 17 13010001 4 2 17 13011001 4 2 17 13012001 5 2 16 13013001 5 2 16 13014001 6 2 15 13015001 7 2 14 13016001 9 2 12 13017001 21 4 1000 14000001 21 4 1000 14004001 9 2 12 14005001 7 2 14 14006001 6 2 15 14007001 5 2 16 14008001 5 2 16 14009001 4 2 17 14010001 4 2 17 14011001 4 2 17 14012001 5 2 16 14013001 5 2 16 14014001 6 2 15 14015001 7 2 14 14016001 9 2 12 14017001 21 4 1000 15000001 21 4 1000 15004001 9 2 12 15005001 7 2 14 15006001 6 2 15 15007001 5 2 16 15008001 5 2 16 15009001 4 2 17 15010001 4 2 17 15011001 4 2 17 15012001 5 2 16 15013001 5 2 16 15014001 6 2 15 15015001 7 2 14 15016001 9 2 12 15017001 21 4 1000 16000001 21 4 1000 16004001 9 2 12 16005001 7 2 14 16006001 6 2 15 16007001 5 2 16 16008001 5 2 16 16009001 4 2 17 16010001 4 2 17 16011001 4 2 17 16012001 5 2 16 16013001 5 2 16 16014001 6 2 15 16015001 7 2 14 16016001 9 2 12 16017001 21 4 1000 17000001 21 4 1000 17004001 9 2 12 17005001 7 2 14 17006001 6 2 15 17007001 5 2 16 17008001 5 2 16 17009001 4 2 17 17010001 4 2 17 17011001 4 2 17 17012001 5 2 16 17013001 5 2 16 17014001 6 2 15 17015001 7 2 14 17016001 9 2 12 17017001 21 4 1000 18000001 21 21 1000 19000001 21 21 1000 20000001 21 21 1000 21000001 21 21 1000 22000001 21 21 1000 23001009 5 23002007 9 23003005 13 23004004 15 2 1000 23006003 17 2 1000 23008002 8 2 11 23009002 7 2 12 23010002 7 2 12 23011002 7 2 12 23012002 8 2 11 23013003 17 2 1000 23015004 15 2 1000 23017005 13 23018007 9 23019009 5 2 982000 24002007 9 24003005 13 24004004 15 2 1000 24006003 17 2 1000 24008002 8 2 11 24009002 7 2 12 24010002 7 2 12 24011002 7 2 12 24012002 8 2 11 24013003 17 2 1000 24015004 15 2 1000 24017005 13 24018007 9 24019009 5 2 982000 25002007 9 25003005 13 25004004 15 2 1000 25006003 17 2 1000 25008002 8 2 11 25009002 7 2 12 25010002 7 2 12 25011002 7 2 12 25012002 8 2 11 25013003 17 2 1000 25015004 15 2 1000 25017005 13 25018007 9 25019009 5 2 982000 26002007 9 26003005 13 26004004 15 2 1000 26006003 17 2 1000 26008002 8 2 11 26009002 7 2 12 26010002 7 2 12 26011002 7 2 12 26012002 8 2 11 26013003 17 2 1000 26015004 15 2 1000 26017005 13 26018007 9 26019009 5 2 982000 27002007 9 27003005 13 27004004 15 2 1000 27006003 17 2 1000 27008002 8 2 11 27009002 7 2 12 27010002 7 2 12 27011002 7 2 12 27012002 8 2 11 27013003 17 2 1000 27015004 15 2 1000 27017005 13 27018007 9 27019009 5 2 982000 28002007 9 28003005 13 28004004 15 2 1000 28006003 17 2 1000 28008002 8 2 11 28009002 7 2 12 28010002 7 2 12 28011002 7 2 12 28012002 8 2 11 28013003 17 2 1000 28015004 15 2 1000 28017005 13 28018007 9 28019009 5 2 982000 29002007 9 29003005 13 29004004 15 2 1000 29006003 17 2 1000 29008002 8 2 11 29009002 7 2 12 29010002 7 2 12 29011002 7 2 12 29012002 8 2 11 29013003 17 2 1000 29015004 15 2 1000 29017005 13 29018007 9 29019009 5 2 982000 30002007 9 30003005 13 30004004 15 2 1000 30006003 17 2 1000 30008002 8 2 11 30009002 7 2 12 30010002 7 2 12 30011002 7 2 12 30012002 8 2 11 30013003 17 2 1000 30015004 15 2 1000 30017005 13 30018007 9 30019009 5 2 982000 31002007 9 31003005 13 31004004 15 2 1000 31006003 17 2 1000 31008002 8 2 11 31009002 7 2 12 31010002 7 2 12 31011002 7 2 12 31012002 8 2 11 31013003 17 2 1000 31015004 15 2 1000 31017005 13 31018007 9 31019009 5 99000000 1 99000100 4 99000200 8 
0
1
PART-1-1
14
-2147483647
0
48 1 16 5 0 1 0 -1 -1 8224 1 -1879048189 1 8224 
0
0
1
PART-1-1
5
EALL
0
1
14
-2147483647
48 1 16 5 0 1 0 -1 -1 8224 1 -1879048189 1 8224 
0
0
EBRIDGE
0
1
14
-2147483647
48 1 16 5 0 1 0 -1 -1 2944 1 -1879048189 1 2944 
0
0
EPROBES
0
1
4
1282 2902 5255 8195 
0
0
ESTAGEA
0
1
14
-2147483647
48 1 16 5 0 1 0 -1 -1 1664 1 -1879048189 6561 1664 
0
0
ESTAGEB
0
1
14
-2147483647
48 1 16 5 0 1 0 -1 -1 3616 1 -1879048189 2945 3616 
0
0
0
0
1
PART-1-1
15
NFIXED
0
1
46
-2147483647
176 1 16 37 0 1 0 -1 -1 420 7 -1342177271 -1342177267 -1342177263 -1342177259 -1342177255 -1342177251 -1342177247 1000001 21 8 1000 1008001 9 2 12 1009001 8 2 13 1010001 8 2 13 1011001 8 2 13 1012001 9 2 12 1013001 21 8 1000 
0
0
NRP
0
1
1
99000000 
0
0
NS_ARM_SPIDER
0
1
20
31004009 31004010 31005008 31005009 31005010 31007016 31008016 31008017 31009016 31009017 31011005 31011006 31012005 31012006 31013006 31015012 31015013 31015014 31016012 31016013 
0
0
NS_M5_1
0
1
10
22012018 22013017 22013018 22013019 22014018 23012018 23013017 23013018 23013019 23014018 
0
0
NS_M5_2
0
1
10
22016014 22017013 22017014 22017015 22018014 23016014 23017013 23017014 23017015 23018014 
0
0
NS_M5_3
0
1
10
22016008 22017007 22017008 22017009 22018008 23016008 23017007 23017008 23017009 23018008 
0
0
NS_M5_4
0
1
10
22012004 22013003 22013004 22013005 22014004 23012004 23013003 23013004 23013005 23014004 
0
0
NS_M5_5
0
1
10
22006004 22007003 22007004 22007005 22008004 23006004 23007003 23007004 23007005 23008004 
0
0
NS_M5_6
0
1
10
22002008 22003007 22003008 22003009 22004008 23002008 23003007 23003008 23003009 23004008 
0
0
NS_M5_7
0
1
10
22002014 22003013 22003014 22003015 22004014 23002014 23003013 23003014 23003015 23004014 
0
0
NS_M5_8
0
1
10
22006018 22007017 22007018 22007019 22008018 23006018 23007017 23007018 23007019 23008018 
0
0
NS_M6_1
0
1
16
9018019 9018020 9018021 9019019 9019020 9019021 9020019 9020020 10018019 10018020 10018021 10019019 10019020 10019021 10020019 10020020 
0
0
NS_M6_2
0
1
16
9000019 9000020 9001019 9001020 9001021 9002019 9002020 9002021 10000019 10000020 10001019 10001020 10001021 10002019 10002020 10002021 
0
0
NS_M6_3
0
1
16
9018001 9018002 9018003 9019001 9019002 9019003 9020002 9020003 10018001 10018002 10018003 10019001 10019002 10019003 10020002 10020003 
0
0
NS_M6_4
0
1
16
9000002 9000003 9001001 9001002 9001003 9002001 9002002 9002003 10000002 10000003 10001001 10001002 10001003 10002001 10002002 10002003 
0
0
0
0
13
S_NS_ARM_SPIDER
0
0
0
1
PART-1-1
1
0
20
31004009
1
31004010
1
31005008
1
31005009
1
31005010
1
31007016
1
31008016
1
31008017
1
31009016
1
31009017
1
31011005
1
31011006
1
31012005
1
31012006
1
31013006
1
31015012
1
31015013
1
31015014
1
31016012
1
31016013
1
S_NS_M5_1
0
0
0
1
PART-1-1
1
0
10
22012018
1
22013017
1
22013018
1
22013019
1
22014018
1
23012018
1
23013017
1
23013018
1
23013019
1
23014018
1
S_NS_M5_2
0
0
0
1
PART-1-1
1
0
10
22016014
1
22017013
1
22017014
1
22017015
1
22018014
1
23016014
1
23017013
1
23017014
1
23017015
1
23018014
1
S_NS_M5_3
0
0
0
1
PART-1-1
1
0
10
22016008
1
22017007
1
22017008
1
22017009
1
22018008
1
23016008
1
23017007
1
23017008
1
23017009
1
23018008
1
S_NS_M5_4
0
0
0
1
PART-1-1
1
0
10
22012004
1
22013003
1
22013004
1
22013005
1
22014004
1
23012004
1
23013003
1
23013004
1
23013005
1
23014004
1
S_NS_M5_5
0
0
0
1
PART-1-1
1
0
10
22006004
1
22007003
1
22007004
1
22007005
1
22008004
1
23006004
1
23007003
1
23007004
1
23007005
1
23008004
1
S_NS_M5_6
0
0
0
1
PART-1-1
1
0
10
22002008
1
22003007
1
22003008
1
22003009
1
22004008
1
23002008
1
23003007
1
23003008
1
23003009
1
23004008
1
S_NS_M5_7
0
0
0
1
PART-1-1
1
0
10
22002014
1
22003013
1
22003014
1
22003015
1
22004014
1
23002014
1
23003013
1
23003014
1
23003015
1
23004014
1
S_NS_M5_8
0
0
0
1
PART-1-1
1
0
10
22006018
1
22007017
1
22007018
1
22007019
1
22008018
1
23006018
1
23007017
1
23007018
1
23007019
1
23008018
1
S_NS_M6_1
0
0
0
1
PART-1-1
1
0
16
9018019
1
9018020
1
9018021
1
9019019
1
9019020
1
9019021
1
9020019
1
9020020
1
10018019
1
10018020
1
10018021
1
10019019
1
10019020
1
10019021
1
10020019
1
10020020
1
S_NS_M6_2
0
0
0
1
PART-1-1
1
0
16
9000019
1
9000020
1
9001019
1
9001020
1
9001021
1
9002019
1
9002020
1
9002021
1
10000019
1
10000020
1
10001019
1
10001020
1
10001021
1
10002019
1
10002020
1
10002021
1
S_NS_M6_3
0
0
0
1
PART-1-1
1
0
16
9018001
1
9018002
1
9018003
1
9019001
1
9019002
1
9019003
1
9020002
1
9020003
1
10018001
1
10018002
1
10018003
1
10019001
1
10019002
1
10019003
1
10020002
1
10020003
1
S_NS_M6_4
0
0
0
1
PART-1-1
1
0
16
9000002
1
9000003
1
9001001
1
9001002
1
9001003
1
9002001
1
9002002
1
9002003
1
10000002
1
10000003
1
10001001
1
10001002
1
10001003
1
10002001
1
10002002
1
10002003
1
