0
1
0
Assembly-1
1
PART-1-1
PART-1
1
PART-1-1
360
-2147483647
0
1432 1 16 351 0 1 0 -1 -1 2375 79 -1342177199 -1342177195 -1342177191 -1342177187 -1342177183 -1342177179 -1342177175 -1342177171 -1342177167 -1342177163 -1342177159 -1342177155 -1342177151 -1342177147 -1342177143 -1342177139 -1342177135 -1342177131 -1342177127 -1342177123 -1342177119 -1342177115 -1342177111 -1342177107 -1342177103 -1342177099 -1342177095 -1342177091 -1342177087 -1342177083 -1342177079 -1342177075 -1342177071 -1342177067 -1342177063 -1342177059 -1342177055 -1342177051 -1342177047 -1879047955 -1879047953 -1879047951 -1342177037 -1879047945 -1342177031 -1342177027 -1342177023 -1879047931 -1342177017 -1879047925 -1879047923 -1342177009 -1879047917 -1879047915 -1342177001 -1879047909 -1342176995 -1342176991 -1342176987 -1879047895 -1342176981 -1879047889 -1879047887 -1342176973 -1879047881 -1879047879 -1342176965 -1879047873 -1342176959 -1342176955 -1342176951 -1879047859 -1342176945 -1879047853 -1879047851 -1879047849 -1879047847 -1879047845 -1879047843 1000001 17 7 1000 1007001 7 2 10 1008001 7 2 10 1009001 7 2 10 1010001 17 7 1000 2000001 17 7 1000 2007001 7 2 10 2008001 7 2 10 2009001 7 2 10 2010001 17 7 1000 3000001 17 7 1000 3007001 7 2 10 3008001 7 2 10 3009001 7 2 10 3010001 17 7 1000 4000001 17 4 1000 4004001 6 2 11 4005001 5 2 12 4006001 4 2 13 4007001 4 2 13 4008001 4 2 13 4009001 4 2 13 4010001 4 2 13 4011001 5 2 12 4012001 6 2 11 4013001 17 4 1000 5000001 17 4 1000 5004001 6 2 11 5005001 5 2 12 5006001 4 2 13 5007001 4 2 13 5008001 4 2 13 5009001 4 2 13 5010001 4 2 13 5011001 5 2 12 5012001 6 2 11 5013001 17 4 1000 6000001 17 17 1000 7000001 17 17 1000 8001007 5 8002005 9 8003004 11 8004003 13 2 1000 8006002 15 8007002 6 2 9 8008002 6 2 9 8009002 6 2 9 8010002 15 8011003 13 2 1000 8013004 11 8014005 9 8015007 5 2 986000 9002005 9 9003004 11 9004003 13 2 1000 9006002 15 9007002 6 2 9 9008002 6 2 9 9009002 6 2 9 9010002 15 9011003 13 2 1000 9013004 11 9014005 9 9015007 5 2 986000 10002005 9 10003004 11 10004003 13 2 1000 10006002 15 10007002 6 2 9 10008002 6 2 9 10009002 6 2 9 10010002 15 10011003 13 2 1000 10013004 11 10014005 9 10015007 5 99000000 1 99000100 4 99000200 8 
0
1
PART-1-1
14
-2147483647
0
48 1 16 5 0 1 0 -1 -1 1336 1 -1879048189 1 1336 
0
0
1
PART-1-1
5
EALL
0
1
14
-2147483647
48 1 16 5 0 1 0 -1 -1 1336 1 -1879048189 1 1336 
0
0
EBRIDGE
0
1
14
-2147483647
48 1 16 5 0 1 0 -1 -1 480 1 -1879048189 1 480 
0
0
EPROBES
0
1
4
115 463 1004 1321 
0
0
ESTAGEA
0
1
14
-2147483647
48 1 16 5 0 1 0 -1 -1 264 1 -1879048189 1073 264 
0
0
ESTAGEB
0
1
14
-2147483647
48 1 16 5 0 1 0 -1 -1 592 1 -1879048189 481 592 
0
0
0
0
1
PART-1-1
15
NFIXED
0
1
36
-2147483647
136 1 16 27 0 1 0 -1 -1 280 5 -1342177273 -1342177269 -1342177265 -1342177261 -1342177257 1000001 17 7 1000 1007001 7 2 10 1008001 7 2 10 1009001 7 2 10 1010001 17 7 1000 
0
0
NRP
0
1
1
99000000 
0
0
NS_ARM_SPIDER
0
1
16
10003007 10003008 10004007 10004008 10006013 10006014 10007013 10007014 10009004 10009005 10010004 10010005 10012010 10012011 10013010 10013011 
0
0
NS_M5_1
0
1
8
7010014 7010015 7011014 7011015 8010014 8010015 8011014 8011015 
0
0
NS_M5_2
0
1
8
7013011 7013012 7014011 7014012 8013011 8013012 8014011 8014012 
0
0
NS_M5_3
0
1
8
7013006 7013007 7014006 7014007 8013006 8013007 8014006 8014007 
0
0
NS_M5_4
0
1
8
7010003 7010004 7011003 7011004 8010003 8010004 8011003 8011004 
0
0
NS_M5_5
0
1
8
7005003 7005004 7006003 7006004 8005003 8005004 8006003 8006004 
0
0
NS_M5_6
0
1
8
7002006 7002007 7003006 7003007 8002006 8002007 8003006 8003007 
0
0
NS_M5_7
0
1
8
7002011 7002012 7003011 7003012 8002011 8002012 8003011 8003012 
0
0
NS_M5_8
0
1
8
7005014 7005015 7006014 7006015 8005014 8005015 8006014 8006015 
0
0
NS_M6_1
0
1
10
3014016 3015015 3015016 3015017 3016016 4014016 4015015 4015016 4015017 4016016 
0
0
NS_M6_2
0
1
10
3000016 3001015 3001016 3001017 3002016 4000016 4001015 4001016 4001017 4002016 
0
0
NS_M6_3
0
1
10
3014002 3015001 3015002 3015003 3016002 4014002 4015001 4015002 4015003 4016002 
0
0
NS_M6_4
0
1
10
3000002 3001001 3001002 3001003 3002002 4000002 4001001 4001002 4001003 4002002 
0
0
0
0
13
S_NS_ARM_SPIDER
0
0
0
1
PART-1-1
1
0
16
10003007
1
10003008
1
10004007
1
10004008
1
10006013
1
10006014
1
10007013
1
10007014
1
10009004
1
10009005
1
10010004
1
10010005
1
10012010
1
10012011
1
10013010
1
10013011
1
S_NS_M5_1
0
0
0
1
PART-1-1
1
0
8
7010014
1
7010015
1
7011014
1
7011015
1
8010014
1
8010015
1
8011014
1
8011015
1
S_NS_M5_2
0
0
0
1
PART-1-1
1
0
8
7013011
1
7013012
1
7014011
1
7014012
1
8013011
1
8013012
1
8014011
1
8014012
1
S_NS_M5_3
0
0
0
1
PART-1-1
1
0
8
7013006
1
7013007
1
7014006
1
7014007
1
8013006
1
8013007
1
8014006
1
8014007
1
S_NS_M5_4
0
0
0
1
PART-1-1
1
0
8
7010003
1
7010004
1
7011003
1
7011004
1
8010003
1
8010004
1
8011003
1
8011004
1
S_NS_M5_5
0
0
0
1
PART-1-1
1
0
8
7005003
1
7005004
1
7006003
1
7006004
1
8005003
1
8005004
1
8006003
1
8006004
1
S_NS_M5_6
0
0
0
1
PART-1-1
1
0
8
7002006
1
7002007
1
7003006
1
7003007
1
8002006
1
8002007
1
8003006
1
8003007
1
S_NS_M5_7
0
0
0
1
PART-1-1
1
0
8
7002011
1
7002012
1
7003011
1
7003012
1
8002011
1
8002012
1
8003011
1
8003012
1
S_NS_M5_8
0
0
0
1
PART-1-1
1
0
8
7005014
1
7005015
1
7006014
1
7006015
1
8005014
1
8005015
1
8006014
1
8006015
1
S_NS_M6_1
0
0
0
1
PART-1-1
1
0
10
3014016
1
3015015
1
3015016
1
3015017
1
3016016
1
4014016
1
4015015
1
4015016
1
4015017
1
4016016
1
S_NS_M6_2
0
0
0
1
PART-1-1
1
0
10
3000016
1
3001015
1
3001016
1
3001017
1
3002016
1
4000016
1
4001015
1
4001016
1
4001017
1
4002016
1
S_NS_M6_3
0
0
0
1
PART-1-1
1
0
10
3014002
1
3015001
1
3015002
1
3015003
1
3016002
1
4014002
1
4015001
1
4015002
1
4015003
1
4016002
1
S_NS_M6_4
0
0
0
1
PART-1-1
1
0
10
3000002
1
3001001
1
3001002
1
3001003
1
3002002
1
4000002
1
4001001
1
4001002
1
4001003
1
4002002
1
