0
1
0
Assembly-1
1
PART-1-1
PART-1
1
PART-1-1
292
-2147483647
0
1160 1 16 283 0 1 0 -1 -1 979 63 -1342177215 -1342177211 -1342177207 -1342177203 -1342177199 -1342177195 -1342177191 -1342177187 -1342177183 -1342177179 -1342177175 -1342177171 -1342177167 -1342177163 -1342177159 -1342177155 -1342177151 -1342177147 -1342177143 -1342177139 -1342177135 -1342177131 -1342177127 -1342177123 -1342177119 -1342177115 -1342177111 -1342177107 -1342177103 -1342177099 -1342177095 -1342177091 -1342177087 -1342177083 -1342177079 -1879047987 -1879047985 -1879047983 -1342177069 -1342177065 -1342177061 -1879047969 -1879047967 -1342177053 -1879047961 -1879047959 -1342177045 -1342177041 -1342177037 -1879047945 -1879047943 -1342177029 -1879047937 -1879047935 -1342177021 -1342177017 -1342177013 -1879047921 -1879047919 -1879047917 -1879047915 -1879047913 -1879047911 1000001 11 4 1000 1004001 5 2 6 1005001 4 2 7 1006001 5 2 6 1007001 11 4 1000 2000001 11 4 1000 2004001 5 2 6 2005001 4 2 7 2006001 5 2 6 2007001 11 4 1000 3000001 11 4 1000 3004001 5 2 6 3005001 4 2 7 3006001 5 2 6 3007001 11 4 1000 4000001 11 2 1000 4002001 5 2 6 4003001 3 2 8 4004001 3 2 8 4005001 2 2 9 4006001 3 2 8 4007001 3 2 8 4008001 5 2 6 4009001 11 2 1000 5000001 11 2 1000 5002001 5 2 6 5003001 3 2 8 5004001 3 2 8 5005001 2 2 9 5006001 3 2 8 5007001 3 2 8 5008001 5 2 6 5009001 11 2 1000 6000001 11 11 1000 7000001 11 11 1000 8001004 5 8002003 7 8003002 9 8004002 4 2 5 8005002 3 2 6 8006002 4 2 5 8007002 9 8008003 7 8009004 5 2 992000 9002003 7 9003002 9 9004002 4 2 5 9005002 3 2 6 9006002 4 2 5 9007002 9 9008003 7 9009004 5 2 992000 10002003 7 10003002 9 10004002 4 2 5 10005002 3 2 6 10006002 4 2 5 10007002 9 10008003 7 10009004 5 99000000 1 99000100 4 99000200 8 
0
1
PART-1-1
14
-2147483647
0
48 1 16 5 0 1 0 -1 -1 468 1 -1879048189 1 468 
0
0
1
PART-1-1
5
EALL
0
1
14
-2147483647
48 1 16 5 0 1 0 -1 -1 468 1 -1879048189 1 468 
0
0
EBRIDGE
0
1
176
1 2 3 4 5 6 7 8 9 10 11 12 13 14 15 16 17 18 19 20 21 22 23 24 25 26 27 28 29 30 31 32 33 34 35 36 37 38 39 40 41 42 43 44 45 46 47 48 49 50 51 52 53 54 55 56 57 58 59 60 61 62 63 64 65 66 67 68 69 70 71 72 73 74 75 76 77 78 79 80 81 82 83 84 85 86 87 88 89 90 91 92 93 94 95 96 97 98 99 100 101 102 103 104 105 106 107 108 109 110 111 112 113 114 115 116 117 118 119 120 121 122 123 124 125 126 127 128 129 130 131 132 133 134 135 136 137 138 139 140 141 142 143 144 145 146 147 148 149 150 151 152 153 154 155 156 157 158 159 160 161 162 163 164 165 166 167 168 169 170 171 172 173 174 175 176 
0
0
EPROBES
0
1
4
42 165 366 462 
0
0
ESTAGEA
0
1
80
389 390 391 392 393 394 395 396 397 398 399 400 401 402 403 404 405 406 407 408 409 410 411 412 413 414 415 416 417 418 419 420 421 422 423 424 425 426 427 428 429 430 431 432 433 434 435 436 437 438 439 440 441 442 443 444 445 446 447 448 449 450 451 452 453 454 455 456 457 458 459 460 461 462 463 464 465 466 467 468 
0
0
ESTAGEB
0
1
212
177 178 179 180 181 182 183 184 185 186 187 188 189 190 191 192 193 194 195 196 197 198 199 200 201 202 203 204 205 206 207 208 209 210 211 212 213 214 215 216 217 218 219 220 221 222 223 224 225 226 227 228 229 230 231 232 233 234 235 236 237 238 239 240 241 242 243 244 245 246 247 248 249 250 251 252 253 254 255 256 257 258 259 260 261 262 263 264 265 266 267 268 269 270 271 272 273 274 275 276 277 278 279 280 281 282 283 284 285 286 287 288 289 290 291 292 293 294 295 296 297 298 299 300 301 302 303 304 305 306 307 308 309 310 311 312 313 314 315 316 317 318 319 320 321 322 323 324 325 326 327 328 329 330 331 332 333 334 335 336 337 338 339 340 341 342 343 344 345 346 347 348 349 350 351 352 353 354 355 356 357 358 359 360 361 362 363 364 365 366 367 368 369 370 371 372 373 374 375 376 377 378 379 380 381 382 383 384 385 386 387 388 
0
0
0
0
1
PART-1-1
15
NFIXED
0
1
116
1000001 1000002 1000003 1000004 1000005 1000006 1000007 1000008 1000009 1000010 1000011 1001001 1001002 1001003 1001004 1001005 1001006 1001007 1001008 1001009 1001010 1001011 1002001 1002002 1002003 1002004 1002005 1002006 1002007 1002008 1002009 1002010 1002011 1003001 1003002 1003003 1003004 1003005 1003006 1003007 1003008 1003009 1003010 1003011 1004001 1004002 1004003 1004004 1004005 1004007 1004008 1004009 1004010 1004011 1005001 1005002 1005003 1005004 1005008 1005009 1005010 1005011 1006001 1006002 1006003 1006004 1006005 1006007 1006008 1006009 1006010 1006011 1007001 1007002 1007003 1007004 1007005 1007006 1007007 1007008 1007009 1007010 1007011 1008001 1008002 1008003 1008004 1008005 1008006 1008007 1008008 1008009 1008010 1008011 1009001 1009002 1009003 1009004 1009005 1009006 1009007 1009008 1009009 1009010 1009011 1010001 1010002 1010003 1010004 1010005 1010006 1010007 1010008 1010009 1010010 1010011 
0
0
NRP
0
1
1
99000000 
0
0
NS_ARM_SPIDER
0
1
4
10002005 10004009 10006003 10008007 
0
0
NS_M5_1
0
1
4
7006010 7007010 8006010 8007010 
0
0
NS_M5_2
0
1
4
7009007 7009008 8009007 8009008 
0
0
NS_M5_3
0
1
4
7009004 7009005 8009004 8009005 
0
0
NS_M5_4
0
1
4
7006002 7007002 8006002 8007002 
0
0
NS_M5_5
0
1
4
7003002 7004002 8003002 8004002 
0
0
NS_M5_6
0
1
4
7001004 7001005 8001004 8001005 
0
0
NS_M5_7
0
1
4
7001007 7001008 8001007 8001008 
0
0
NS_M5_8
0
1
4
7003010 7004010 8003010 8004010 
0
0
NS_M6_1
0
1
6
3009010 3009011 3010010 4009010 4009011 4010010 
0
0
NS_M6_2
0
1
6
3000010 3001010 3001011 4000010 4001010 4001011 
0
0
NS_M6_3
0
1
6
3009001 3009002 3010002 4009001 4009002 4010002 
0
0
NS_M6_4
0
1
6
3000002 3001001 3001002 4000002 4001001 4001002 
0
0
0
0
13
S_NS_ARM_SPIDER
0
0
0
1
PART-1-1
1
0
4
10002005
1
10004009
1
10006003
1
10008007
1
S_NS_M5_1
0
0
0
1
PART-1-1
1
0
4
7006010
1
7007010
1
8006010
1
8007010
1
S_NS_M5_2
0
0
0
1
PART-1-1
1
0
4
7009007
1
7009008
1
8009007
1
8009008
1
S_NS_M5_3
0
0
0
1
PART-1-1
1
0
4
7009004
1
7009005
1
8009004
1
8009005
1
S_NS_M5_4
0
0
0
1
PART-1-1
1
0
4
7006002
1
7007002
1
8006002
1
8007002
1
S_NS_M5_5
0
0
0
1
PART-1-1
1
0
4
7003002
1
7004002
1
8003002
1
8004002
1
S_NS_M5_6
0
0
0
1
PART-1-1
1
0
4
7001004
1
7001005
1
8001004
1
8001005
1
S_NS_M5_7
0
0
0
1
PART-1-1
1
0
4
7001007
1
7001008
1
8001007
1
8001008
1
S_NS_M5_8
0
0
0
1
PART-1-1
1
0
4
7003010
1
7004010
1
8003010
1
8004010
1
S_NS_M6_1
0
0
0
1
PART-1-1
1
0
6
3009010
1
3009011
1
3010010
1
4009010
1
4009011
1
4010010
1
S_NS_M6_2
0
0
0
1
PART-1-1
1
0
6
3000010
1
3001010
1
3001011
1
4000010
1
4001010
1
4001011
1
S_NS_M6_3
0
0
0
1
PART-1-1
1
0
6
3009001
1
3009002
1
3010002
1
4009001
1
4009002
1
4010002
1
S_NS_M6_4
0
0
0
1
PART-1-1
1
0
6
3000002
1
3001001
1
3001002
1
4000002
1
4001001
1
4001002
1
