0
1
0
Assembly-1
1
PART-1-1
PART-1
1
PART-1-1
821
-2147483647
0
3276 1 16 812 0 1 0 -1 -1 5996 172 -1342177106 -1342177102 -1342177098 -1342177094 -1342177090 -1342177086 -1342177082 -1342177078 -1342177074 -1342177070 -1342177066 -1342177062 -1342177058 -1342177054 -1342177050 -1342177046 -1342177042 -1342177038 -1342177034 -1342177030 -1342177026 -1342177022 -1342177018 -1342177014 -1342177010 -1342177006 -1342177002 -1342176998 -1342176994 -1342176990 -1342176986 -1342176982 -1342176978 -1342176974 -1342176970 -1342176966 -1342176962 -1342176958 -1342176954 -1342176950 -1342176946 -1342176942 -1342176938 -1342176934 -1342176930 -1342176926 -1342176922 -1342176918 -1342176914 -1342176910 -1342176906 -1342176902 -1342176898 -1342176894 -1342176890 -1342176886 -1342176882 -1342176878 -1342176874 -1342176870 -1342176866 -1342176862 -1342176858 -1342176854 -1342176850 -1342176846 -1342176842 -1342176838 -1342176834 -1342176830 -1342176826 -1342176822 -1342176818 -1342176814 -1342176810 -1342176806 -1342176802 -1342176798 -1342176794 -1342176790 -1342176786 -1342176782 -1342176778 -1342176774 -1342176770 -1342176766 -1342176762 -1342176758 -1342176754 -1342176750 -1342176746 -1342176742 -1342176738 -1342176734 -1342176730 -1342176726 -1342176722 -1342176718 -1879047626 -1879047624 -1879047622 -1342176708 -1342176704 -1342176700 -1342176696 -1342176692 -1342176688 -1342176684 -1342176680 -1342176676 -1879047584 -1879047582 -1342176668 -1879047576 -1879047574 -1342176660 -1342176656 -1342176652 -1342176648 -1342176644 -1342176640 -1342176636 -1342176632 -1342176628 -1879047536 -1879047534 -1342176620 -1879047528 -1879047526 -1342176612 -1342176608 -1342176604 -1342176600 -1342176596 -1342176592 -1342176588 -1342176584 -1342176580 -1879047488 -1879047486 -1342176572 -1879047480 -1879047478 -1342176564 -1342176560 -1342176556 -1342176552 -1342176548 -1342176544 -1342176540 -1342176536 -1342176532 -1879047440 -1879047438 -1342176524 -1879047432 -1879047430 -1342176516 -1342176512 -1342176508 -1342176504 -1342176500 -1342176496 -1342176492 -1342176488 -1342176484 -1879047392 -1879047390 -1879047388 -1879047386 -1879047384 -1879047382 1000001 21 8 1000 1008001 9 2 12 1009001 8 2 13 1010001 8 2 13 1011001 8 2 13 1012001 9 2 12 1013001 21 8 1000 2000001 21 8 1000 2008001 9 2 12 2009001 8 2 13 2010001 8 2 13 2011001 8 2 13 2012001 9 2 12 2013001 21 8 1000 3000001 21 8 1000 3008001 9 2 12 3009001 8 2 13 3010001 8 2 13 3011001 8 2 13 3012001 9 2 12 3013001 21 8 1000 4000001 21 8 1000 4008001 9 2 12 4009001 8 2 13 4010001 8 2 13 4011001 8 2 13 4012001 9 2 12 4013001 21 8 1000 5000001 21 8 1000 5008001 9 2 12 5009001 8 2 13 5010001 8 2 13 5011001 8 2 13 5012001 9 2 12 5013001 21 8 1000 6000001 21 4 1000 6004001 9 2 12 6005001 7 2 14 6006001 6 2 15 6007001 5 2 16 6008001 5 2 16 6009001 4 2 17 6010001 4 2 17 6011001 4 2 17 6012001 5 2 16 6013001 5 2 16 6014001 6 2 15 6015001 7 2 14 6016001 9 2 12 6017001 21 4 1000 7000001 21 4 1000 7004001 9 2 12 7005001 7 2 14 7006001 6 2 15 7007001 5 2 16 7008001 5 2 16 7009001 4 2 17 7010001 4 2 17 7011001 4 2 17 7012001 5 2 16 7013001 5 2 16 7014001 6 2 15 7015001 7 2 14 7016001 9 2 12 7017001 21 4 1000 8000001 21 4 1000 8004001 9 2 12 8005001 7 2 14 8006001 6 2 15 8007001 5 2 16 8008001 5 2 16 8009001 4 2 17 8010001 4 2 17 8011001 4 2 17 8012001 5 2 16 8013001 5 2 16 8014001 6 2 15 8015001 7 2 14 8016001 9 2 12 8017001 21 4 1000 9000001 21 4 1000 9004001 9 2 12 9005001 7 2 14 9006001 6 2 15 9007001 5 2 16 9008001 5 2 16 9009001 4 2 17 9010001 4 2 17 9011001 4 2 17 9012001 5 2 16 9013001 5 2 16 9014001 6 2 15 9015001 7 2 14 9016001 9 2 12 9017001 21 4 1000 10000001 21 21 1000 11000001 21 21 1000 12000001 21 21 1000 13001009 5 13002007 9 13003005 13 13004004 15 2 1000 13006003 17 2 1000 13008002 8 2 11 13009002 7 2 12 13010002 7 2 12 13011002 7 2 12 13012002 8 2 11 13013003 17 2 1000 13015004 15 2 1000 13017005 13 13018007 9 13019009 5 2 982000 14002007 9 14003005 13 14004004 15 2 1000 14006003 17 2 1000 14008002 8 2 11 14009002 7 2 12 14010002 7 2 12 14011002 7 2 12 14012002 8 2 11 14013003 17 2 1000 14015004 15 2 1000 14017005 13 14018007 9 14019009 5 2 982000 15002007 9 15003005 13 15004004 15 2 1000 15006003 17 2 1000 15008002 8 2 11 15009002 7 2 12 15010002 7 2 12 15011002 7 2 12 15012002 8 2 11 15013003 17 2 1000 15015004 15 2 1000 15017005 13 15018007 9 15019009 5 2 982000 16002007 9 16003005 13 16004004 15 2 1000 16006003 17 2 1000 16008002 8 2 11 16009002 7 2 12 16010002 7 2 12 16011002 7 2 12 16012002 8 2 11 16013003 17 2 1000 16015004 15 2 1000 16017005 13 16018007 9 16019009 5 2 982000 17002007 9 17003005 13 17004004 15 2 1000 17006003 17 2 1000 17008002 8 2 11 17009002 7 2 12 17010002 7 2 12 17011002 7 2 12 17012002 8 2 11 17013003 17 2 1000 17015004 15 2 1000 17017005 13 17018007 9 17019009 5 99000000 1 99000100 4 99000200 8 
0
1
PART-1-1
14
-2147483647
0
48 1 16 5 0 1 0 -1 -1 4112 1 -1879048189 1 4112 
0
0
1
PART-1-1
5
EALL
0
1
14
-2147483647
48 1 16 5 0 1 0 -1 -1 4112 1 -1879048189 1 4112 
0
0
EBRIDGE
0
1
14
-2147483647
48 1 16 5 0 1 0 -1 -1 1472 1 -1879048189 1 1472 
0
0
EPROBES
0
1
4
546 1430 2775 4083 
0
0
ESTAGEA
0
1
14
-2147483647
48 1 16 5 0 1 0 -1 -1 832 1 -1879048189 3281 832 
0
0
ESTAGEB
0
1
14
-2147483647
48 1 16 5 0 1 0 -1 -1 1808 1 -1879048189 1473 1808 
0
0
0
0
1
PART-1-1
15
NFIXED
0
1
46
-2147483647
176 1 16 37 0 1 0 -1 -1 420 7 -1342177271 -1342177267 -1342177263 -1342177259 -1342177255 -1342177251 -1342177247 1000001 21 8 1000 1008001 9 2 12 1009001 8 2 13 1010001 8 2 13 1011001 8 2 13 1012001 9 2 12 1013001 21 8 1000 
0
0
NRP
0
1
1
99000000 
0
0
NS_ARM_SPIDER
0
1
20
17004009 17004010 17005008 17005009 17005010 17007016 17008016 17008017 17009016 17009017 17011005 17011006 17012005 17012006 17013006 17015012 17015013 17015014 17016012 17016013 
0
0
NS_M5_1
0
1
10
12012018 12013017 12013018 12013019 12014018 13012018 13013017 13013018 13013019 13014018 
0
0
NS_M5_2
0
1
10
12016014 12017013 12017014 12017015 12018014 13016014 13017013 13017014 13017015 13018014 
0
0
NS_M5_3
0
1
10
12016008 12017007 12017008 12017009 12018008 13016008 13017007 13017008 13017009 13018008 
0
0
NS_M5_4
0
1
10
12012004 12013003 12013004 12013005 12014004 13012004 13013003 13013004 13013005 13014004 
0
0
NS_M5_5
0
1
10
12006004 12007003 12007004 12007005 12008004 13006004 13007003 13007004 13007005 13008004 
0
0
NS_M5_6
0
1
10
12002008 12003007 12003008 12003009 12004008 13002008 13003007 13003008 13003009 13004008 
0
0
NS_M5_7
0
1
10
12002014 12003013 12003014 12003015 12004014 13002014 13003013 13003014 13003015 13004014 
0
0
NS_M5_8
0
1
10
12006018 12007017 12007018 12007019 12008018 13006018 13007017 13007018 13007019 13008018 
0
0
NS_M6_1
0
1
16
5018019 5018020 5018021 5019019 5019020 5019021 5020019 5020020 6018019 6018020 6018021 6019019 6019020 6019021 6020019 6020020 
0
0
NS_M6_2
0
1
16
5000019 5000020 5001019 5001020 5001021 5002019 5002020 5002021 6000019 6000020 6001019 6001020 6001021 6002019 6002020 6002021 
0
0
NS_M6_3
0
1
16
5018001 5018002 5018003 5019001 5019002 5019003 5020002 5020003 6018001 6018002 6018003 6019001 6019002 6019003 6020002 6020003 
0
0
NS_M6_4
0
1
16
5000002 5000003 5001001 5001002 5001003 5002001 5002002 5002003 6000002 6000003 6001001 6001002 6001003 6002001 6002002 6002003 
0
0
0
0
13
S_NS_ARM_SPIDER
0
0
0
1
PART-1-1
1
0
20
17004009
1
17004010
1
17005008
1
17005009
1
17005010
1
17007016
1
17008016
1
17008017
1
17009016
1
17009017
1
17011005
1
17011006
1
17012005
1
17012006
1
17013006
1
17015012
1
17015013
1
17015014
1
17016012
1
17016013
1
S_NS_M5_1
0
0
0
1
PART-1-1
1
0
10
12012018
1
12013017
1
12013018
1
12013019
1
12014018
1
13012018
1
13013017
1
13013018
1
13013019
1
13014018
1
S_NS_M5_2
0
0
0
1
PART-1-1
1
0
10
12016014
1
12017013
1
12017014
1
12017015
1
12018014
1
13016014
1
13017013
1
13017014
1
13017015
1
13018014
1
S_NS_M5_3
0
0
0
1
PART-1-1
1
0
10
12016008
1
12017007
1
12017008
1
12017009
1
12018008
1
13016008
1
13017007
1
13017008
1
13017009
1
13018008
1
S_NS_M5_4
0
0
0
1
PART-1-1
1
0
10
12012004
1
12013003
1
12013004
1
12013005
1
12014004
1
13012004
1
13013003
1
13013004
1
13013005
1
13014004
1
S_NS_M5_5
0
0
0
1
PART-1-1
1
0
10
12006004
1
12007003
1
12007004
1
12007005
1
12008004
1
13006004
1
13007003
1
13007004
1
13007005
1
13008004
1
S_NS_M5_6
0
0
0
1
PART-1-1
1
0
10
12002008
1
12003007
1
12003008
1
12003009
1
12004008
1
13002008
1
13003007
1
13003008
1
13003009
1
13004008
1
S_NS_M5_7
0
0
0
1
PART-1-1
1
0
10
12002014
1
12003013
1
12003014
1
12003015
1
12004014
1
13002014
1
13003013
1
13003014
1
13003015
1
13004014
1
S_NS_M5_8
0
0
0
1
PART-1-1
1
0
10
12006018
1
12007017
1
12007018
1
12007019
1
12008018
1
13006018
1
13007017
1
13007018
1
13007019
1
13008018
1
S_NS_M6_1
0
0
0
1
PART-1-1
1
0
16
5018019
1
5018020
1
5018021
1
5019019
1
5019020
1
5019021
1
5020019
1
5020020
1
6018019
1
6018020
1
6018021
1
6019019
1
6019020
1
6019021
1
6020019
1
6020020
1
S_NS_M6_2
0
0
0
1
PART-1-1
1
0
16
5000019
1
5000020
1
5001019
1
5001020
1
5001021
1
5002019
1
5002020
1
5002021
1
6000019
1
6000020
1
6001019
1
6001020
1
6001021
1
6002019
1
6002020
1
6002021
1
S_NS_M6_3
0
0
0
1
PART-1-1
1
0
16
5018001
1
5018002
1
5018003
1
5019001
1
5019002
1
5019003
1
5020002
1
5020003
1
6018001
1
6018002
1
6018003
1
6019001
1
6019002
1
6019003
1
6020002
1
6020003
1
S_NS_M6_4
0
0
0
1
PART-1-1
1
0
16
5000002
1
5000003
1
5001001
1
5001002
1
5001003
1
5002001
1
5002002
1
5002003
1
6000002
1
6000003
1
6001001
1
6001002
1
6001003
1
6002001
1
6002002
1
6002003
1
