0
1
0
Assembly-1
1
PART-1-1
PART-1
1
PART-1-1
472
-2147483647
0
1880 1 16 463 0 1 0 -1 -1 3563 99 -1342177179 -1342177175 -1342177171 -1342177167 -1342177163 -1342177159 -1342177155 -1342177151 -1342177147 -1342177143 -1342177139 -1342177135 -1342177131 -1342177127 -1342177123 -1342177119 -1342177115 -1342177111 -1342177107 -1342177103 -1342177099 -1342177095 -1342177091 -1342177087 -1342177083 -1342177079 -1342177075 -1342177071 -1342177067 -1342177063 -1342177059 -1342177055 -1342177051 -1342177047 -1342177043 -1342177039 -1342177035 -1342177031 -1342177027 -1342177023 -1342177019 -1342177015 -1342177011 -1342177007 -1342177003 -1342176999 -1342176995 -1342176991 -1342176987 -1342176983 -1342176979 -1342176975 -1342176971 -1879047879 -1879047877 -1879047875 -1342176961 -1342176957 -1342176953 -1342176949 -1342176945 -1342176941 -1342176937 -1342176933 -1342176929 -1879047837 -1879047835 -1342176921 -1879047829 -1879047827 -1342176913 -1342176909 -1342176905 -1342176901 -1342176897 -1342176893 -1342176889 -1342176885 -1342176881 -1879047789 -1879047787 -1342176873 -1879047781 -1879047779 -1342176865 -1342176861 -1342176857 -1342176853 -1342176849 -1342176845 -1342176841 -1342176837 -1342176833 -1879047741 -1879047739 -1879047737 -1879047735 -1879047733 -1879047731 1000001 21 8 1000 1008001 9 2 12 1009001 8 2 13 1010001 8 2 13 1011001 8 2 13 1012001 9 2 12 1013001 21 8 1000 2000001 21 8 1000 2008001 9 2 12 2009001 8 2 13 2010001 8 2 13 2011001 8 2 13 2012001 9 2 12 2013001 21 8 1000 3000001 21 8 1000 3008001 9 2 12 3009001 8 2 13 3010001 8 2 13 3011001 8 2 13 3012001 9 2 12 3013001 21 8 1000 4000001 21 4 1000 4004001 9 2 12 4005001 7 2 14 4006001 6 2 15 4007001 5 2 16 4008001 5 2 16 4009001 4 2 17 4010001 4 2 17 4011001 4 2 17 4012001 5 2 16 4013001 5 2 16 4014001 6 2 15 4015001 7 2 14 4016001 9 2 12 4017001 21 4 1000 5000001 21 4 1000 5004001 9 2 12 5005001 7 2 14 5006001 6 2 15 5007001 5 2 16 5008001 5 2 16 5009001 4 2 17 5010001 4 2 17 5011001 4 2 17 5012001 5 2 16 5013001 5 2 16 5014001 6 2 15 5015001 7 2 14 5016001 9 2 12 5017001 21 4 1000 6000001 21 21 1000 7000001 21 21 1000 8001009 5 8002007 9 8003005 13 8004004 15 2 1000 8006003 17 2 1000 8008002 8 2 11 8009002 7 2 12 8010002 7 2 12 8011002 7 2 12 8012002 8 2 11 8013003 17 2 1000 8015004 15 2 1000 8017005 13 8018007 9 8019009 5 2 982000 9002007 9 9003005 13 9004004 15 2 1000 9006003 17 2 1000 9008002 8 2 11 9009002 7 2 12 9010002 7 2 12 9011002 7 2 12 9012002 8 2 11 9013003 17 2 1000 9015004 15 2 1000 9017005 13 9018007 9 9019009 5 2 982000 10002007 9 10003005 13 10004004 15 2 1000 10006003 17 2 1000 10008002 8 2 11 10009002 7 2 12 10010002 7 2 12 10011002 7 2 12 10012002 8 2 11 10013003 17 2 1000 10015004 15 2 1000 10017005 13 10018007 9 10019009 5 99000000 1 99000100 4 99000200 8 
0
1
PART-1-1
14
-2147483647
0
48 1 16 5 0 1 0 -1 -1 2056 1 -1879048189 1 2056 
0
0
1
PART-1-1
5
EALL
0
1
14
-2147483647
48 1 16 5 0 1 0 -1 -1 2056 1 -1879048189 1 2056 
0
0
EBRIDGE
0
1
14
-2147483647
48 1 16 5 0 1 0 -1 -1 736 1 -1879048189 1 736 
0
0
EPROBES
0
1
4
178 694 1535 2027 
0
0
ESTAGEA
0
1
14
-2147483647
48 1 16 5 0 1 0 -1 -1 416 1 -1879048189 1641 416 
0
0
ESTAGEB
0
1
14
-2147483647
48 1 16 5 0 1 0 -1 -1 904 1 -1879048189 737 904 
0
0
0
0
1
PART-1-1
15
NFIXED
0
1
46
-2147483647
176 1 16 37 0 1 0 -1 -1 420 7 -1342177271 -1342177267 -1342177263 -1342177259 -1342177255 -1342177251 -1342177247 1000001 21 8 1000 1008001 9 2 12 1009001 8 2 13 1010001 8 2 13 1011001 8 2 13 1012001 9 2 12 1013001 21 8 1000 
0
0
NRP
0
1
1
99000000 
0
0
NS_ARM_SPIDER
0
1
20
10004009 10004010 10005008 10005009 10005010 10007016 10008016 10008017 10009016 10009017 10011005 10011006 10012005 10012006 10013006 10015012 10015013 10015014 10016012 10016013 
0
0
NS_M5_1
0
1
10
7012018 7013017 7013018 7013019 7014018 8012018 8013017 8013018 8013019 8014018 
0
0
NS_M5_2
0
1
10
7016014 7017013 7017014 7017015 7018014 8016014 8017013 8017014 8017015 8018014 
0
0
NS_M5_3
0
1
10
7016008 7017007 7017008 7017009 7018008 8016008 8017007 8017008 8017009 8018008 
0
0
NS_M5_4
0
1
10
7012004 7013003 7013004 7013005 7014004 8012004 8013003 8013004 8013005 8014004 
0
0
NS_M5_5
0
1
10
7006004 7007003 7007004 7007005 7008004 8006004 8007003 8007004 8007005 8008004 
0
0
NS_M5_6
0
1
10
7002008 7003007 7003008 7003009 7004008 8002008 8003007 8003008 8003009 8004008 
0
0
NS_M5_7
0
1
10
7002014 7003013 7003014 7003015 7004014 8002014 8003013 8003014 8003015 8004014 
0
0
NS_M5_8
0
1
10
7006018 7007017 7007018 7007019 7008018 8006018 8007017 8007018 8007019 8008018 
0
0
NS_M6_1
0
1
16
3018019 3018020 3018021 3019019 3019020 3019021 3020019 3020020 4018019 4018020 4018021 4019019 4019020 4019021 4020019 4020020 
0
0
NS_M6_2
0
1
16
3000019 3000020 3001019 3001020 3001021 3002019 3002020 3002021 4000019 4000020 4001019 4001020 4001021 4002019 4002020 4002021 
0
0
NS_M6_3
0
1
16
3018001 3018002 3018003 3019001 3019002 3019003 3020002 3020003 4018001 4018002 4018003 4019001 4019002 4019003 4020002 4020003 
0
0
NS_M6_4
0
1
16
3000002 3000003 3001001 3001002 3001003 3002001 3002002 3002003 4000002 4000003 4001001 4001002 4001003 4002001 4002002 4002003 
0
0
0
0
13
S_NS_ARM_SPIDER
0
0
0
1
PART-1-1
1
0
20
10004009
1
10004010
1
10005008
1
10005009
1
10005010
1
10007016
1
10008016
1
10008017
1
10009016
1
10009017
1
10011005
1
10011006
1
10012005
1
10012006
1
10013006
1
10015012
1
10015013
1
10015014
1
10016012
1
10016013
1
S_NS_M5_1
0
0
0
1
PART-1-1
1
0
10
7012018
1
7013017
1
7013018
1
7013019
1
7014018
1
8012018
1
8013017
1
8013018
1
8013019
1
8014018
1
S_NS_M5_2
0
0
0
1
PART-1-1
1
0
10
7016014
1
7017013
1
7017014
1
7017015
1
7018014
1
8016014
1
8017013
1
8017014
1
8017015
1
8018014
1
S_NS_M5_3
0
0
0
1
PART-1-1
1
0
10
7016008
1
7017007
1
7017008
1
7017009
1
7018008
1
8016008
1
8017007
1
8017008
1
8017009
1
8018008
1
S_NS_M5_4
0
0
0
1
PART-1-1
1
0
10
7012004
1
7013003
1
7013004
1
7013005
1
7014004
1
8012004
1
8013003
1
8013004
1
8013005
1
8014004
1
S_NS_M5_5
0
0
0
1
PART-1-1
1
0
10
7006004
1
7007003
1
7007004
1
7007005
1
7008004
1
8006004
1
8007003
1
8007004
1
8007005
1
8008004
1
S_NS_M5_6
0
0
0
1
PART-1-1
1
0
10
7002008
1
7003007
1
7003008
1
7003009
1
7004008
1
8002008
1
8003007
1
8003008
1
8003009
1
8004008
1
S_NS_M5_7
0
0
0
1
PART-1-1
1
0
10
7002014
1
7003013
1
7003014
1
7003015
1
7004014
1
8002014
1
8003013
1
8003014
1
8003015
1
8004014
1
S_NS_M5_8
0
0
0
1
PART-1-1
1
0
10
7006018
1
7007017
1
7007018
1
7007019
1
7008018
1
8006018
1
8007017
1
8007018
1
8007019
1
8008018
1
S_NS_M6_1
0
0
0
1
PART-1-1
1
0
16
3018019
1
3018020
1
3018021
1
3019019
1
3019020
1
3019021
1
3020019
1
3020020
1
4018019
1
4018020
1
4018021
1
4019019
1
4019020
1
4019021
1
4020019
1
4020020
1
S_NS_M6_2
0
0
0
1
PART-1-1
1
0
16
3000019
1
3000020
1
3001019
1
3001020
1
3001021
1
3002019
1
3002020
1
3002021
1
4000019
1
4000020
1
4001019
1
4001020
1
4001021
1
4002019
1
4002020
1
4002021
1
S_NS_M6_3
0
0
0
1
PART-1-1
1
0
16
3018001
1
3018002
1
3018003
1
3019001
1
3019002
1
3019003
1
3020002
1
3020003
1
4018001
1
4018002
1
4018003
1
4019001
1
4019002
1
4019003
1
4020002
1
4020003
1
S_NS_M6_4
0
0
0
1
PART-1-1
1
0
16
3000002
1
3000003
1
3001001
1
3001002
1
3001003
1
3002001
1
3002002
1
3002003
1
4000002
1
4000003
1
4001001
1
4001002
1
4001003
1
4002001
1
4002002
1
4002003
1
