0
1
0
Assembly-1
1
PART-1-1
PART-1
1
PART-1-1
4311
-2147483647
0
17236 1 16 4302 0 1 0 -1 -1 30326 902 -1342176376 -1342176372 -1342176368 -1342176364 -1342176360 -1342176356 -1342176352 -1342176348 -1342176344 -1342176340 -1342176336 -1342176332 -1342176328 -1342176324 -1342176320 -1342176316 -1342176312 -1342176308 -1342176304 -1342176300 -1342176296 -1342176292 -1342176288 -1342176284 -1342176280 -1342176276 -1342176272 -1342176268 -1342176264 -1342176260 -1342176256 -1342176252 -1342176248 -1342176244 -1342176240 -1342176236 -1342176232 -1342176228 -1342176224 -1342176220 -1342176216 -1342176212 -1342176208 -1342176204 -1342176200 -1342176196 -1342176192 -1342176188 -1342176184 -1342176180 -1342176176 -1342176172 -1342176168 -1342176164 -1342176160 -1342176156 -1342176152 -1342176148 -1342176144 -1342176140 -1342176136 -1342176132 -1342176128 -1342176124 -1342176120 -1342176116 -1342176112 -1342176108 -1342176104 -1342176100 -1342176096 -1342176092 -1342176088 -1342176084 -1342176080 -1342176076 -1342176072 -1342176068 -1342176064 -1342176060 -1342176056 -1342176052 -1342176048 -1342176044 -1342176040 -1342176036 -1342176032 -1342176028 -1342176024 -1342176020 -1342176016 -1342176012 -1342176008 -1342176004 -1342176000 -1342175996 -1342175992 -1342175988 -1342175984 -1342175980 -1342175976 -1342175972 -1342175968 -1342175964 -1342175960 -1342175956 -1342175952 -1342175948 -1342175944 -1342175940 -1342175936 -1342175932 -1342175928 -1342175924 -1342175920 -1342175916 -1342175912 -1342175908 -1342175904 -1342175900 -1342175896 -1342175892 -1342175888 -1342175884 -1342175880 -1342175876 -1342175872 -1342175868 -1342175864 -1342175860 -1342175856 -1342175852 -1342175848 -1342175844 -1342175840 -1342175836 -1342175832 -1342175828 -1342175824 -1342175820 -1342175816 -1342175812 -1342175808 -1342175804 -1342175800 -1342175796 -1342175792 -1342175788 -1342175784 -1342175780 -1342175776 -1342175772 -1342175768 -1342175764 -1342175760 -1342175756 -1342175752 -1342175748 -1342175744 -1342175740 -1342175736 -1342175732 -1342175728 -1342175724 -1342175720 -1342175716 -1342175712 -1342175708 -1342175704 -1342175700 -1342175696 -1342175692 -1342175688 -1342175684 -1342175680 -1342175676 -1342175672 -1342175668 -1342175664 -1342175660 -1342175656 -1342175652 -1342175648 -1342175644 -1342175640 -1342175636 -1342175632 -1342175628 -1342175624 -1342175620 -1342175616 -1342175612 -1342175608 -1342175604 -1342175600 -1342175596 -1342175592 -1342175588 -1342175584 -1342175580 -1342175576 -1342175572 -1342175568 -1342175564 -1342175560 -1342175556 -1342175552 -1342175548 -1342175544 -1342175540 -1342175536 -1342175532 -1342175528 -1342175524 -1342175520 -1342175516 -1342175512 -1342175508 -1342175504 -1342175500 -1342175496 -1342175492 -1342175488 -1342175484 -1342175480 -1342175476 -1342175472 -1342175468 -1342175464 -1342175460 -1342175456 -1342175452 -1342175448 -1342175444 -1342175440 -1342175436 -1342175432 -1342175428 -1342175424 -1342175420 -1342175416 -1342175412 -1342175408 -1342175404 -1342175400 -1342175396 -1342175392 -1342175388 -1342175384 -1342175380 -1342175376 -1342175372 -1342175368 -1342175364 -1342175360 -1342175356 -1342175352 -1342175348 -1342175344 -1342175340 -1342175336 -1342175332 -1342175328 -1342175324 -1342175320 -1342175316 -1342175312 -1342175308 -1342175304 -1342175300 -1342175296 -1342175292 -1342175288 -1342175284 -1342175280 -1342175276 -1342175272 -1342175268 -1342175264 -1342175260 -1342175256 -1342175252 -1342175248 -1342175244 -1342175240 -1342175236 -1342175232 -1342175228 -1342175224 -1342175220 -1342175216 -1342175212 -1342175208 -1342175204 -1342175200 -1342175196 -1342175192 -1342175188 -1342175184 -1342175180 -1342175176 -1342175172 -1342175168 -1342175164 -1342175160 -1342175156 -1342175152 -1342175148 -1342175144 -1342175140 -1342175136 -1342175132 -1342175128 -1342175124 -1342175120 -1342175116 -1342175112 -1342175108 -1342175104 -1342175100 -1342175096 -1342175092 -1342175088 -1342175084 -1342175080 -1342175076 -1342175072 -1342175068 -1342175064 -1342175060 -1342175056 -1342175052 -1342175048 -1342175044 -1342175040 -1342175036 -1342175032 -1342175028 -1342175024 -1342175020 -1342175016 -1342175012 -1342175008 -1342175004 -1342175000 -1342174996 -1342174992 -1342174988 -1342174984 -1342174980 -1342174976 -1342174972 -1342174968 -1342174964 -1342174960 -1342174956 -1342174952 -1342174948 -1342174944 -1342174940 -1342174936 -1342174932 -1342174928 -1342174924 -1342174920 -1342174916 -1342174912 -1342174908 -1342174904 -1342174900 -1342174896 -1342174892 -1342174888 -1342174884 -1342174880 -1342174876 -1342174872 -1342174868 -1342174864 -1342174860 -1342174856 -1342174852 -1342174848 -1342174844 -1342174840 -1342174836 -1342174832 -1342174828 -1342174824 -1342174820 -1342174816 -1342174812 -1342174808 -1342174804 -1342174800 -1342174796 -1342174792 -1342174788 -1342174784 -1342174780 -1342174776 -1342174772 -1342174768 -1342174764 -1342174760 -1342174756 -1342174752 -1342174748 -1342174744 -1342174740 -1342174736 -1342174732 -1342174728 -1342174724 -1342174720 -1342174716 -1342174712 -1342174708 -1342174704 -1342174700 -1342174696 -1342174692 -1342174688 -1342174684 -1342174680 -1342174676 -1342174672 -1342174668 -1342174664 -1342174660 -1342174656 -1342174652 -1342174648 -1342174644 -1342174640 -1342174636 -1342174632 -1342174628 -1342174624 -1342174620 -1342174616 -1342174612 -1342174608 -1342174604 -1342174600 -1342174596 -1342174592 -1342174588 -1342174584 -1342174580 -1342174576 -1342174572 -1342174568 -1342174564 -1342174560 -1342174556 -1342174552 -1342174548 -1342174544 -1342174540 -1342174536 -1342174532 -1342174528 -1342174524 -1342174520 -1342174516 -1342174512 -1342174508 -1342174504 -1342174500 -1342174496 -1342174492 -1342174488 -1342174484 -1342174480 -1342174476 -1342174472 -1342174468 -1342174464 -1342174460 -1342174456 -1342174452 -1342174448 -1342174444 -1342174440 -1342174436 -1342174432 -1342174428 -1342174424 -1342174420 -1342174416 -1342174412 -1342174408 -1342174404 -1342174400 -1342174396 -1342174392 -1342174388 -1342174384 -1342174380 -1342174376 -1342174372 -1342174368 -1342174364 -1342174360 -1342174356 -1342174352 -1342174348 -1342174344 -1342174340 -1342174336 -1342174332 -1342174328 -1342174324 -1342174320 -1342174316 -1342174312 -1342174308 -1342174304 -1342174300 -1342174296 -1342174292 -1342174288 -1342174284 -1342174280 -1342174276 -1342174272 -1342174268 -1342174264 -1342174260 -1342174256 -1342174252 -1342174248 -1342174244 -1342174240 -1342174236 -1342174232 -1342174228 -1342174224 -1342174220 -1342174216 -1342174212 -1342174208 -1342174204 -1342174200 -1342174196 -1342174192 -1342174188 -1879045096 -1879045094 -1879045092 -1342174178 -1342174174 -1342174170 -1342174166 -1342174162 -1342174158 -1342174154 -1342174150 -1342174146 -1879045054 -1879045052 -1342174138 -1879045046 -1879045044 -1342174130 -1342174126 -1342174122 -1342174118 -1342174114 -1342174110 -1342174106 -1342174102 -1342174098 -1879045006 -1879045004 -1342174090 -1879044998 -1879044996 -1342174082 -1342174078 -1342174074 -1342174070 -1342174066 -1342174062 -1342174058 -1342174054 -1342174050 -1879044958 -1879044956 -1342174042 -1879044950 -1879044948 -1342174034 -1342174030 -1342174026 -1342174022 -1342174018 -1342174014 -1342174010 -1342174006 -1342174002 -1879044910 -1879044908 -1342173994 -1879044902 -1879044900 -1342173986 -1342173982 -1342173978 -1342173974 -1342173970 -1342173966 -1342173962 -1342173958 -1342173954 -1879044862 -1879044860 -1342173946 -1879044854 -1879044852 -1342173938 -1342173934 -1342173930 -1342173926 -1342173922 -1342173918 -1342173914 -1342173910 -1342173906 -1879044814 -1879044812 -1342173898 -1879044806 -1879044804 -1342173890 -1342173886 -1342173882 -1342173878 -1342173874 -1342173870 -1342173866 -1342173862 -1342173858 -1879044766 -1879044764 -1342173850 -1879044758 -1879044756 -1342173842 -1342173838 -1342173834 -1342173830 -1342173826 -1342173822 -1342173818 -1342173814 -1342173810 -1879044718 -1879044716 -1342173802 -1879044710 -1879044708 -1342173794 -1342173790 -1342173786 -1342173782 -1342173778 -1342173774 -1342173770 -1342173766 -1342173762 -1879044670 -1879044668 -1342173754 -1879044662 -1879044660 -1342173746 -1342173742 -1342173738 -1342173734 -1342173730 -1342173726 -1342173722 -1342173718 -1342173714 -1879044622 -1879044620 -1342173706 -1879044614 -1879044612 -1342173698 -1342173694 -1342173690 -1342173686 -1342173682 -1342173678 -1342173674 -1342173670 -1342173666 -1879044574 -1879044572 -1342173658 -1879044566 -1879044564 -1342173650 -1342173646 -1342173642 -1342173638 -1342173634 -1342173630 -1342173626 -1342173622 -1342173618 -1879044526 -1879044524 -1342173610 -1879044518 -1879044516 -1342173602 -1342173598 -1342173594 -1342173590 -1342173586 -1342173582 -1342173578 -1342173574 -1342173570 -1879044478 -1879044476 -1342173562 -1879044470 -1879044468 -1342173554 -1342173550 -1342173546 -1342173542 -1342173538 -1342173534 -1342173530 -1342173526 -1342173522 -1879044430 -1879044428 -1342173514 -1879044422 -1879044420 -1342173506 -1342173502 -1342173498 -1342173494 -1342173490 -1342173486 -1342173482 -1342173478 -1342173474 -1879044382 -1879044380 -1342173466 -1879044374 -1879044372 -1342173458 -1342173454 -1342173450 -1342173446 -1342173442 -1342173438 -1342173434 -1342173430 -1342173426 -1879044334 -1879044332 -1342173418 -1879044326 -1879044324 -1342173410 -1342173406 -1342173402 -1342173398 -1342173394 -1342173390 -1342173386 -1342173382 -1342173378 -1879044286 -1879044284 -1342173370 -1879044278 -1879044276 -1342173362 -1342173358 -1342173354 -1342173350 -1342173346 -1342173342 -1342173338 -1342173334 -1342173330 -1879044238 -1879044236 -1342173322 -1879044230 -1879044228 -1342173314 -1342173310 -1342173306 -1342173302 -1342173298 -1342173294 -1342173290 -1342173286 -1342173282 -1879044190 -1879044188 -1342173274 -1879044182 -1879044180 -1342173266 -1342173262 -1342173258 -1342173254 -1342173250 -1342173246 -1342173242 -1342173238 -1342173234 -1879044142 -1879044140 -1342173226 -1879044134 -1879044132 -1342173218 -1342173214 -1342173210 -1342173206 -1342173202 -1342173198 -1342173194 -1342173190 -1342173186 -1879044094 -1879044092 -1342173178 -1879044086 -1879044084 -1342173170 -1342173166 -1342173162 -1342173158 -1342173154 -1342173150 -1342173146 -1342173142 -1342173138 -1879044046 -1879044044 -1342173130 -1879044038 -1879044036 -1342173122 -1342173118 -1342173114 -1342173110 -1342173106 -1342173102 -1342173098 -1342173094 -1342173090 -1879043998 -1879043996 -1342173082 -1879043990 -1879043988 -1342173074 -1342173070 -1342173066 -1342173062 -1342173058 -1342173054 -1342173050 -1342173046 -1342173042 -1879043950 -1879043948 -1342173034 -1879043942 -1879043940 -1342173026 -1342173022 -1342173018 -1342173014 -1342173010 -1342173006 -1342173002 -1342172998 -1342172994 -1879043902 -1879043900 -1879043898 -1879043896 -1879043894 -1879043892 1000001 21 8 1000 1008001 9 2 12 1009001 8 2 13 1010001 8 2 13 1011001 8 2 13 1012001 9 2 12 1013001 21 8 1000 2000001 21 8 1000 2008001 9 2 12 2009001 8 2 13 2010001 8 2 13 2011001 8 2 13 2012001 9 2 12 2013001 21 8 1000 3000001 21 8 1000 3008001 9 2 12 3009001 8 2 13 3010001 8 2 13 3011001 8 2 13 3012001 9 2 12 3013001 21 8 1000 4000001 21 8 1000 4008001 9 2 12 4009001 8 2 13 4010001 8 2 13 4011001 8 2 13 4012001 9 2 12 4013001 21 8 1000 5000001 21 8 1000 5008001 9 2 12 5009001 8 2 13 5010001 8 2 13 5011001 8 2 13 5012001 9 2 12 5013001 21 8 1000 6000001 21 8 1000 6008001 9 2 12 6009001 8 2 13 6010001 8 2 13 6011001 8 2 13 6012001 9 2 12 6013001 21 8 1000 7000001 21 8 1000 7008001 9 2 12 7009001 8 2 13 7010001 8 2 13 7011001 8 2 13 7012001 9 2 12 7013001 21 8 1000 8000001 21 8 1000 8008001 9 2 12 8009001 8 2 13 8010001 8 2 13 8011001 8 2 13 8012001 9 2 12 8013001 21 8 1000 9000001 21 8 1000 9008001 9 2 12 9009001 8 2 13 9010001 8 2 13 9011001 8 2 13 9012001 9 2 12 9013001 21 8 1000 10000001 21 8 1000 10008001 9 2 12 10009001 8 2 13 10010001 8 2 13 10011001 8 2 13 10012001 9 2 12 10013001 21 8 1000 11000001 21 8 1000 11008001 9 2 12 11009001 8 2 13 11010001 8 2 13 11011001 8 2 13 11012001 9 2 12 11013001 21 8 1000 12000001 21 8 1000 12008001 9 2 12 12009001 8 2 13 12010001 8 2 13 12011001 8 2 13 12012001 9 2 12 12013001 21 8 1000 13000001 21 8 1000 13008001 9 2 12 13009001 8 2 13 13010001 8 2 13 13011001 8 2 13 13012001 9 2 12 13013001 21 8 1000 14000001 21 8 1000 14008001 9 2 12 14009001 8 2 13 14010001 8 2 13 14011001 8 2 13 14012001 9 2 12 14013001 21 8 1000 15000001 21 8 1000 15008001 9 2 12 15009001 8 2 13 15010001 8 2 13 15011001 8 2 13 15012001 9 2 12 15013001 21 8 1000 16000001 21 8 1000 16008001 9 2 12 16009001 8 2 13 16010001 8 2 13 16011001 8 2 13 16012001 9 2 12 16013001 21 8 1000 17000001 21 8 1000 17008001 9 2 12 17009001 8 2 13 17010001 8 2 13 17011001 8 2 13 17012001 9 2 12 17013001 21 8 1000 18000001 21 8 1000 18008001 9 2 12 18009001 8 2 13 18010001 8 2 13 18011001 8 2 13 18012001 9 2 12 18013001 21 8 1000 19000001 21 8 1000 19008001 9 2 12 19009001 8 2 13 19010001 8 2 13 19011001 8 2 13 19012001 9 2 12 19013001 21 8 1000 20000001 21 8 1000 20008001 9 2 12 20009001 8 2 13 20010001 8 2 13 20011001 8 2 13 20012001 9 2 12 20013001 21 8 1000 21000001 21 8 1000 21008001 9 2 12 21009001 8 2 13 21010001 8 2 13 21011001 8 2 13 21012001 9 2 12 21013001 21 8 1000 22000001 21 8 1000 22008001 9 2 12 22009001 8 2 13 22010001 8 2 13 22011001 8 2 13 22012001 9 2 12 22013001 21 8 1000 23000001 21 8 1000 23008001 9 2 12 23009001 8 2 13 23010001 8 2 13 23011001 8 2 13 23012001 9 2 12 23013001 21 8 1000 24000001 21 8 1000 24008001 9 2 12 24009001 8 2 13 24010001 8 2 13 24011001 8 2 13 24012001 9 2 12 24013001 21 8 1000 25000001 21 8 1000 25008001 9 2 12 25009001 8 2 13 25010001 8 2 13 25011001 8 2 13 25012001 9 2 12 25013001 21 8 1000 26000001 21 4 1000 26004001 9 2 12 26005001 7 2 14 26006001 6 2 15 26007001 5 2 16 26008001 5 2 16 26009001 4 2 17 26010001 4 2 17 26011001 4 2 17 26012001 5 2 16 26013001 5 2 16 26014001 6 2 15 26015001 7 2 14 26016001 9 2 12 26017001 21 4 1000 27000001 21 4 1000 27004001 9 2 12 27005001 7 2 14 27006001 6 2 15 27007001 5 2 16 27008001 5 2 16 27009001 4 2 17 27010001 4 2 17 27011001 4 2 17 27012001 5 2 16 27013001 5 2 16 27014001 6 2 15 27015001 7 2 14 27016001 9 2 12 27017001 21 4 1000 28000001 21 4 1000 28004001 9 2 12 28005001 7 2 14 28006001 6 2 15 28007001 5 2 16 28008001 5 2 16 28009001 4 2 17 28010001 4 2 17 28011001 4 2 17 28012001 5 2 16 28013001 5 2 16 28014001 6 2 15 28015001 7 2 14 28016001 9 2 12 28017001 21 4 1000 29000001 21 4 1000 29004001 9 2 12 29005001 7 2 14 29006001 6 2 15 29007001 5 2 16 29008001 5 2 16 29009001 4 2 17 29010001 4 2 17 29011001 4 2 17 29012001 5 2 16 29013001 5 2 16 29014001 6 2 15 29015001 7 2 14 29016001 9 2 12 29017001 21 4 1000 30000001 21 4 1000 30004001 9 2 12 30005001 7 2 14 30006001 6 2 15 30007001 5 2 16 30008001 5 2 16 30009001 4 2 17 30010001 4 2 17 30011001 4 2 17 30012001 5 2 16 30013001 5 2 16 30014001 6 2 15 30015001 7 2 14 30016001 9 2 12 30017001 21 4 1000 31000001 21 4 1000 31004001 9 2 12 31005001 7 2 14 31006001 6 2 15 31007001 5 2 16 31008001 5 2 16 31009001 4 2 17 31010001 4 2 17 31011001 4 2 17 31012001 5 2 16 31013001 5 2 16 31014001 6 2 15 31015001 7 2 14 31016001 9 2 12 31017001 21 4 1000 32000001 21 4 1000 32004001 9 2 12 32005001 7 2 14 32006001 6 2 15 32007001 5 2 16 32008001 5 2 16 32009001 4 2 17 32010001 4 2 17 32011001 4 2 17 32012001 5 2 16 32013001 5 2 16 32014001 6 2 15 32015001 7 2 14 32016001 9 2 12 32017001 21 4 1000 33000001 21 4 1000 33004001 9 2 12 33005001 7 2 14 33006001 6 2 15 33007001 5 2 16 33008001 5 2 16 33009001 4 2 17 33010001 4 2 17 33011001 4 2 17 33012001 5 2 16 33013001 5 2 16 33014001 6 2 15 33015001 7 2 14 33016001 9 2 12 33017001 21 4 1000 34000001 21 4 1000 34004001 9 2 12 34005001 7 2 14 34006001 6 2 15 34007001 5 2 16 34008001 5 2 16 34009001 4 2 17 34010001 4 2 17 34011001 4 2 17 34012001 5 2 16 34013001 5 2 16 34014001 6 2 15 34015001 7 2 14 34016001 9 2 12 34017001 21 4 1000 35000001 21 4 1000 35004001 9 2 12 35005001 7 2 14 35006001 6 2 15 35007001 5 2 16 35008001 5 2 16 35009001 4 2 17 35010001 4 2 17 35011001 4 2 17 35012001 5 2 16 35013001 5 2 16 35014001 6 2 15 35015001 7 2 14 35016001 9 2 12 35017001 21 4 1000 36000001 21 4 1000 36004001 9 2 12 36005001 7 2 14 36006001 6 2 15 36007001 5 2 16 36008001 5 2 16 36009001 4 2 17 36010001 4 2 17 36011001 4 2 17 36012001 5 2 16 36013001 5 2 16 36014001 6 2 15 36015001 7 2 14 36016001 9 2 12 36017001 21 4 1000 37000001 21 4 1000 37004001 9 2 12 37005001 7 2 14 37006001 6 2 15 37007001 5 2 16 37008001 5 2 16 37009001 4 2 17 37010001 4 2 17 37011001 4 2 17 37012001 5 2 16 37013001 5 2 16 37014001 6 2 15 37015001 7 2 14 37016001 9 2 12 37017001 21 4 1000 38000001 21 4 1000 38004001 9 2 12 38005001 7 2 14 38006001 6 2 15 38007001 5 2 16 38008001 5 2 16 38009001 4 2 17 38010001 4 2 17 38011001 4 2 17 38012001 5 2 16 38013001 5 2 16 38014001 6 2 15 38015001 7 2 14 38016001 9 2 12 38017001 21 4 1000 39000001 21 4 1000 39004001 9 2 12 39005001 7 2 14 39006001 6 2 15 39007001 5 2 16 39008001 5 2 16 39009001 4 2 17 39010001 4 2 17 39011001 4 2 17 39012001 5 2 16 39013001 5 2 16 39014001 6 2 15 39015001 7 2 14 39016001 9 2 12 39017001 21 4 1000 40000001 21 4 1000 40004001 9 2 12 40005001 7 2 14 40006001 6 2 15 40007001 5 2 16 40008001 5 2 16 40009001 4 2 17 40010001 4 2 17 40011001 4 2 17 40012001 5 2 16 40013001 5 2 16 40014001 6 2 15 40015001 7 2 14 40016001 9 2 12 40017001 21 4 1000 41000001 21 4 1000 41004001 9 2 12 41005001 7 2 14 41006001 6 2 15 41007001 5 2 16 41008001 5 2 16 41009001 4 2 17 41010001 4 2 17 41011001 4 2 17 41012001 5 2 16 41013001 5 2 16 41014001 6 2 15 41015001 7 2 14 41016001 9 2 12 41017001 21 4 1000 42000001 21 4 1000 42004001 9 2 12 42005001 7 2 14 42006001 6 2 15 42007001 5 2 16 42008001 5 2 16 42009001 4 2 17 42010001 4 2 17 42011001 4 2 17 42012001 5 2 16 42013001 5 2 16 42014001 6 2 15 42015001 7 2 14 42016001 9 2 12 42017001 21 4 1000 43000001 21 4 1000 43004001 9 2 12 43005001 7 2 14 43006001 6 2 15 43007001 5 2 16 43008001 5 2 16 43009001 4 2 17 43010001 4 2 17 43011001 4 2 17 43012001 5 2 16 43013001 5 2 16 43014001 6 2 15 43015001 7 2 14 43016001 9 2 12 43017001 21 4 1000 44000001 21 4 1000 44004001 9 2 12 44005001 7 2 14 44006001 6 2 15 44007001 5 2 16 44008001 5 2 16 44009001 4 2 17 44010001 4 2 17 44011001 4 2 17 44012001 5 2 16 44013001 5 2 16 44014001 6 2 15 44015001 7 2 14 44016001 9 2 12 44017001 21 4 1000 45000001 21 4 1000 45004001 9 2 12 45005001 7 2 14 45006001 6 2 15 45007001 5 2 16 45008001 5 2 16 45009001 4 2 17 45010001 4 2 17 45011001 4 2 17 45012001 5 2 16 45013001 5 2 16 45014001 6 2 15 45015001 7 2 14 45016001 9 2 12 45017001 21 4 1000 46000001 21 4 1000 46004001 9 2 12 46005001 7 2 14 46006001 6 2 15 46007001 5 2 16 46008001 5 2 16 46009001 4 2 17 46010001 4 2 17 46011001 4 2 17 46012001 5 2 16 46013001 5 2 16 46014001 6 2 15 46015001 7 2 14 46016001 9 2 12 46017001 21 4 1000 47000001 21 4 1000 47004001 9 2 12 47005001 7 2 14 47006001 6 2 15 47007001 5 2 16 47008001 5 2 16 47009001 4 2 17 47010001 4 2 17 47011001 4 2 17 47012001 5 2 16 47013001 5 2 16 47014001 6 2 15 47015001 7 2 14 47016001 9 2 12 47017001 21 4 1000 48000001 21 4 1000 48004001 9 2 12 48005001 7 2 14 48006001 6 2 15 48007001 5 2 16 48008001 5 2 16 48009001 4 2 17 48010001 4 2 17 48011001 4 2 17 48012001 5 2 16 48013001 5 2 16 48014001 6 2 15 48015001 7 2 14 48016001 9 2 12 48017001 21 4 1000 49000001 21 4 1000 49004001 9 2 12 49005001 7 2 14 49006001 6 2 15 49007001 5 2 16 49008001 5 2 16 49009001 4 2 17 49010001 4 2 17 49011001 4 2 17 49012001 5 2 16 49013001 5 2 16 49014001 6 2 15 49015001 7 2 14 49016001 9 2 12 49017001 21 4 1000 50000001 21 21 1000 51000001 21 21 1000 52000001 21 21 1000 53000001 21 21 1000 54000001 21 21 1000 55000001 21 21 1000 56000001 21 21 1000 57000001 21 21 1000 58000001 21 21 1000 59000001 21 21 1000 60000001 21 21 1000 61000001 21 21 1000 62000001 21 21 1000 63001009 5 63002007 9 63003005 13 63004004 15 2 1000 63006003 17 2 1000 63008002 8 2 11 63009002 7 2 12 63010002 7 2 12 63011002 7 2 12 63012002 8 2 11 63013003 17 2 1000 63015004 15 2 1000 63017005 13 63018007 9 63019009 5 2 982000 64002007 9 64003005 13 64004004 15 2 1000 64006003 17 2 1000 64008002 8 2 11 64009002 7 2 12 64010002 7 2 12 64011002 7 2 12 64012002 8 2 11 64013003 17 2 1000 64015004 15 2 1000 64017005 13 64018007 9 64019009 5 2 982000 65002007 9 65003005 13 65004004 15 2 1000 65006003 17 2 1000 65008002 8 2 11 65009002 7 2 12 65010002 7 2 12 65011002 7 2 12 65012002 8 2 11 65013003 17 2 1000 65015004 15 2 1000 65017005 13 65018007 9 65019009 5 2 982000 66002007 9 66003005 13 66004004 15 2 1000 66006003 17 2 1000 66008002 8 2 11 66009002 7 2 12 66010002 7 2 12 66011002 7 2 12 66012002 8 2 11 66013003 17 2 1000 66015004 15 2 1000 66017005 13 66018007 9 66019009 5 2 982000 67002007 9 67003005 13 67004004 15 2 1000 67006003 17 2 1000 67008002 8 2 11 67009002 7 2 12 67010002 7 2 12 67011002 7 2 12 67012002 8 2 11 67013003 17 2 1000 67015004 15 2 1000 67017005 13 67018007 9 67019009 5 2 982000 68002007 9 68003005 13 68004004 15 2 1000 68006003 17 2 1000 68008002 8 2 11 68009002 7 2 12 68010002 7 2 12 68011002 7 2 12 68012002 8 2 11 68013003 17 2 1000 68015004 15 2 1000 68017005 13 68018007 9 68019009 5 2 982000 69002007 9 69003005 13 69004004 15 2 1000 69006003 17 2 1000 69008002 8 2 11 69009002 7 2 12 69010002 7 2 12 69011002 7 2 12 69012002 8 2 11 69013003 17 2 1000 69015004 15 2 1000 69017005 13 69018007 9 69019009 5 2 982000 70002007 9 70003005 13 70004004 15 2 1000 70006003 17 2 1000 70008002 8 2 11 70009002 7 2 12 70010002 7 2 12 70011002 7 2 12 70012002 8 2 11 70013003 17 2 1000 70015004 15 2 1000 70017005 13 70018007 9 70019009 5 2 982000 71002007 9 71003005 13 71004004 15 2 1000 71006003 17 2 1000 71008002 8 2 11 71009002 7 2 12 71010002 7 2 12 71011002 7 2 12 71012002 8 2 11 71013003 17 2 1000 71015004 15 2 1000 71017005 13 71018007 9 71019009 5 2 982000 72002007 9 72003005 13 72004004 15 2 1000 72006003 17 2 1000 72008002 8 2 11 72009002 7 2 12 72010002 7 2 12 72011002 7 2 12 72012002 8 2 11 72013003 17 2 1000 72015004 15 2 1000 72017005 13 72018007 9 72019009 5 2 982000 73002007 9 73003005 13 73004004 15 2 1000 73006003 17 2 1000 73008002 8 2 11 73009002 7 2 12 73010002 7 2 12 73011002 7 2 12 73012002 8 2 11 73013003 17 2 1000 73015004 15 2 1000 73017005 13 73018007 9 73019009 5 2 982000 74002007 9 74003005 13 74004004 15 2 1000 74006003 17 2 1000 74008002 8 2 11 74009002 7 2 12 74010002 7 2 12 74011002 7 2 12 74012002 8 2 11 74013003 17 2 1000 74015004 15 2 1000 74017005 13 74018007 9 74019009 5 2 982000 75002007 9 75003005 13 75004004 15 2 1000 75006003 17 2 1000 75008002 8 2 11 75009002 7 2 12 75010002 7 2 12 75011002 7 2 12 75012002 8 2 11 75013003 17 2 1000 75015004 15 2 1000 75017005 13 75018007 9 75019009 5 2 982000 76002007 9 76003005 13 76004004 15 2 1000 76006003 17 2 1000 76008002 8 2 11 76009002 7 2 12 76010002 7 2 12 76011002 7 2 12 76012002 8 2 11 76013003 17 2 1000 76015004 15 2 1000 76017005 13 76018007 9 76019009 5 2 982000 77002007 9 77003005 13 77004004 15 2 1000 77006003 17 2 1000 77008002 8 2 11 77009002 7 2 12 77010002 7 2 12 77011002 7 2 12 77012002 8 2 11 77013003 17 2 1000 77015004 15 2 1000 77017005 13 77018007 9 77019009 5 2 982000 78002007 9 78003005 13 78004004 15 2 1000 78006003 17 2 1000 78008002 8 2 11 78009002 7 2 12 78010002 7 2 12 78011002 7 2 12 78012002 8 2 11 78013003 17 2 1000 78015004 15 2 1000 78017005 13 78018007 9 78019009 5 2 982000 79002007 9 79003005 13 79004004 15 2 1000 79006003 17 2 1000 79008002 8 2 11 79009002 7 2 12 79010002 7 2 12 79011002 7 2 12 79012002 8 2 11 79013003 17 2 1000 79015004 15 2 1000 79017005 13 79018007 9 79019009 5 2 982000 80002007 9 80003005 13 80004004 15 2 1000 80006003 17 2 1000 80008002 8 2 11 80009002 7 2 12 80010002 7 2 12 80011002 7 2 12 80012002 8 2 11 80013003 17 2 1000 80015004 15 2 1000 80017005 13 80018007 9 80019009 5 2 982000 81002007 9 81003005 13 81004004 15 2 1000 81006003 17 2 1000 81008002 8 2 11 81009002 7 2 12 81010002 7 2 12 81011002 7 2 12 81012002 8 2 11 81013003 17 2 1000 81015004 15 2 1000 81017005 13 81018007 9 81019009 5 2 982000 82002007 9 82003005 13 82004004 15 2 1000 82006003 17 2 1000 82008002 8 2 11 82009002 7 2 12 82010002 7 2 12 82011002 7 2 12 82012002 8 2 11 82013003 17 2 1000 82015004 15 2 1000 82017005 13 82018007 9 82019009 5 2 982000 83002007 9 83003005 13 83004004 15 2 1000 83006003 17 2 1000 83008002 8 2 11 83009002 7 2 12 83010002 7 2 12 83011002 7 2 12 83012002 8 2 11 83013003 17 2 1000 83015004 15 2 1000 83017005 13 83018007 9 83019009 5 2 982000 84002007 9 84003005 13 84004004 15 2 1000 84006003 17 2 1000 84008002 8 2 11 84009002 7 2 12 84010002 7 2 12 84011002 7 2 12 84012002 8 2 11 84013003 17 2 1000 84015004 15 2 1000 84017005 13 84018007 9 84019009 5 2 982000 85002007 9 85003005 13 85004004 15 2 1000 85006003 17 2 1000 85008002 8 2 11 85009002 7 2 12 85010002 7 2 12 85011002 7 2 12 85012002 8 2 11 85013003 17 2 1000 85015004 15 2 1000 85017005 13 85018007 9 85019009 5 2 982000 86002007 9 86003005 13 86004004 15 2 1000 86006003 17 2 1000 86008002 8 2 11 86009002 7 2 12 86010002 7 2 12 86011002 7 2 12 86012002 8 2 11 86013003 17 2 1000 86015004 15 2 1000 86017005 13 86018007 9 86019009 5 2 982000 87002007 9 87003005 13 87004004 15 2 1000 87006003 17 2 1000 87008002 8 2 11 87009002 7 2 12 87010002 7 2 12 87011002 7 2 12 87012002 8 2 11 87013003 17 2 1000 87015004 15 2 1000 87017005 13 87018007 9 87019009 5 99000000 1 99000100 4 99000200 8 
0
1
PART-1-1
14
-2147483647
0
48 1 16 5 0 1 0 -1 -1 24672 1 -1879048189 1 24672 
0
0
1
PART-1-1
5
EALL
0
1
14
-2147483647
48 1 16 5 0 1 0 -1 -1 24672 1 -1879048189 1 24672 
0
0
EBRIDGE
0
1
14
-2147483647
48 1 16 5 0 1 0 -1 -1 8832 1 -1879048189 1 8832 
0
0
EPROBES
0
1
4
4226 8790 15175 24643 
0
0
ESTAGEA
0
1
14
-2147483647
48 1 16 5 0 1 0 -1 -1 4992 1 -1879048189 19681 4992 
0
0
ESTAGEB
0
1
14
-2147483647
48 1 16 5 0 1 0 -1 -1 10848 1 -1879048189 8833 10848 
0
0
0
0
1
PART-1-1
15
NFIXED
0
1
46
-2147483647
176 1 16 37 0 1 0 -1 -1 420 7 -1342177271 -1342177267 -1342177263 -1342177259 -1342177255 -1342177251 -1342177247 1000001 21 8 1000 1008001 9 2 12 1009001 8 2 13 1010001 8 2 13 1011001 8 2 13 1012001 9 2 12 1013001 21 8 1000 
0
0
NRP
0
1
1
99000000 
0
0
NS_ARM_SPIDER
0
1
20
87004009 87004010 87005008 87005009 87005010 87007016 87008016 87008017 87009016 87009017 87011005 87011006 87012005 87012006 87013006 87015012 87015013 87015014 87016012 87016013 
0
0
NS_M5_1
0
1
10
62012018 62013017 62013018 62013019 62014018 63012018 63013017 63013018 63013019 63014018 
0
0
NS_M5_2
0
1
10
62016014 62017013 62017014 62017015 62018014 63016014 63017013 63017014 63017015 63018014 
0
0
NS_M5_3
0
1
10
62016008 62017007 62017008 62017009 62018008 63016008 63017007 63017008 63017009 63018008 
0
0
NS_M5_4
0
1
10
62012004 62013003 62013004 62013005 62014004 63012004 63013003 63013004 63013005 63014004 
0
0
NS_M5_5
0
1
10
62006004 62007003 62007004 62007005 62008004 63006004 63007003 63007004 63007005 63008004 
0
0
NS_M5_6
0
1
10
62002008 62003007 62003008 62003009 62004008 63002008 63003007 63003008 63003009 63004008 
0
0
NS_M5_7
0
1
10
62002014 62003013 62003014 62003015 62004014 63002014 63003013 63003014 63003015 63004014 
0
0
NS_M5_8
0
1
10
62006018 62007017 62007018 62007019 62008018 63006018 63007017 63007018 63007019 63008018 
0
0
NS_M6_1
0
1
16
25018019 25018020 25018021 25019019 25019020 25019021 25020019 25020020 26018019 26018020 26018021 26019019 26019020 26019021 26020019 26020020 
0
0
NS_M6_2
0
1
16
25000019 25000020 25001019 25001020 25001021 25002019 25002020 25002021 26000019 26000020 26001019 26001020 26001021 26002019 26002020 26002021 
0
0
NS_M6_3
0
1
16
25018001 25018002 25018003 25019001 25019002 25019003 25020002 25020003 26018001 26018002 26018003 26019001 26019002 26019003 26020002 26020003 
0
0
NS_M6_4
0
1
16
25000002 25000003 25001001 25001002 25001003 25002001 25002002 25002003 26000002 26000003 26001001 26001002 26001003 26002001 26002002 26002003 
0
0
0
0
13
S_NS_ARM_SPIDER
0
0
0
1
PART-1-1
1
0
20
87004009
1
87004010
1
87005008
1
87005009
1
87005010
1
87007016
1
87008016
1
87008017
1
87009016
1
87009017
1
87011005
1
87011006
1
87012005
1
87012006
1
87013006
1
87015012
1
87015013
1
87015014
1
87016012
1
87016013
1
S_NS_M5_1
0
0
0
1
PART-1-1
1
0
10
62012018
1
62013017
1
62013018
1
62013019
1
62014018
1
63012018
1
63013017
1
63013018
1
63013019
1
63014018
1
S_NS_M5_2
0
0
0
1
PART-1-1
1
0
10
62016014
1
62017013
1
62017014
1
62017015
1
62018014
1
63016014
1
63017013
1
63017014
1
63017015
1
63018014
1
S_NS_M5_3
0
0
0
1
PART-1-1
1
0
10
62016008
1
62017007
1
62017008
1
62017009
1
62018008
1
63016008
1
63017007
1
63017008
1
63017009
1
63018008
1
S_NS_M5_4
0
0
0
1
PART-1-1
1
0
10
62012004
1
62013003
1
62013004
1
62013005
1
62014004
1
63012004
1
63013003
1
63013004
1
63013005
1
63014004
1
S_NS_M5_5
0
0
0
1
PART-1-1
1
0
10
62006004
1
62007003
1
62007004
1
62007005
1
62008004
1
63006004
1
63007003
1
63007004
1
63007005
1
63008004
1
S_NS_M5_6
0
0
0
1
PART-1-1
1
0
10
62002008
1
62003007
1
62003008
1
62003009
1
62004008
1
63002008
1
63003007
1
63003008
1
63003009
1
63004008
1
S_NS_M5_7
0
0
0
1
PART-1-1
1
0
10
62002014
1
62003013
1
62003014
1
62003015
1
62004014
1
63002014
1
63003013
1
63003014
1
63003015
1
63004014
1
S_NS_M5_8
0
0
0
1
PART-1-1
1
0
10
62006018
1
62007017
1
62007018
1
62007019
1
62008018
1
63006018
1
63007017
1
63007018
1
63007019
1
63008018
1
S_NS_M6_1
0
0
0
1
PART-1-1
1
0
16
25018019
1
25018020
1
25018021
1
25019019
1
25019020
1
25019021
1
25020019
1
25020020
1
26018019
1
26018020
1
26018021
1
26019019
1
26019020
1
26019021
1
26020019
1
26020020
1
S_NS_M6_2
0
0
0
1
PART-1-1
1
0
16
25000019
1
25000020
1
25001019
1
25001020
1
25001021
1
25002019
1
25002020
1
25002021
1
26000019
1
26000020
1
26001019
1
26001020
1
26001021
1
26002019
1
26002020
1
26002021
1
S_NS_M6_3
0
0
0
1
PART-1-1
1
0
16
25018001
1
25018002
1
25018003
1
25019001
1
25019002
1
25019003
1
25020002
1
25020003
1
26018001
1
26018002
1
26018003
1
26019001
1
26019002
1
26019003
1
26020002
1
26020003
1
S_NS_M6_4
0
0
0
1
PART-1-1
1
0
16
25000002
1
25000003
1
25001001
1
25001002
1
25001003
1
25002001
1
25002002
1
25002003
1
26000002
1
26000003
1
26001001
1
26001002
1
26001003
1
26002001
1
26002002
1
26002003
1
