0
1
0
Assembly-1
1
PART-1-1
PART-1
1
PART-1-1
1170
-2147483647
0
4672 1 16 1161 0 1 0 -1 -1 8429 245 -1342177033 -1342177029 -1342177025 -1342177021 -1342177017 -1342177013 -1342177009 -1342177005 -1342177001 -1342176997 -1342176993 -1342176989 -1342176985 -1342176981 -1342176977 -1342176973 -1342176969 -1342176965 -1342176961 -1342176957 -1342176953 -1342176949 -1342176945 -1342176941 -1342176937 -1342176933 -1342176929 -1342176925 -1342176921 -1342176917 -1342176913 -1342176909 -1342176905 -1342176901 -1342176897 -1342176893 -1342176889 -1342176885 -1342176881 -1342176877 -1342176873 -1342176869 -1342176865 -1342176861 -1342176857 -1342176853 -1342176849 -1342176845 -1342176841 -1342176837 -1342176833 -1342176829 -1342176825 -1342176821 -1342176817 -1342176813 -1342176809 -1342176805 -1342176801 -1342176797 -1342176793 -1342176789 -1342176785 -1342176781 -1342176777 -1342176773 -1342176769 -1342176765 -1342176761 -1342176757 -1342176753 -1342176749 -1342176745 -1342176741 -1342176737 -1342176733 -1342176729 -1342176725 -1342176721 -1342176717 -1342176713 -1342176709 -1342176705 -1342176701 -1342176697 -1342176693 -1342176689 -1342176685 -1342176681 -1342176677 -1342176673 -1342176669 -1342176665 -1342176661 -1342176657 -1342176653 -1342176649 -1342176645 -1342176641 -1342176637 -1342176633 -1342176629 -1342176625 -1342176621 -1342176617 -1342176613 -1342176609 -1342176605 -1342176601 -1342176597 -1342176593 -1342176589 -1342176585 -1342176581 -1342176577 -1342176573 -1342176569 -1342176565 -1342176561 -1342176557 -1342176553 -1342176549 -1342176545 -1342176541 -1342176537 -1342176533 -1342176529 -1342176525 -1342176521 -1342176517 -1342176513 -1342176509 -1342176505 -1342176501 -1342176497 -1342176493 -1342176489 -1342176485 -1342176481 -1342176477 -1342176473 -1342176469 -1342176465 -1879047373 -1879047371 -1879047369 -1342176455 -1342176451 -1342176447 -1342176443 -1342176439 -1342176435 -1342176431 -1342176427 -1342176423 -1879047331 -1879047329 -1342176415 -1879047323 -1879047321 -1342176407 -1342176403 -1342176399 -1342176395 -1342176391 -1342176387 -1342176383 -1342176379 -1342176375 -1879047283 -1879047281 -1342176367 -1879047275 -1879047273 -1342176359 -1342176355 -1342176351 -1342176347 -1342176343 -1342176339 -1342176335 -1342176331 -1342176327 -1879047235 -1879047233 -1342176319 -1879047227 -1879047225 -1342176311 -1342176307 -1342176303 -1342176299 -1342176295 -1342176291 -1342176287 -1342176283 -1342176279 -1879047187 -1879047185 -1342176271 -1879047179 -1879047177 -1342176263 -1342176259 -1342176255 -1342176251 -1342176247 -1342176243 -1342176239 -1342176235 -1342176231 -1879047139 -1879047137 -1342176223 -1879047131 -1879047129 -1342176215 -1342176211 -1342176207 -1342176203 -1342176199 -1342176195 -1342176191 -1342176187 -1342176183 -1879047091 -1879047089 -1342176175 -1879047083 -1879047081 -1342176167 -1342176163 -1342176159 -1342176155 -1342176151 -1342176147 -1342176143 -1342176139 -1342176135 -1879047043 -1879047041 -1879047039 -1879047037 -1879047035 -1879047033 1000001 21 8 1000 1008001 9 2 12 1009001 8 2 13 1010001 8 2 13 1011001 8 2 13 1012001 9 2 12 1013001 21 8 1000 2000001 21 8 1000 2008001 9 2 12 2009001 8 2 13 2010001 8 2 13 2011001 8 2 13 2012001 9 2 12 2013001 21 8 1000 3000001 21 8 1000 3008001 9 2 12 3009001 8 2 13 3010001 8 2 13 3011001 8 2 13 3012001 9 2 12 3013001 21 8 1000 4000001 21 8 1000 4008001 9 2 12 4009001 8 2 13 4010001 8 2 13 4011001 8 2 13 4012001 9 2 12 4013001 21 8 1000 5000001 21 8 1000 5008001 9 2 12 5009001 8 2 13 5010001 8 2 13 5011001 8 2 13 5012001 9 2 12 5013001 21 8 1000 6000001 21 8 1000 6008001 9 2 12 6009001 8 2 13 6010001 8 2 13 6011001 8 2 13 6012001 9 2 12 6013001 21 8 1000 7000001 21 8 1000 7008001 9 2 12 7009001 8 2 13 7010001 8 2 13 7011001 8 2 13 7012001 9 2 12 7013001 21 8 1000 8000001 21 4 1000 8004001 9 2 12 8005001 7 2 14 8006001 6 2 15 8007001 5 2 16 8008001 5 2 16 8009001 4 2 17 8010001 4 2 17 8011001 4 2 17 8012001 5 2 16 8013001 5 2 16 8014001 6 2 15 8015001 7 2 14 8016001 9 2 12 8017001 21 4 1000 9000001 21 4 1000 9004001 9 2 12 9005001 7 2 14 9006001 6 2 15 9007001 5 2 16 9008001 5 2 16 9009001 4 2 17 9010001 4 2 17 9011001 4 2 17 9012001 5 2 16 9013001 5 2 16 9014001 6 2 15 9015001 7 2 14 9016001 9 2 12 9017001 21 4 1000 10000001 21 4 1000 10004001 9 2 12 10005001 7 2 14 10006001 6 2 15 10007001 5 2 16 10008001 5 2 16 10009001 4 2 17 10010001 4 2 17 10011001 4 2 17 10012001 5 2 16 10013001 5 2 16 10014001 6 2 15 10015001 7 2 14 10016001 9 2 12 10017001 21 4 1000 11000001 21 4 1000 11004001 9 2 12 11005001 7 2 14 11006001 6 2 15 11007001 5 2 16 11008001 5 2 16 11009001 4 2 17 11010001 4 2 17 11011001 4 2 17 11012001 5 2 16 11013001 5 2 16 11014001 6 2 15 11015001 7 2 14 11016001 9 2 12 11017001 21 4 1000 12000001 21 4 1000 12004001 9 2 12 12005001 7 2 14 12006001 6 2 15 12007001 5 2 16 12008001 5 2 16 12009001 4 2 17 12010001 4 2 17 12011001 4 2 17 12012001 5 2 16 12013001 5 2 16 12014001 6 2 15 12015001 7 2 14 12016001 9 2 12 12017001 21 4 1000 13000001 21 4 1000 13004001 9 2 12 13005001 7 2 14 13006001 6 2 15 13007001 5 2 16 13008001 5 2 16 13009001 4 2 17 13010001 4 2 17 13011001 4 2 17 13012001 5 2 16 13013001 5 2 16 13014001 6 2 15 13015001 7 2 14 13016001 9 2 12 13017001 21 4 1000 14000001 21 21 1000 15000001 21 21 1000 16000001 21 21 1000 17000001 21 21 1000 18001009 5 18002007 9 18003005 13 18004004 15 2 1000 18006003 17 2 1000 18008002 8 2 11 18009002 7 2 12 18010002 7 2 12 18011002 7 2 12 18012002 8 2 11 18013003 17 2 1000 18015004 15 2 1000 18017005 13 18018007 9 18019009 5 2 982000 19002007 9 19003005 13 19004004 15 2 1000 19006003 17 2 1000 19008002 8 2 11 19009002 7 2 12 19010002 7 2 12 19011002 7 2 12 19012002 8 2 11 19013003 17 2 1000 19015004 15 2 1000 19017005 13 19018007 9 19019009 5 2 982000 20002007 9 20003005 13 20004004 15 2 1000 20006003 17 2 1000 20008002 8 2 11 20009002 7 2 12 20010002 7 2 12 20011002 7 2 12 20012002 8 2 11 20013003 17 2 1000 20015004 15 2 1000 20017005 13 20018007 9 20019009 5 2 982000 21002007 9 21003005 13 21004004 15 2 1000 21006003 17 2 1000 21008002 8 2 11 21009002 7 2 12 21010002 7 2 12 21011002 7 2 12 21012002 8 2 11 21013003 17 2 1000 21015004 15 2 1000 21017005 13 21018007 9 21019009 5 2 982000 22002007 9 22003005 13 22004004 15 2 1000 22006003 17 2 1000 22008002 8 2 11 22009002 7 2 12 22010002 7 2 12 22011002 7 2 12 22012002 8 2 11 22013003 17 2 1000 22015004 15 2 1000 22017005 13 22018007 9 22019009 5 2 982000 23002007 9 23003005 13 23004004 15 2 1000 23006003 17 2 1000 23008002 8 2 11 23009002 7 2 12 23010002 7 2 12 23011002 7 2 12 23012002 8 2 11 23013003 17 2 1000 23015004 15 2 1000 23017005 13 23018007 9 23019009 5 2 982000 24002007 9 24003005 13 24004004 15 2 1000 24006003 17 2 1000 24008002 8 2 11 24009002 7 2 12 24010002 7 2 12 24011002 7 2 12 24012002 8 2 11 24013003 17 2 1000 24015004 15 2 1000 24017005 13 24018007 9 24019009 5 99000000 1 99000100 4 99000200 8 
0
1
PART-1-1
14
-2147483647
0
48 1 16 5 0 1 0 -1 -1 6168 1 -1879048189 1 6168 
0
0
1
PART-1-1
5
EALL
0
1
14
-2147483647
48 1 16 5 0 1 0 -1 -1 6168 1 -1879048189 1 6168 
0
0
EBRIDGE
0
1
14
-2147483647
48 1 16 5 0 1 0 -1 -1 2208 1 -1879048189 1 2208 
0
0
EPROBES
0
1
4
914 2166 4015 6139 
0
0
ESTAGEA
0
1
14
-2147483647
48 1 16 5 0 1 0 -1 -1 1248 1 -1879048189 4921 1248 
0
0
ESTAGEB
0
1
14
-2147483647
48 1 16 5 0 1 0 -1 -1 2712 1 -1879048189 2209 2712 
0
0
0
0
1
PART-1-1
15
NFIXED
0
1
46
-2147483647
176 1 16 37 0 1 0 -1 -1 420 7 -1342177271 -1342177267 -1342177263 -1342177259 -1342177255 -1342177251 -1342177247 1000001 21 8 1000 1008001 9 2 12 1009001 8 2 13 1010001 8 2 13 1011001 8 2 13 1012001 9 2 12 1013001 21 8 1000 
0
0
NRP
0
1
1
99000000 
0
0
NS_ARM_SPIDER
0
1
20
24004009 24004010 24005008 24005009 24005010 24007016 24008016 24008017 24009016 24009017 24011005 24011006 24012005 24012006 24013006 24015012 24015013 24015014 24016012 24016013 
0
0
NS_M5_1
0
1
10
17012018 17013017 17013018 17013019 17014018 18012018 18013017 18013018 18013019 18014018 
0
0
NS_M5_2
0
1
10
17016014 17017013 17017014 17017015 17018014 18016014 18017013 18017014 18017015 18018014 
0
0
NS_M5_3
0
1
10
17016008 17017007 17017008 17017009 17018008 18016008 18017007 18017008 18017009 18018008 
0
0
NS_M5_4
0
1
10
17012004 17013003 17013004 17013005 17014004 18012004 18013003 18013004 18013005 18014004 
0
0
NS_M5_5
0
1
10
17006004 17007003 17007004 17007005 17008004 18006004 18007003 18007004 18007005 18008004 
0
0
NS_M5_6
0
1
10
17002008 17003007 17003008 17003009 17004008 18002008 18003007 18003008 18003009 18004008 
0
0
NS_M5_7
0
1
10
17002014 17003013 17003014 17003015 17004014 18002014 18003013 18003014 18003015 18004014 
0
0
NS_M5_8
0
1
10
17006018 17007017 17007018 17007019 17008018 18006018 18007017 18007018 18007019 18008018 
0
0
NS_M6_1
0
1
16
7018019 7018020 7018021 7019019 7019020 7019021 7020019 7020020 8018019 8018020 8018021 8019019 8019020 8019021 8020019 8020020 
0
0
NS_M6_2
0
1
16
7000019 7000020 7001019 7001020 7001021 7002019 7002020 7002021 8000019 8000020 8001019 8001020 8001021 8002019 8002020 8002021 
0
0
NS_M6_3
0
1
16
7018001 7018002 7018003 7019001 7019002 7019003 7020002 7020003 8018001 8018002 8018003 8019001 8019002 8019003 8020002 8020003 
0
0
NS_M6_4
0
1
16
7000002 7000003 7001001 7001002 7001003 7002001 7002002 7002003 8000002 8000003 8001001 8001002 8001003 8002001 8002002 8002003 
0
0
0
0
13
S_NS_ARM_SPIDER
0
0
0
1
PART-1-1
1
0
20
24004009
1
24004010
1
24005008
1
24005009
1
24005010
1
24007016
1
24008016
1
24008017
1
24009016
1
24009017
1
24011005
1
24011006
1
24012005
1
24012006
1
24013006
1
24015012
1
24015013
1
24015014
1
24016012
1
24016013
1
S_NS_M5_1
0
0
0
1
PART-1-1
1
0
10
17012018
1
17013017
1
17013018
1
17013019
1
17014018
1
18012018
1
18013017
1
18013018
1
18013019
1
18014018
1
S_NS_M5_2
0
0
0
1
PART-1-1
1
0
10
17016014
1
17017013
1
17017014
1
17017015
1
17018014
1
18016014
1
18017013
1
18017014
1
18017015
1
18018014
1
S_NS_M5_3
0
0
0
1
PART-1-1
1
0
10
17016008
1
17017007
1
17017008
1
17017009
1
17018008
1
18016008
1
18017007
1
18017008
1
18017009
1
18018008
1
S_NS_M5_4
0
0
0
1
PART-1-1
1
0
10
17012004
1
17013003
1
17013004
1
17013005
1
17014004
1
18012004
1
18013003
1
18013004
1
18013005
1
18014004
1
S_NS_M5_5
0
0
0
1
PART-1-1
1
0
10
17006004
1
17007003
1
17007004
1
17007005
1
17008004
1
18006004
1
18007003
1
18007004
1
18007005
1
18008004
1
S_NS_M5_6
0
0
0
1
PART-1-1
1
0
10
17002008
1
17003007
1
17003008
1
17003009
1
17004008
1
18002008
1
18003007
1
18003008
1
18003009
1
18004008
1
S_NS_M5_7
0
0
0
1
PART-1-1
1
0
10
17002014
1
17003013
1
17003014
1
17003015
1
17004014
1
18002014
1
18003013
1
18003014
1
18003015
1
18004014
1
S_NS_M5_8
0
0
0
1
PART-1-1
1
0
10
17006018
1
17007017
1
17007018
1
17007019
1
17008018
1
18006018
1
18007017
1
18007018
1
18007019
1
18008018
1
S_NS_M6_1
0
0
0
1
PART-1-1
1
0
16
7018019
1
7018020
1
7018021
1
7019019
1
7019020
1
7019021
1
7020019
1
7020020
1
8018019
1
8018020
1
8018021
1
8019019
1
8019020
1
8019021
1
8020019
1
8020020
1
S_NS_M6_2
0
0
0
1
PART-1-1
1
0
16
7000019
1
7000020
1
7001019
1
7001020
1
7001021
1
7002019
1
7002020
1
7002021
1
8000019
1
8000020
1
8001019
1
8001020
1
8001021
1
8002019
1
8002020
1
8002021
1
S_NS_M6_3
0
0
0
1
PART-1-1
1
0
16
7018001
1
7018002
1
7018003
1
7019001
1
7019002
1
7019003
1
7020002
1
7020003
1
8018001
1
8018002
1
8018003
1
8019001
1
8019002
1
8019003
1
8020002
1
8020003
1
S_NS_M6_4
0
0
0
1
PART-1-1
1
0
16
7000002
1
7000003
1
7001001
1
7001002
1
7001003
1
7002001
1
7002002
1
7002003
1
8000002
1
8000003
1
8001001
1
8001002
1
8001003
1
8002001
1
8002002
1
8002003
1
