0
1
0
Assembly-1
1
PART-1-1
PART-1
1
PART-1-1
2217
-2147483647
0
8860 1 16 2208 0 1 0 -1 -1 15728 464 -1342176814 -1342176810 -1342176806 -1342176802 -1342176798 -1342176794 -1342176790 -1342176786 -1342176782 -1342176778 -1342176774 -1342176770 -1342176766 -1342176762 -1342176758 -1342176754 -1342176750 -1342176746 -1342176742 -1342176738 -1342176734 -1342176730 -1342176726 -1342176722 -1342176718 -1342176714 -1342176710 -1342176706 -1342176702 -1342176698 -1342176694 -1342176690 -1342176686 -1342176682 -1342176678 -1342176674 -1342176670 -1342176666 -1342176662 -1342176658 -1342176654 -1342176650 -1342176646 -1342176642 -1342176638 -1342176634 -1342176630 -1342176626 -1342176622 -1342176618 -1342176614 -1342176610 -1342176606 -1342176602 -1342176598 -1342176594 -1342176590 -1342176586 -1342176582 -1342176578 -1342176574 -1342176570 -1342176566 -1342176562 -1342176558 -1342176554 -1342176550 -1342176546 -1342176542 -1342176538 -1342176534 -1342176530 -1342176526 -1342176522 -1342176518 -1342176514 -1342176510 -1342176506 -1342176502 -1342176498 -1342176494 -1342176490 -1342176486 -1342176482 -1342176478 -1342176474 -1342176470 -1342176466 -1342176462 -1342176458 -1342176454 -1342176450 -1342176446 -1342176442 -1342176438 -1342176434 -1342176430 -1342176426 -1342176422 -1342176418 -1342176414 -1342176410 -1342176406 -1342176402 -1342176398 -1342176394 -1342176390 -1342176386 -1342176382 -1342176378 -1342176374 -1342176370 -1342176366 -1342176362 -1342176358 -1342176354 -1342176350 -1342176346 -1342176342 -1342176338 -1342176334 -1342176330 -1342176326 -1342176322 -1342176318 -1342176314 -1342176310 -1342176306 -1342176302 -1342176298 -1342176294 -1342176290 -1342176286 -1342176282 -1342176278 -1342176274 -1342176270 -1342176266 -1342176262 -1342176258 -1342176254 -1342176250 -1342176246 -1342176242 -1342176238 -1342176234 -1342176230 -1342176226 -1342176222 -1342176218 -1342176214 -1342176210 -1342176206 -1342176202 -1342176198 -1342176194 -1342176190 -1342176186 -1342176182 -1342176178 -1342176174 -1342176170 -1342176166 -1342176162 -1342176158 -1342176154 -1342176150 -1342176146 -1342176142 -1342176138 -1342176134 -1342176130 -1342176126 -1342176122 -1342176118 -1342176114 -1342176110 -1342176106 -1342176102 -1342176098 -1342176094 -1342176090 -1342176086 -1342176082 -1342176078 -1342176074 -1342176070 -1342176066 -1342176062 -1342176058 -1342176054 -1342176050 -1342176046 -1342176042 -1342176038 -1342176034 -1342176030 -1342176026 -1342176022 -1342176018 -1342176014 -1342176010 -1342176006 -1342176002 -1342175998 -1342175994 -1342175990 -1342175986 -1342175982 -1342175978 -1342175974 -1342175970 -1342175966 -1342175962 -1342175958 -1342175954 -1342175950 -1342175946 -1342175942 -1342175938 -1342175934 -1342175930 -1342175926 -1342175922 -1342175918 -1342175914 -1342175910 -1342175906 -1342175902 -1342175898 -1342175894 -1342175890 -1342175886 -1342175882 -1342175878 -1342175874 -1342175870 -1342175866 -1342175862 -1342175858 -1342175854 -1342175850 -1342175846 -1342175842 -1342175838 -1342175834 -1342175830 -1342175826 -1342175822 -1342175818 -1342175814 -1342175810 -1342175806 -1342175802 -1342175798 -1342175794 -1342175790 -1342175786 -1342175782 -1342175778 -1342175774 -1342175770 -1342175766 -1342175762 -1342175758 -1342175754 -1342175750 -1342175746 -1342175742 -1342175738 -1342175734 -1342175730 -1342175726 -1342175722 -1342175718 -1342175714 -1342175710 -1342175706 -1879046614 -1879046612 -1879046610 -1342175696 -1342175692 -1342175688 -1342175684 -1342175680 -1342175676 -1342175672 -1342175668 -1342175664 -1879046572 -1879046570 -1342175656 -1879046564 -1879046562 -1342175648 -1342175644 -1342175640 -1342175636 -1342175632 -1342175628 -1342175624 -1342175620 -1342175616 -1879046524 -1879046522 -1342175608 -1879046516 -1879046514 -1342175600 -1342175596 -1342175592 -1342175588 -1342175584 -1342175580 -1342175576 -1342175572 -1342175568 -1879046476 -1879046474 -1342175560 -1879046468 -1879046466 -1342175552 -1342175548 -1342175544 -1342175540 -1342175536 -1342175532 -1342175528 -1342175524 -1342175520 -1879046428 -1879046426 -1342175512 -1879046420 -1879046418 -1342175504 -1342175500 -1342175496 -1342175492 -1342175488 -1342175484 -1342175480 -1342175476 -1342175472 -1879046380 -1879046378 -1342175464 -1879046372 -1879046370 -1342175456 -1342175452 -1342175448 -1342175444 -1342175440 -1342175436 -1342175432 -1342175428 -1342175424 -1879046332 -1879046330 -1342175416 -1879046324 -1879046322 -1342175408 -1342175404 -1342175400 -1342175396 -1342175392 -1342175388 -1342175384 -1342175380 -1342175376 -1879046284 -1879046282 -1342175368 -1879046276 -1879046274 -1342175360 -1342175356 -1342175352 -1342175348 -1342175344 -1342175340 -1342175336 -1342175332 -1342175328 -1879046236 -1879046234 -1342175320 -1879046228 -1879046226 -1342175312 -1342175308 -1342175304 -1342175300 -1342175296 -1342175292 -1342175288 -1342175284 -1342175280 -1879046188 -1879046186 -1342175272 -1879046180 -1879046178 -1342175264 -1342175260 -1342175256 -1342175252 -1342175248 -1342175244 -1342175240 -1342175236 -1342175232 -1879046140 -1879046138 -1342175224 -1879046132 -1879046130 -1342175216 -1342175212 -1342175208 -1342175204 -1342175200 -1342175196 -1342175192 -1342175188 -1342175184 -1879046092 -1879046090 -1342175176 -1879046084 -1879046082 -1342175168 -1342175164 -1342175160 -1342175156 -1342175152 -1342175148 -1342175144 -1342175140 -1342175136 -1879046044 -1879046042 -1342175128 -1879046036 -1879046034 -1342175120 -1342175116 -1342175112 -1342175108 -1342175104 -1342175100 -1342175096 -1342175092 -1342175088 -1879045996 -1879045994 -1879045992 -1879045990 -1879045988 -1879045986 1000001 21 8 1000 1008001 9 2 12 1009001 8 2 13 1010001 8 2 13 1011001 8 2 13 1012001 9 2 12 1013001 21 8 1000 2000001 21 8 1000 2008001 9 2 12 2009001 8 2 13 2010001 8 2 13 2011001 8 2 13 2012001 9 2 12 2013001 21 8 1000 3000001 21 8 1000 3008001 9 2 12 3009001 8 2 13 3010001 8 2 13 3011001 8 2 13 3012001 9 2 12 3013001 21 8 1000 4000001 21 8 1000 4008001 9 2 12 4009001 8 2 13 4010001 8 2 13 4011001 8 2 13 4012001 9 2 12 4013001 21 8 1000 5000001 21 8 1000 5008001 9 2 12 5009001 8 2 13 5010001 8 2 13 5011001 8 2 13 5012001 9 2 12 5013001 21 8 1000 6000001 21 8 1000 6008001 9 2 12 6009001 8 2 13 6010001 8 2 13 6011001 8 2 13 6012001 9 2 12 6013001 21 8 1000 7000001 21 8 1000 7008001 9 2 12 7009001 8 2 13 7010001 8 2 13 7011001 8 2 13 7012001 9 2 12 7013001 21 8 1000 8000001 21 8 1000 8008001 9 2 12 8009001 8 2 13 8010001 8 2 13 8011001 8 2 13 8012001 9 2 12 8013001 21 8 1000 9000001 21 8 1000 9008001 9 2 12 9009001 8 2 13 9010001 8 2 13 9011001 8 2 13 9012001 9 2 12 9013001 21 8 1000 10000001 21 8 1000 10008001 9 2 12 10009001 8 2 13 10010001 8 2 13 10011001 8 2 13 10012001 9 2 12 10013001 21 8 1000 11000001 21 8 1000 11008001 9 2 12 11009001 8 2 13 11010001 8 2 13 11011001 8 2 13 11012001 9 2 12 11013001 21 8 1000 12000001 21 8 1000 12008001 9 2 12 12009001 8 2 13 12010001 8 2 13 12011001 8 2 13 12012001 9 2 12 12013001 21 8 1000 13000001 21 8 1000 13008001 9 2 12 13009001 8 2 13 13010001 8 2 13 13011001 8 2 13 13012001 9 2 12 13013001 21 8 1000 14000001 21 4 1000 14004001 9 2 12 14005001 7 2 14 14006001 6 2 15 14007001 5 2 16 14008001 5 2 16 14009001 4 2 17 14010001 4 2 17 14011001 4 2 17 14012001 5 2 16 14013001 5 2 16 14014001 6 2 15 14015001 7 2 14 14016001 9 2 12 14017001 21 4 1000 15000001 21 4 1000 15004001 9 2 12 15005001 7 2 14 15006001 6 2 15 15007001 5 2 16 15008001 5 2 16 15009001 4 2 17 15010001 4 2 17 15011001 4 2 17 15012001 5 2 16 15013001 5 2 16 15014001 6 2 15 15015001 7 2 14 15016001 9 2 12 15017001 21 4 1000 16000001 21 4 1000 16004001 9 2 12 16005001 7 2 14 16006001 6 2 15 16007001 5 2 16 16008001 5 2 16 16009001 4 2 17 16010001 4 2 17 16011001 4 2 17 16012001 5 2 16 16013001 5 2 16 16014001 6 2 15 16015001 7 2 14 16016001 9 2 12 16017001 21 4 1000 17000001 21 4 1000 17004001 9 2 12 17005001 7 2 14 17006001 6 2 15 17007001 5 2 16 17008001 5 2 16 17009001 4 2 17 17010001 4 2 17 17011001 4 2 17 17012001 5 2 16 17013001 5 2 16 17014001 6 2 15 17015001 7 2 14 17016001 9 2 12 17017001 21 4 1000 18000001 21 4 1000 18004001 9 2 12 18005001 7 2 14 18006001 6 2 15 18007001 5 2 16 18008001 5 2 16 18009001 4 2 17 18010001 4 2 17 18011001 4 2 17 18012001 5 2 16 18013001 5 2 16 18014001 6 2 15 18015001 7 2 14 18016001 9 2 12 18017001 21 4 1000 19000001 21 4 1000 19004001 9 2 12 19005001 7 2 14 19006001 6 2 15 19007001 5 2 16 19008001 5 2 16 19009001 4 2 17 19010001 4 2 17 19011001 4 2 17 19012001 5 2 16 19013001 5 2 16 19014001 6 2 15 19015001 7 2 14 19016001 9 2 12 19017001 21 4 1000 20000001 21 4 1000 20004001 9 2 12 20005001 7 2 14 20006001 6 2 15 20007001 5 2 16 20008001 5 2 16 20009001 4 2 17 20010001 4 2 17 20011001 4 2 17 20012001 5 2 16 20013001 5 2 16 20014001 6 2 15 20015001 7 2 14 20016001 9 2 12 20017001 21 4 1000 21000001 21 4 1000 21004001 9 2 12 21005001 7 2 14 21006001 6 2 15 21007001 5 2 16 21008001 5 2 16 21009001 4 2 17 21010001 4 2 17 21011001 4 2 17 21012001 5 2 16 21013001 5 2 16 21014001 6 2 15 21015001 7 2 14 21016001 9 2 12 21017001 21 4 1000 22000001 21 4 1000 22004001 9 2 12 22005001 7 2 14 22006001 6 2 15 22007001 5 2 16 22008001 5 2 16 22009001 4 2 17 22010001 4 2 17 22011001 4 2 17 22012001 5 2 16 22013001 5 2 16 22014001 6 2 15 22015001 7 2 14 22016001 9 2 12 22017001 21 4 1000 23000001 21 4 1000 23004001 9 2 12 23005001 7 2 14 23006001 6 2 15 23007001 5 2 16 23008001 5 2 16 23009001 4 2 17 23010001 4 2 17 23011001 4 2 17 23012001 5 2 16 23013001 5 2 16 23014001 6 2 15 23015001 7 2 14 23016001 9 2 12 23017001 21 4 1000 24000001 21 4 1000 24004001 9 2 12 24005001 7 2 14 24006001 6 2 15 24007001 5 2 16 24008001 5 2 16 24009001 4 2 17 24010001 4 2 17 24011001 4 2 17 24012001 5 2 16 24013001 5 2 16 24014001 6 2 15 24015001 7 2 14 24016001 9 2 12 24017001 21 4 1000 25000001 21 4 1000 25004001 9 2 12 25005001 7 2 14 25006001 6 2 15 25007001 5 2 16 25008001 5 2 16 25009001 4 2 17 25010001 4 2 17 25011001 4 2 17 25012001 5 2 16 25013001 5 2 16 25014001 6 2 15 25015001 7 2 14 25016001 9 2 12 25017001 21 4 1000 26000001 21 21 1000 27000001 21 21 1000 28000001 21 21 1000 29000001 21 21 1000 30000001 21 21 1000 31000001 21 21 1000 32000001 21 21 1000 33001009 5 33002007 9 33003005 13 33004004 15 2 1000 33006003 17 2 1000 33008002 8 2 11 33009002 7 2 12 33010002 7 2 12 33011002 7 2 12 33012002 8 2 11 33013003 17 2 1000 33015004 15 2 1000 33017005 13 33018007 9 33019009 5 2 982000 34002007 9 34003005 13 34004004 15 2 1000 34006003 17 2 1000 34008002 8 2 11 34009002 7 2 12 34010002 7 2 12 34011002 7 2 12 34012002 8 2 11 34013003 17 2 1000 34015004 15 2 1000 34017005 13 34018007 9 34019009 5 2 982000 35002007 9 35003005 13 35004004 15 2 1000 35006003 17 2 1000 35008002 8 2 11 35009002 7 2 12 35010002 7 2 12 35011002 7 2 12 35012002 8 2 11 35013003 17 2 1000 35015004 15 2 1000 35017005 13 35018007 9 35019009 5 2 982000 36002007 9 36003005 13 36004004 15 2 1000 36006003 17 2 1000 36008002 8 2 11 36009002 7 2 12 36010002 7 2 12 36011002 7 2 12 36012002 8 2 11 36013003 17 2 1000 36015004 15 2 1000 36017005 13 36018007 9 36019009 5 2 982000 37002007 9 37003005 13 37004004 15 2 1000 37006003 17 2 1000 37008002 8 2 11 37009002 7 2 12 37010002 7 2 12 37011002 7 2 12 37012002 8 2 11 37013003 17 2 1000 37015004 15 2 1000 37017005 13 37018007 9 37019009 5 2 982000 38002007 9 38003005 13 38004004 15 2 1000 38006003 17 2 1000 38008002 8 2 11 38009002 7 2 12 38010002 7 2 12 38011002 7 2 12 38012002 8 2 11 38013003 17 2 1000 38015004 15 2 1000 38017005 13 38018007 9 38019009 5 2 982000 39002007 9 39003005 13 39004004 15 2 1000 39006003 17 2 1000 39008002 8 2 11 39009002 7 2 12 39010002 7 2 12 39011002 7 2 12 39012002 8 2 11 39013003 17 2 1000 39015004 15 2 1000 39017005 13 39018007 9 39019009 5 2 982000 40002007 9 40003005 13 40004004 15 2 1000 40006003 17 2 1000 40008002 8 2 11 40009002 7 2 12 40010002 7 2 12 40011002 7 2 12 40012002 8 2 11 40013003 17 2 1000 40015004 15 2 1000 40017005 13 40018007 9 40019009 5 2 982000 41002007 9 41003005 13 41004004 15 2 1000 41006003 17 2 1000 41008002 8 2 11 41009002 7 2 12 41010002 7 2 12 41011002 7 2 12 41012002 8 2 11 41013003 17 2 1000 41015004 15 2 1000 41017005 13 41018007 9 41019009 5 2 982000 42002007 9 42003005 13 42004004 15 2 1000 42006003 17 2 1000 42008002 8 2 11 42009002 7 2 12 42010002 7 2 12 42011002 7 2 12 42012002 8 2 11 42013003 17 2 1000 42015004 15 2 1000 42017005 13 42018007 9 42019009 5 2 982000 43002007 9 43003005 13 43004004 15 2 1000 43006003 17 2 1000 43008002 8 2 11 43009002 7 2 12 43010002 7 2 12 43011002 7 2 12 43012002 8 2 11 43013003 17 2 1000 43015004 15 2 1000 43017005 13 43018007 9 43019009 5 2 982000 44002007 9 44003005 13 44004004 15 2 1000 44006003 17 2 1000 44008002 8 2 11 44009002 7 2 12 44010002 7 2 12 44011002 7 2 12 44012002 8 2 11 44013003 17 2 1000 44015004 15 2 1000 44017005 13 44018007 9 44019009 5 2 982000 45002007 9 45003005 13 45004004 15 2 1000 45006003 17 2 1000 45008002 8 2 11 45009002 7 2 12 45010002 7 2 12 45011002 7 2 12 45012002 8 2 11 45013003 17 2 1000 45015004 15 2 1000 45017005 13 45018007 9 45019009 5 99000000 1 99000100 4 99000200 8 
0
1
PART-1-1
14
-2147483647
0
48 1 16 5 0 1 0 -1 -1 12336 1 -1879048189 1 12336 
0
0
1
PART-1-1
5
EALL
0
1
14
-2147483647
48 1 16 5 0 1 0 -1 -1 12336 1 -1879048189 1 12336 
0
0
EBRIDGE
0
1
14
-2147483647
48 1 16 5 0 1 0 -1 -1 4416 1 -1879048189 1 4416 
0
0
EPROBES
0
1
4
2018 4374 7735 12307 
0
0
ESTAGEA
0
1
14
-2147483647
48 1 16 5 0 1 0 -1 -1 2496 1 -1879048189 9841 2496 
0
0
ESTAGEB
0
1
14
-2147483647
48 1 16 5 0 1 0 -1 -1 5424 1 -1879048189 4417 5424 
0
0
0
0
1
PART-1-1
15
NFIXED
0
1
46
-2147483647
176 1 16 37 0 1 0 -1 -1 420 7 -1342177271 -1342177267 -1342177263 -1342177259 -1342177255 -1342177251 -1342177247 1000001 21 8 1000 1008001 9 2 12 1009001 8 2 13 1010001 8 2 13 1011001 8 2 13 1012001 9 2 12 1013001 21 8 1000 
0
0
NRP
0
1
1
99000000 
0
0
NS_ARM_SPIDER
0
1
20
45004009 45004010 45005008 45005009 45005010 45007016 45008016 45008017 45009016 45009017 45011005 45011006 45012005 45012006 45013006 45015012 45015013 45015014 45016012 45016013 
0
0
NS_M5_1
0
1
10
32012018 32013017 32013018 32013019 32014018 33012018 33013017 33013018 33013019 33014018 
0
0
NS_M5_2
0
1
10
32016014 32017013 32017014 32017015 32018014 33016014 33017013 33017014 33017015 33018014 
0
0
NS_M5_3
0
1
10
32016008 32017007 32017008 32017009 32018008 33016008 33017007 33017008 33017009 33018008 
0
0
NS_M5_4
0
1
10
32012004 32013003 32013004 32013005 32014004 33012004 33013003 33013004 33013005 33014004 
0
0
NS_M5_5
0
1
10
32006004 32007003 32007004 32007005 32008004 33006004 33007003 33007004 33007005 33008004 
0
0
NS_M5_6
0
1
10
32002008 32003007 32003008 32003009 32004008 33002008 33003007 33003008 33003009 33004008 
0
0
NS_M5_7
0
1
10
32002014 32003013 32003014 32003015 32004014 33002014 33003013 33003014 33003015 33004014 
0
0
NS_M5_8
0
1
10
32006018 32007017 32007018 32007019 32008018 33006018 33007017 33007018 33007019 33008018 
0
0
NS_M6_1
0
1
16
13018019 13018020 13018021 13019019 13019020 13019021 13020019 13020020 14018019 14018020 14018021 14019019 14019020 14019021 14020019 14020020 
0
0
NS_M6_2
0
1
16
13000019 13000020 13001019 13001020 13001021 13002019 13002020 13002021 14000019 14000020 14001019 14001020 14001021 14002019 14002020 14002021 
0
0
NS_M6_3
0
1
16
13018001 13018002 13018003 13019001 13019002 13019003 13020002 13020003 14018001 14018002 14018003 14019001 14019002 14019003 14020002 14020003 
0
0
NS_M6_4
0
1
16
13000002 13000003 13001001 13001002 13001003 13002001 13002002 13002003 14000002 14000003 14001001 14001002 14001003 14002001 14002002 14002003 
0
0
0
0
13
S_NS_ARM_SPIDER
0
0
0
1
PART-1-1
1
0
20
45004009
1
45004010
1
45005008
1
45005009
1
45005010
1
45007016
1
45008016
1
45008017
1
45009016
1
45009017
1
45011005
1
45011006
1
45012005
1
45012006
1
45013006
1
45015012
1
45015013
1
45015014
1
45016012
1
45016013
1
S_NS_M5_1
0
0
0
1
PART-1-1
1
0
10
32012018
1
32013017
1
32013018
1
32013019
1
32014018
1
33012018
1
33013017
1
33013018
1
33013019
1
33014018
1
S_NS_M5_2
0
0
0
1
PART-1-1
1
0
10
32016014
1
32017013
1
32017014
1
32017015
1
32018014
1
33016014
1
33017013
1
33017014
1
33017015
1
33018014
1
S_NS_M5_3
0
0
0
1
PART-1-1
1
0
10
32016008
1
32017007
1
32017008
1
32017009
1
32018008
1
33016008
1
33017007
1
33017008
1
33017009
1
33018008
1
S_NS_M5_4
0
0
0
1
PART-1-1
1
0
10
32012004
1
32013003
1
32013004
1
32013005
1
32014004
1
33012004
1
33013003
1
33013004
1
33013005
1
33014004
1
S_NS_M5_5
0
0
0
1
PART-1-1
1
0
10
32006004
1
32007003
1
32007004
1
32007005
1
32008004
1
33006004
1
33007003
1
33007004
1
33007005
1
33008004
1
S_NS_M5_6
0
0
0
1
PART-1-1
1
0
10
32002008
1
32003007
1
32003008
1
32003009
1
32004008
1
33002008
1
33003007
1
33003008
1
33003009
1
33004008
1
S_NS_M5_7
0
0
0
1
PART-1-1
1
0
10
32002014
1
32003013
1
32003014
1
32003015
1
32004014
1
33002014
1
33003013
1
33003014
1
33003015
1
33004014
1
S_NS_M5_8
0
0
0
1
PART-1-1
1
0
10
32006018
1
32007017
1
32007018
1
32007019
1
32008018
1
33006018
1
33007017
1
33007018
1
33007019
1
33008018
1
S_NS_M6_1
0
0
0
1
PART-1-1
1
0
16
13018019
1
13018020
1
13018021
1
13019019
1
13019020
1
13019021
1
13020019
1
13020020
1
14018019
1
14018020
1
14018021
1
14019019
1
14019020
1
14019021
1
14020019
1
14020020
1
S_NS_M6_2
0
0
0
1
PART-1-1
1
0
16
13000019
1
13000020
1
13001019
1
13001020
1
13001021
1
13002019
1
13002020
1
13002021
1
14000019
1
14000020
1
14001019
1
14001020
1
14001021
1
14002019
1
14002020
1
14002021
1
S_NS_M6_3
0
0
0
1
PART-1-1
1
0
16
13018001
1
13018002
1
13018003
1
13019001
1
13019002
1
13019003
1
13020002
1
13020003
1
14018001
1
14018002
1
14018003
1
14019001
1
14019002
1
14019003
1
14020002
1
14020003
1
S_NS_M6_4
0
0
0
1
PART-1-1
1
0
16
13000002
1
13000003
1
13001001
1
13001002
1
13001003
1
13002001
1
13002002
1
13002003
1
14000002
1
14000003
1
14001001
1
14001002
1
14001003
1
14002001
1
14002002
1
14002003
1
