0
1
0
Assembly-1
1
PART-1-1
PART-1
1
PART-1-1
621
-2147483647
0
2476 1 16 612 0 1 0 -1 -1 4000 136 -1342177142 -1342177138 -1342177134 -1342177130 -1342177126 -1342177122 -1342177118 -1342177114 -1342177110 -1342177106 -1342177102 -1342177098 -1342177094 -1342177090 -1342177086 -1342177082 -1342177078 -1342177074 -1342177070 -1342177066 -1342177062 -1342177058 -1342177054 -1342177050 -1342177046 -1342177042 -1342177038 -1342177034 -1342177030 -1342177026 -1342177022 -1342177018 -1342177014 -1342177010 -1342177006 -1342177002 -1342176998 -1342176994 -1342176990 -1342176986 -1342176982 -1342176978 -1342176974 -1342176970 -1342176966 -1342176962 -1342176958 -1342176954 -1342176950 -1342176946 -1342176942 -1342176938 -1342176934 -1342176930 -1342176926 -1342176922 -1342176918 -1342176914 -1342176910 -1342176906 -1342176902 -1342176898 -1342176894 -1342176890 -1342176886 -1342176882 -1342176878 -1342176874 -1342176870 -1342176866 -1342176862 -1342176858 -1879047766 -1879047764 -1879047762 -1342176848 -1879047756 -1342176842 -1342176838 -1342176834 -1879047742 -1342176828 -1879047736 -1879047734 -1342176820 -1879047728 -1879047726 -1342176812 -1879047720 -1342176806 -1342176802 -1342176798 -1879047706 -1342176792 -1879047700 -1879047698 -1342176784 -1879047692 -1879047690 -1342176776 -1879047684 -1342176770 -1342176766 -1342176762 -1879047670 -1342176756 -1879047664 -1879047662 -1342176748 -1879047656 -1879047654 -1342176740 -1879047648 -1342176734 -1342176730 -1342176726 -1879047634 -1342176720 -1879047628 -1879047626 -1342176712 -1879047620 -1879047618 -1342176704 -1879047612 -1342176698 -1342176694 -1342176690 -1879047598 -1342176684 -1879047592 -1879047590 -1879047588 -1879047586 -1879047584 -1879047582 1000001 17 7 1000 1007001 7 2 10 1008001 7 2 10 1009001 7 2 10 1010001 17 7 1000 2000001 17 7 1000 2007001 7 2 10 2008001 7 2 10 2009001 7 2 10 2010001 17 7 1000 3000001 17 7 1000 3007001 7 2 10 3008001 7 2 10 3009001 7 2 10 3010001 17 7 1000 4000001 17 7 1000 4007001 7 2 10 4008001 7 2 10 4009001 7 2 10 4010001 17 7 1000 5000001 17 7 1000 5007001 7 2 10 5008001 7 2 10 5009001 7 2 10 5010001 17 7 1000 6000001 17 4 1000 6004001 6 2 11 6005001 5 2 12 6006001 4 2 13 6007001 4 2 13 6008001 4 2 13 6009001 4 2 13 6010001 4 2 13 6011001 5 2 12 6012001 6 2 11 6013001 17 4 1000 7000001 17 4 1000 7004001 6 2 11 7005001 5 2 12 7006001 4 2 13 7007001 4 2 13 7008001 4 2 13 7009001 4 2 13 7010001 4 2 13 7011001 5 2 12 7012001 6 2 11 7013001 17 4 1000 8000001 17 4 1000 8004001 6 2 11 8005001 5 2 12 8006001 4 2 13 8007001 4 2 13 8008001 4 2 13 8009001 4 2 13 8010001 4 2 13 8011001 5 2 12 8012001 6 2 11 8013001 17 4 1000 9000001 17 4 1000 9004001 6 2 11 9005001 5 2 12 9006001 4 2 13 9007001 4 2 13 9008001 4 2 13 9009001 4 2 13 9010001 4 2 13 9011001 5 2 12 9012001 6 2 11 9013001 17 4 1000 10000001 17 17 1000 11000001 17 17 1000 12000001 17 17 1000 13001007 5 13002005 9 13003004 11 13004003 13 2 1000 13006002 15 13007002 6 2 9 13008002 6 2 9 13009002 6 2 9 13010002 15 13011003 13 2 1000 13013004 11 13014005 9 13015007 5 2 986000 14002005 9 14003004 11 14004003 13 2 1000 14006002 15 14007002 6 2 9 14008002 6 2 9 14009002 6 2 9 14010002 15 14011003 13 2 1000 14013004 11 14014005 9 14015007 5 2 986000 15002005 9 15003004 11 15004003 13 2 1000 15006002 15 15007002 6 2 9 15008002 6 2 9 15009002 6 2 9 15010002 15 15011003 13 2 1000 15013004 11 15014005 9 15015007 5 2 986000 16002005 9 16003004 11 16004003 13 2 1000 16006002 15 16007002 6 2 9 16008002 6 2 9 16009002 6 2 9 16010002 15 16011003 13 2 1000 16013004 11 16014005 9 16015007 5 2 986000 17002005 9 17003004 11 17004003 13 2 1000 17006002 15 17007002 6 2 9 17008002 6 2 9 17009002 6 2 9 17010002 15 17011003 13 2 1000 17013004 11 17014005 9 17015007 5 99000000 1 99000100 4 99000200 8 
0
1
PART-1-1
14
-2147483647
0
48 1 16 5 0 1 0 -1 -1 2672 1 -1879048189 1 2672 
0
0
1
PART-1-1
5
EALL
0
1
14
-2147483647
48 1 16 5 0 1 0 -1 -1 2672 1 -1879048189 1 2672 
0
0
EBRIDGE
0
1
14
-2147483647
48 1 16 5 0 1 0 -1 -1 960 1 -1879048189 1 960 
0
0
EPROBES
0
1
4
355 943 1820 2657 
0
0
ESTAGEA
0
1
14
-2147483647
48 1 16 5 0 1 0 -1 -1 528 1 -1879048189 2145 528 
0
0
ESTAGEB
0
1
14
-2147483647
48 1 16 5 0 1 0 -1 -1 1184 1 -1879048189 961 1184 
0
0
0
0
1
PART-1-1
15
NFIXED
0
1
36
-2147483647
136 1 16 27 0 1 0 -1 -1 280 5 -1342177273 -1342177269 -1342177265 -1342177261 -1342177257 1000001 17 7 1000 1007001 7 2 10 1008001 7 2 10 1009001 7 2 10 1010001 17 7 1000 
0
0
NRP
0
1
1
99000000 
0
0
NS_ARM_SPIDER
0
1
16
17003007 17003008 17004007 17004008 17006013 17006014 17007013 17007014 17009004 17009005 17010004 17010005 17012010 17012011 17013010 17013011 
0
0
NS_M5_1
0
1
8
12010014 12010015 12011014 12011015 13010014 13010015 13011014 13011015 
0
0
NS_M5_2
0
1
8
12013011 12013012 12014011 12014012 13013011 13013012 13014011 13014012 
0
0
NS_M5_3
0
1
8
12013006 12013007 12014006 12014007 13013006 13013007 13014006 13014007 
0
0
NS_M5_4
0
1
8
12010003 12010004 12011003 12011004 13010003 13010004 13011003 13011004 
0
0
NS_M5_5
0
1
8
12005003 12005004 12006003 12006004 13005003 13005004 13006003 13006004 
0
0
NS_M5_6
0
1
8
12002006 12002007 12003006 12003007 13002006 13002007 13003006 13003007 
0
0
NS_M5_7
0
1
8
12002011 12002012 12003011 12003012 13002011 13002012 13003011 13003012 
0
0
NS_M5_8
0
1
8
12005014 12005015 12006014 12006015 13005014 13005015 13006014 13006015 
0
0
NS_M6_1
0
1
10
5014016 5015015 5015016 5015017 5016016 6014016 6015015 6015016 6015017 6016016 
0
0
NS_M6_2
0
1
10
5000016 5001015 5001016 5001017 5002016 6000016 6001015 6001016 6001017 6002016 
0
0
NS_M6_3
0
1
10
5014002 5015001 5015002 5015003 5016002 6014002 6015001 6015002 6015003 6016002 
0
0
NS_M6_4
0
1
10
5000002 5001001 5001002 5001003 5002002 6000002 6001001 6001002 6001003 6002002 
0
0
0
0
13
S_NS_ARM_SPIDER
0
0
0
1
PART-1-1
1
0
16
17003007
1
17003008
1
17004007
1
17004008
1
17006013
1
17006014
1
17007013
1
17007014
1
17009004
1
17009005
1
17010004
1
17010005
1
17012010
1
17012011
1
17013010
1
17013011
1
S_NS_M5_1
0
0
0
1
PART-1-1
1
0
8
12010014
1
12010015
1
12011014
1
12011015
1
13010014
1
13010015
1
13011014
1
13011015
1
S_NS_M5_2
0
0
0
1
PART-1-1
1
0
8
12013011
1
12013012
1
12014011
1
12014012
1
13013011
1
13013012
1
13014011
1
13014012
1
S_NS_M5_3
0
0
0
1
PART-1-1
1
0
8
12013006
1
12013007
1
12014006
1
12014007
1
13013006
1
13013007
1
13014006
1
13014007
1
S_NS_M5_4
0
0
0
1
PART-1-1
1
0
8
12010003
1
12010004
1
12011003
1
12011004
1
13010003
1
13010004
1
13011003
1
13011004
1
S_NS_M5_5
0
0
0
1
PART-1-1
1
0
8
12005003
1
12005004
1
12006003
1
12006004
1
13005003
1
13005004
1
13006003
1
13006004
1
S_NS_M5_6
0
0
0
1
PART-1-1
1
0
8
12002006
1
12002007
1
12003006
1
12003007
1
13002006
1
13002007
1
13003006
1
13003007
1
S_NS_M5_7
0
0
0
1
PART-1-1
1
0
8
12002011
1
12002012
1
12003011
1
12003012
1
13002011
1
13002012
1
13003011
1
13003012
1
S_NS_M5_8
0
0
0
1
PART-1-1
1
0
8
12005014
1
12005015
1
12006014
1
12006015
1
13005014
1
13005015
1
13006014
1
13006015
1
S_NS_M6_1
0
0
0
1
PART-1-1
1
0
10
5014016
1
5015015
1
5015016
1
5015017
1
5016016
1
6014016
1
6015015
1
6015016
1
6015017
1
6016016
1
S_NS_M6_2
0
0
0
1
PART-1-1
1
0
10
5000016
1
5001015
1
5001016
1
5001017
1
5002016
1
6000016
1
6001015
1
6001016
1
6001017
1
6002016
1
S_NS_M6_3
0
0
0
1
PART-1-1
1
0
10
5014002
1
5015001
1
5015002
1
5015003
1
5016002
1
6014002
1
6015001
1
6015002
1
6015003
1
6016002
1
S_NS_M6_4
0
0
0
1
PART-1-1
1
0
10
5000002
1
5001001
1
5001002
1
5001003
1
5002002
1
6000002
1
6001001
1
6001002
1
6001003
1
6002002
1
