0
1
0
Assembly-1
1
PART-1-1
PART-1
1
PART-1-1
2190
-2147483647
0
8752 1 16 2181 0 1 0 -1 -1 27102 473 -1342176805 -1342176801 -1342176797 -1342176793 -1342176789 -1342176785 -1342176781 -1342176777 -1342176773 -1342176769 -1342176765 -1342176761 -1342176757 -1342176753 -1342176749 -1342176745 -1342176741 -1342176737 -1342176733 -1342176729 -1342176725 -1342176721 -1342176717 -1342176713 -1342176709 -1342176705 -1342176701 -1342176697 -1342176693 -1342176689 -1342176685 -1342176681 -1342176677 -1342176673 -1342176669 -1342176665 -1342176661 -1342176657 -1342176653 -1342176649 -1342176645 -1342176641 -1342176637 -1342176633 -1342176629 -1342176625 -1342176621 -1342176617 -1342176613 -1342176609 -1342176605 -1342176601 -1342176597 -1342176593 -1342176589 -1342176585 -1342176581 -1342176577 -1342176573 -1342176569 -1342176565 -1342176561 -1342176557 -1342176553 -1342176549 -1342176545 -1342176541 -1342176537 -1342176533 -1342176529 -1342176525 -1342176521 -1342176517 -1342176513 -1342176509 -1342176505 -1342176501 -1342176497 -1342176493 -1342176489 -1342176485 -1342176481 -1342176477 -1342176473 -1342176469 -1342176465 -1342176461 -1342176457 -1342176453 -1342176449 -1342176445 -1342176441 -1342176437 -1342176433 -1342176429 -1342176425 -1342176421 -1342176417 -1342176413 -1342176409 -1342176405 -1342176401 -1342176397 -1342176393 -1342176389 -1342176385 -1342176381 -1342176377 -1342176373 -1342176369 -1342176365 -1342176361 -1342176357 -1342176353 -1342176349 -1342176345 -1342176341 -1342176337 -1342176333 -1342176329 -1342176325 -1342176321 -1342176317 -1342176313 -1342176309 -1342176305 -1342176301 -1342176297 -1342176293 -1342176289 -1342176285 -1342176281 -1342176277 -1342176273 -1342176269 -1342176265 -1342176261 -1342176257 -1342176253 -1342176249 -1342176245 -1342176241 -1342176237 -1342176233 -1342176229 -1342176225 -1342176221 -1342176217 -1342176213 -1342176209 -1342176205 -1342176201 -1342176197 -1342176193 -1342176189 -1342176185 -1342176181 -1342176177 -1342176173 -1342176169 -1342176165 -1342176161 -1342176157 -1342176153 -1342176149 -1342176145 -1342176141 -1342176137 -1342176133 -1342176129 -1342176125 -1342176121 -1342176117 -1342176113 -1342176109 -1342176105 -1342176101 -1342176097 -1342176093 -1342176089 -1342176085 -1342176081 -1342176077 -1342176073 -1342176069 -1342176065 -1342176061 -1342176057 -1342176053 -1342176049 -1342176045 -1342176041 -1342176037 -1342176033 -1342176029 -1342176025 -1342176021 -1342176017 -1342176013 -1342176009 -1342176005 -1342176001 -1342175997 -1342175993 -1342175989 -1342175985 -1342175981 -1342175977 -1342175973 -1342175969 -1342175965 -1342175961 -1342175957 -1342175953 -1342175949 -1342175945 -1342175941 -1342175937 -1342175933 -1342175929 -1342175925 -1342175921 -1342175917 -1342175913 -1342175909 -1342175905 -1342175901 -1342175897 -1342175893 -1342175889 -1342175885 -1342175881 -1342175877 -1342175873 -1342175869 -1342175865 -1342175861 -1342175857 -1342175853 -1342175849 -1342175845 -1342175841 -1342175837 -1342175833 -1342175829 -1342175825 -1342175821 -1342175817 -1342175813 -1342175809 -1342175805 -1342175801 -1342175797 -1342175793 -1879046701 -1879046699 -1879046697 -1879046695 -1879046693 -1879046691 -1342175777 -1342175773 -1342175769 -1342175765 -1342175761 -1342175757 -1342175753 -1342175749 -1342175745 -1342175741 -1342175737 -1342175733 -1342175729 -1879046637 -1879046635 -1879046633 -1879046631 -1879046629 -1342175715 -1879046623 -1879046621 -1879046619 -1879046617 -1879046615 -1342175701 -1342175697 -1342175693 -1342175689 -1342175685 -1342175681 -1342175677 -1342175673 -1342175669 -1342175665 -1342175661 -1342175657 -1342175653 -1879046561 -1879046559 -1879046557 -1879046555 -1879046553 -1342175639 -1879046547 -1879046545 -1879046543 -1879046541 -1879046539 -1342175625 -1342175621 -1342175617 -1342175613 -1342175609 -1342175605 -1342175601 -1342175597 -1342175593 -1342175589 -1342175585 -1342175581 -1342175577 -1879046485 -1879046483 -1879046481 -1879046479 -1879046477 -1342175563 -1879046471 -1879046469 -1879046467 -1879046465 -1879046463 -1342175549 -1342175545 -1342175541 -1342175537 -1342175533 -1342175529 -1342175525 -1342175521 -1342175517 -1342175513 -1342175509 -1342175505 -1342175501 -1879046409 -1879046407 -1879046405 -1879046403 -1879046401 -1342175487 -1879046395 -1879046393 -1879046391 -1879046389 -1879046387 -1342175473 -1342175469 -1342175465 -1342175461 -1342175457 -1342175453 -1342175449 -1342175445 -1342175441 -1342175437 -1342175433 -1342175429 -1342175425 -1879046333 -1879046331 -1879046329 -1879046327 -1879046325 -1342175411 -1879046319 -1879046317 -1879046315 -1879046313 -1879046311 -1342175397 -1342175393 -1342175389 -1342175385 -1342175381 -1342175377 -1342175373 -1342175369 -1342175365 -1342175361 -1342175357 -1342175353 -1342175349 -1879046257 -1879046255 -1879046253 -1879046251 -1879046249 -1342175335 -1879046243 -1879046241 -1879046239 -1879046237 -1879046235 -1342175321 -1342175317 -1342175313 -1342175309 -1342175305 -1342175301 -1342175297 -1342175293 -1342175289 -1342175285 -1342175281 -1342175277 -1342175273 -1879046181 -1879046179 -1879046177 -1879046175 -1879046173 -1342175259 -1879046167 -1879046165 -1879046163 -1879046161 -1879046159 -1342175245 -1342175241 -1342175237 -1342175233 -1342175229 -1342175225 -1342175221 -1342175217 -1342175213 -1342175209 -1342175205 -1342175201 -1342175197 -1879046105 -1879046103 -1879046101 -1879046099 -1879046097 -1342175183 -1879046091 -1879046089 -1879046087 -1879046085 -1879046083 -1342175169 -1342175165 -1342175161 -1342175157 -1342175153 -1342175149 -1342175145 -1342175141 -1342175137 -1342175133 -1342175129 -1342175125 -1342175121 -1879046029 -1879046027 -1879046025 -1879046023 -1879046021 -1342175107 -1879046015 -1879046013 1000001 33 13 1000 1013001 14 2 19 1014001 13 2 20 1015001 13 2 20 1016001 13 2 20 1017001 13 2 20 1018001 13 2 20 1019001 14 2 19 1020001 33 13 1000 2000001 33 13 1000 2013001 14 2 19 2014001 13 2 20 2015001 13 2 20 2016001 13 2 20 2017001 13 2 20 2018001 13 2 20 2019001 14 2 19 2020001 33 13 1000 3000001 33 13 1000 3013001 14 2 19 3014001 13 2 20 3015001 13 2 20 3016001 13 2 20 3017001 13 2 20 3018001 13 2 20 3019001 14 2 19 3020001 33 13 1000 4000001 33 13 1000 4013001 14 2 19 4014001 13 2 20 4015001 13 2 20 4016001 13 2 20 4017001 13 2 20 4018001 13 2 20 4019001 14 2 19 4020001 33 13 1000 5000001 33 13 1000 5013001 14 2 19 5014001 13 2 20 5015001 13 2 20 5016001 13 2 20 5017001 13 2 20 5018001 13 2 20 5019001 14 2 19 5020001 33 13 1000 6000001 33 13 1000 6013001 14 2 19 6014001 13 2 20 6015001 13 2 20 6016001 13 2 20 6017001 13 2 20 6018001 13 2 20 6019001 14 2 19 6020001 33 13 1000 7000001 33 13 1000 7013001 14 2 19 7014001 13 2 20 7015001 13 2 20 7016001 13 2 20 7017001 13 2 20 7018001 13 2 20 7019001 14 2 19 7020001 33 13 1000 8000001 33 13 1000 8013001 14 2 19 8014001 13 2 20 8015001 13 2 20 8016001 13 2 20 8017001 13 2 20 8018001 13 2 20 8019001 14 2 19 8020001 33 13 1000 9000001 33 13 1000 9013001 14 2 19 9014001 13 2 20 9015001 13 2 20 9016001 13 2 20 9017001 13 2 20 9018001 13 2 20 9019001 14 2 19 9020001 33 13 1000 10000001 33 7 1000 10007001 12 2 21 10008001 11 2 22 10009001 9 2 24 10010001 9 2 24 10011001 8 2 25 10012001 7 2 26 10013001 7 2 26 10014001 7 2 26 10015001 7 2 26 10016001 7 2 26 10017001 7 2 26 10018001 7 2 26 10019001 7 2 26 10020001 7 2 26 10021001 8 2 25 10022001 9 2 24 10023001 9 2 24 10024001 11 2 22 10025001 12 2 21 10026001 33 7 1000 11000001 33 7 1000 11007001 12 2 21 11008001 11 2 22 11009001 9 2 24 11010001 9 2 24 11011001 8 2 25 11012001 7 2 26 11013001 7 2 26 11014001 7 2 26 11015001 7 2 26 11016001 7 2 26 11017001 7 2 26 11018001 7 2 26 11019001 7 2 26 11020001 7 2 26 11021001 8 2 25 11022001 9 2 24 11023001 9 2 24 11024001 11 2 22 11025001 12 2 21 11026001 33 7 1000 12000001 33 7 1000 12007001 12 2 21 12008001 11 2 22 12009001 9 2 24 12010001 9 2 24 12011001 8 2 25 12012001 7 2 26 12013001 7 2 26 12014001 7 2 26 12015001 7 2 26 12016001 7 2 26 12017001 7 2 26 12018001 7 2 26 12019001 7 2 26 12020001 7 2 26 12021001 8 2 25 12022001 9 2 24 12023001 9 2 24 12024001 11 2 22 12025001 12 2 21 12026001 33 7 1000 13000001 33 7 1000 13007001 12 2 21 13008001 11 2 22 13009001 9 2 24 13010001 9 2 24 13011001 8 2 25 13012001 7 2 26 13013001 7 2 26 13014001 7 2 26 13015001 7 2 26 13016001 7 2 26 13017001 7 2 26 13018001 7 2 26 13019001 7 2 26 13020001 7 2 26 13021001 8 2 25 13022001 9 2 24 13023001 9 2 24 13024001 11 2 22 13025001 12 2 21 13026001 33 7 1000 14000001 33 7 1000 14007001 12 2 21 14008001 11 2 22 14009001 9 2 24 14010001 9 2 24 14011001 8 2 25 14012001 7 2 26 14013001 7 2 26 14014001 7 2 26 14015001 7 2 26 14016001 7 2 26 14017001 7 2 26 14018001 7 2 26 14019001 7 2 26 14020001 7 2 26 14021001 8 2 25 14022001 9 2 24 14023001 9 2 24 14024001 11 2 22 14025001 12 2 21 14026001 33 7 1000 15000001 33 7 1000 15007001 12 2 21 15008001 11 2 22 15009001 9 2 24 15010001 9 2 24 15011001 8 2 25 15012001 7 2 26 15013001 7 2 26 15014001 7 2 26 15015001 7 2 26 15016001 7 2 26 15017001 7 2 26 15018001 7 2 26 15019001 7 2 26 15020001 7 2 26 15021001 8 2 25 15022001 9 2 24 15023001 9 2 24 15024001 11 2 22 15025001 12 2 21 15026001 33 7 1000 16000001 33 7 1000 16007001 12 2 21 16008001 11 2 22 16009001 9 2 24 16010001 9 2 24 16011001 8 2 25 16012001 7 2 26 16013001 7 2 26 16014001 7 2 26 16015001 7 2 26 16016001 7 2 26 16017001 7 2 26 16018001 7 2 26 16019001 7 2 26 16020001 7 2 26 16021001 8 2 25 16022001 9 2 24 16023001 9 2 24 16024001 11 2 22 16025001 12 2 21 16026001 33 7 1000 17000001 33 7 1000 17007001 12 2 21 17008001 11 2 22 17009001 9 2 24 17010001 9 2 24 17011001 8 2 25 17012001 7 2 26 17013001 7 2 26 17014001 7 2 26 17015001 7 2 26 17016001 7 2 26 17017001 7 2 26 17018001 7 2 26 17019001 7 2 26 17020001 7 2 26 17021001 8 2 25 17022001 9 2 24 17023001 9 2 24 17024001 11 2 22 17025001 12 2 21 17026001 33 7 1000 18000001 33 33 1000 19000001 33 33 1000 20000001 33 33 1000 21000001 33 33 1000 22000001 33 33 1000 23001017 1 23002012 11 23003010 15 23004008 19 23005007 21 23006006 23 23007005 25 2 1000 23009004 27 2 1000 23011003 29 2 1000 23013003 12 2 17 23014003 11 2 18 23015003 11 2 18 23016002 12 2 19 23017003 11 2 18 23018003 11 2 18 23019003 12 2 17 23020003 29 2 1000 23022004 27 2 1000 23024005 25 2 1000 23026006 23 23027007 21 23028008 19 23029010 15 23030012 11 23031017 1 2 970000 24002012 11 24003010 15 24004008 19 24005007 21 24006006 23 24007005 25 2 1000 24009004 27 2 1000 24011003 29 2 1000 24013003 12 2 17 24014003 11 2 18 24015003 11 2 18 24016002 12 2 19 24017003 11 2 18 24018003 11 2 18 24019003 12 2 17 24020003 29 2 1000 24022004 27 2 1000 24024005 25 2 1000 24026006 23 24027007 21 24028008 19 24029010 15 24030012 11 24031017 1 2 970000 25002012 11 25003010 15 25004008 19 25005007 21 25006006 23 25007005 25 2 1000 25009004 27 2 1000 25011003 29 2 1000 25013003 12 2 17 25014003 11 2 18 25015003 11 2 18 25016002 12 2 19 25017003 11 2 18 25018003 11 2 18 25019003 12 2 17 25020003 29 2 1000 25022004 27 2 1000 25024005 25 2 1000 25026006 23 25027007 21 25028008 19 25029010 15 25030012 11 25031017 1 2 970000 26002012 11 26003010 15 26004008 19 26005007 21 26006006 23 26007005 25 2 1000 26009004 27 2 1000 26011003 29 2 1000 26013003 12 2 17 26014003 11 2 18 26015003 11 2 18 26016002 12 2 19 26017003 11 2 18 26018003 11 2 18 26019003 12 2 17 26020003 29 2 1000 26022004 27 2 1000 26024005 25 2 1000 26026006 23 26027007 21 26028008 19 26029010 15 26030012 11 26031017 1 2 970000 27002012 11 27003010 15 27004008 19 27005007 21 27006006 23 27007005 25 2 1000 27009004 27 2 1000 27011003 29 2 1000 27013003 12 2 17 27014003 11 2 18 27015003 11 2 18 27016002 12 2 19 27017003 11 2 18 27018003 11 2 18 27019003 12 2 17 27020003 29 2 1000 27022004 27 2 1000 27024005 25 2 1000 27026006 23 27027007 21 27028008 19 27029010 15 27030012 11 27031017 1 2 970000 28002012 11 28003010 15 28004008 19 28005007 21 28006006 23 28007005 25 2 1000 28009004 27 2 1000 28011003 29 2 1000 28013003 12 2 17 28014003 11 2 18 28015003 11 2 18 28016002 12 2 19 28017003 11 2 18 28018003 11 2 18 28019003 12 2 17 28020003 29 2 1000 28022004 27 2 1000 28024005 25 2 1000 28026006 23 28027007 21 28028008 19 28029010 15 28030012 11 28031017 1 2 970000 29002012 11 29003010 15 29004008 19 29005007 21 29006006 23 29007005 25 2 1000 29009004 27 2 1000 29011003 29 2 1000 29013003 12 2 17 29014003 11 2 18 29015003 11 2 18 29016002 12 2 19 29017003 11 2 18 29018003 11 2 18 29019003 12 2 17 29020003 29 2 1000 29022004 27 2 1000 29024005 25 2 1000 29026006 23 29027007 21 29028008 19 29029010 15 29030012 11 29031017 1 2 970000 30002012 11 30003010 15 30004008 19 30005007 21 30006006 23 30007005 25 2 1000 30009004 27 2 1000 30011003 29 2 1000 30013003 12 2 17 30014003 11 2 18 30015003 11 2 18 30016002 12 2 19 30017003 11 2 18 30018003 11 2 18 30019003 12 2 17 30020003 29 2 1000 30022004 27 2 1000 30024005 25 2 1000 30026006 23 30027007 21 30028008 19 30029010 15 30030012 11 30031017 1 2 970000 31002012 11 31003010 15 31004008 19 31005007 21 31006006 23 31007005 25 2 1000 31009004 27 2 1000 31011003 29 2 1000 31013003 12 2 17 31014003 11 2 18 31015003 11 2 18 31016002 12 2 19 31017003 11 2 18 31018003 11 2 18 31019003 12 2 17 31020003 29 2 1000 31022004 27 2 1000 31024005 25 2 1000 31026006 23 31027007 21 31028008 19 31029010 15 31030012 11 31031017 1 2 67968983 99000100 4 99000200 8 
0
1
PART-1-1
14
-2147483647
0
48 1 16 5 0 1 0 -1 -1 21952 1 -1879048189 1 21952 
0
0
1
PART-1-1
5
EALL
0
1
14
-2147483647
48 1 16 5 0 1 0 -1 -1 21952 1 -1879048189 1 21952 
0
0
EBRIDGE
0
1
14
-2147483647
48 1 16 5 0 1 0 -1 -1 7712 1 -1879048189 1 7712 
0
0
EPROBES
0
1
4
3363 7613 13912 21860 
0
0
ESTAGEA
0
1
14
-2147483647
48 1 16 5 0 1 0 -1 -1 4704 1 -1879048189 17249 4704 
0
0
ESTAGEB
0
1
14
-2147483647
48 1 16 5 0 1 0 -1 -1 9536 1 -1879048189 7713 9536 
0
0
0
0
1
PART-1-1
15
NFIXED
0
1
56
-2147483647
216 1 16 47 0 1 0 -1 -1 1044 9 -1342177269 -1342177265 -1342177261 -1342177257 -1342177253 -1342177249 -1342177245 -1342177241 -1342177237 1000001 33 13 1000 1013001 14 2 19 1014001 13 2 20 1015001 13 2 20 1016001 13 2 20 1017001 13 2 20 1018001 13 2 20 1019001 14 2 19 1020001 33 13 1000 
0
0
NRP
0
1
1
99000000 
0
0
NS_ARM_SPIDER
0
1
56
31006013 31006014 31006015 31007012 31007013 31007014 31007015 31008012 31008013 31008014 31008015 31009013 31009014 31009015 31011025 31011026 31012024 31012025 31012026 31012027 31013024 31013025 31013026 31013027 31014024 31014025 31014026 31014027 31018007 31018008 31018009 31018010 31019007 31019008 31019009 31019010 31020007 31020008 31020009 31020010 31021008 31021009 31023019 31023020 31023021 31024019 31024020 31024021 31024022 31025019 31025020 31025021 31025022 31026019 31026020 31026021 
0
0
NS_M5_1
0
1
28
22019028 22019029 22020027 22020028 22020029 22020030 22021027 22021028 22021029 22021030 22022027 22022028 22022029 22022030 23019028 23019029 23020027 23020028 23020029 23020030 23021027 23021028 23021029 23021030 23022027 23022028 23022029 23022030 
0
0
NS_M5_2
0
1
28
22026021 22026022 22026023 22027020 22027021 22027022 22027023 22028020 22028021 22028022 22028023 22029021 22029022 22029023 23026021 23026022 23026023 23027020 23027021 23027022 23027023 23028020 23028021 23028022 23028023 23029021 23029022 23029023 
0
0
NS_M5_3
0
1
28
22026011 22026012 22026013 22027011 22027012 22027013 22027014 22028011 22028012 22028013 22028014 22029011 22029012 22029013 23026011 23026012 23026013 23027011 23027012 23027013 23027014 23028011 23028012 23028013 23028014 23029011 23029012 23029013 
0
0
NS_M5_4
0
1
28
22019005 22019006 22020004 22020005 22020006 22020007 22021004 22021005 22021006 22021007 22022004 22022005 22022006 22022007 23019005 23019006 23020004 23020005 23020006 23020007 23021004 23021005 23021006 23021007 23022004 23022005 23022006 23022007 
0
0
NS_M5_5
0
1
28
22010004 22010005 22010006 22010007 22011004 22011005 22011006 22011007 22012004 22012005 22012006 22012007 22013005 22013006 23010004 23010005 23010006 23010007 23011004 23011005 23011006 23011007 23012004 23012005 23012006 23012007 23013005 23013006 
0
0
NS_M5_6
0
1
28
22003011 22003012 22003013 22004011 22004012 22004013 22004014 22005011 22005012 22005013 22005014 22006011 22006012 22006013 23003011 23003012 23003013 23004011 23004012 23004013 23004014 23005011 23005012 23005013 23005014 23006011 23006012 23006013 
0
0
NS_M5_7
0
1
28
22003021 22003022 22003023 22004020 22004021 22004022 22004023 22005020 22005021 22005022 22005023 22006021 22006022 22006023 23003021 23003022 23003023 23004020 23004021 23004022 23004023 23005020 23005021 23005022 23005023 23006021 23006022 23006023 
0
0
NS_M5_8
0
1
28
22010027 22010028 22010029 22010030 22011027 22011028 22011029 22011030 22012027 22012028 22012029 22012030 22013028 22013029 23010027 23010028 23010029 23010030 23011027 23011028 23011029 23011030 23012027 23012028 23012029 23012030 23013028 23013029 
0
0
NS_M6_1
0
1
42
9028030 9028031 9028032 9029029 9029030 9029031 9029032 9029033 9030029 9030030 9030031 9030032 9030033 9031029 9031030 9031031 9031032 9031033 9032030 9032031 9032032 10028030 10028031 10028032 10029029 10029030 10029031 10029032 10029033 10030029 10030030 10030031 10030032 10030033 10031029 10031030 10031031 10031032 10031033 10032030 10032031 10032032 
0
0
NS_M6_2
0
1
42
9000030 9000031 9000032 9001029 9001030 9001031 9001032 9001033 9002029 9002030 9002031 9002032 9002033 9003029 9003030 9003031 9003032 9003033 9004030 9004031 9004032 10000030 10000031 10000032 10001029 10001030 10001031 10001032 10001033 10002029 10002030 10002031 10002032 10002033 10003029 10003030 10003031 10003032 10003033 10004030 10004031 10004032 
0
0
NS_M6_3
0
1
42
9028002 9028003 9028004 9029001 9029002 9029003 9029004 9029005 9030001 9030002 9030003 9030004 9030005 9031001 9031002 9031003 9031004 9031005 9032002 9032003 9032004 10028002 10028003 10028004 10029001 10029002 10029003 10029004 10029005 10030001 10030002 10030003 10030004 10030005 10031001 10031002 10031003 10031004 10031005 10032002 10032003 10032004 
0
0
NS_M6_4
0
1
42
9000002 9000003 9000004 9001001 9001002 9001003 9001004 9001005 9002001 9002002 9002003 9002004 9002005 9003001 9003002 9003003 9003004 9003005 9004002 9004003 9004004 10000002 10000003 10000004 10001001 10001002 10001003 10001004 10001005 10002001 10002002 10002003 10002004 10002005 10003001 10003002 10003003 10003004 10003005 10004002 10004003 10004004 
0
0
0
0
13
S_NS_ARM_SPIDER
0
0
0
1
PART-1-1
1
0
56
31006013
1
31006014
1
31006015
1
31007012
1
31007013
1
31007014
1
31007015
1
31008012
1
31008013
1
31008014
1
31008015
1
31009013
1
31009014
1
31009015
1
31011025
1
31011026
1
31012024
1
31012025
1
31012026
1
31012027
1
31013024
1
31013025
1
31013026
1
31013027
1
31014024
1
31014025
1
31014026
1
31014027
1
31018007
1
31018008
1
31018009
1
31018010
1
31019007
1
31019008
1
31019009
1
31019010
1
31020007
1
31020008
1
31020009
1
31020010
1
31021008
1
31021009
1
31023019
1
31023020
1
31023021
1
31024019
1
31024020
1
31024021
1
31024022
1
31025019
1
31025020
1
31025021
1
31025022
1
31026019
1
31026020
1
31026021
1
S_NS_M5_1
0
0
0
1
PART-1-1
1
0
28
22019028
1
22019029
1
22020027
1
22020028
1
22020029
1
22020030
1
22021027
1
22021028
1
22021029
1
22021030
1
22022027
1
22022028
1
22022029
1
22022030
1
23019028
1
23019029
1
23020027
1
23020028
1
23020029
1
23020030
1
23021027
1
23021028
1
23021029
1
23021030
1
23022027
1
23022028
1
23022029
1
23022030
1
S_NS_M5_2
0
0
0
1
PART-1-1
1
0
28
22026021
1
22026022
1
22026023
1
22027020
1
22027021
1
22027022
1
22027023
1
22028020
1
22028021
1
22028022
1
22028023
1
22029021
1
22029022
1
22029023
1
23026021
1
23026022
1
23026023
1
23027020
1
23027021
1
23027022
1
23027023
1
23028020
1
23028021
1
23028022
1
23028023
1
23029021
1
23029022
1
23029023
1
S_NS_M5_3
0
0
0
1
PART-1-1
1
0
28
22026011
1
22026012
1
22026013
1
22027011
1
22027012
1
22027013
1
22027014
1
22028011
1
22028012
1
22028013
1
22028014
1
22029011
1
22029012
1
22029013
1
23026011
1
23026012
1
23026013
1
23027011
1
23027012
1
23027013
1
23027014
1
23028011
1
23028012
1
23028013
1
23028014
1
23029011
1
23029012
1
23029013
1
S_NS_M5_4
0
0
0
1
PART-1-1
1
0
28
22019005
1
22019006
1
22020004
1
22020005
1
22020006
1
22020007
1
22021004
1
22021005
1
22021006
1
22021007
1
22022004
1
22022005
1
22022006
1
22022007
1
23019005
1
23019006
1
23020004
1
23020005
1
23020006
1
23020007
1
23021004
1
23021005
1
23021006
1
23021007
1
23022004
1
23022005
1
23022006
1
23022007
1
S_NS_M5_5
0
0
0
1
PART-1-1
1
0
28
22010004
1
22010005
1
22010006
1
22010007
1
22011004
1
22011005
1
22011006
1
22011007
1
22012004
1
22012005
1
22012006
1
22012007
1
22013005
1
22013006
1
23010004
1
23010005
1
23010006
1
23010007
1
23011004
1
23011005
1
23011006
1
23011007
1
23012004
1
23012005
1
23012006
1
23012007
1
23013005
1
23013006
1
S_NS_M5_6
0
0
0
1
PART-1-1
1
0
28
22003011
1
22003012
1
22003013
1
22004011
1
22004012
1
22004013
1
22004014
1
22005011
1
22005012
1
22005013
1
22005014
1
22006011
1
22006012
1
22006013
1
23003011
1
23003012
1
23003013
1
23004011
1
23004012
1
23004013
1
23004014
1
23005011
1
23005012
1
23005013
1
23005014
1
23006011
1
23006012
1
23006013
1
S_NS_M5_7
0
0
0
1
PART-1-1
1
0
28
22003021
1
22003022
1
22003023
1
22004020
1
22004021
1
22004022
1
22004023
1
22005020
1
22005021
1
22005022
1
22005023
1
22006021
1
22006022
1
22006023
1
23003021
1
23003022
1
23003023
1
23004020
1
23004021
1
23004022
1
23004023
1
23005020
1
23005021
1
23005022
1
23005023
1
23006021
1
23006022
1
23006023
1
S_NS_M5_8
0
0
0
1
PART-1-1
1
0
28
22010027
1
22010028
1
22010029
1
22010030
1
22011027
1
22011028
1
22011029
1
22011030
1
22012027
1
22012028
1
22012029
1
22012030
1
22013028
1
22013029
1
23010027
1
23010028
1
23010029
1
23010030
1
23011027
1
23011028
1
23011029
1
23011030
1
23012027
1
23012028
1
23012029
1
23012030
1
23013028
1
23013029
1
S_NS_M6_1
0
0
0
1
PART-1-1
1
0
42
9028030
1
9028031
1
9028032
1
9029029
1
9029030
1
9029031
1
9029032
1
9029033
1
9030029
1
9030030
1
9030031
1
9030032
1
9030033
1
9031029
1
9031030
1
9031031
1
9031032
1
9031033
1
9032030
1
9032031
1
9032032
1
10028030
1
10028031
1
10028032
1
10029029
1
10029030
1
10029031
1
10029032
1
10029033
1
10030029
1
10030030
1
10030031
1
10030032
1
10030033
1
10031029
1
10031030
1
10031031
1
10031032
1
10031033
1
10032030
1
10032031
1
10032032
1
S_NS_M6_2
0
0
0
1
PART-1-1
1
0
42
9000030
1
9000031
1
9000032
1
9001029
1
9001030
1
9001031
1
9001032
1
9001033
1
9002029
1
9002030
1
9002031
1
9002032
1
9002033
1
9003029
1
9003030
1
9003031
1
9003032
1
9003033
1
9004030
1
9004031
1
9004032
1
10000030
1
10000031
1
10000032
1
10001029
1
10001030
1
10001031
1
10001032
1
10001033
1
10002029
1
10002030
1
10002031
1
10002032
1
10002033
1
10003029
1
10003030
1
10003031
1
10003032
1
10003033
1
10004030
1
10004031
1
10004032
1
S_NS_M6_3
0
0
0
1
PART-1-1
1
0
42
9028002
1
9028003
1
9028004
1
9029001
1
9029002
1
9029003
1
9029004
1
9029005
1
9030001
1
9030002
1
9030003
1
9030004
1
9030005
1
9031001
1
9031002
1
9031003
1
9031004
1
9031005
1
9032002
1
9032003
1
9032004
1
10028002
1
10028003
1
10028004
1
10029001
1
10029002
1
10029003
1
10029004
1
10029005
1
10030001
1
10030002
1
10030003
1
10030004
1
10030005
1
10031001
1
10031002
1
10031003
1
10031004
1
10031005
1
10032002
1
10032003
1
10032004
1
S_NS_M6_4
0
0
0
1
PART-1-1
1
0
42
9000002
1
9000003
1
9000004
1
9001001
1
9001002
1
9001003
1
9001004
1
9001005
1
9002001
1
9002002
1
9002003
1
9002004
1
9002005
1
9003001
1
9003002
1
9003003
1
9003004
1
9003005
1
9004002
1
9004003
1
9004004
1
10000002
1
10000003
1
10000004
1
10001001
1
10001002
1
10001003
1
10001004
1
10001005
1
10002001
1
10002002
1
10002003
1
10002004
1
10002005
1
10003001
1
10003002
1
10003003
1
10003004
1
10003005
1
10004002
1
10004003
1
10004004
1
