0
1
0
Assembly-1
1
PART-1-1
PART-1
1
PART-1-1
2915
-2147483647
0
11652 1 16 2906 0 1 0 -1 -1 20594 610 -1342176668 -1342176664 -1342176660 -1342176656 -1342176652 -1342176648 -1342176644 -1342176640 -1342176636 -1342176632 -1342176628 -1342176624 -1342176620 -1342176616 -1342176612 -1342176608 -1342176604 -1342176600 -1342176596 -1342176592 -1342176588 -1342176584 -1342176580 -1342176576 -1342176572 -1342176568 -1342176564 -1342176560 -1342176556 -1342176552 -1342176548 -1342176544 -1342176540 -1342176536 -1342176532 -1342176528 -1342176524 -1342176520 -1342176516 -1342176512 -1342176508 -1342176504 -1342176500 -1342176496 -1342176492 -1342176488 -1342176484 -1342176480 -1342176476 -1342176472 -1342176468 -1342176464 -1342176460 -1342176456 -1342176452 -1342176448 -1342176444 -1342176440 -1342176436 -1342176432 -1342176428 -1342176424 -1342176420 -1342176416 -1342176412 -1342176408 -1342176404 -1342176400 -1342176396 -1342176392 -1342176388 -1342176384 -1342176380 -1342176376 -1342176372 -1342176368 -1342176364 -1342176360 -1342176356 -1342176352 -1342176348 -1342176344 -1342176340 -1342176336 -1342176332 -1342176328 -1342176324 -1342176320 -1342176316 -1342176312 -1342176308 -1342176304 -1342176300 -1342176296 -1342176292 -1342176288 -1342176284 -1342176280 -1342176276 -1342176272 -1342176268 -1342176264 -1342176260 -1342176256 -1342176252 -1342176248 -1342176244 -1342176240 -1342176236 -1342176232 -1342176228 -1342176224 -1342176220 -1342176216 -1342176212 -1342176208 -1342176204 -1342176200 -1342176196 -1342176192 -1342176188 -1342176184 -1342176180 -1342176176 -1342176172 -1342176168 -1342176164 -1342176160 -1342176156 -1342176152 -1342176148 -1342176144 -1342176140 -1342176136 -1342176132 -1342176128 -1342176124 -1342176120 -1342176116 -1342176112 -1342176108 -1342176104 -1342176100 -1342176096 -1342176092 -1342176088 -1342176084 -1342176080 -1342176076 -1342176072 -1342176068 -1342176064 -1342176060 -1342176056 -1342176052 -1342176048 -1342176044 -1342176040 -1342176036 -1342176032 -1342176028 -1342176024 -1342176020 -1342176016 -1342176012 -1342176008 -1342176004 -1342176000 -1342175996 -1342175992 -1342175988 -1342175984 -1342175980 -1342175976 -1342175972 -1342175968 -1342175964 -1342175960 -1342175956 -1342175952 -1342175948 -1342175944 -1342175940 -1342175936 -1342175932 -1342175928 -1342175924 -1342175920 -1342175916 -1342175912 -1342175908 -1342175904 -1342175900 -1342175896 -1342175892 -1342175888 -1342175884 -1342175880 -1342175876 -1342175872 -1342175868 -1342175864 -1342175860 -1342175856 -1342175852 -1342175848 -1342175844 -1342175840 -1342175836 -1342175832 -1342175828 -1342175824 -1342175820 -1342175816 -1342175812 -1342175808 -1342175804 -1342175800 -1342175796 -1342175792 -1342175788 -1342175784 -1342175780 -1342175776 -1342175772 -1342175768 -1342175764 -1342175760 -1342175756 -1342175752 -1342175748 -1342175744 -1342175740 -1342175736 -1342175732 -1342175728 -1342175724 -1342175720 -1342175716 -1342175712 -1342175708 -1342175704 -1342175700 -1342175696 -1342175692 -1342175688 -1342175684 -1342175680 -1342175676 -1342175672 -1342175668 -1342175664 -1342175660 -1342175656 -1342175652 -1342175648 -1342175644 -1342175640 -1342175636 -1342175632 -1342175628 -1342175624 -1342175620 -1342175616 -1342175612 -1342175608 -1342175604 -1342175600 -1342175596 -1342175592 -1342175588 -1342175584 -1342175580 -1342175576 -1342175572 -1342175568 -1342175564 -1342175560 -1342175556 -1342175552 -1342175548 -1342175544 -1342175540 -1342175536 -1342175532 -1342175528 -1342175524 -1342175520 -1342175516 -1342175512 -1342175508 -1342175504 -1342175500 -1342175496 -1342175492 -1342175488 -1342175484 -1342175480 -1342175476 -1342175472 -1342175468 -1342175464 -1342175460 -1342175456 -1342175452 -1342175448 -1342175444 -1342175440 -1342175436 -1342175432 -1342175428 -1342175424 -1342175420 -1342175416 -1342175412 -1342175408 -1342175404 -1342175400 -1342175396 -1342175392 -1342175388 -1342175384 -1342175380 -1342175376 -1342175372 -1342175368 -1342175364 -1342175360 -1342175356 -1342175352 -1342175348 -1342175344 -1342175340 -1342175336 -1342175332 -1342175328 -1342175324 -1342175320 -1342175316 -1342175312 -1342175308 -1342175304 -1342175300 -1342175296 -1342175292 -1342175288 -1342175284 -1342175280 -1342175276 -1342175272 -1342175268 -1342175264 -1342175260 -1342175256 -1342175252 -1342175248 -1342175244 -1342175240 -1342175236 -1342175232 -1342175228 -1342175224 -1342175220 -1342175216 -1342175212 -1342175208 -1342175204 -1342175200 -1879046108 -1879046106 -1879046104 -1342175190 -1342175186 -1342175182 -1342175178 -1342175174 -1342175170 -1342175166 -1342175162 -1342175158 -1879046066 -1879046064 -1342175150 -1879046058 -1879046056 -1342175142 -1342175138 -1342175134 -1342175130 -1342175126 -1342175122 -1342175118 -1342175114 -1342175110 -1879046018 -1879046016 -1342175102 -1879046010 -1879046008 -1342175094 -1342175090 -1342175086 -1342175082 -1342175078 -1342175074 -1342175070 -1342175066 -1342175062 -1879045970 -1879045968 -1342175054 -1879045962 -1879045960 -1342175046 -1342175042 -1342175038 -1342175034 -1342175030 -1342175026 -1342175022 -1342175018 -1342175014 -1879045922 -1879045920 -1342175006 -1879045914 -1879045912 -1342174998 -1342174994 -1342174990 -1342174986 -1342174982 -1342174978 -1342174974 -1342174970 -1342174966 -1879045874 -1879045872 -1342174958 -1879045866 -1879045864 -1342174950 -1342174946 -1342174942 -1342174938 -1342174934 -1342174930 -1342174926 -1342174922 -1342174918 -1879045826 -1879045824 -1342174910 -1879045818 -1879045816 -1342174902 -1342174898 -1342174894 -1342174890 -1342174886 -1342174882 -1342174878 -1342174874 -1342174870 -1879045778 -1879045776 -1342174862 -1879045770 -1879045768 -1342174854 -1342174850 -1342174846 -1342174842 -1342174838 -1342174834 -1342174830 -1342174826 -1342174822 -1879045730 -1879045728 -1342174814 -1879045722 -1879045720 -1342174806 -1342174802 -1342174798 -1342174794 -1342174790 -1342174786 -1342174782 -1342174778 -1342174774 -1879045682 -1879045680 -1342174766 -1879045674 -1879045672 -1342174758 -1342174754 -1342174750 -1342174746 -1342174742 -1342174738 -1342174734 -1342174730 -1342174726 -1879045634 -1879045632 -1342174718 -1879045626 -1879045624 -1342174710 -1342174706 -1342174702 -1342174698 -1342174694 -1342174690 -1342174686 -1342174682 -1342174678 -1879045586 -1879045584 -1342174670 -1879045578 -1879045576 -1342174662 -1342174658 -1342174654 -1342174650 -1342174646 -1342174642 -1342174638 -1342174634 -1342174630 -1879045538 -1879045536 -1342174622 -1879045530 -1879045528 -1342174614 -1342174610 -1342174606 -1342174602 -1342174598 -1342174594 -1342174590 -1342174586 -1342174582 -1879045490 -1879045488 -1342174574 -1879045482 -1879045480 -1342174566 -1342174562 -1342174558 -1342174554 -1342174550 -1342174546 -1342174542 -1342174538 -1342174534 -1879045442 -1879045440 -1342174526 -1879045434 -1879045432 -1342174518 -1342174514 -1342174510 -1342174506 -1342174502 -1342174498 -1342174494 -1342174490 -1342174486 -1879045394 -1879045392 -1342174478 -1879045386 -1879045384 -1342174470 -1342174466 -1342174462 -1342174458 -1342174454 -1342174450 -1342174446 -1342174442 -1342174438 -1879045346 -1879045344 -1342174430 -1879045338 -1879045336 -1342174422 -1342174418 -1342174414 -1342174410 -1342174406 -1342174402 -1342174398 -1342174394 -1342174390 -1879045298 -1879045296 -1879045294 -1879045292 -1879045290 -1879045288 1000001 21 8 1000 1008001 9 2 12 1009001 8 2 13 1010001 8 2 13 1011001 8 2 13 1012001 9 2 12 1013001 21 8 1000 2000001 21 8 1000 2008001 9 2 12 2009001 8 2 13 2010001 8 2 13 2011001 8 2 13 2012001 9 2 12 2013001 21 8 1000 3000001 21 8 1000 3008001 9 2 12 3009001 8 2 13 3010001 8 2 13 3011001 8 2 13 3012001 9 2 12 3013001 21 8 1000 4000001 21 8 1000 4008001 9 2 12 4009001 8 2 13 4010001 8 2 13 4011001 8 2 13 4012001 9 2 12 4013001 21 8 1000 5000001 21 8 1000 5008001 9 2 12 5009001 8 2 13 5010001 8 2 13 5011001 8 2 13 5012001 9 2 12 5013001 21 8 1000 6000001 21 8 1000 6008001 9 2 12 6009001 8 2 13 6010001 8 2 13 6011001 8 2 13 6012001 9 2 12 6013001 21 8 1000 7000001 21 8 1000 7008001 9 2 12 7009001 8 2 13 7010001 8 2 13 7011001 8 2 13 7012001 9 2 12 7013001 21 8 1000 8000001 21 8 1000 8008001 9 2 12 8009001 8 2 13 8010001 8 2 13 8011001 8 2 13 8012001 9 2 12 8013001 21 8 1000 9000001 21 8 1000 9008001 9 2 12 9009001 8 2 13 9010001 8 2 13 9011001 8 2 13 9012001 9 2 12 9013001 21 8 1000 10000001 21 8 1000 10008001 9 2 12 10009001 8 2 13 10010001 8 2 13 10011001 8 2 13 10012001 9 2 12 10013001 21 8 1000 11000001 21 8 1000 11008001 9 2 12 11009001 8 2 13 11010001 8 2 13 11011001 8 2 13 11012001 9 2 12 11013001 21 8 1000 12000001 21 8 1000 12008001 9 2 12 12009001 8 2 13 12010001 8 2 13 12011001 8 2 13 12012001 9 2 12 12013001 21 8 1000 13000001 21 8 1000 13008001 9 2 12 13009001 8 2 13 13010001 8 2 13 13011001 8 2 13 13012001 9 2 12 13013001 21 8 1000 14000001 21 8 1000 14008001 9 2 12 14009001 8 2 13 14010001 8 2 13 14011001 8 2 13 14012001 9 2 12 14013001 21 8 1000 15000001 21 8 1000 15008001 9 2 12 15009001 8 2 13 15010001 8 2 13 15011001 8 2 13 15012001 9 2 12 15013001 21 8 1000 16000001 21 8 1000 16008001 9 2 12 16009001 8 2 13 16010001 8 2 13 16011001 8 2 13 16012001 9 2 12 16013001 21 8 1000 17000001 21 8 1000 17008001 9 2 12 17009001 8 2 13 17010001 8 2 13 17011001 8 2 13 17012001 9 2 12 17013001 21 8 1000 18000001 21 4 1000 18004001 9 2 12 18005001 7 2 14 18006001 6 2 15 18007001 5 2 16 18008001 5 2 16 18009001 4 2 17 18010001 4 2 17 18011001 4 2 17 18012001 5 2 16 18013001 5 2 16 18014001 6 2 15 18015001 7 2 14 18016001 9 2 12 18017001 21 4 1000 19000001 21 4 1000 19004001 9 2 12 19005001 7 2 14 19006001 6 2 15 19007001 5 2 16 19008001 5 2 16 19009001 4 2 17 19010001 4 2 17 19011001 4 2 17 19012001 5 2 16 19013001 5 2 16 19014001 6 2 15 19015001 7 2 14 19016001 9 2 12 19017001 21 4 1000 20000001 21 4 1000 20004001 9 2 12 20005001 7 2 14 20006001 6 2 15 20007001 5 2 16 20008001 5 2 16 20009001 4 2 17 20010001 4 2 17 20011001 4 2 17 20012001 5 2 16 20013001 5 2 16 20014001 6 2 15 20015001 7 2 14 20016001 9 2 12 20017001 21 4 1000 21000001 21 4 1000 21004001 9 2 12 21005001 7 2 14 21006001 6 2 15 21007001 5 2 16 21008001 5 2 16 21009001 4 2 17 21010001 4 2 17 21011001 4 2 17 21012001 5 2 16 21013001 5 2 16 21014001 6 2 15 21015001 7 2 14 21016001 9 2 12 21017001 21 4 1000 22000001 21 4 1000 22004001 9 2 12 22005001 7 2 14 22006001 6 2 15 22007001 5 2 16 22008001 5 2 16 22009001 4 2 17 22010001 4 2 17 22011001 4 2 17 22012001 5 2 16 22013001 5 2 16 22014001 6 2 15 22015001 7 2 14 22016001 9 2 12 22017001 21 4 1000 23000001 21 4 1000 23004001 9 2 12 23005001 7 2 14 23006001 6 2 15 23007001 5 2 16 23008001 5 2 16 23009001 4 2 17 23010001 4 2 17 23011001 4 2 17 23012001 5 2 16 23013001 5 2 16 23014001 6 2 15 23015001 7 2 14 23016001 9 2 12 23017001 21 4 1000 24000001 21 4 1000 24004001 9 2 12 24005001 7 2 14 24006001 6 2 15 24007001 5 2 16 24008001 5 2 16 24009001 4 2 17 24010001 4 2 17 24011001 4 2 17 24012001 5 2 16 24013001 5 2 16 24014001 6 2 15 24015001 7 2 14 24016001 9 2 12 24017001 21 4 1000 25000001 21 4 1000 25004001 9 2 12 25005001 7 2 14 25006001 6 2 15 25007001 5 2 16 25008001 5 2 16 25009001 4 2 17 25010001 4 2 17 25011001 4 2 17 25012001 5 2 16 25013001 5 2 16 25014001 6 2 15 25015001 7 2 14 25016001 9 2 12 25017001 21 4 1000 26000001 21 4 1000 26004001 9 2 12 26005001 7 2 14 26006001 6 2 15 26007001 5 2 16 26008001 5 2 16 26009001 4 2 17 26010001 4 2 17 26011001 4 2 17 26012001 5 2 16 26013001 5 2 16 26014001 6 2 15 26015001 7 2 14 26016001 9 2 12 26017001 21 4 1000 27000001 21 4 1000 27004001 9 2 12 27005001 7 2 14 27006001 6 2 15 27007001 5 2 16 27008001 5 2 16 27009001 4 2 17 27010001 4 2 17 27011001 4 2 17 27012001 5 2 16 27013001 5 2 16 27014001 6 2 15 27015001 7 2 14 27016001 9 2 12 27017001 21 4 1000 28000001 21 4 1000 28004001 9 2 12 28005001 7 2 14 28006001 6 2 15 28007001 5 2 16 28008001 5 2 16 28009001 4 2 17 28010001 4 2 17 28011001 4 2 17 28012001 5 2 16 28013001 5 2 16 28014001 6 2 15 28015001 7 2 14 28016001 9 2 12 28017001 21 4 1000 29000001 21 4 1000 29004001 9 2 12 29005001 7 2 14 29006001 6 2 15 29007001 5 2 16 29008001 5 2 16 29009001 4 2 17 29010001 4 2 17 29011001 4 2 17 29012001 5 2 16 29013001 5 2 16 29014001 6 2 15 29015001 7 2 14 29016001 9 2 12 29017001 21 4 1000 30000001 21 4 1000 30004001 9 2 12 30005001 7 2 14 30006001 6 2 15 30007001 5 2 16 30008001 5 2 16 30009001 4 2 17 30010001 4 2 17 30011001 4 2 17 30012001 5 2 16 30013001 5 2 16 30014001 6 2 15 30015001 7 2 14 30016001 9 2 12 30017001 21 4 1000 31000001 21 4 1000 31004001 9 2 12 31005001 7 2 14 31006001 6 2 15 31007001 5 2 16 31008001 5 2 16 31009001 4 2 17 31010001 4 2 17 31011001 4 2 17 31012001 5 2 16 31013001 5 2 16 31014001 6 2 15 31015001 7 2 14 31016001 9 2 12 31017001 21 4 1000 32000001 21 4 1000 32004001 9 2 12 32005001 7 2 14 32006001 6 2 15 32007001 5 2 16 32008001 5 2 16 32009001 4 2 17 32010001 4 2 17 32011001 4 2 17 32012001 5 2 16 32013001 5 2 16 32014001 6 2 15 32015001 7 2 14 32016001 9 2 12 32017001 21 4 1000 33000001 21 4 1000 33004001 9 2 12 33005001 7 2 14 33006001 6 2 15 33007001 5 2 16 33008001 5 2 16 33009001 4 2 17 33010001 4 2 17 33011001 4 2 17 33012001 5 2 16 33013001 5 2 16 33014001 6 2 15 33015001 7 2 14 33016001 9 2 12 33017001 21 4 1000 34000001 21 21 1000 35000001 21 21 1000 36000001 21 21 1000 37000001 21 21 1000 38000001 21 21 1000 39000001 21 21 1000 40000001 21 21 1000 41000001 21 21 1000 42000001 21 21 1000 43001009 5 43002007 9 43003005 13 43004004 15 2 1000 43006003 17 2 1000 43008002 8 2 11 43009002 7 2 12 43010002 7 2 12 43011002 7 2 12 43012002 8 2 11 43013003 17 2 1000 43015004 15 2 1000 43017005 13 43018007 9 43019009 5 2 982000 44002007 9 44003005 13 44004004 15 2 1000 44006003 17 2 1000 44008002 8 2 11 44009002 7 2 12 44010002 7 2 12 44011002 7 2 12 44012002 8 2 11 44013003 17 2 1000 44015004 15 2 1000 44017005 13 44018007 9 44019009 5 2 982000 45002007 9 45003005 13 45004004 15 2 1000 45006003 17 2 1000 45008002 8 2 11 45009002 7 2 12 45010002 7 2 12 45011002 7 2 12 45012002 8 2 11 45013003 17 2 1000 45015004 15 2 1000 45017005 13 45018007 9 45019009 5 2 982000 46002007 9 46003005 13 46004004 15 2 1000 46006003 17 2 1000 46008002 8 2 11 46009002 7 2 12 46010002 7 2 12 46011002 7 2 12 46012002 8 2 11 46013003 17 2 1000 46015004 15 2 1000 46017005 13 46018007 9 46019009 5 2 982000 47002007 9 47003005 13 47004004 15 2 1000 47006003 17 2 1000 47008002 8 2 11 47009002 7 2 12 47010002 7 2 12 47011002 7 2 12 47012002 8 2 11 47013003 17 2 1000 47015004 15 2 1000 47017005 13 47018007 9 47019009 5 2 982000 48002007 9 48003005 13 48004004 15 2 1000 48006003 17 2 1000 48008002 8 2 11 48009002 7 2 12 48010002 7 2 12 48011002 7 2 12 48012002 8 2 11 48013003 17 2 1000 48015004 15 2 1000 48017005 13 48018007 9 48019009 5 2 982000 49002007 9 49003005 13 49004004 15 2 1000 49006003 17 2 1000 49008002 8 2 11 49009002 7 2 12 49010002 7 2 12 49011002 7 2 12 49012002 8 2 11 49013003 17 2 1000 49015004 15 2 1000 49017005 13 49018007 9 49019009 5 2 982000 50002007 9 50003005 13 50004004 15 2 1000 50006003 17 2 1000 50008002 8 2 11 50009002 7 2 12 50010002 7 2 12 50011002 7 2 12 50012002 8 2 11 50013003 17 2 1000 50015004 15 2 1000 50017005 13 50018007 9 50019009 5 2 982000 51002007 9 51003005 13 51004004 15 2 1000 51006003 17 2 1000 51008002 8 2 11 51009002 7 2 12 51010002 7 2 12 51011002 7 2 12 51012002 8 2 11 51013003 17 2 1000 51015004 15 2 1000 51017005 13 51018007 9 51019009 5 2 982000 52002007 9 52003005 13 52004004 15 2 1000 52006003 17 2 1000 52008002 8 2 11 52009002 7 2 12 52010002 7 2 12 52011002 7 2 12 52012002 8 2 11 52013003 17 2 1000 52015004 15 2 1000 52017005 13 52018007 9 52019009 5 2 982000 53002007 9 53003005 13 53004004 15 2 1000 53006003 17 2 1000 53008002 8 2 11 53009002 7 2 12 53010002 7 2 12 53011002 7 2 12 53012002 8 2 11 53013003 17 2 1000 53015004 15 2 1000 53017005 13 53018007 9 53019009 5 2 982000 54002007 9 54003005 13 54004004 15 2 1000 54006003 17 2 1000 54008002 8 2 11 54009002 7 2 12 54010002 7 2 12 54011002 7 2 12 54012002 8 2 11 54013003 17 2 1000 54015004 15 2 1000 54017005 13 54018007 9 54019009 5 2 982000 55002007 9 55003005 13 55004004 15 2 1000 55006003 17 2 1000 55008002 8 2 11 55009002 7 2 12 55010002 7 2 12 55011002 7 2 12 55012002 8 2 11 55013003 17 2 1000 55015004 15 2 1000 55017005 13 55018007 9 55019009 5 2 982000 56002007 9 56003005 13 56004004 15 2 1000 56006003 17 2 1000 56008002 8 2 11 56009002 7 2 12 56010002 7 2 12 56011002 7 2 12 56012002 8 2 11 56013003 17 2 1000 56015004 15 2 1000 56017005 13 56018007 9 56019009 5 2 982000 57002007 9 57003005 13 57004004 15 2 1000 57006003 17 2 1000 57008002 8 2 11 57009002 7 2 12 57010002 7 2 12 57011002 7 2 12 57012002 8 2 11 57013003 17 2 1000 57015004 15 2 1000 57017005 13 57018007 9 57019009 5 2 982000 58002007 9 58003005 13 58004004 15 2 1000 58006003 17 2 1000 58008002 8 2 11 58009002 7 2 12 58010002 7 2 12 58011002 7 2 12 58012002 8 2 11 58013003 17 2 1000 58015004 15 2 1000 58017005 13 58018007 9 58019009 5 2 982000 59002007 9 59003005 13 59004004 15 2 1000 59006003 17 2 1000 59008002 8 2 11 59009002 7 2 12 59010002 7 2 12 59011002 7 2 12 59012002 8 2 11 59013003 17 2 1000 59015004 15 2 1000 59017005 13 59018007 9 59019009 5 99000000 1 99000100 4 99000200 8 
0
1
PART-1-1
14
-2147483647
0
48 1 16 5 0 1 0 -1 -1 16448 1 -1879048189 1 16448 
0
0
1
PART-1-1
5
EALL
0
1
14
-2147483647
48 1 16 5 0 1 0 -1 -1 16448 1 -1879048189 1 16448 
0
0
EBRIDGE
0
1
14
-2147483647
48 1 16 5 0 1 0 -1 -1 5888 1 -1879048189 1 5888 
0
0
EPROBES
0
1
4
2754 5846 10215 16419 
0
0
ESTAGEA
0
1
14
-2147483647
48 1 16 5 0 1 0 -1 -1 3328 1 -1879048189 13121 3328 
0
0
ESTAGEB
0
1
14
-2147483647
48 1 16 5 0 1 0 -1 -1 7232 1 -1879048189 5889 7232 
0
0
0
0
1
PART-1-1
15
NFIXED
0
1
46
-2147483647
176 1 16 37 0 1 0 -1 -1 420 7 -1342177271 -1342177267 -1342177263 -1342177259 -1342177255 -1342177251 -1342177247 1000001 21 8 1000 1008001 9 2 12 1009001 8 2 13 1010001 8 2 13 1011001 8 2 13 1012001 9 2 12 1013001 21 8 1000 
0
0
NRP
0
1
1
99000000 
0
0
NS_ARM_SPIDER
0
1
20
59004009 59004010 59005008 59005009 59005010 59007016 59008016 59008017 59009016 59009017 59011005 59011006 59012005 59012006 59013006 59015012 59015013 59015014 59016012 59016013 
0
0
NS_M5_1
0
1
10
42012018 42013017 42013018 42013019 42014018 43012018 43013017 43013018 43013019 43014018 
0
0
NS_M5_2
0
1
10
42016014 42017013 42017014 42017015 42018014 43016014 43017013 43017014 43017015 43018014 
0
0
NS_M5_3
0
1
10
42016008 42017007 42017008 42017009 42018008 43016008 43017007 43017008 43017009 43018008 
0
0
NS_M5_4
0
1
10
42012004 42013003 42013004 42013005 42014004 43012004 43013003 43013004 43013005 43014004 
0
0
NS_M5_5
0
1
10
42006004 42007003 42007004 42007005 42008004 43006004 43007003 43007004 43007005 43008004 
0
0
NS_M5_6
0
1
10
42002008 42003007 42003008 42003009 42004008 43002008 43003007 43003008 43003009 43004008 
0
0
NS_M5_7
0
1
10
42002014 42003013 42003014 42003015 42004014 43002014 43003013 43003014 43003015 43004014 
0
0
NS_M5_8
0
1
10
42006018 42007017 42007018 42007019 42008018 43006018 43007017 43007018 43007019 43008018 
0
0
NS_M6_1
0
1
16
17018019 17018020 17018021 17019019 17019020 17019021 17020019 17020020 18018019 18018020 18018021 18019019 18019020 18019021 18020019 18020020 
0
0
NS_M6_2
0
1
16
17000019 17000020 17001019 17001020 17001021 17002019 17002020 17002021 18000019 18000020 18001019 18001020 18001021 18002019 18002020 18002021 
0
0
NS_M6_3
0
1
16
17018001 17018002 17018003 17019001 17019002 17019003 17020002 17020003 18018001 18018002 18018003 18019001 18019002 18019003 18020002 18020003 
0
0
NS_M6_4
0
1
16
17000002 17000003 17001001 17001002 17001003 17002001 17002002 17002003 18000002 18000003 18001001 18001002 18001003 18002001 18002002 18002003 
0
0
0
0
13
S_NS_ARM_SPIDER
0
0
0
1
PART-1-1
1
0
20
59004009
1
59004010
1
59005008
1
59005009
1
59005010
1
59007016
1
59008016
1
59008017
1
59009016
1
59009017
1
59011005
1
59011006
1
59012005
1
59012006
1
59013006
1
59015012
1
59015013
1
59015014
1
59016012
1
59016013
1
S_NS_M5_1
0
0
0
1
PART-1-1
1
0
10
42012018
1
42013017
1
42013018
1
42013019
1
42014018
1
43012018
1
43013017
1
43013018
1
43013019
1
43014018
1
S_NS_M5_2
0
0
0
1
PART-1-1
1
0
10
42016014
1
42017013
1
42017014
1
42017015
1
42018014
1
43016014
1
43017013
1
43017014
1
43017015
1
43018014
1
S_NS_M5_3
0
0
0
1
PART-1-1
1
0
10
42016008
1
42017007
1
42017008
1
42017009
1
42018008
1
43016008
1
43017007
1
43017008
1
43017009
1
43018008
1
S_NS_M5_4
0
0
0
1
PART-1-1
1
0
10
42012004
1
42013003
1
42013004
1
42013005
1
42014004
1
43012004
1
43013003
1
43013004
1
43013005
1
43014004
1
S_NS_M5_5
0
0
0
1
PART-1-1
1
0
10
42006004
1
42007003
1
42007004
1
42007005
1
42008004
1
43006004
1
43007003
1
43007004
1
43007005
1
43008004
1
S_NS_M5_6
0
0
0
1
PART-1-1
1
0
10
42002008
1
42003007
1
42003008
1
42003009
1
42004008
1
43002008
1
43003007
1
43003008
1
43003009
1
43004008
1
S_NS_M5_7
0
0
0
1
PART-1-1
1
0
10
42002014
1
42003013
1
42003014
1
42003015
1
42004014
1
43002014
1
43003013
1
43003014
1
43003015
1
43004014
1
S_NS_M5_8
0
0
0
1
PART-1-1
1
0
10
42006018
1
42007017
1
42007018
1
42007019
1
42008018
1
43006018
1
43007017
1
43007018
1
43007019
1
43008018
1
S_NS_M6_1
0
0
0
1
PART-1-1
1
0
16
17018019
1
17018020
1
17018021
1
17019019
1
17019020
1
17019021
1
17020019
1
17020020
1
18018019
1
18018020
1
18018021
1
18019019
1
18019020
1
18019021
1
18020019
1
18020020
1
S_NS_M6_2
0
0
0
1
PART-1-1
1
0
16
17000019
1
17000020
1
17001019
1
17001020
1
17001021
1
17002019
1
17002020
1
17002021
1
18000019
1
18000020
1
18001019
1
18001020
1
18001021
1
18002019
1
18002020
1
18002021
1
S_NS_M6_3
0
0
0
1
PART-1-1
1
0
16
17018001
1
17018002
1
17018003
1
17019001
1
17019002
1
17019003
1
17020002
1
17020003
1
18018001
1
18018002
1
18018003
1
18019001
1
18019002
1
18019003
1
18020002
1
18020003
1
S_NS_M6_4
0
0
0
1
PART-1-1
1
0
16
17000002
1
17000003
1
17001001
1
17001002
1
17001003
1
17002001
1
17002002
1
17002003
1
18000002
1
18000003
1
18001001
1
18001002
1
18001003
1
18002001
1
18002002
1
18002003
1
