{
  "checks": [
    {
      "name": "uniform_sheet_independent_Stefan_Boltzmann",
      "passed": true
    },
    {
      "name": "unclipped_reverse_heat_flow",
      "passed": true
    },
    {
      "name": "all_energy_balances",
      "passed": false
    }
  ],
  "rows": [
    {
      "state": "service",
      "sun_on_plus_Y": false,
      "per_link_R_K_W": null,
      "case_C": 123.72734814043949,
      "link_heat_a_to_b_W": []
    },
    {
      "state": "service",
      "sun_on_plus_Y": false,
      "per_link_R_K_W": 0.25,
      "case_C": 56.23164766670313,
      "link_heat_a_to_b_W": [
        17.059765290754516,
        15.513316688762043
      ]
    },
    {
      "state": "service",
      "sun_on_plus_Y": false,
      "per_link_R_K_W": 0.5,
      "case_C": 58.63139444741855,
      "link_heat_a_to_b_W": [
        16.561198601782092,
        15.112939101871696
      ]
    },
    {
      "state": "service",
      "sun_on_plus_Y": false,
      "per_link_R_K_W": 1.0,
      "case_C": 62.97555108121295,
      "link_heat_a_to_b_W": [
        15.645839186313573,
        14.355689671315389
      ]
    },
    {
      "state": "service",
      "sun_on_plus_Y": false,
      "per_link_R_K_W": 2.0,
      "case_C": 70.17394509760678,
      "link_heat_a_to_b_W": [
        14.085026873462713,
        13.014214060347332
      ]
    },
    {
      "state": "service",
      "sun_on_plus_Y": true,
      "per_link_R_K_W": null,
      "case_C": 123.72734814044108,
      "link_heat_a_to_b_W": []
    },
    {
      "state": "service",
      "sun_on_plus_Y": true,
      "per_link_R_K_W": 0.25,
      "case_C": 67.8198884052421,
      "link_heat_a_to_b_W": [
        9.17681511605591,
        18.88969365930692
      ]
    },
    {
      "state": "service",
      "sun_on_plus_Y": true,
      "per_link_R_K_W": 0.5,
      "case_C": 69.87364858690412,
      "link_heat_a_to_b_W": [
        9.096205626265828,
        18.127414941461907
      ]
    },
    {
      "state": "service",
      "sun_on_plus_Y": true,
      "per_link_R_K_W": 1.0,
      "case_C": 73.57228234082035,
      "link_heat_a_to_b_W": [
        8.862276254626506,
        16.809103998110874
      ]
    },
    {
      "state": "service",
      "sun_on_plus_Y": true,
      "per_link_R_K_W": 2.0,
      "case_C": 79.65886609268054,
      "link_heat_a_to_b_W": [
        8.275719072891878,
        14.74396732239195
      ]
    },
    {
      "state": "parking",
      "sun_on_plus_Y": false,
      "per_link_R_K_W": null,
      "case_C": 123.72734814044546,
      "link_heat_a_to_b_W": []
    },
    {
      "state": "parking",
      "sun_on_plus_Y": false,
      "per_link_R_K_W": 0.25,
      "case_C": 89.24906381519563,
      "link_heat_a_to_b_W": [
        9.298664395402863,
        9.292002598905274
      ]
    },
    {
      "state": "parking",
      "sun_on_plus_Y": false,
      "per_link_R_K_W": 0.5,
      "case_C": 90.62431931428048,
      "link_heat_a_to_b_W": [
        8.967927061252981,
        8.961975893414174
      ]
    },
    {
      "state": "parking",
      "sun_on_plus_Y": false,
      "per_link_R_K_W": 1.0,
      "case_C": 93.08025840618595,
      "link_heat_a_to_b_W": [
        8.369280764110025,
        8.364410615344084
      ]
    },
    {
      "state": "parking",
      "sun_on_plus_Y": false,
      "per_link_R_K_W": 2.0,
      "case_C": 97.06309525418484,
      "link_heat_a_to_b_W": [
        7.376370217108485,
        7.372865596824246
      ]
    },
    {
      "state": "parking",
      "sun_on_plus_Y": true,
      "per_link_R_K_W": null,
      "case_C": 123.72734814044546,
      "link_heat_a_to_b_W": []
    },
    {
      "state": "parking",
      "sun_on_plus_Y": true,
      "per_link_R_K_W": 0.25,
      "case_C": 97.6821906991523,
      "link_heat_a_to_b_W": [
        1.9997600813755207,
        12.436027875838722
      ]
    },
    {
      "state": "parking",
      "sun_on_plus_Y": true,
      "per_link_R_K_W": 0.5,
      "case_C": 98.733117416662,
      "link_heat_a_to_b_W": [
        2.1952184551884355,
        11.705399631755443
      ]
    },
    {
      "state": "parking",
      "sun_on_plus_Y": true,
      "per_link_R_K_W": 1.0,
      "case_C": 100.60217433064852,
      "link_heat_a_to_b_W": [
        2.424398183289558,
        10.514800090326212
      ]
    },
    {
      "state": "parking",
      "sun_on_plus_Y": true,
      "per_link_R_K_W": 2.0,
      "case_C": 103.62115878094383,
      "link_heat_a_to_b_W": [
        2.5520207214391033,
        8.808069855891443
      ]
    },
    {
      "state": "released",
      "sun_on_plus_Y": false,
      "per_link_R_K_W": null,
      "case_C": 123.72734814044546,
      "link_heat_a_to_b_W": []
    },
    {
      "state": "released",
      "sun_on_plus_Y": false,
      "per_link_R_K_W": 0.25,
      "case_C": 89.3334343405813,
      "link_heat_a_to_b_W": [
        9.32951830603057,
        9.22079847265302
      ]
    },
    {
      "state": "released",
      "sun_on_plus_Y": false,
      "per_link_R_K_W": 0.5,
      "case_C": 90.70572201529174,
      "link_heat_a_to_b_W": [
        8.995045148807046,
        8.895542682906974
      ]
    },
    {
      "state": "released",
      "sun_on_plus_Y": false,
      "per_link_R_K_W": 1.0,
      "case_C": 93.15626221335842,
      "link_heat_a_to_b_W": [
        8.390783859358335,
        8.305555489241177
      ]
    },
    {
      "state": "released",
      "sun_on_plus_Y": false,
      "per_link_R_K_W": 2.0,
      "case_C": 97.1300918569211,
      "link_heat_a_to_b_W": [
        7.390953586864208,
        7.324426805486942
      ]
    },
    {
      "state": "released",
      "sun_on_plus_Y": true,
      "per_link_R_K_W": null,
      "case_C": 123.72734814044546,
      "link_heat_a_to_b_W": []
    },
    {
      "state": "released",
      "sun_on_plus_Y": true,
      "per_link_R_K_W": 0.25,
      "case_C": 97.7604436109174,
      "link_heat_a_to_b_W": [
        2.0308368369097343,
        12.36523583241101
      ]
    },
    {
      "state": "released",
      "sun_on_plus_Y": true,
      "per_link_R_K_W": 0.5,
      "case_C": 98.80879975239785,
      "link_heat_a_to_b_W": [
        2.2225636274097855,
        11.639364107105546
      ]
    },
    {
      "state": "released",
      "sun_on_plus_Y": true,
      "per_link_R_K_W": 1.0,
      "case_C": 100.67321686165596,
      "link_heat_a_to_b_W": [
        2.446113136371187,
        10.456297889403125
      ]
    },
    {
      "state": "released",
      "sun_on_plus_Y": true,
      "per_link_R_K_W": 2.0,
      "case_C": 103.68440696308025,
      "link_heat_a_to_b_W": [
        2.566767202157508,
        8.759893406887546
      ]
    }
  ]
}
