IMPORT upper_equipment_deck_B
IMPORT C203_BODY
IMPORT C203_PCB
IMPORT C203_CARRIER
IMPORT C203_LOWER_A
IMPORT C203_LOWER_B
IMPORT C203_LINER_A_TOP
IMPORT C203_LINER_A_BOTTOM
IMPORT C203_LINER_B_TOP
IMPORT C203_LINER_B_BOTTOM
IMPORT C203_DECK_SCREW_0
IMPORT C203_DECK_WASHER_0
IMPORT C203_DECK_NUT_0
IMPORT C203_CLAMP_SCREW_0
IMPORT C203_DECK_SCREW_1
IMPORT C203_DECK_WASHER_1
IMPORT C203_DECK_NUT_1
IMPORT C203_CLAMP_SCREW_1
IMPORT C203_DECK_SCREW_2
IMPORT C203_DECK_WASHER_2
IMPORT C203_DECK_NUT_2
IMPORT C203_CLAMP_SCREW_2
IMPORT C203_DECK_SCREW_3
IMPORT C203_DECK_WASHER_3
IMPORT C203_DECK_NUT_3
IMPORT C203_CLAMP_SCREW_3
IMPORT C203_BOARD_SCREW_0
IMPORT C203_BOARD_SCREW_1
IMPORT C203_BOARD_SCREW_2
IMPORT C203_BOARD_SCREW_3
IMPORT upper_equipment_deck_B
IMPORT radiator_spreader
IMPORT TRUNK_1_SCREW_0
IMPORT TRUNK_1_WASHER_0
IMPORT TRUNK_1_NUT_0
IMPORT TRUNK_1_SCREW_1
IMPORT TRUNK_1_WASHER_1
IMPORT TRUNK_1_NUT_1
IMPORT WP10_INTERNAL_BATTERY_BYPASS
{"state": "service", "passed": false, "tests": 79, "collisions": [{"ids": ["C203_CARRIER", "C203_DECK_SCREW_0"], "distance_mm": 0.0, "common_volume_mm3": 61.58134825961214, "nominal_contact_allowed": true}, {"ids": ["C203_CARRIER", "C203_DECK_SCREW_1"], "distance_mm": 0.0, "common_volume_mm3": 61.58134825961214, "nominal_contact_allowed": true}, {"ids": ["C203_CARRIER", "C203_DECK_SCREW_2"], "distance_mm": 0.0, "common_volume_mm3": 61.581348259612135, "nominal_contact_allowed": true}, {"ids": ["C203_CARRIER", "C203_DECK_SCREW_3"], "distance_mm": 0.0, "common_volume_mm3": 61.58134825961214, "nominal_contact_allowed": true}, {"ids": ["C203_BOARD_SCREW_1", "C203_CARRIER"], "distance_mm": 0.0, "common_volume_mm3": 45.23893421169304, "nominal_contact_allowed": true}, {"ids": ["C203_BOARD_SCREW_3", "C203_CARRIER"], "distance_mm": 0.0, "common_volume_mm3": 45.23893421169304, "nominal_contact_allowed": true}], "unexpected": [{"ids": ["C203_CARRIER", "C203_LINER_A_BOTTOM"], "distance_mm": 0.0, "common_volume_mm3": 0.0, "nominal_contact_allowed": false}, {"ids": ["C203_CARRIER", "C203_LINER_B_BOTTOM"], "distance_mm": 0.0, "common_volume_mm3": 0.0, "nominal_contact_allowed": false}, {"ids": ["C203_LINER_A_TOP", "C203_LOWER_A"], "distance_mm": 0.0, "common_volume_mm3": 0.0, "nominal_contact_allowed": false}, {"ids": ["C203_LINER_B_TOP", "C203_LOWER_B"], "distance_mm": 0.0, "common_volume_mm3": 0.0, "nominal_contact_allowed": false}], "missing": [{"ids": ["C203_CARRIER", "C203_DECK_SCREW_0"], "distance_mm": 0.0, "common_volume_mm3": 61.58134825961214}, {"ids": ["C203_CARRIER", "C203_DECK_SCREW_1"], "distance_mm": 0.0, "common_volume_mm3": 61.58134825961214}, {"ids": ["C203_CARRIER", "C203_DECK_SCREW_2"], "distance_mm": 0.0, "common_volume_mm3": 61.581348259612135}, {"ids": ["C203_CARRIER", "C203_DECK_SCREW_3"], "distance_mm": 0.0, "common_volume_mm3": 61.58134825961214}], "keepout_hits": [], "tool_hits": [{"screw": 0, "obstacle": "C203_CARRIER", "distance_mm": 0.0, "common_volume_mm3": 476.73668518225094}, {"screw": 1, "obstacle": "C203_CARRIER", "distance_mm": 0.0, "common_volume_mm3": 476.73668518225094}, {"screw": 2, "obstacle": "C203_CARRIER", "distance_mm": 0.0, "common_volume_mm3": 476.73668518225094}, {"screw": 3, "obstacle": "C203_CARRIER", "distance_mm": 0.0, "common_volume_mm3": 476.73668518225094}]}
IMPORT upper_equipment_deck_B
IMPORT C203_BODY
IMPORT C203_PCB
IMPORT C203_CARRIER
IMPORT C203_LOWER_A
IMPORT C203_LOWER_B
IMPORT C203_LINER_A_TOP
IMPORT C203_LINER_A_BOTTOM
IMPORT C203_LINER_B_TOP
IMPORT C203_LINER_B_BOTTOM
IMPORT C203_DECK_SCREW_0
IMPORT C203_DECK_WASHER_0
IMPORT C203_DECK_NUT_0
IMPORT C203_CLAMP_SCREW_0
IMPORT C203_DECK_SCREW_1
IMPORT C203_DECK_WASHER_1
IMPORT C203_DECK_NUT_1
IMPORT C203_CLAMP_SCREW_1
IMPORT C203_DECK_SCREW_2
IMPORT C203_DECK_WASHER_2
IMPORT C203_DECK_NUT_2
IMPORT C203_CLAMP_SCREW_2
IMPORT C203_DECK_SCREW_3
IMPORT C203_DECK_WASHER_3
IMPORT C203_DECK_NUT_3
IMPORT C203_CLAMP_SCREW_3
IMPORT C203_BOARD_SCREW_0
IMPORT C203_BOARD_SCREW_1
IMPORT C203_BOARD_SCREW_2
IMPORT C203_BOARD_SCREW_3
IMPORT upper_equipment_deck_B
IMPORT radiator_spreader
IMPORT TRUNK_1_SCREW_0
IMPORT TRUNK_1_WASHER_0
IMPORT TRUNK_1_NUT_0
IMPORT TRUNK_1_SCREW_1
IMPORT TRUNK_1_WASHER_1
IMPORT TRUNK_1_NUT_1
IMPORT WP10_INTERNAL_BATTERY_BYPASS
{"state": "parking", "passed": false, "tests": 79, "collisions": [{"ids": ["C203_CARRIER", "C203_DECK_SCREW_0"], "distance_mm": 0.0, "common_volume_mm3": 61.58134825961214, "nominal_contact_allowed": true}, {"ids": ["C203_CARRIER", "C203_DECK_SCREW_1"], "distance_mm": 0.0, "common_volume_mm3": 61.58134825961214, "nominal_contact_allowed": true}, {"ids": ["C203_CARRIER", "C203_DECK_SCREW_2"], "distance_mm": 0.0, "common_volume_mm3": 61.581348259612135, "nominal_contact_allowed": true}, {"ids": ["C203_CARRIER", "C203_DECK_SCREW_3"], "distance_mm": 0.0, "common_volume_mm3": 61.58134825961214, "nominal_contact_allowed": true}, {"ids": ["C203_BOARD_SCREW_1", "C203_CARRIER"], "distance_mm": 0.0, "common_volume_mm3": 45.23893421169304, "nominal_contact_allowed": true}, {"ids": ["C203_BOARD_SCREW_3", "C203_CARRIER"], "distance_mm": 0.0, "common_volume_mm3": 45.23893421169304, "nominal_contact_allowed": true}], "unexpected": [{"ids": ["C203_CARRIER", "C203_LINER_A_BOTTOM"], "distance_mm": 0.0, "common_volume_mm3": 0.0, "nominal_contact_allowed": false}, {"ids": ["C203_CARRIER", "C203_LINER_B_BOTTOM"], "distance_mm": 0.0, "common_volume_mm3": 0.0, "nominal_contact_allowed": false}, {"ids": ["C203_LINER_A_TOP", "C203_LOWER_A"], "distance_mm": 0.0, "common_volume_mm3": 0.0, "nominal_contact_allowed": false}, {"ids": ["C203_LINER_B_TOP", "C203_LOWER_B"], "distance_mm": 0.0, "common_volume_mm3": 0.0, "nominal_contact_allowed": false}], "missing": [{"ids": ["C203_CARRIER", "C203_DECK_SCREW_0"], "distance_mm": 0.0, "common_volume_mm3": 61.58134825961214}, {"ids": ["C203_CARRIER", "C203_DECK_SCREW_1"], "distance_mm": 0.0, "common_volume_mm3": 61.58134825961214}, {"ids": ["C203_CARRIER", "C203_DECK_SCREW_2"], "distance_mm": 0.0, "common_volume_mm3": 61.581348259612135}, {"ids": ["C203_CARRIER", "C203_DECK_SCREW_3"], "distance_mm": 0.0, "common_volume_mm3": 61.58134825961214}], "keepout_hits": [], "tool_hits": [{"screw": 0, "obstacle": "C203_CARRIER", "distance_mm": 0.0, "common_volume_mm3": 476.73668518225094}, {"screw": 1, "obstacle": "C203_CARRIER", "distance_mm": 0.0, "common_volume_mm3": 476.73668518225094}, {"screw": 2, "obstacle": "C203_CARRIER", "distance_mm": 0.0, "common_volume_mm3": 476.73668518225094}, {"screw": 3, "obstacle": "C203_CARRIER", "distance_mm": 0.0, "common_volume_mm3": 476.73668518225094}]}
IMPORT upper_equipment_deck_B
IMPORT C203_BODY
IMPORT C203_PCB
IMPORT C203_CARRIER
IMPORT C203_LOWER_A
IMPORT C203_LOWER_B
IMPORT C203_LINER_A_TOP
IMPORT C203_LINER_A_BOTTOM
IMPORT C203_LINER_B_TOP
IMPORT C203_LINER_B_BOTTOM
IMPORT C203_DECK_SCREW_0
IMPORT C203_DECK_WASHER_0
IMPORT C203_DECK_NUT_0
IMPORT C203_CLAMP_SCREW_0
IMPORT C203_DECK_SCREW_1
IMPORT C203_DECK_WASHER_1
IMPORT C203_DECK_NUT_1
IMPORT C203_CLAMP_SCREW_1
IMPORT C203_DECK_SCREW_2
IMPORT C203_DECK_WASHER_2
IMPORT C203_DECK_NUT_2
IMPORT C203_CLAMP_SCREW_2
IMPORT C203_DECK_SCREW_3
IMPORT C203_DECK_WASHER_3
IMPORT C203_DECK_NUT_3
IMPORT C203_CLAMP_SCREW_3
IMPORT C203_BOARD_SCREW_0
IMPORT C203_BOARD_SCREW_1
IMPORT C203_BOARD_SCREW_2
IMPORT C203_BOARD_SCREW_3
IMPORT upper_equipment_deck_B
IMPORT radiator_spreader
IMPORT TRUNK_1_SCREW_0
IMPORT TRUNK_1_WASHER_0
IMPORT TRUNK_1_NUT_0
IMPORT TRUNK_1_SCREW_1
IMPORT TRUNK_1_WASHER_1
IMPORT TRUNK_1_NUT_1
IMPORT WP10_INTERNAL_BATTERY_BYPASS
{"state": "released", "passed": false, "tests": 79, "collisions": [{"ids": ["C203_CARRIER", "C203_DECK_SCREW_0"], "distance_mm": 0.0, "common_volume_mm3": 61.58134825961214, "nominal_contact_allowed": true}, {"ids": ["C203_CARRIER", "C203_DECK_SCREW_1"], "distance_mm": 0.0, "common_volume_mm3": 61.58134825961214, "nominal_contact_allowed": true}, {"ids": ["C203_CARRIER", "C203_DECK_SCREW_2"], "distance_mm": 0.0, "common_volume_mm3": 61.581348259612135, "nominal_contact_allowed": true}, {"ids": ["C203_CARRIER", "C203_DECK_SCREW_3"], "distance_mm": 0.0, "common_volume_mm3": 61.58134825961214, "nominal_contact_allowed": true}, {"ids": ["C203_BOARD_SCREW_1", "C203_CARRIER"], "distance_mm": 0.0, "common_volume_mm3": 45.23893421169304, "nominal_contact_allowed": true}, {"ids": ["C203_BOARD_SCREW_3", "C203_CARRIER"], "distance_mm": 0.0, "common_volume_mm3": 45.23893421169304, "nominal_contact_allowed": true}], "unexpected": [{"ids": ["C203_CARRIER", "C203_LINER_A_BOTTOM"], "distance_mm": 0.0, "common_volume_mm3": 0.0, "nominal_contact_allowed": false}, {"ids": ["C203_CARRIER", "C203_LINER_B_BOTTOM"], "distance_mm": 0.0, "common_volume_mm3": 0.0, "nominal_contact_allowed": false}, {"ids": ["C203_LINER_A_TOP", "C203_LOWER_A"], "distance_mm": 0.0, "common_volume_mm3": 0.0, "nominal_contact_allowed": false}, {"ids": ["C203_LINER_B_TOP", "C203_LOWER_B"], "distance_mm": 0.0, "common_volume_mm3": 0.0, "nominal_contact_allowed": false}], "missing": [{"ids": ["C203_CARRIER", "C203_DECK_SCREW_0"], "distance_mm": 0.0, "common_volume_mm3": 61.58134825961214}, {"ids": ["C203_CARRIER", "C203_DECK_SCREW_1"], "distance_mm": 0.0, "common_volume_mm3": 61.58134825961214}, {"ids": ["C203_CARRIER", "C203_DECK_SCREW_2"], "distance_mm": 0.0, "common_volume_mm3": 61.581348259612135}, {"ids": ["C203_CARRIER", "C203_DECK_SCREW_3"], "distance_mm": 0.0, "common_volume_mm3": 61.58134825961214}], "keepout_hits": [], "tool_hits": [{"screw": 0, "obstacle": "C203_CARRIER", "distance_mm": 0.0, "common_volume_mm3": 476.73668518225094}, {"screw": 1, "obstacle": "C203_CARRIER", "distance_mm": 0.0, "common_volume_mm3": 476.73668518225094}, {"screw": 2, "obstacle": "C203_CARRIER", "distance_mm": 0.0, "common_volume_mm3": 476.73668518225094}, {"screw": 3, "obstacle": "C203_CARRIER", "distance_mm": 0.0, "common_volume_mm3": 476.73668518225094}]}
