{
  "checks": [
    {
      "name": "uniform_sheet_independent_Stefan_Boltzmann",
      "passed": true
    },
    {
      "name": "unclipped_reverse_heat_flow",
      "passed": true
    },
    {
      "name": "all_energy_balances",
      "passed": true
    },
    {
      "name": "all_three_flat_face_masks_match_CAD_within5mm2",
      "passed": true,
      "quadrature_area_errors_mm2": [
        0.192053308521281,
        -0.3490162855159724,
        0.23537506003776798
      ]
    },
    {
      "name": "actual_joint_R_greater_than_TIM_alone",
      "passed": true
    },
    {
      "name": "last_mesh_refinement_within1C",
      "passed": true,
      "delta_C": 0.07245985606846261
    }
  ],
  "rows": [
    {
      "state": "service",
      "sun_on_plus_Y": false,
      "per_link_R_K_W": null,
      "case_C": 124.45012677737364,
      "link_heat_a_to_b_W": []
    },
    {
      "state": "service",
      "sun_on_plus_Y": false,
      "per_link_R_K_W": 1.1791014352125406,
      "case_C": 69.47538242044405,
      "link_heat_a_to_b_W": [
        15.030038690956083,
        13.838440108954428
      ]
    },
    {
      "state": "service",
      "sun_on_plus_Y": false,
      "per_link_R_K_W": 1.5,
      "case_C": 71.73024744316186,
      "link_heat_a_to_b_W": [
        14.52076481846295,
        13.396530201290465
      ]
    },
    {
      "state": "service",
      "sun_on_plus_Y": false,
      "per_link_R_K_W": 2.0,
      "case_C": 74.90455017621215,
      "link_heat_a_to_b_W": [
        13.791406878509484,
        12.755569336922143
      ]
    },
    {
      "state": "service",
      "sun_on_plus_Y": true,
      "per_link_R_K_W": null,
      "case_C": 124.45012677738421,
      "link_heat_a_to_b_W": []
    },
    {
      "state": "service",
      "sun_on_plus_Y": true,
      "per_link_R_K_W": 1.1791014352125406,
      "case_C": 79.55970190311288,
      "link_heat_a_to_b_W": [
        8.63880207043527,
        15.857029434903005
      ]
    },
    {
      "state": "service",
      "sun_on_plus_Y": true,
      "per_link_R_K_W": 1.5,
      "case_C": 81.44603136613259,
      "link_heat_a_to_b_W": [
        8.42959417355054,
        15.200325126660568
      ]
    },
    {
      "state": "service",
      "sun_on_plus_Y": true,
      "per_link_R_K_W": 2.0,
      "case_C": 84.09433745579375,
      "link_heat_a_to_b_W": [
        8.10216420937073,
        14.289336112260742
      ]
    },
    {
      "state": "service",
      "sun_on_plus_Y": false,
      "per_link_R_K_W": null,
      "case_C": 124.47568769171093,
      "link_heat_a_to_b_W": []
    },
    {
      "state": "service",
      "sun_on_plus_Y": false,
      "per_link_R_K_W": 1.1791014352125406,
      "case_C": 73.62206460623455,
      "link_heat_a_to_b_W": [
        14.297622379595529,
        12.82592370424299
      ]
    },
    {
      "state": "service",
      "sun_on_plus_Y": false,
      "per_link_R_K_W": 1.5,
      "case_C": 75.73875880930896,
      "link_heat_a_to_b_W": [
        13.792109402735568,
        12.407003062342392
      ]
    },
    {
      "state": "service",
      "sun_on_plus_Y": false,
      "per_link_R_K_W": 2.0,
      "case_C": 78.71477349843363,
      "link_heat_a_to_b_W": [
        13.071542052301549,
        11.799809354137217
      ]
    },
    {
      "state": "service",
      "sun_on_plus_Y": true,
      "per_link_R_K_W": null,
      "case_C": 124.47568769171531,
      "link_heat_a_to_b_W": []
    },
    {
      "state": "service",
      "sun_on_plus_Y": true,
      "per_link_R_K_W": 1.1791014352125406,
      "case_C": 83.2103151445198,
      "link_heat_a_to_b_W": [
        8.019066483506423,
        14.807343367523588
      ]
    },
    {
      "state": "service",
      "sun_on_plus_Y": true,
      "per_link_R_K_W": 1.5,
      "case_C": 84.96765159902671,
      "link_heat_a_to_b_W": [
        7.821239142428155,
        14.174293847622659
      ]
    },
    {
      "state": "service",
      "sun_on_plus_Y": true,
      "per_link_R_K_W": 2.0,
      "case_C": 87.43186482256957,
      "link_heat_a_to_b_W": [
        7.511754369507189,
        13.298707735170485
      ]
    },
    {
      "state": "parking",
      "sun_on_plus_Y": false,
      "per_link_R_K_W": null,
      "case_C": 124.45012677737358,
      "link_heat_a_to_b_W": []
    },
    {
      "state": "parking",
      "sun_on_plus_Y": false,
      "per_link_R_K_W": 1.1791014352125406,
      "case_C": 97.91537580461372,
      "link_heat_a_to_b_W": [
        7.736703826039185,
        7.730489130242585
      ]
    },
    {
      "state": "parking",
      "sun_on_plus_Y": false,
      "per_link_R_K_W": 1.5,
      "case_C": 99.1144423223603,
      "link_heat_a_to_b_W": [
        7.419088489653859,
        7.413553713698023
      ]
    },
    {
      "state": "parking",
      "sun_on_plus_Y": false,
      "per_link_R_K_W": 2.0,
      "case_C": 100.78524843329782,
      "link_heat_a_to_b_W": [
        6.9716468587817655,
        6.966958779891565
      ]
    },
    {
      "state": "parking",
      "sun_on_plus_Y": true,
      "per_link_R_K_W": null,
      "case_C": 124.45012677737358,
      "link_heat_a_to_b_W": []
    },
    {
      "state": "parking",
      "sun_on_plus_Y": true,
      "per_link_R_K_W": 1.1791014352125406,
      "case_C": 105.0030022703975,
      "link_heat_a_to_b_W": [
        2.2329462114979464,
        9.433145741457697
      ]
    },
    {
      "state": "parking",
      "sun_on_plus_Y": true,
      "per_link_R_K_W": 1.5,
      "case_C": 105.88318751484073,
      "link_heat_a_to_b_W": [
        2.2625501876932366,
        8.909933655045025
      ]
    },
    {
      "state": "parking",
      "sun_on_plus_Y": true,
      "per_link_R_K_W": 2.0,
      "case_C": 107.10877243885344,
      "link_heat_a_to_b_W": [
        2.268978602739991,
        8.211007206701087
      ]
    },
    {
      "state": "parking",
      "sun_on_plus_Y": false,
      "per_link_R_K_W": null,
      "case_C": 124.47568769171684,
      "link_heat_a_to_b_W": []
    },
    {
      "state": "parking",
      "sun_on_plus_Y": false,
      "per_link_R_K_W": 1.1791014352125406,
      "case_C": 106.64682409375652,
      "link_heat_a_to_b_W": [
        5.365605507419277,
        5.361400046767428
      ]
    },
    {
      "state": "parking",
      "sun_on_plus_Y": false,
      "per_link_R_K_W": 1.5,
      "case_C": 107.47425096831054,
      "link_heat_a_to_b_W": [
        5.131696320658857,
        5.127975559158106
      ]
    },
    {
      "state": "parking",
      "sun_on_plus_Y": false,
      "per_link_R_K_W": 2.0,
      "case_C": 108.62299422321175,
      "link_heat_a_to_b_W": [
        4.804580867169278,
        4.8014567440853275
      ]
    },
    {
      "state": "parking",
      "sun_on_plus_Y": true,
      "per_link_R_K_W": null,
      "case_C": 124.47568769171684,
      "link_heat_a_to_b_W": []
    },
    {
      "state": "parking",
      "sun_on_plus_Y": true,
      "per_link_R_K_W": 1.1791014352125406,
      "case_C": 113.01793565735633,
      "link_heat_a_to_b_W": [
        0.11836814276336385,
        6.9709996652957384
      ]
    },
    {
      "state": "parking",
      "sun_on_plus_Y": true,
      "per_link_R_K_W": 1.5,
      "case_C": 113.54455204762596,
      "link_heat_a_to_b_W": [
        0.2397438254299923,
        6.535350186672832
      ]
    },
    {
      "state": "parking",
      "sun_on_plus_Y": true,
      "per_link_R_K_W": 2.0,
      "case_C": 114.276334821027,
      "link_heat_a_to_b_W": [
        0.3730841502974338,
        5.963613257737478
      ]
    },
    {
      "state": "released",
      "sun_on_plus_Y": false,
      "per_link_R_K_W": null,
      "case_C": 124.45012677737358,
      "link_heat_a_to_b_W": []
    },
    {
      "state": "released",
      "sun_on_plus_Y": false,
      "per_link_R_K_W": 1.1791014352125406,
      "case_C": 97.98748545036094,
      "link_heat_a_to_b_W": [
        7.753925875379566,
        7.675617310673408
      ]
    },
    {
      "state": "released",
      "sun_on_plus_Y": false,
      "per_link_R_K_W": 1.5,
      "case_C": 99.18355244092507,
      "link_heat_a_to_b_W": [
        7.434298015869612,
        7.36191406135066
      ]
    },
    {
      "state": "released",
      "sun_on_plus_Y": false,
      "per_link_R_K_W": 2.0,
      "case_C": 100.85013407646213,
      "link_heat_a_to_b_W": [
        6.984373195807104,
        6.919574355445057
      ]
    },
    {
      "state": "released",
      "sun_on_plus_Y": true,
      "per_link_R_K_W": null,
      "case_C": 124.45012677737358,
      "link_heat_a_to_b_W": []
    },
    {
      "state": "released",
      "sun_on_plus_Y": true,
      "per_link_R_K_W": 1.1791014352125406,
      "case_C": 105.06941056980273,
      "link_heat_a_to_b_W": [
        2.2502977323830056,
        9.37851866077164
      ]
    },
    {
      "state": "released",
      "sun_on_plus_Y": true,
      "per_link_R_K_W": 1.5,
      "case_C": 105.94706738116051,
      "link_heat_a_to_b_W": [
        2.2778810195188797,
        8.858518291183605
      ]
    },
    {
      "state": "released",
      "sun_on_plus_Y": true,
      "per_link_R_K_W": 2.0,
      "case_C": 107.16905645652028,
      "link_heat_a_to_b_W": [
        2.2818127662506473,
        8.16381750577324
      ]
    },
    {
      "state": "released",
      "sun_on_plus_Y": false,
      "per_link_R_K_W": null,
      "case_C": 124.47568769171684,
      "link_heat_a_to_b_W": []
    },
    {
      "state": "released",
      "sun_on_plus_Y": false,
      "per_link_R_K_W": 1.1791014352125406,
      "case_C": 106.7281814451351,
      "link_heat_a_to_b_W": [
        5.386074190043257,
        5.295549829107244
      ]
    },
    {
      "state": "released",
      "sun_on_plus_Y": false,
      "per_link_R_K_W": 1.5,
      "case_C": 107.55201337351863,
      "link_heat_a_to_b_W": [
        5.149669531945196,
        5.066341654484009
      ]
    },
    {
      "state": "released",
      "sun_on_plus_Y": false,
      "per_link_R_K_W": 2.0,
      "case_C": 108.69573168377698,
      "link_heat_a_to_b_W": [
        4.819504602678084,
        4.745324433441773
      ]
    },
    {
      "state": "released",
      "sun_on_plus_Y": true,
      "per_link_R_K_W": null,
      "case_C": 124.47568769171684,
      "link_heat_a_to_b_W": []
    },
    {
      "state": "released",
      "sun_on_plus_Y": true,
      "per_link_R_K_W": 1.1791014352125406,
      "case_C": 113.09345136891662,
      "link_heat_a_to_b_W": [
        0.1389565682917752,
        6.905387642439824
      ]
    },
    {
      "state": "released",
      "sun_on_plus_Y": true,
      "per_link_R_K_W": 1.5,
      "case_C": 113.61698739262667,
      "link_heat_a_to_b_W": [
        0.2578257733181495,
        6.473928702966919
      ]
    },
    {
      "state": "released",
      "sun_on_plus_Y": true,
      "per_link_R_K_W": 2.0,
      "case_C": 114.34442084765229,
      "link_heat_a_to_b_W": [
        0.38810038468772956,
        5.907658511460783
      ]
    }
  ]
}
