{"stage": "part_import_started", "utc": "2026-09-08T23:41:47.106333+00:00", "id": "C00", "source": "F:\\China Graduate Future Flight Vehicle Innovation Competition\\01_project\\competition\\SERVICE_ROBOT_MECHANICAL_CONSOLIDATION_20260905\\runs\\wp10_mechatronic_closure_20260908\\implementation\\mechanical\\fixed_heat_wall_neg.step"}
{"stage": "save_attempt", "utc": "2026-09-08T23:41:51.811687+00:00", "path": "F:\\China Graduate Future Flight Vehicle Innovation Competition\\01_project\\competition\\SERVICE_ROBOT_MECHANICAL_CONSOLIDATION_20260905\\runs\\wp10_mechatronic_closure_20260908\\implementation\\mechanical\\native\\C00.SLDPRT", "api_return": [true, 0, 0], "ok": true, "errors": 0, "warnings": 0}
{"stage": "part_completed", "utc": "2026-09-08T23:41:52.092529+00:00", "id": "C00", "solid_count": 1}
{"stage": "source_volume_verified", "utc": "2026-09-08T23:41:52.113404+00:00", "id": "C00", "relative_error": 2.935779551342435e-16}
{"stage": "part_import_started", "utc": "2026-09-08T23:41:52.147612+00:00", "id": "C01", "source": "F:\\China Graduate Future Flight Vehicle Innovation Competition\\01_project\\competition\\SERVICE_ROBOT_MECHANICAL_CONSOLIDATION_20260905\\runs\\wp10_mechatronic_closure_20260908\\implementation\\mechanical\\fixed_heat_wall_pos.step"}
{"stage": "save_attempt", "utc": "2026-09-08T23:41:53.815990+00:00", "path": "F:\\China Graduate Future Flight Vehicle Innovation Competition\\01_project\\competition\\SERVICE_ROBOT_MECHANICAL_CONSOLIDATION_20260905\\runs\\wp10_mechatronic_closure_20260908\\implementation\\mechanical\\native\\C01.SLDPRT", "api_return": [true, 0, 0], "ok": true, "errors": 0, "warnings": 0}
{"stage": "part_completed", "utc": "2026-09-08T23:41:54.054360+00:00", "id": "C01", "solid_count": 1}
{"stage": "source_volume_verified", "utc": "2026-09-08T23:41:54.073321+00:00", "id": "C01", "relative_error": 9.155527057245456e-16}
{"stage": "part_import_started", "utc": "2026-09-08T23:41:54.106313+00:00", "id": "C02", "source": "F:\\China Graduate Future Flight Vehicle Innovation Competition\\01_project\\competition\\SERVICE_ROBOT_MECHANICAL_CONSOLIDATION_20260905\\runs\\wp10_mechatronic_closure_20260908\\implementation\\mechanical\\bottom_lower_deck_angle_-1_0.step"}
{"stage": "save_attempt", "utc": "2026-09-08T23:41:55.733930+00:00", "path": "F:\\China Graduate Future Flight Vehicle Innovation Competition\\01_project\\competition\\SERVICE_ROBOT_MECHANICAL_CONSOLIDATION_20260905\\runs\\wp10_mechatronic_closure_20260908\\implementation\\mechanical\\native\\C02.SLDPRT", "api_return": [true, 0, 0], "ok": true, "errors": 0, "warnings": 0}
{"stage": "part_completed", "utc": "2026-09-08T23:41:55.953035+00:00", "id": "C02", "solid_count": 1}
{"stage": "source_volume_verified", "utc": "2026-09-08T23:41:55.972153+00:00", "id": "C02", "relative_error": 1.1049626553399504e-15}
{"stage": "part_import_started", "utc": "2026-09-08T23:41:56.002397+00:00", "id": "C03", "source": "F:\\China Graduate Future Flight Vehicle Innovation Competition\\01_project\\competition\\SERVICE_ROBOT_MECHANICAL_CONSOLIDATION_20260905\\runs\\wp10_mechatronic_closure_20260908\\implementation\\mechanical\\bottom_lower_deck_angle_-1_1.step"}
{"stage": "save_attempt", "utc": "2026-09-08T23:41:57.620029+00:00", "path": "F:\\China Graduate Future Flight Vehicle Innovation Competition\\01_project\\competition\\SERVICE_ROBOT_MECHANICAL_CONSOLIDATION_20260905\\runs\\wp10_mechatronic_closure_20260908\\implementation\\mechanical\\native\\C03.SLDPRT", "api_return": [true, 0, 0], "ok": true, "errors": 0, "warnings": 0}
{"stage": "part_completed", "utc": "2026-09-08T23:41:57.851661+00:00", "id": "C03", "solid_count": 1}
{"stage": "source_volume_verified", "utc": "2026-09-08T23:41:57.872283+00:00", "id": "C03", "relative_error": 5.128658066976372e-15}
{"stage": "part_import_started", "utc": "2026-09-08T23:41:57.904146+00:00", "id": "C04", "source": "F:\\China Graduate Future Flight Vehicle Innovation Competition\\01_project\\competition\\SERVICE_ROBOT_MECHANICAL_CONSOLIDATION_20260905\\runs\\wp10_mechatronic_closure_20260908\\implementation\\mechanical\\bottom_lower_deck_angle_1_0.step"}
{"stage": "save_attempt", "utc": "2026-09-08T23:41:59.483053+00:00", "path": "F:\\China Graduate Future Flight Vehicle Innovation Competition\\01_project\\competition\\SERVICE_ROBOT_MECHANICAL_CONSOLIDATION_20260905\\runs\\wp10_mechatronic_closure_20260908\\implementation\\mechanical\\native\\C04.SLDPRT", "api_return": [true, 0, 0], "ok": true, "errors": 0, "warnings": 0}
{"stage": "part_completed", "utc": "2026-09-08T23:41:59.715633+00:00", "id": "C04", "solid_count": 1}
{"stage": "source_volume_verified", "utc": "2026-09-08T23:41:59.733946+00:00", "id": "C04", "relative_error": 1.1049626553399504e-15}
{"stage": "part_import_started", "utc": "2026-09-08T23:41:59.771936+00:00", "id": "C05", "source": "F:\\China Graduate Future Flight Vehicle Innovation Competition\\01_project\\competition\\SERVICE_ROBOT_MECHANICAL_CONSOLIDATION_20260905\\runs\\wp10_mechatronic_closure_20260908\\implementation\\mechanical\\bottom_lower_deck_angle_1_1.step"}
{"stage": "save_attempt", "utc": "2026-09-08T23:42:01.351970+00:00", "path": "F:\\China Graduate Future Flight Vehicle Innovation Competition\\01_project\\competition\\SERVICE_ROBOT_MECHANICAL_CONSOLIDATION_20260905\\runs\\wp10_mechatronic_closure_20260908\\implementation\\mechanical\\native\\C05.SLDPRT", "api_return": [true, 0, 0], "ok": true, "errors": 0, "warnings": 0}
{"stage": "part_completed", "utc": "2026-09-08T23:42:01.567744+00:00", "id": "C05", "solid_count": 1}
{"stage": "source_volume_verified", "utc": "2026-09-08T23:42:01.584551+00:00", "id": "C05", "relative_error": 5.128658066976372e-15}
{"stage": "part_import_started", "utc": "2026-09-08T23:42:01.617008+00:00", "id": "C06", "source": "F:\\China Graduate Future Flight Vehicle Innovation Competition\\01_project\\competition\\SERVICE_ROBOT_MECHANICAL_CONSOLIDATION_20260905\\runs\\wp10_mechatronic_closure_20260908\\implementation\\mechanical\\bottom_radiator.step"}
{"stage": "save_attempt", "utc": "2026-09-08T23:42:03.294470+00:00", "path": "F:\\China Graduate Future Flight Vehicle Innovation Competition\\01_project\\competition\\SERVICE_ROBOT_MECHANICAL_CONSOLIDATION_20260905\\runs\\wp10_mechatronic_closure_20260908\\implementation\\mechanical\\native\\C06.SLDPRT", "api_return": [true, 0, 0], "ok": true, "errors": 0, "warnings": 0}
{"stage": "part_completed", "utc": "2026-09-08T23:42:03.549466+00:00", "id": "C06", "solid_count": 1}
{"stage": "source_volume_verified", "utc": "2026-09-08T23:42:03.569240+00:00", "id": "C06", "relative_error": 9.574839550907059e-15}
{"stage": "part_import_started", "utc": "2026-09-08T23:42:03.604770+00:00", "id": "C07", "source": "F:\\China Graduate Future Flight Vehicle Innovation Competition\\01_project\\competition\\SERVICE_ROBOT_MECHANICAL_CONSOLIDATION_20260905\\runs\\wp10_mechatronic_closure_20260908\\implementation\\mechanical\\lower_deck_bottom_mount.step"}
{"stage": "save_attempt", "utc": "2026-09-08T23:42:05.283011+00:00", "path": "F:\\China Graduate Future Flight Vehicle Innovation Competition\\01_project\\competition\\SERVICE_ROBOT_MECHANICAL_CONSOLIDATION_20260905\\runs\\wp10_mechatronic_closure_20260908\\implementation\\mechanical\\native\\C07.SLDPRT", "api_return": [true, 0, 0], "ok": true, "errors": 0, "warnings": 0}
{"stage": "part_completed", "utc": "2026-09-08T23:42:05.520863+00:00", "id": "C07", "solid_count": 1}
{"stage": "source_volume_verified", "utc": "2026-09-08T23:42:05.539415+00:00", "id": "C07", "relative_error": 1.7597766097214907e-15}
{"stage": "part_import_started", "utc": "2026-09-08T23:42:05.573844+00:00", "id": "C08", "source": "F:\\China Graduate Future Flight Vehicle Innovation Competition\\01_project\\competition\\SERVICE_ROBOT_MECHANICAL_CONSOLIDATION_20260905\\runs\\wp10_mechatronic_closure_20260908\\implementation\\mechanical\\chb_bottom_tim.step"}
{"stage": "save_attempt", "utc": "2026-09-08T23:42:07.190557+00:00", "path": "F:\\China Graduate Future Flight Vehicle Innovation Competition\\01_project\\competition\\SERVICE_ROBOT_MECHANICAL_CONSOLIDATION_20260905\\runs\\wp10_mechatronic_closure_20260908\\implementation\\mechanical\\native\\C08.SLDPRT", "api_return": [true, 0, 0], "ok": true, "errors": 0, "warnings": 0}
{"stage": "part_completed", "utc": "2026-09-08T23:42:07.425701+00:00", "id": "C08", "solid_count": 1}
{"stage": "source_volume_verified", "utc": "2026-09-08T23:42:07.448316+00:00", "id": "C08", "relative_error": 1.731447427170795e-16}
{"stage": "part_import_started", "utc": "2026-09-08T23:42:07.485590+00:00", "id": "C09", "source": "F:\\China Graduate Future Flight Vehicle Innovation Competition\\01_project\\competition\\SERVICE_ROBOT_MECHANICAL_CONSOLIDATION_20260905\\runs\\wp10_mechatronic_closure_20260908\\implementation\\sources\\CHB500W_STANDARD_OEM.step"}
{"stage": "save_attempt", "utc": "2026-09-08T23:42:28.039336+00:00", "path": "F:\\China Graduate Future Flight Vehicle Innovation Competition\\01_project\\competition\\SERVICE_ROBOT_MECHANICAL_CONSOLIDATION_20260905\\runs\\wp10_mechatronic_closure_20260908\\implementation\\mechanical\\native\\C09.SLDPRT", "api_return": [true, 0, 0], "ok": true, "errors": 0, "warnings": 0}
{"stage": "part_completed", "utc": "2026-09-08T23:42:28.583161+00:00", "id": "C09", "solid_count": 1}
{"stage": "failed", "utc": "2026-09-08T23:42:28.616137+00:00"}
