{
  "checks": [
    {
      "name": "uniform_sheet_independent_Stefan_Boltzmann",
      "passed": true
    },
    {
      "name": "unclipped_reverse_heat_flow",
      "passed": true
    },
    {
      "name": "all_energy_balances",
      "passed": true
    },
    {
      "name": "all_three_flat_face_masks_match_CAD_within5mm2",
      "passed": true,
      "quadrature_area_errors_mm2": [
        0.192053308521281,
        -0.3490162855159724,
        0.23537506003776798
      ]
    },
    {
      "name": "actual_joint_R_greater_than_TIM_alone",
      "passed": true
    },
    {
      "name": "last_mesh_refinement_within1C",
      "passed": true,
      "delta_C": 0.07314362489751147
    },
    {
      "name": "pressure_scenarios_energy_and_25psi_same_case",
      "passed": true
    }
  ],
  "rows": [
    {
      "state": "service",
      "sun_on_plus_Y": false,
      "per_link_R_K_W": null,
      "case_C": 118.48178833174472,
      "link_heat_a_to_b_W": []
    },
    {
      "state": "service",
      "sun_on_plus_Y": false,
      "per_link_R_K_W": 0.9563167771768865,
      "case_C": 61.828637125395915,
      "link_heat_a_to_b_W": [
        15.404596131549322,
        14.160049503081602
      ]
    },
    {
      "state": "service",
      "sun_on_plus_Y": false,
      "per_link_R_K_W": 1.5,
      "case_C": 65.76190899753294,
      "link_heat_a_to_b_W": [
        14.52076481846295,
        13.396530201290465
      ]
    },
    {
      "state": "service",
      "sun_on_plus_Y": false,
      "per_link_R_K_W": 2.0,
      "case_C": 68.93621173058324,
      "link_heat_a_to_b_W": [
        13.791406878509484,
        12.755569336922143
      ]
    },
    {
      "state": "service",
      "sun_on_plus_Y": true,
      "per_link_R_K_W": null,
      "case_C": 118.4817883317553,
      "link_heat_a_to_b_W": []
    },
    {
      "state": "service",
      "sun_on_plus_Y": true,
      "per_link_R_K_W": 0.9563167771768865,
      "case_C": 72.18423143463838,
      "link_heat_a_to_b_W": [
        8.780698400277839,
        16.35238835091388
      ]
    },
    {
      "state": "service",
      "sun_on_plus_Y": true,
      "per_link_R_K_W": 1.5,
      "case_C": 75.47769292050367,
      "link_heat_a_to_b_W": [
        8.42959417355054,
        15.200325126660568
      ]
    },
    {
      "state": "service",
      "sun_on_plus_Y": true,
      "per_link_R_K_W": 2.0,
      "case_C": 78.12599901016483,
      "link_heat_a_to_b_W": [
        8.10216420937073,
        14.289336112260742
      ]
    },
    {
      "state": "service",
      "sun_on_plus_Y": false,
      "per_link_R_K_W": null,
      "case_C": 118.50734924608201,
      "link_heat_a_to_b_W": []
    },
    {
      "state": "service",
      "sun_on_plus_Y": false,
      "per_link_R_K_W": 0.9563167771768865,
      "case_C": 66.07665068953759,
      "link_heat_a_to_b_W": [
        14.6707657010399,
        13.130883318163423
      ]
    },
    {
      "state": "service",
      "sun_on_plus_Y": false,
      "per_link_R_K_W": 1.5,
      "case_C": 69.77042036368005,
      "link_heat_a_to_b_W": [
        13.792109402735568,
        12.407003062342392
      ]
    },
    {
      "state": "service",
      "sun_on_plus_Y": false,
      "per_link_R_K_W": 2.0,
      "case_C": 72.74643505280471,
      "link_heat_a_to_b_W": [
        13.071542052301549,
        11.799809354137217
      ]
    },
    {
      "state": "service",
      "sun_on_plus_Y": true,
      "per_link_R_K_W": null,
      "case_C": 118.50734924608639,
      "link_heat_a_to_b_W": []
    },
    {
      "state": "service",
      "sun_on_plus_Y": true,
      "per_link_R_K_W": 0.9563167771768865,
      "case_C": 75.92987901272977,
      "link_heat_a_to_b_W": [
        8.15319650620704,
        15.285915500509292
      ]
    },
    {
      "state": "service",
      "sun_on_plus_Y": true,
      "per_link_R_K_W": 1.5,
      "case_C": 78.9993131533978,
      "link_heat_a_to_b_W": [
        7.821239142428155,
        14.174293847622659
      ]
    },
    {
      "state": "service",
      "sun_on_plus_Y": true,
      "per_link_R_K_W": 2.0,
      "case_C": 81.46352637694065,
      "link_heat_a_to_b_W": [
        7.511754369507189,
        13.298707735170485
      ]
    },
    {
      "state": "parking",
      "sun_on_plus_Y": false,
      "per_link_R_K_W": null,
      "case_C": 118.48178833174467,
      "link_heat_a_to_b_W": []
    },
    {
      "state": "parking",
      "sun_on_plus_Y": false,
      "per_link_R_K_W": 0.9563167771768865,
      "case_C": 91.0475855217449,
      "link_heat_a_to_b_W": [
        7.973051435297915,
        7.966282247303437
      ]
    },
    {
      "state": "parking",
      "sun_on_plus_Y": false,
      "per_link_R_K_W": 1.5,
      "case_C": 93.14610387673139,
      "link_heat_a_to_b_W": [
        7.419088489653859,
        7.413553713698023
      ]
    },
    {
      "state": "parking",
      "sun_on_plus_Y": false,
      "per_link_R_K_W": 2.0,
      "case_C": 94.81690998766891,
      "link_heat_a_to_b_W": [
        6.9716468587817655,
        6.966958779891565
      ]
    },
    {
      "state": "parking",
      "sun_on_plus_Y": true,
      "per_link_R_K_W": null,
      "case_C": 118.48178833174467,
      "link_heat_a_to_b_W": []
    },
    {
      "state": "parking",
      "sun_on_plus_Y": true,
      "per_link_R_K_W": 0.9563167771768865,
      "case_C": 98.37393831840683,
      "link_heat_a_to_b_W": [
        2.195238657680927,
        9.83936315109139
      ]
    },
    {
      "state": "parking",
      "sun_on_plus_Y": true,
      "per_link_R_K_W": 1.5,
      "case_C": 99.91484906921181,
      "link_heat_a_to_b_W": [
        2.2625501876932366,
        8.909933655045025
      ]
    },
    {
      "state": "parking",
      "sun_on_plus_Y": true,
      "per_link_R_K_W": 2.0,
      "case_C": 101.14043399322452,
      "link_heat_a_to_b_W": [
        2.268978602739991,
        8.211007206701087
      ]
    },
    {
      "state": "parking",
      "sun_on_plus_Y": false,
      "per_link_R_K_W": null,
      "case_C": 118.50734924608793,
      "link_heat_a_to_b_W": []
    },
    {
      "state": "parking",
      "sun_on_plus_Y": false,
      "per_link_R_K_W": 0.9563167771768865,
      "case_C": 100.05607979575728,
      "link_heat_a_to_b_W": [
        5.540618785663774,
        5.536014570453123
      ]
    },
    {
      "state": "parking",
      "sun_on_plus_Y": false,
      "per_link_R_K_W": 1.5,
      "case_C": 101.50591252268163,
      "link_heat_a_to_b_W": [
        5.131696320658857,
        5.127975559158106
      ]
    },
    {
      "state": "parking",
      "sun_on_plus_Y": false,
      "per_link_R_K_W": 2.0,
      "case_C": 102.65465577758283,
      "link_heat_a_to_b_W": [
        4.804580867169278,
        4.8014567440853275
      ]
    },
    {
      "state": "parking",
      "sun_on_plus_Y": true,
      "per_link_R_K_W": null,
      "case_C": 118.50734924608793,
      "link_heat_a_to_b_W": []
    },
    {
      "state": "parking",
      "sun_on_plus_Y": true,
      "per_link_R_K_W": 0.9563167771768865,
      "case_C": 106.65366352069833,
      "link_heat_a_to_b_W": [
        0.011174500633334972,
        7.31382984523604
      ]
    },
    {
      "state": "parking",
      "sun_on_plus_Y": true,
      "per_link_R_K_W": 1.5,
      "case_C": 107.57621360199704,
      "link_heat_a_to_b_W": [
        0.2397438254299923,
        6.535350186672832
      ]
    },
    {
      "state": "parking",
      "sun_on_plus_Y": true,
      "per_link_R_K_W": 2.0,
      "case_C": 108.30799637539809,
      "link_heat_a_to_b_W": [
        0.3730841502974338,
        5.963613257737478
      ]
    },
    {
      "state": "released",
      "sun_on_plus_Y": false,
      "per_link_R_K_W": null,
      "case_C": 118.48178833174467,
      "link_heat_a_to_b_W": []
    },
    {
      "state": "released",
      "sun_on_plus_Y": false,
      "per_link_R_K_W": 0.9563167771768865,
      "case_C": 91.12192707942336,
      "link_heat_a_to_b_W": [
        7.991925061200713,
        7.908872455520826
      ]
    },
    {
      "state": "released",
      "sun_on_plus_Y": false,
      "per_link_R_K_W": 1.5,
      "case_C": 93.21521399529615,
      "link_heat_a_to_b_W": [
        7.434298015869612,
        7.36191406135066
      ]
    },
    {
      "state": "released",
      "sun_on_plus_Y": false,
      "per_link_R_K_W": 2.0,
      "case_C": 94.88179563083321,
      "link_heat_a_to_b_W": [
        6.984373195807104,
        6.919574355445057
      ]
    },
    {
      "state": "released",
      "sun_on_plus_Y": true,
      "per_link_R_K_W": null,
      "case_C": 118.48178833174467,
      "link_heat_a_to_b_W": []
    },
    {
      "state": "released",
      "sun_on_plus_Y": true,
      "per_link_R_K_W": 0.9563167771768865,
      "case_C": 98.44221608905264,
      "link_heat_a_to_b_W": [
        2.214246478581704,
        9.782212415308285
      ]
    },
    {
      "state": "released",
      "sun_on_plus_Y": true,
      "per_link_R_K_W": 1.5,
      "case_C": 99.97872893553159,
      "link_heat_a_to_b_W": [
        2.2778810195188797,
        8.858518291183605
      ]
    },
    {
      "state": "released",
      "sun_on_plus_Y": true,
      "per_link_R_K_W": 2.0,
      "case_C": 101.20071801089136,
      "link_heat_a_to_b_W": [
        2.2818127662506473,
        8.16381750577324
      ]
    },
    {
      "state": "released",
      "sun_on_plus_Y": false,
      "per_link_R_K_W": null,
      "case_C": 118.50734924608793,
      "link_heat_a_to_b_W": []
    },
    {
      "state": "released",
      "sun_on_plus_Y": false,
      "per_link_R_K_W": 0.9563167771768865,
      "case_C": 100.14012754269294,
      "link_heat_a_to_b_W": [
        5.563150675031602,
        5.466831858494418
      ]
    },
    {
      "state": "released",
      "sun_on_plus_Y": false,
      "per_link_R_K_W": 1.5,
      "case_C": 101.58367492788972,
      "link_heat_a_to_b_W": [
        5.149669531945196,
        5.066341654484009
      ]
    },
    {
      "state": "released",
      "sun_on_plus_Y": false,
      "per_link_R_K_W": 2.0,
      "case_C": 102.72739323814807,
      "link_heat_a_to_b_W": [
        4.819504602678084,
        4.745324433441773
      ]
    },
    {
      "state": "released",
      "sun_on_plus_Y": true,
      "per_link_R_K_W": null,
      "case_C": 118.50734924608793,
      "link_heat_a_to_b_W": []
    },
    {
      "state": "released",
      "sun_on_plus_Y": true,
      "per_link_R_K_W": 0.9563167771768865,
      "case_C": 106.73146862840713,
      "link_heat_a_to_b_W": [
        0.033833423228486925,
        7.24490449014434
      ]
    },
    {
      "state": "released",
      "sun_on_plus_Y": true,
      "per_link_R_K_W": 1.5,
      "case_C": 107.64864894699775,
      "link_heat_a_to_b_W": [
        0.2578257733181495,
        6.473928702966919
      ]
    },
    {
      "state": "released",
      "sun_on_plus_Y": true,
      "per_link_R_K_W": 2.0,
      "case_C": 108.37608240202337,
      "link_heat_a_to_b_W": [
        0.38810038468772956,
        5.907658511460783
      ]
    }
  ]
}
