{"schema": "WP10_FIXED_HEAT_GEOMETRY_V1", "checks": [{"name": "22_valid_positive_solids", "passed": true}, {"name": "each_wall_one_connected_solid", "passed": true}, {"name": "outward_face_area_bounded", "passed": true}, {"name": "U202_CHB_OEM_group_size", "passed": true}, {"name": "U202_CHB_two_contact_faces", "passed": true, "actual": {"id": "U202_CHB", "area_wall_TIM_mm2": 3234.4827487648063, "area_TIM_OEM_mm2": 3234.4827487648063}}, {"name": "RB301_OEM_group_size", "passed": true}, {"name": "RB301_two_contact_faces", "passed": true, "actual": {"id": "RB301", "area_wall_TIM_mm2": 2855.999999999999, "area_TIM_OEM_mm2": 2855.999999999999}}, {"name": "RB302_OEM_group_size", "passed": true}, {"name": "RB302_two_contact_faces", "passed": true, "actual": {"id": "RB302", "area_wall_TIM_mm2": 2855.999999999999, "area_TIM_OEM_mm2": 2855.999999999999}}, {"name": "RB303_OEM_group_size", "passed": true}, {"name": "RB303_two_contact_faces", "passed": true, "actual": {"id": "RB303", "area_wall_TIM_mm2": 2855.999999999999, "area_TIM_OEM_mm2": 2855.999999999999}}, {"name": "no_nonOEM_internal_interference", "passed": true}], "check_count": 12, "checks_passed": true, "source_step_sha256": "124a1e94fbf22ea314b937ac4b5d9accff9318e1ebe37eb5ee7983ecb6846fca", "contacts": [{"id": "U202_CHB", "area_wall_TIM_mm2": 3234.4827487648063, "area_TIM_OEM_mm2": 3234.4827487648063}, {"id": "RB301", "area_wall_TIM_mm2": 2855.999999999999, "area_TIM_OEM_mm2": 2855.999999999999}, {"id": "RB302", "area_wall_TIM_mm2": 2855.999999999999, "area_TIM_OEM_mm2": 2855.999999999999}, {"id": "RB303", "area_wall_TIM_mm2": 2855.999999999999, "area_TIM_OEM_mm2": 2855.999999999999}], "outward_radiating_face_area_mm2_by_side": {"-1": 61301.25013218634, "1": 61396.67600903915}, "CHB_TIM_contact_area_mm2": 3234.4827487648063, "wall_volume_mm3_by_side": {"-1": 793079.4515800884, "1": 635765.2656097314}, "wall_mass_estimate_kg_by_side": {"-1": 2.1413145192662384, "1": 1.7165662171462748}, "prototype_thermal_contact_verified": false, "CHB_mount_type": "BOTTOM_PEDESTAL", "source_geometry_continuous": true, "whole_vehicle_interference_verified": false}
{
  "id": "U202_CHB",
  "expected_bbox": [
    -53.95000012472532,
    -30.500000124725318,
    -96.1500001,
    3.950000111461982,
    30.500000111461976,
    -78.1499999
  ],
  "expected_volume": 44017.9519855787,
  "nearest": [
    {
      "index": 9,
      "bbox_error": 3.126388037344441e-13,
      "volume_error": 0.00017653445684118196,
      "facts": {
        "measure": 44017.95216211316,
        "COM": [
          -24.993773763846203,
          -0.0010204711547294458,
          -89.83559115235553
        ],
        "bbox": [
          -53.95000012472501,
          -30.50000012472531,
          -96.15000009999999,
          3.950000111461977,
          30.50000011146197,
          -78.14999990000001
        ]
      }
    },
    {
      "index": 3,
      "bbox_error": 117.65000011146198,
      "volume_error": -30848.352852031654,
      "facts": {
        "measure": 13169.599133547044,
        "COM": [
          -77.3859935474611,
          -96.56071369902327,
          -99.60786908037495
        ],
        "bbox": [
          -167.0,
          -101.15,
          -104.15,
          11.5,
          -87.15,
          -90.15
        ]
      }
    },
    {
      "index": 5,
      "bbox_error": 117.65000012472532,
      "volume_error": -30848.352852031654,
      "facts": {
        "measure": 13169.599133547044,
        "COM": [
          -77.3859935474611,
          96.56071369902327,
          -99.60786908037494
        ],
        "bbox": [
          -167.0,
          87.15,
          -104.15,
          11.5,
          101.15,
          -90.15
        ]
      }
    }
  ],
  "integration": {
    "local": [
      {
        "Eps": 1e-06,
        "error": 7.420657515202396e-05,
        "volume_mm3": 44075.53416754347
      },
      {
        "Eps": 1e-08,
        "error": 7.420657507925501e-05,
        "volume_mm3": 44059.26807790482
      },
      {
        "Eps": 1e-10,
        "error": 7.420657508487558e-05,
        "volume_mm3": 44069.65090063226
      },
      {
        "Eps": 1e-12,
        "error": 7.420654138443059e-05,
        "volume_mm3": 44071.83141470351
      }
    ],
    "transformed": [
      {
        "Eps": 1e-06,
        "error": 7.420657515215697e-05,
        "volume_mm3": 44075.53416754352
      },
      {
        "Eps": 1e-08,
        "error": 7.420657507942138e-05,
        "volume_mm3": 44059.26807790483
      },
      {
        "Eps": 1e-10,
        "error": 7.420657508499192e-05,
        "volume_mm3": 44069.6509006323
      },
      {
        "Eps": 1e-12,
        "error": 7.420654138461367e-05,
        "volume_mm3": 44071.83141470354
      }
    ],
    "assembly": [
      {
        "Eps": 1e-06,
        "error": 7.420657592752725e-05,
        "volume_mm3": 44075.53411537957
      },
      {
        "Eps": 1e-08,
        "error": 7.420657585475829e-05,
        "volume_mm3": 44059.26802574124
      },
      {
        "Eps": 1e-10,
        "error": 7.420657586042902e-05,
        "volume_mm3": 44069.65084846856
      },
      {
        "Eps": 1e-12,
        "error": 7.42065421599669e-05,
        "volume_mm3": 44071.83136253985
      }
    ]
  }
}
