Adding duplicate image handler for 'PNG file'
Adding duplicate image handler for 'JPEG file'
Adding duplicate image handler for 'TIFF file'
Adding duplicate image handler for 'GIF file'
Adding duplicate image handler for 'PNM file'
Adding duplicate image handler for 'PCX file'
Adding duplicate image handler for 'IFF file'
Adding duplicate image handler for 'Windows icon file'
Adding duplicate image handler for 'Windows cursor file'
Adding duplicate image handler for 'Windows animated cursor file'
Adding duplicate image handler for 'TGA file'
Adding duplicate image handler for 'XPM file'
Adding duplicate image handler for 'WebP file'
Traceback (most recent call last):
  File "F:\China Graduate Future Flight Vehicle Innovation Competition\01_project\competition\SERVICE_ROBOT_MECHANICAL_CONSOLIDATION_20260905\runs\wp10_mechatronic_closure_20260908\implementation\tools\audit_sequence_v35.py", line 66, in <module>
    if __name__=='__main__':main()
                            ^^^^^^
  File "F:\China Graduate Future Flight Vehicle Innovation Competition\01_project\competition\SERVICE_ROBOT_MECHANICAL_CONSOLIDATION_20260905\runs\wp10_mechatronic_closure_20260908\implementation\tools\audit_sequence_v35.py", line 40, in main
    assert p.GetNetname()==pins[ref,p.GetNumber()][0],(ref,p.GetNumber(),p.GetNetname(),pins.get((ref,p.GetNumber())))
           ^^^^^^^^^^^^^^^^^^^^^^^^^^^^^^^^^^^^^^^^^^
AssertionError: ('U209', '6', 'unconnected-(U209-PG_UNUSED-Pad6)', ('unconnected-(U209-PG-Pad6)', 'open_collector+no_connect'))
