{"host_exact_pairs": 13, "host_collisions": {"service": 7, "parking": 7, "released": 7}, "host_status": "REJECTED_SAVED_GEOMETRY_INTERFERENCE"}
{"delta": [0.0, 0.0, 0.0], "physical_mm3": 420.927, "envelope_mm3": 90742.485, "phys": ["CLAMP_DUAL_BASE", "CLAMP_DUAL_LID", "POST_DUAL_0", "POST_DUAL_1"], "min_d": 0.0, "s": 33.3}
{"host_exact_pairs": 14, "host_collisions": {"service": 6, "parking": 6, "released": 6}, "host_status": "REJECTED_SAVED_GEOMETRY_INTERFERENCE"}
{"delta": [0.0, 0.0, 2.0], "physical_mm3": 794.388, "envelope_mm3": 89814.72499999999, "phys": ["RB_upper_beam_20", "CLAMP_DUAL_BASE", "CLAMP_DUAL_LID"], "min_d": 0.0, "s": 37.1}
{"host_exact_pairs": 15, "host_collisions": {"service": 6, "parking": 6, "released": 6}, "host_status": "REJECTED_SAVED_GEOMETRY_INTERFERENCE"}
{"delta": [0.0, 0.0, 4.0], "physical_mm3": 978.7090000000001, "envelope_mm3": 89192.755, "phys": ["RB_upper_beam_20", "CLAMP_DUAL_BASE", "CLAMP_DUAL_LID"], "min_d": 0.0, "s": 32.5}
{"host_exact_pairs": 15, "host_collisions": {"service": 6, "parking": 6, "released": 6}, "host_status": "REJECTED_SAVED_GEOMETRY_INTERFERENCE"}
{"delta": [0.0, 0.0, 6.0], "physical_mm3": 1208.757, "envelope_mm3": 89152.04999999999, "phys": ["RB_upper_beam_20", "CLAMP_DUAL_BASE", "CLAMP_DUAL_LID"], "min_d": 0.0, "s": 34.1}
*** ERR StepReaderData : Unresolved Reference : Fails Count : 1 ***
*** ERR StepReaderData : Unresolved Reference : Fails Count : 1 ***
{"host_exact_pairs": 13, "host_collisions": {"service": 5, "parking": 5, "released": 5}, "host_status": "REJECTED_SAVED_GEOMETRY_INTERFERENCE"}
{"delta": [0.0, -2.0, 0.0], "physical_mm3": 273.571, "envelope_mm3": 91368.278, "phys": ["CLAMP_DUAL_BASE", "RB303"], "min_d": 0.0, "s": 33.7}
*** ERR StepReaderData : Unresolved Reference : Fails Count : 1 ***
*** ERR StepReaderData : Unresolved Reference : Fails Count : 1 ***
{"host_exact_pairs": 14, "host_collisions": {"service": 5, "parking": 5, "released": 5}, "host_status": "REJECTED_SAVED_GEOMETRY_INTERFERENCE"}
{"delta": [0.0, -2.0, 2.0], "physical_mm3": 598.095, "envelope_mm3": 90280.517, "phys": ["RB_upper_beam_20", "CLAMP_DUAL_BASE"], "min_d": 0.0, "s": 29.3}
*** ERR StepReaderData : Unresolved Reference : Fails Count : 1 ***
*** ERR StepReaderData : Unresolved Reference : Fails Count : 1 ***
{"host_exact_pairs": 15, "host_collisions": {"service": 5, "parking": 5, "released": 5}, "host_status": "REJECTED_SAVED_GEOMETRY_INTERFERENCE"}
{"delta": [0.0, -2.0, 4.0], "physical_mm3": 890.416, "envelope_mm3": 89377.895, "phys": ["RB_upper_beam_20", "CLAMP_DUAL_BASE"], "min_d": 0.0, "s": 29.1}
*** ERR StepReaderData : Unresolved Reference : Fails Count : 1 ***
*** ERR StepReaderData : Unresolved Reference : Fails Count : 1 ***
{"host_exact_pairs": 15, "host_collisions": {"service": 6, "parking": 6, "released": 6}, "host_status": "REJECTED_SAVED_GEOMETRY_INTERFERENCE"}
{"delta": [0.0, -2.0, 6.0], "physical_mm3": 1201.436, "envelope_mm3": 89190.991, "phys": ["RB_upper_beam_20", "CLAMP_DUAL_BASE", "CLAMP_DUAL_LID"], "min_d": 0.0, "s": 31.9}
*** ERR StepReaderData : Unresolved Reference : Fails Count : 1 ***
*** ERR StepReaderData : Unresolved Reference : Fails Count : 1 ***
{"host_exact_pairs": 13, "host_collisions": {"service": 5, "parking": 5, "released": 5}, "host_status": "REJECTED_SAVED_GEOMETRY_INTERFERENCE"}
{"delta": [0.0, -4.0, 0.0], "physical_mm3": 200.663, "envelope_mm3": 91722.833, "phys": ["CLAMP_DUAL_BASE", "RB303"], "min_d": 0.0, "s": 32.5}
*** ERR StepReaderData : Unresolved Reference : Fails Count : 1 ***
*** ERR StepReaderData : Unresolved Reference : Fails Count : 1 ***
{"host_exact_pairs": 14, "host_collisions": {"service": 6, "parking": 6, "released": 6}, "host_status": "REJECTED_SAVED_GEOMETRY_INTERFERENCE"}
{"delta": [0.0, -4.0, 2.0], "physical_mm3": 444.03000000000003, "envelope_mm3": 90475.073, "phys": ["RB_upper_beam_20", "CLAMP_DUAL_BASE", "RB303"], "min_d": 0.0, "s": 39.3}
*** ERR StepReaderData : Unresolved Reference : Fails Count : 1 ***
*** ERR StepReaderData : Unresolved Reference : Fails Count : 1 ***
{"host_exact_pairs": 15, "host_collisions": {"service": 5, "parking": 5, "released": 5}, "host_status": "REJECTED_SAVED_GEOMETRY_INTERFERENCE"}
{"delta": [0.0, -4.0, 4.0], "physical_mm3": 827.0440000000001, "envelope_mm3": 89291.798, "phys": ["RB_upper_beam_20", "CLAMP_DUAL_BASE"], "min_d": 0.0, "s": 34.8}
*** ERR StepReaderData : Unresolved Reference : Fails Count : 1 ***
*** ERR StepReaderData : Unresolved Reference : Fails Count : 1 ***
{"host_exact_pairs": 15, "host_collisions": {"service": 6, "parking": 6, "released": 6}, "host_status": "REJECTED_SAVED_GEOMETRY_INTERFERENCE"}
{"delta": [0.0, -4.0, 6.0], "physical_mm3": 1201.436, "envelope_mm3": 88958.69399999999, "phys": ["RB_upper_beam_20", "CLAMP_DUAL_BASE", "CLAMP_DUAL_LID"], "min_d": 0.0, "s": 38.6}
*** ERR StepReaderData : Unresolved Reference : Fails Count : 1 ***
*** ERR StepReaderData : Unresolved Reference : Fails Count : 1 ***
{"host_exact_pairs": 12, "host_collisions": {"service": 4, "parking": 4, "released": 4}, "host_status": "REJECTED_SAVED_GEOMETRY_INTERFERENCE"}
{"delta": [0.0, -6.0, 0.0], "physical_mm3": 139.837, "envelope_mm3": 94618.80200000001, "phys": ["CLAMP_DUAL_BASE", "RB303"], "min_d": 0.0, "s": 30.6}
*** ERR StepReaderData : Unresolved Reference : Fails Count : 1 ***
*** ERR StepReaderData : Unresolved Reference : Fails Count : 1 ***
{"host_exact_pairs": 13, "host_collisions": {"service": 5, "parking": 5, "released": 5}, "host_status": "REJECTED_SAVED_GEOMETRY_INTERFERENCE"}
{"delta": [0.0, -6.0, 2.0], "physical_mm3": 255.057, "envelope_mm3": 93211.042, "phys": ["RB_upper_beam_20", "CLAMP_DUAL_BASE", "RB303"], "min_d": 0.0, "s": 30.8}
*** ERR StepReaderData : Unresolved Reference : Fails Count : 1 ***
*** ERR StepReaderData : Unresolved Reference : Fails Count : 1 ***
{"host_exact_pairs": 14, "host_collisions": {"service": 4, "parking": 4, "released": 4}, "host_status": "REJECTED_SAVED_GEOMETRY_INTERFERENCE"}
{"delta": [0.0, -6.0, 4.0], "physical_mm3": 690.844, "envelope_mm3": 91845.67, "phys": ["RB_upper_beam_20", "CLAMP_DUAL_BASE"], "min_d": 0.0, "s": 26.3}
*** ERR StepReaderData : Unresolved Reference : Fails Count : 1 ***
*** ERR StepReaderData : Unresolved Reference : Fails Count : 1 ***
{"host_exact_pairs": 14, "host_collisions": {"service": 5, "parking": 5, "released": 5}, "host_status": "REJECTED_SAVED_GEOMETRY_INTERFERENCE"}
{"delta": [0.0, -6.0, 6.0], "physical_mm3": 1166.634, "envelope_mm3": 91283.59700000001, "phys": ["RB_upper_beam_20", "CLAMP_DUAL_BASE", "CLAMP_DUAL_LID"], "min_d": 0.0, "s": 26.9}
{"poses": 16, "physically_clear": [], "best": [0.0, -6.0, 0.0], "best_phys": 139.837, "elapsed_s": 520.9}
