Traceback (most recent call last):
  File "F:\China Graduate Future Flight Vehicle Innovation Competition\01_project\competition\SERVICE_ROBOT_MECHANICAL_CONSOLIDATION_20260905\runs\wp10_mechatronic_closure_20260908\implementation\tools\run_main_board_v25.py", line 12, in <module>
    assert q.returncode==0,q.stdout+q.stderr
           ^^^^^^^^^^^^^^^
AssertionError: Traceback (most recent call last):
  File "F:\China Graduate Future Flight Vehicle Innovation Competition\01_project\competition\SERVICE_ROBOT_MECHANICAL_CONSOLIDATION_20260905\runs\wp10_mechatronic_closure_20260908\implementation\tools\build_main_board_native_v25.py", line 61, in <module>
    pad.SetSize(xy(7 if power else 2.4,7 if power else 2.4));pad.SetDrillSize(xy(3.2 if power else 1.2,3.2 if power else 1.2));pad.SetLayerSet(k.LSET([k.F_Cu,k.B_Cu,k.F_Mask,k.B_Mask]))
                                                                                                                                               ^^^^^^^^^^^^^^^^^^^^^^^^^^^^^^^^^^^^^^^^^
  File "G:\Windows_program_file\Kicad\bin\Lib\site-packages\pcbnew.py", line 10168, in __init__
    _pcbnew.LSET_swiginit(self, _pcbnew.new_LSET(*args))
                                ^^^^^^^^^^^^^^^^^^^^^^^
TypeError: in method 'new_LSET', argument 1 of type 'std::vector< PCB_LAYER_ID,std::allocator< PCB_LAYER_ID > > const &'
Additional information:
Wrong number or type of arguments for overloaded function 'new_LSET'.
  Possible C/C++ prototypes are:
    LSET::LSET()
    LSET::LSET(BASE_SET const &)
    LSET::LSET(std::initializer_list< PCB_LAYER_ID >)
    LSET::LSET(std::vector< PCB_LAYER_ID,std::allocator< PCB_LAYER_ID > > const &)
    LSET::LSET(LSEQ const &)
    LSET::LSET(LAYER_RANGE const &)


