{"stage": "part_import_started", "utc": "2026-09-08T22:12:45.231315+00:00", "id": "B00", "source": "F:\\China Graduate Future Flight Vehicle Innovation Competition\\01_project\\competition\\SERVICE_ROBOT_MECHANICAL_CONSOLIDATION_20260905\\runs\\wp10_mechatronic_closure_20260908\\implementation\\mechanical\\bottom_lower_deck_angle_-1_0.step"}
{"stage": "save_attempt", "utc": "2026-09-08T22:12:49.916766+00:00", "path": "F:\\China Graduate Future Flight Vehicle Innovation Competition\\01_project\\competition\\SERVICE_ROBOT_MECHANICAL_CONSOLIDATION_20260905\\runs\\wp10_mechatronic_closure_20260908\\implementation\\mechanical\\native\\B00.SLDPRT", "api_return": [true, 0, 0], "ok": true, "errors": 0, "warnings": 0}
{"stage": "part_completed", "utc": "2026-09-08T22:12:50.177377+00:00", "id": "B00", "solid_count": 1}
{"stage": "source_volume_verified", "utc": "2026-09-08T22:12:50.195979+00:00", "id": "B00", "relative_error": 1.2430829872574441e-15}
{"stage": "part_import_started", "utc": "2026-09-08T22:12:50.226385+00:00", "id": "B01", "source": "F:\\China Graduate Future Flight Vehicle Innovation Competition\\01_project\\competition\\SERVICE_ROBOT_MECHANICAL_CONSOLIDATION_20260905\\runs\\wp10_mechatronic_closure_20260908\\implementation\\mechanical\\bottom_lower_deck_angle_-1_1.step"}
{"stage": "save_attempt", "utc": "2026-09-08T22:12:51.826825+00:00", "path": "F:\\China Graduate Future Flight Vehicle Innovation Competition\\01_project\\competition\\SERVICE_ROBOT_MECHANICAL_CONSOLIDATION_20260905\\runs\\wp10_mechatronic_closure_20260908\\implementation\\mechanical\\native\\B01.SLDPRT", "api_return": [true, 0, 0], "ok": true, "errors": 0, "warnings": 0}
{"stage": "part_completed", "utc": "2026-09-08T22:12:52.043072+00:00", "id": "B01", "solid_count": 1}
{"stage": "source_volume_verified", "utc": "2026-09-08T22:12:52.064858+00:00", "id": "B01", "relative_error": 5.333804389655427e-15}
{"stage": "part_import_started", "utc": "2026-09-08T22:12:52.101856+00:00", "id": "B02", "source": "F:\\China Graduate Future Flight Vehicle Innovation Competition\\01_project\\competition\\SERVICE_ROBOT_MECHANICAL_CONSOLIDATION_20260905\\runs\\wp10_mechatronic_closure_20260908\\implementation\\mechanical\\bottom_lower_deck_angle_1_0.step"}
{"stage": "save_attempt", "utc": "2026-09-08T22:12:53.707528+00:00", "path": "F:\\China Graduate Future Flight Vehicle Innovation Competition\\01_project\\competition\\SERVICE_ROBOT_MECHANICAL_CONSOLIDATION_20260905\\runs\\wp10_mechatronic_closure_20260908\\implementation\\mechanical\\native\\B02.SLDPRT", "api_return": [true, 0, 0], "ok": true, "errors": 0, "warnings": 0}
{"stage": "part_completed", "utc": "2026-09-08T22:12:53.937743+00:00", "id": "B02", "solid_count": 1}
{"stage": "source_volume_verified", "utc": "2026-09-08T22:12:53.957796+00:00", "id": "B02", "relative_error": 1.1049626553399504e-15}
{"stage": "part_import_started", "utc": "2026-09-08T22:12:53.987955+00:00", "id": "B03", "source": "F:\\China Graduate Future Flight Vehicle Innovation Competition\\01_project\\competition\\SERVICE_ROBOT_MECHANICAL_CONSOLIDATION_20260905\\runs\\wp10_mechatronic_closure_20260908\\implementation\\mechanical\\bottom_lower_deck_angle_1_1.step"}
{"stage": "save_attempt", "utc": "2026-09-08T22:12:55.604547+00:00", "path": "F:\\China Graduate Future Flight Vehicle Innovation Competition\\01_project\\competition\\SERVICE_ROBOT_MECHANICAL_CONSOLIDATION_20260905\\runs\\wp10_mechatronic_closure_20260908\\implementation\\mechanical\\native\\B03.SLDPRT", "api_return": [true, 0, 0], "ok": true, "errors": 0, "warnings": 0}
{"stage": "part_completed", "utc": "2026-09-08T22:12:55.820685+00:00", "id": "B03", "solid_count": 1}
{"stage": "source_volume_verified", "utc": "2026-09-08T22:12:55.839623+00:00", "id": "B03", "relative_error": 5.333804389655427e-15}
{"stage": "part_import_started", "utc": "2026-09-08T22:12:55.870184+00:00", "id": "B04", "source": "F:\\China Graduate Future Flight Vehicle Innovation Competition\\01_project\\competition\\SERVICE_ROBOT_MECHANICAL_CONSOLIDATION_20260905\\runs\\wp10_mechatronic_closure_20260908\\implementation\\mechanical\\bottom_radiator.step"}
{"stage": "save_attempt", "utc": "2026-09-08T22:12:57.524935+00:00", "path": "F:\\China Graduate Future Flight Vehicle Innovation Competition\\01_project\\competition\\SERVICE_ROBOT_MECHANICAL_CONSOLIDATION_20260905\\runs\\wp10_mechatronic_closure_20260908\\implementation\\mechanical\\native\\B04.SLDPRT", "api_return": [true, 0, 0], "ok": true, "errors": 0, "warnings": 0}
{"stage": "part_completed", "utc": "2026-09-08T22:12:57.748977+00:00", "id": "B04", "solid_count": 1}
{"stage": "source_volume_verified", "utc": "2026-09-08T22:12:57.770128+00:00", "id": "B04", "relative_error": 1.6305320190970823e-14}
{"stage": "part_import_started", "utc": "2026-09-08T22:12:57.806478+00:00", "id": "B05", "source": "F:\\China Graduate Future Flight Vehicle Innovation Competition\\01_project\\competition\\SERVICE_ROBOT_MECHANICAL_CONSOLIDATION_20260905\\runs\\wp10_mechatronic_closure_20260908\\implementation\\mechanical\\lower_deck_bottom_mount.step"}
{"stage": "save_attempt", "utc": "2026-09-08T22:12:59.388613+00:00", "path": "F:\\China Graduate Future Flight Vehicle Innovation Competition\\01_project\\competition\\SERVICE_ROBOT_MECHANICAL_CONSOLIDATION_20260905\\runs\\wp10_mechatronic_closure_20260908\\implementation\\mechanical\\native\\B05.SLDPRT", "api_return": [true, 0, 0], "ok": true, "errors": 0, "warnings": 0}
{"stage": "part_completed", "utc": "2026-09-08T22:12:59.608200+00:00", "id": "B05", "solid_count": 1}
{"stage": "source_volume_verified", "utc": "2026-09-08T22:12:59.626918+00:00", "id": "B05", "relative_error": 2.4837353071739138e-15}
{"stage": "part_import_started", "utc": "2026-09-08T22:12:59.659543+00:00", "id": "B06", "source": "F:\\China Graduate Future Flight Vehicle Innovation Competition\\01_project\\competition\\SERVICE_ROBOT_MECHANICAL_CONSOLIDATION_20260905\\runs\\wp10_mechatronic_closure_20260908\\implementation\\mechanical\\bottom_mount_screw.step"}
{"stage": "save_attempt", "utc": "2026-09-08T22:13:01.284143+00:00", "path": "F:\\China Graduate Future Flight Vehicle Innovation Competition\\01_project\\competition\\SERVICE_ROBOT_MECHANICAL_CONSOLIDATION_20260905\\runs\\wp10_mechatronic_closure_20260908\\implementation\\mechanical\\native\\B06.SLDPRT", "api_return": [true, 0, 0], "ok": true, "errors": 0, "warnings": 0}
{"stage": "part_completed", "utc": "2026-09-08T22:13:01.510254+00:00", "id": "B06", "solid_count": 1}
{"stage": "source_volume_verified", "utc": "2026-09-08T22:13:01.530682+00:00", "id": "B06", "relative_error": 2.0864652079008925e-13}
{"stage": "part_import_started", "utc": "2026-09-08T22:13:01.567871+00:00", "id": "B07", "source": "F:\\China Graduate Future Flight Vehicle Innovation Competition\\01_project\\competition\\SERVICE_ROBOT_MECHANICAL_CONSOLIDATION_20260905\\runs\\wp10_mechatronic_closure_20260908\\implementation\\mechanical\\bottom_mount_washer.step"}
{"stage": "save_attempt", "utc": "2026-09-08T22:13:03.164088+00:00", "path": "F:\\China Graduate Future Flight Vehicle Innovation Competition\\01_project\\competition\\SERVICE_ROBOT_MECHANICAL_CONSOLIDATION_20260905\\runs\\wp10_mechatronic_closure_20260908\\implementation\\mechanical\\native\\B07.SLDPRT", "api_return": [true, 0, 0], "ok": true, "errors": 0, "warnings": 0}
{"stage": "part_completed", "utc": "2026-09-08T22:13:03.381800+00:00", "id": "B07", "solid_count": 1}
{"stage": "source_volume_verified", "utc": "2026-09-08T22:13:03.400160+00:00", "id": "B07", "relative_error": 2.1940393261878336e-14}
{"stage": "part_import_started", "utc": "2026-09-08T22:13:03.430071+00:00", "id": "B08", "source": "F:\\China Graduate Future Flight Vehicle Innovation Competition\\01_project\\competition\\SERVICE_ROBOT_MECHANICAL_CONSOLIDATION_20260905\\runs\\wp10_mechatronic_closure_20260908\\implementation\\mechanical\\bottom_mount_nut.step"}
{"stage": "save_attempt", "utc": "2026-09-08T22:13:05.013063+00:00", "path": "F:\\China Graduate Future Flight Vehicle Innovation Competition\\01_project\\competition\\SERVICE_ROBOT_MECHANICAL_CONSOLIDATION_20260905\\runs\\wp10_mechatronic_closure_20260908\\implementation\\mechanical\\native\\B08.SLDPRT", "api_return": [true, 0, 0], "ok": true, "errors": 0, "warnings": 0}
{"stage": "part_completed", "utc": "2026-09-08T22:13:05.230229+00:00", "id": "B08", "solid_count": 1}
{"stage": "source_volume_verified", "utc": "2026-09-08T22:13:05.249239+00:00", "id": "B08", "relative_error": 6.036128181202011e-15}
{"stage": "completed", "utc": "2026-09-08T22:13:05.254031+00:00"}
