Adding duplicate image handler for 'PNG file'
Adding duplicate image handler for 'JPEG file'
Adding duplicate image handler for 'TIFF file'
Adding duplicate image handler for 'GIF file'
Adding duplicate image handler for 'PNM file'
Adding duplicate image handler for 'PCX file'
Adding duplicate image handler for 'IFF file'
Adding duplicate image handler for 'Windows icon file'
Adding duplicate image handler for 'Windows cursor file'
Adding duplicate image handler for 'Windows animated cursor file'
Adding duplicate image handler for 'TGA file'
Adding duplicate image handler for 'XPM file'
Adding duplicate image handler for 'WebP file'
Traceback (most recent call last):
  File "F:\China Graduate Future Flight Vehicle Innovation Competition\01_project\competition\SERVICE_ROBOT_MECHANICAL_CONSOLIDATION_20260905\runs\wp10_mechatronic_closure_20260908\implementation\tools\build_kelvin_v32.py", line 85, in <module>
    if __name__=='__main__':main()
                            ^^^^^^
  File "F:\China Graduate Future Flight Vehicle Innovation Competition\01_project\competition\SERVICE_ROBOT_MECHANICAL_CONSOLIDATION_20260905\runs\wp10_mechatronic_closure_20260908\implementation\tools\build_kelvin_v32.py", line 77, in main
    geometry_sha256=hashlib.sha256(json.dumps(before,sort_keys=True).encode()).hexdigest(),
                                   ^^^^^^^^^^^^^^^^^^^^^^^^^^^^^^^^^
  File "G:\Windows_program_file\Kicad\bin\Lib\json\__init__.py", line 238, in dumps
    **kw).encode(obj)
          ^^^^^^^^^^^
  File "G:\Windows_program_file\Kicad\bin\Lib\json\encoder.py", line 200, in encode
    chunks = self.iterencode(o, _one_shot=True)
             ^^^^^^^^^^^^^^^^^^^^^^^^^^^^^^^^^^
  File "G:\Windows_program_file\Kicad\bin\Lib\json\encoder.py", line 258, in iterencode
    return _iterencode(o, 0)
           ^^^^^^^^^^^^^^^^^
  File "G:\Windows_program_file\Kicad\bin\Lib\json\encoder.py", line 180, in default
    raise TypeError(f'Object of type {o.__class__.__name__} '
TypeError: Object of type UTF8 is not JSON serializable
