{"stage": "part_import_started", "utc": "2026-09-08T23:46:36.922916+00:00", "id": "C00", "source": "F:\\China Graduate Future Flight Vehicle Innovation Competition\\01_project\\competition\\SERVICE_ROBOT_MECHANICAL_CONSOLIDATION_20260905\\runs\\wp10_mechatronic_closure_20260908\\implementation\\mechanical\\fixed_heat_wall_neg.step"}
{"stage": "save_attempt", "utc": "2026-09-08T23:46:40.967332+00:00", "path": "F:\\China Graduate Future Flight Vehicle Innovation Competition\\01_project\\competition\\SERVICE_ROBOT_MECHANICAL_CONSOLIDATION_20260905\\runs\\wp10_mechatronic_closure_20260908\\implementation\\mechanical\\native\\C00.SLDPRT", "api_return": [true, 0, 0], "ok": true, "errors": 0, "warnings": 0}
{"stage": "part_completed", "utc": "2026-09-08T23:46:41.216221+00:00", "id": "C00", "solid_count": 1}
{"stage": "source_volume_verified", "utc": "2026-09-08T23:46:41.237939+00:00", "id": "C00", "relative_error": 1.4678897756712176e-16}
{"stage": "part_import_started", "utc": "2026-09-08T23:46:41.270675+00:00", "id": "C01", "source": "F:\\China Graduate Future Flight Vehicle Innovation Competition\\01_project\\competition\\SERVICE_ROBOT_MECHANICAL_CONSOLIDATION_20260905\\runs\\wp10_mechatronic_closure_20260908\\implementation\\mechanical\\fixed_heat_wall_pos.step"}
{"stage": "save_attempt", "utc": "2026-09-08T23:46:42.931993+00:00", "path": "F:\\China Graduate Future Flight Vehicle Innovation Competition\\01_project\\competition\\SERVICE_ROBOT_MECHANICAL_CONSOLIDATION_20260905\\runs\\wp10_mechatronic_closure_20260908\\implementation\\mechanical\\native\\C01.SLDPRT", "api_return": [true, 0, 0], "ok": true, "errors": 0, "warnings": 0}
{"stage": "part_completed", "utc": "2026-09-08T23:46:43.166422+00:00", "id": "C01", "solid_count": 1}
{"stage": "source_volume_verified", "utc": "2026-09-08T23:46:43.187324+00:00", "id": "C01", "relative_error": 1.0986632468694548e-15}
{"stage": "part_import_started", "utc": "2026-09-08T23:46:43.218672+00:00", "id": "C02", "source": "F:\\China Graduate Future Flight Vehicle Innovation Competition\\01_project\\competition\\SERVICE_ROBOT_MECHANICAL_CONSOLIDATION_20260905\\runs\\wp10_mechatronic_closure_20260908\\implementation\\mechanical\\bottom_lower_deck_angle_-1_0.step"}
{"stage": "save_attempt", "utc": "2026-09-08T23:46:44.854039+00:00", "path": "F:\\China Graduate Future Flight Vehicle Innovation Competition\\01_project\\competition\\SERVICE_ROBOT_MECHANICAL_CONSOLIDATION_20260905\\runs\\wp10_mechatronic_closure_20260908\\implementation\\mechanical\\native\\C02.SLDPRT", "api_return": [true, 0, 0], "ok": true, "errors": 0, "warnings": 0}
{"stage": "part_completed", "utc": "2026-09-08T23:46:45.083989+00:00", "id": "C02", "solid_count": 1}
{"stage": "source_volume_verified", "utc": "2026-09-08T23:46:45.103643+00:00", "id": "C02", "relative_error": 1.1049626553399504e-15}
{"stage": "part_import_started", "utc": "2026-09-08T23:46:45.133850+00:00", "id": "C03", "source": "F:\\China Graduate Future Flight Vehicle Innovation Competition\\01_project\\competition\\SERVICE_ROBOT_MECHANICAL_CONSOLIDATION_20260905\\runs\\wp10_mechatronic_closure_20260908\\implementation\\mechanical\\bottom_lower_deck_angle_-1_1.step"}
{"stage": "save_attempt", "utc": "2026-09-08T23:46:46.771006+00:00", "path": "F:\\China Graduate Future Flight Vehicle Innovation Competition\\01_project\\competition\\SERVICE_ROBOT_MECHANICAL_CONSOLIDATION_20260905\\runs\\wp10_mechatronic_closure_20260908\\implementation\\mechanical\\native\\C03.SLDPRT", "api_return": [true, 0, 0], "ok": true, "errors": 0, "warnings": 0}
{"stage": "part_completed", "utc": "2026-09-08T23:46:47.006483+00:00", "id": "C03", "solid_count": 1}
{"stage": "source_volume_verified", "utc": "2026-09-08T23:46:47.027078+00:00", "id": "C03", "relative_error": 5.128658066976372e-15}
{"stage": "part_import_started", "utc": "2026-09-08T23:46:47.057059+00:00", "id": "C04", "source": "F:\\China Graduate Future Flight Vehicle Innovation Competition\\01_project\\competition\\SERVICE_ROBOT_MECHANICAL_CONSOLIDATION_20260905\\runs\\wp10_mechatronic_closure_20260908\\implementation\\mechanical\\bottom_lower_deck_angle_1_0.step"}
{"stage": "save_attempt", "utc": "2026-09-08T23:46:48.686326+00:00", "path": "F:\\China Graduate Future Flight Vehicle Innovation Competition\\01_project\\competition\\SERVICE_ROBOT_MECHANICAL_CONSOLIDATION_20260905\\runs\\wp10_mechatronic_closure_20260908\\implementation\\mechanical\\native\\C04.SLDPRT", "api_return": [true, 0, 0], "ok": true, "errors": 0, "warnings": 0}
{"stage": "part_completed", "utc": "2026-09-08T23:46:48.919685+00:00", "id": "C04", "solid_count": 1}
{"stage": "source_volume_verified", "utc": "2026-09-08T23:46:48.939596+00:00", "id": "C04", "relative_error": 1.1049626553399504e-15}
{"stage": "part_import_started", "utc": "2026-09-08T23:46:48.970983+00:00", "id": "C05", "source": "F:\\China Graduate Future Flight Vehicle Innovation Competition\\01_project\\competition\\SERVICE_ROBOT_MECHANICAL_CONSOLIDATION_20260905\\runs\\wp10_mechatronic_closure_20260908\\implementation\\mechanical\\bottom_lower_deck_angle_1_1.step"}
{"stage": "save_attempt", "utc": "2026-09-08T23:46:50.562882+00:00", "path": "F:\\China Graduate Future Flight Vehicle Innovation Competition\\01_project\\competition\\SERVICE_ROBOT_MECHANICAL_CONSOLIDATION_20260905\\runs\\wp10_mechatronic_closure_20260908\\implementation\\mechanical\\native\\C05.SLDPRT", "api_return": [true, 0, 0], "ok": true, "errors": 0, "warnings": 0}
{"stage": "part_completed", "utc": "2026-09-08T23:46:50.791398+00:00", "id": "C05", "solid_count": 1}
{"stage": "source_volume_verified", "utc": "2026-09-08T23:46:50.806176+00:00", "id": "C05", "relative_error": 5.128658066976372e-15}
{"stage": "part_import_started", "utc": "2026-09-08T23:46:50.839976+00:00", "id": "C06", "source": "F:\\China Graduate Future Flight Vehicle Innovation Competition\\01_project\\competition\\SERVICE_ROBOT_MECHANICAL_CONSOLIDATION_20260905\\runs\\wp10_mechatronic_closure_20260908\\implementation\\mechanical\\bottom_radiator.step"}
{"stage": "save_attempt", "utc": "2026-09-08T23:46:52.566640+00:00", "path": "F:\\China Graduate Future Flight Vehicle Innovation Competition\\01_project\\competition\\SERVICE_ROBOT_MECHANICAL_CONSOLIDATION_20260905\\runs\\wp10_mechatronic_closure_20260908\\implementation\\mechanical\\native\\C06.SLDPRT", "api_return": [true, 0, 0], "ok": true, "errors": 0, "warnings": 0}
{"stage": "part_completed", "utc": "2026-09-08T23:46:52.799259+00:00", "id": "C06", "solid_count": 1}
{"stage": "source_volume_verified", "utc": "2026-09-08T23:46:52.817245+00:00", "id": "C06", "relative_error": 9.574839550907059e-15}
{"stage": "part_import_started", "utc": "2026-09-08T23:46:52.845932+00:00", "id": "C07", "source": "F:\\China Graduate Future Flight Vehicle Innovation Competition\\01_project\\competition\\SERVICE_ROBOT_MECHANICAL_CONSOLIDATION_20260905\\runs\\wp10_mechatronic_closure_20260908\\implementation\\mechanical\\lower_deck_bottom_mount.step"}
{"stage": "save_attempt", "utc": "2026-09-08T23:46:54.478758+00:00", "path": "F:\\China Graduate Future Flight Vehicle Innovation Competition\\01_project\\competition\\SERVICE_ROBOT_MECHANICAL_CONSOLIDATION_20260905\\runs\\wp10_mechatronic_closure_20260908\\implementation\\mechanical\\native\\C07.SLDPRT", "api_return": [true, 0, 0], "ok": true, "errors": 0, "warnings": 0}
{"stage": "part_completed", "utc": "2026-09-08T23:46:54.712439+00:00", "id": "C07", "solid_count": 1}
{"stage": "source_volume_verified", "utc": "2026-09-08T23:46:54.731318+00:00", "id": "C07", "relative_error": 1.7597766097214907e-15}
{"stage": "part_import_started", "utc": "2026-09-08T23:46:54.764609+00:00", "id": "C08", "source": "F:\\China Graduate Future Flight Vehicle Innovation Competition\\01_project\\competition\\SERVICE_ROBOT_MECHANICAL_CONSOLIDATION_20260905\\runs\\wp10_mechatronic_closure_20260908\\implementation\\mechanical\\chb_bottom_tim.step"}
{"stage": "save_attempt", "utc": "2026-09-08T23:46:56.366140+00:00", "path": "F:\\China Graduate Future Flight Vehicle Innovation Competition\\01_project\\competition\\SERVICE_ROBOT_MECHANICAL_CONSOLIDATION_20260905\\runs\\wp10_mechatronic_closure_20260908\\implementation\\mechanical\\native\\C08.SLDPRT", "api_return": [true, 0, 0], "ok": true, "errors": 0, "warnings": 0}
{"stage": "part_completed", "utc": "2026-09-08T23:46:56.581956+00:00", "id": "C08", "solid_count": 1}
{"stage": "source_volume_verified", "utc": "2026-09-08T23:46:56.603340+00:00", "id": "C08", "relative_error": 1.731447427170795e-16}
{"stage": "part_import_started", "utc": "2026-09-08T23:46:56.642110+00:00", "id": "C09", "source": "F:\\China Graduate Future Flight Vehicle Innovation Competition\\01_project\\competition\\SERVICE_ROBOT_MECHANICAL_CONSOLIDATION_20260905\\runs\\wp10_mechatronic_closure_20260908\\implementation\\sources\\CHB500W_STANDARD_OEM.step"}
{"stage": "save_attempt", "utc": "2026-09-08T23:47:17.120344+00:00", "path": "F:\\China Graduate Future Flight Vehicle Innovation Competition\\01_project\\competition\\SERVICE_ROBOT_MECHANICAL_CONSOLIDATION_20260905\\runs\\wp10_mechatronic_closure_20260908\\implementation\\mechanical\\native\\C09.SLDPRT", "api_return": [true, 0, 0], "ok": true, "errors": 0, "warnings": 0}
{"stage": "part_completed", "utc": "2026-09-08T23:47:17.634264+00:00", "id": "C09", "solid_count": 1}
{"stage": "source_volume_comparison_open", "utc": "2026-09-08T23:47:17.652876+00:00", "id": "C09", "relative_error": 0.0010450647147508783}
{"stage": "part_import_started", "utc": "2026-09-08T23:47:17.681431+00:00", "id": "C10", "source": "F:\\China Graduate Future Flight Vehicle Innovation Competition\\01_project\\competition\\SERVICE_ROBOT_MECHANICAL_CONSOLIDATION_20260905\\runs\\wp10_mechatronic_closure_20260908\\implementation\\mechanical\\bottom_mount_screw.step"}
{"stage": "save_attempt", "utc": "2026-09-08T23:47:19.291780+00:00", "path": "F:\\China Graduate Future Flight Vehicle Innovation Competition\\01_project\\competition\\SERVICE_ROBOT_MECHANICAL_CONSOLIDATION_20260905\\runs\\wp10_mechatronic_closure_20260908\\implementation\\mechanical\\native\\C10.SLDPRT", "api_return": [true, 0, 0], "ok": true, "errors": 0, "warnings": 0}
{"stage": "part_completed", "utc": "2026-09-08T23:47:19.527958+00:00", "id": "C10", "solid_count": 1}
{"stage": "source_volume_verified", "utc": "2026-09-08T23:47:19.547649+00:00", "id": "C10", "relative_error": 2.0864652079008925e-13}
{"stage": "part_import_started", "utc": "2026-09-08T23:47:19.583225+00:00", "id": "C11", "source": "F:\\China Graduate Future Flight Vehicle Innovation Competition\\01_project\\competition\\SERVICE_ROBOT_MECHANICAL_CONSOLIDATION_20260905\\runs\\wp10_mechatronic_closure_20260908\\implementation\\mechanical\\bottom_mount_washer.step"}
{"stage": "save_attempt", "utc": "2026-09-08T23:47:21.180824+00:00", "path": "F:\\China Graduate Future Flight Vehicle Innovation Competition\\01_project\\competition\\SERVICE_ROBOT_MECHANICAL_CONSOLIDATION_20260905\\runs\\wp10_mechatronic_closure_20260908\\implementation\\mechanical\\native\\C11.SLDPRT", "api_return": [true, 0, 0], "ok": true, "errors": 0, "warnings": 0}
{"stage": "part_completed", "utc": "2026-09-08T23:47:21.402204+00:00", "id": "C11", "solid_count": 1}
{"stage": "source_volume_verified", "utc": "2026-09-08T23:47:21.424771+00:00", "id": "C11", "relative_error": 2.2173801700834487e-14}
{"stage": "part_import_started", "utc": "2026-09-08T23:47:21.457215+00:00", "id": "C12", "source": "F:\\China Graduate Future Flight Vehicle Innovation Competition\\01_project\\competition\\SERVICE_ROBOT_MECHANICAL_CONSOLIDATION_20260905\\runs\\wp10_mechatronic_closure_20260908\\implementation\\mechanical\\bottom_mount_nut.step"}
{"stage": "save_attempt", "utc": "2026-09-08T23:47:23.032246+00:00", "path": "F:\\China Graduate Future Flight Vehicle Innovation Competition\\01_project\\competition\\SERVICE_ROBOT_MECHANICAL_CONSOLIDATION_20260905\\runs\\wp10_mechatronic_closure_20260908\\implementation\\mechanical\\native\\C12.SLDPRT", "api_return": [true, 0, 0], "ok": true, "errors": 0, "warnings": 0}
{"stage": "part_completed", "utc": "2026-09-08T23:47:23.261684+00:00", "id": "C12", "solid_count": 1}
{"stage": "source_volume_verified", "utc": "2026-09-08T23:47:23.287491+00:00", "id": "C12", "relative_error": 5.881355663735293e-15}
{"stage": "part_import_started", "utc": "2026-09-08T23:47:23.322050+00:00", "id": "C13", "source": "F:\\China Graduate Future Flight Vehicle Innovation Competition\\01_project\\competition\\SERVICE_ROBOT_MECHANICAL_CONSOLIDATION_20260905\\runs\\wp10_mechatronic_closure_20260908\\implementation\\mechanical\\cold_finger_tim.step"}
{"stage": "save_attempt", "utc": "2026-09-08T23:47:24.915478+00:00", "path": "F:\\China Graduate Future Flight Vehicle Innovation Competition\\01_project\\competition\\SERVICE_ROBOT_MECHANICAL_CONSOLIDATION_20260905\\runs\\wp10_mechatronic_closure_20260908\\implementation\\mechanical\\native\\C13.SLDPRT", "api_return": [true, 0, 0], "ok": true, "errors": 0, "warnings": 0}
{"stage": "part_completed", "utc": "2026-09-08T23:47:25.139705+00:00", "id": "C13", "solid_count": 1}
{"stage": "source_volume_verified", "utc": "2026-09-08T23:47:25.160843+00:00", "id": "C13", "relative_error": 8.234630713078868e-16}
{"stage": "completed", "utc": "2026-09-08T23:47:25.167317+00:00"}
