Usage: pcb drc [--help] [--output OUTPUT_FILE] [--define-var KEY=VALUE]... [--format FORMAT] [--all-track-errors] [--schematic-parity] [--units UNITS] [--severity-all] [--severity-error] [--severity-warning] [--severity-exclusions] [--exit-code-violations] [--refill-zones] [--save-board] INPUT_FILE

Runs the Design Rules Check (DRC) on the PCB and creates a report

Positional arguments:
  INPUT_FILE              Input file 

Optional arguments:
  -h, --help              Shows help message and exits 
  -o, --output            Output file [nargs=0..1] [default: ""]
  -D, --define-var        Overrides or adds project variables, can be used multiple times to declare multiple variables.
                          Use in the format of '--define-var key=value' or '-D key=value' [nargs=0..1] [default: {}] [may be repeated]
  --format                Output file format, options: json, report [nargs=0..1] [default: "report"]
  --all-track-errors      Report all errors for each track 
  --schematic-parity      Test for parity between PCB and schematic 
  --units                 Report units; valid options: in, mm, mils [nargs=0..1] [default: "mm"]
  --severity-all          Report all DRC violations, this is equivalent to including all the other severity arguments 
  --severity-error        Report all DRC error level violations, this can be combined with the other severity arguments 
  --severity-warning      Report all DRC warning level violations, this can be combined with the other severity arguments 
  --severity-exclusions   Report all excluded DRC violations, this can be combined with the other severity arguments 
  --exit-code-violations  Return a nonzero exit code if DRC violations exist 
  --refill-zones          Refill zones before running DRC 
  --save-board            Save the board after DRC, must be used with --refill-zones 
