IMPORT upper_equipment_deck_B
IMPORT C203_BODY
IMPORT C203_PCB
IMPORT C203_CARRIER
IMPORT C203_LOWER_A
IMPORT C203_LOWER_B
IMPORT C203_LINER_A_TOP
IMPORT C203_LINER_A_BOTTOM
IMPORT C203_LINER_B_TOP
IMPORT C203_LINER_B_BOTTOM
IMPORT C203_DECK_SCREW_0
IMPORT C203_DECK_WASHER_0
IMPORT C203_DECK_NUT_0
IMPORT C203_DECK_SCREW_1
IMPORT C203_DECK_WASHER_1
IMPORT C203_DECK_NUT_1
IMPORT C203_DECK_SCREW_2
IMPORT C203_DECK_WASHER_2
IMPORT C203_DECK_NUT_2
IMPORT C203_DECK_SCREW_3
IMPORT C203_DECK_WASHER_3
IMPORT C203_DECK_NUT_3
IMPORT C203_CLAMP_SCREW_0
IMPORT C203_CLAMP_SCREW_1
IMPORT C203_CLAMP_SCREW_2
IMPORT C203_CLAMP_SCREW_3
IMPORT C203_BOARD_SCREW_0
IMPORT C203_BOARD_SCREW_1
IMPORT C203_BOARD_SCREW_2
IMPORT C203_BOARD_SCREW_3
IMPORT upper_equipment_deck_B
IMPORT radiator_spreader
IMPORT TRUNK_1_SCREW_0
IMPORT TRUNK_1_WASHER_0
IMPORT TRUNK_1_NUT_0
IMPORT TRUNK_1_SCREW_1
IMPORT TRUNK_1_WASHER_1
IMPORT TRUNK_1_NUT_1
IMPORT WP10_INTERNAL_BATTERY_BYPASS
{"state": "service", "passed": true, "tests": 79, "collisions": [], "unexpected": [], "missing": [], "keepout_hits": [], "tool_hits": []}
IMPORT upper_equipment_deck_B
IMPORT C203_BODY
IMPORT C203_PCB
IMPORT C203_CARRIER
IMPORT C203_LOWER_A
IMPORT C203_LOWER_B
IMPORT C203_LINER_A_TOP
IMPORT C203_LINER_A_BOTTOM
IMPORT C203_LINER_B_TOP
IMPORT C203_LINER_B_BOTTOM
IMPORT C203_DECK_SCREW_0
IMPORT C203_DECK_WASHER_0
IMPORT C203_DECK_NUT_0
IMPORT C203_DECK_SCREW_1
IMPORT C203_DECK_WASHER_1
IMPORT C203_DECK_NUT_1
IMPORT C203_DECK_SCREW_2
IMPORT C203_DECK_WASHER_2
IMPORT C203_DECK_NUT_2
IMPORT C203_DECK_SCREW_3
IMPORT C203_DECK_WASHER_3
IMPORT C203_DECK_NUT_3
IMPORT C203_CLAMP_SCREW_0
IMPORT C203_CLAMP_SCREW_1
IMPORT C203_CLAMP_SCREW_2
IMPORT C203_CLAMP_SCREW_3
IMPORT C203_BOARD_SCREW_0
IMPORT C203_BOARD_SCREW_1
IMPORT C203_BOARD_SCREW_2
IMPORT C203_BOARD_SCREW_3
IMPORT upper_equipment_deck_B
IMPORT radiator_spreader
IMPORT TRUNK_1_SCREW_0
IMPORT TRUNK_1_WASHER_0
IMPORT TRUNK_1_NUT_0
IMPORT TRUNK_1_SCREW_1
IMPORT TRUNK_1_WASHER_1
IMPORT TRUNK_1_NUT_1
IMPORT WP10_INTERNAL_BATTERY_BYPASS
{"state": "parking", "passed": true, "tests": 79, "collisions": [], "unexpected": [], "missing": [], "keepout_hits": [], "tool_hits": []}
IMPORT upper_equipment_deck_B
IMPORT C203_BODY
IMPORT C203_PCB
IMPORT C203_CARRIER
IMPORT C203_LOWER_A
IMPORT C203_LOWER_B
IMPORT C203_LINER_A_TOP
IMPORT C203_LINER_A_BOTTOM
IMPORT C203_LINER_B_TOP
IMPORT C203_LINER_B_BOTTOM
IMPORT C203_DECK_SCREW_0
IMPORT C203_DECK_WASHER_0
IMPORT C203_DECK_NUT_0
IMPORT C203_DECK_SCREW_1
IMPORT C203_DECK_WASHER_1
IMPORT C203_DECK_NUT_1
IMPORT C203_DECK_SCREW_2
IMPORT C203_DECK_WASHER_2
IMPORT C203_DECK_NUT_2
IMPORT C203_DECK_SCREW_3
IMPORT C203_DECK_WASHER_3
IMPORT C203_DECK_NUT_3
IMPORT C203_CLAMP_SCREW_0
IMPORT C203_CLAMP_SCREW_1
IMPORT C203_CLAMP_SCREW_2
IMPORT C203_CLAMP_SCREW_3
IMPORT C203_BOARD_SCREW_0
IMPORT C203_BOARD_SCREW_1
IMPORT C203_BOARD_SCREW_2
IMPORT C203_BOARD_SCREW_3
IMPORT upper_equipment_deck_B
IMPORT radiator_spreader
IMPORT TRUNK_1_SCREW_0
IMPORT TRUNK_1_WASHER_0
IMPORT TRUNK_1_NUT_0
IMPORT TRUNK_1_SCREW_1
IMPORT TRUNK_1_WASHER_1
IMPORT TRUNK_1_NUT_1
IMPORT WP10_INTERNAL_BATTERY_BYPASS
{"state": "released", "passed": true, "tests": 79, "collisions": [], "unexpected": [], "missing": [], "keepout_hits": [], "tool_hits": []}
