
*******************************************************************
******        Statistics on Transfer (Write)                 ******

*******************************************************************
******        Transfer Mode = 0  I.E.  As Is       ******
******        Transferring Shape, ShapeType = 2                      ******
** WorkSession : Sending all data
 Step File Name : F:\China Graduate Future Flight Vehicle Innovation Competition\20_engineering\SERVICE_STAR_POWER_THERMAL_LAYOUT_R5_20260920\cad\source\V30\V30_000.step(2738 ents)  Write  Done
V30_000 MC01_V29_R202_LOWER_LEFT_CLEARANCE_NOTCH__HOST_OPEN solids 1 bbox {'min_mm': [-16.0, -86.0, -11.6], 'max_mm': [116.0, 6.000000000000002, 32.0]}

*******************************************************************
******        Statistics on Transfer (Write)                 ******

*******************************************************************
******        Transfer Mode = 0  I.E.  As Is       ******
******        Transferring Shape, ShapeType = 2                      ******
** WorkSession : Sending all data
 Step File Name : F:\China Graduate Future Flight Vehicle Innovation Competition\20_engineering\SERVICE_STAR_POWER_THERMAL_LAYOUT_R5_20260920\cad\source\V30\V30_001.step(6776 ents)  Write  Done
V30_001 V29_PCB_ACTUAL_135_PAD_DRILLS_1p6_NOMINAL solids 1 bbox {'min_mm': [0.0, -80.0, -1.6], 'max_mm': [100.0, 0.0, 0.0]}

*******************************************************************
******        Statistics on Transfer (Write)                 ******

*******************************************************************
******        Transfer Mode = 0  I.E.  As Is       ******
******        Transferring Shape, ShapeType = 2                      ******
** WorkSession : Sending all data
 Step File Name : F:\China Graduate Future Flight Vehicle Innovation Competition\20_engineering\SERVICE_STAR_POWER_THERMAL_LAYOUT_R5_20260920\cad\source\V30\V30_002.step(434 ents)  Write  Done
V30_002 REF_Q201_TO247_CATALOGUE_MAX_BODY_POSE_UNVERIFIED solids 1 bbox {'min_mm': [51.32, -20.1, 3.0], 'max_mm': [67.58, -14.8, 24.46]}

*******************************************************************
******        Statistics on Transfer (Write)                 ******

*******************************************************************
******        Transfer Mode = 0  I.E.  As Is       ******
******        Transferring Shape, ShapeType = 2                      ******
** WorkSession : Sending all data
 Step File Name : F:\China Graduate Future Flight Vehicle Innovation Competition\20_engineering\SERVICE_STAR_POWER_THERMAL_LAYOUT_R5_20260920\cad\source\V30\V30_003.step(434 ents)  Write  Done
V30_003 MC04_TSP1800ST_PROJECT_CUT_0p203_UNCOMPRESSED solids 1 bbox {'min_mm': [50.32, -14.8, 2.0], 'max_mm': [68.58, -14.597, 25.46]}

*******************************************************************
******        Statistics on Transfer (Write)                 ******

*******************************************************************
******        Transfer Mode = 0  I.E.  As Is       ******
******        Transferring Shape, ShapeType = 2                      ******
** WorkSession : Sending all data
 Step File Name : F:\China Graduate Future Flight Vehicle Innovation Competition\20_engineering\SERVICE_STAR_POWER_THERMAL_LAYOUT_R5_20260920\cad\source\V30\V30_004.step(292 ents)  Write  Done
V30_004 MC05_PEEK_M2p5_INSULATING_SHOULDER_NOT_QUALIFIED solids 1 bbox {'min_mm': [55.95, -21.1, 14.815000000000001], 'max_mm': [62.95, -14.4, 21.815]}

*******************************************************************
******        Statistics on Transfer (Write)                 ******

*******************************************************************
******        Transfer Mode = 0  I.E.  As Is       ******
******        Transferring Shape, ShapeType = 2                      ******
** WorkSession : Sending all data
 Step File Name : F:\China Graduate Future Flight Vehicle Innovation Competition\20_engineering\SERVICE_STAR_POWER_THERMAL_LAYOUT_R5_20260920\cad\source\V30\V30_005.step(350 ents)  Write  Done
V30_005 REF_C201_CATALOGUE_BODY_ONLY solids 1 bbox {'min_mm': [43.9, -48.5, 0.5], 'max_mm': [51.1, -37.5, 16.5]}

*******************************************************************
******        Statistics on Transfer (Write)                 ******

*******************************************************************
******        Transfer Mode = 0  I.E.  As Is       ******
******        Transferring Shape, ShapeType = 2                      ******
** WorkSession : Sending all data
 Step File Name : F:\China Graduate Future Flight Vehicle Innovation Competition\20_engineering\SERVICE_STAR_POWER_THERMAL_LAYOUT_R5_20260920\cad\source\V30\V30_006.step(350 ents)  Write  Done
V30_006 REF_C202_CATALOGUE_BODY_ONLY solids 1 bbox {'min_mm': [26.9, -26.5, 0.5], 'max_mm': [34.1, -21.5, 10.5]}

*******************************************************************
******        Statistics on Transfer (Write)                 ******

*******************************************************************
******        Transfer Mode = 0  I.E.  As Is       ******
******        Transferring Shape, ShapeType = 2                      ******
** WorkSession : Sending all data
 Step File Name : F:\China Graduate Future Flight Vehicle Innovation Competition\20_engineering\SERVICE_STAR_POWER_THERMAL_LAYOUT_R5_20260920\cad\source\V30\V30_007.step(350 ents)  Write  Done
V30_007 REF_C211_CATALOGUE_BODY_ONLY solids 1 bbox {'min_mm': [72.9, -43.25, 0.5], 'max_mm': [80.1, -34.75, 14.5]}

*******************************************************************
******        Statistics on Transfer (Write)                 ******

*******************************************************************
******        Transfer Mode = 0  I.E.  As Is       ******
******        Transferring Shape, ShapeType = 2                      ******
** WorkSession : Sending all data
 Step File Name : F:\China Graduate Future Flight Vehicle Innovation Competition\20_engineering\SERVICE_STAR_POWER_THERMAL_LAYOUT_R5_20260920\cad\source\V30\V30_008.step(350 ents)  Write  Done
V30_008 REF_C212_CATALOGUE_BODY_ONLY solids 1 bbox {'min_mm': [64.9, -63.5, 0.5], 'max_mm': [72.1, -52.5, 18.5]}

*******************************************************************
******        Statistics on Transfer (Write)                 ******

*******************************************************************
******        Transfer Mode = 0  I.E.  As Is       ******
******        Transferring Shape, ShapeType = 2                      ******
** WorkSession : Sending all data
 Step File Name : F:\China Graduate Future Flight Vehicle Innovation Competition\20_engineering\SERVICE_STAR_POWER_THERMAL_LAYOUT_R5_20260920\cad\source\V30\V30_009.step(350 ents)  Write  Done
V30_009 REF_C213_CATALOGUE_BODY_ONLY solids 1 bbox {'min_mm': [80.9, -61.5, 0.5], 'max_mm': [88.1, -56.5, 10.5]}

*******************************************************************
******        Statistics on Transfer (Write)                 ******

*******************************************************************
******        Transfer Mode = 0  I.E.  As Is       ******
******        Transferring Shape, ShapeType = 2                      ******
** WorkSession : Sending all data
 Step File Name : F:\China Graduate Future Flight Vehicle Innovation Competition\20_engineering\SERVICE_STAR_POWER_THERMAL_LAYOUT_R5_20260920\cad\source\V30\V30_010.step(18209 ents)  Write  Done
V30_010 J204_WURTH_74651195R_OEM_MODEL_STANDOFF_DATUM_CORRECTED solids 1 bbox {'min_mm': [1.999848611207, -20.01010264589, -2.5000000000023332], 'max_mm': [12.000151388793006, -10.010102445889999, 10.50000010000049]}

*******************************************************************
******        Statistics on Transfer (Write)                 ******

*******************************************************************
******        Transfer Mode = 0  I.E.  As Is       ******
******        Transferring Shape, ShapeType = 2                      ******
** WorkSession : Sending all data
 Step File Name : F:\China Graduate Future Flight Vehicle Innovation Competition\20_engineering\SERVICE_STAR_POWER_THERMAL_LAYOUT_R5_20260920\cad\source\V30\V30_011.step(18209 ents)  Write  Done
V30_011 J205_WURTH_74651195R_OEM_MODEL_STANDOFF_DATUM_CORRECTED solids 1 bbox {'min_mm': [1.999848611207, -33.01010264589, -2.5000000000023332], 'max_mm': [12.000151388793006, -23.01010244589, 10.500000100000488]}

*******************************************************************
******        Statistics on Transfer (Write)                 ******

*******************************************************************
******        Transfer Mode = 0  I.E.  As Is       ******
******        Transferring Shape, ShapeType = 2                      ******
** WorkSession : Sending all data
 Step File Name : F:\China Graduate Future Flight Vehicle Innovation Competition\20_engineering\SERVICE_STAR_POWER_THERMAL_LAYOUT_R5_20260920\cad\source\V30\V30_012.step(18209 ents)  Write  Done
V30_012 J206_WURTH_74651195R_OEM_MODEL_STANDOFF_DATUM_CORRECTED solids 1 bbox {'min_mm': [87.999848611207, -20.01010264589, -2.5000000000023332], 'max_mm': [98.000151388793, -10.010102445889999, 10.50000010000049]}

*******************************************************************
******        Statistics on Transfer (Write)                 ******

*******************************************************************
******        Transfer Mode = 0  I.E.  As Is       ******
******        Transferring Shape, ShapeType = 2                      ******
** WorkSession : Sending all data
 Step File Name : F:\China Graduate Future Flight Vehicle Innovation Competition\20_engineering\SERVICE_STAR_POWER_THERMAL_LAYOUT_R5_20260920\cad\source\V30\V30_013.step(18209 ents)  Write  Done
V30_013 J207_WURTH_74651195R_OEM_MODEL_STANDOFF_DATUM_CORRECTED solids 1 bbox {'min_mm': [87.999848611207, -33.01010264589, -2.5000000000023332], 'max_mm': [98.000151388793, -23.01010244589, 10.50000010000049]}

*******************************************************************
******        Statistics on Transfer (Write)                 ******

*******************************************************************
******        Transfer Mode = 0  I.E.  As Is       ******
******        Transferring Shape, ShapeType = 0                      ******
** WorkSession : Sending all data
 Step File Name : F:\China Graduate Future Flight Vehicle Innovation Competition\20_engineering\SERVICE_STAR_POWER_THERMAL_LAYOUT_R5_20260920\cad\source\V30\V30_014.step(3825 ents)  Write  Done
V30_014 R201_VISHAY_OEM_3_SOLIDS_PROJECT_SOLDER_DATUM solids 3 bbox {'min_mm': [30.55, -18.3, 0.19999999999999996], 'max_mm': [37.45, -11.7, 3.1000000000000005]}

*******************************************************************
******        Statistics on Transfer (Write)                 ******

*******************************************************************
******        Transfer Mode = 0  I.E.  As Is       ******
******        Transferring Shape, ShapeType = 0                      ******
** WorkSession : Sending all data
 Step File Name : F:\China Graduate Future Flight Vehicle Innovation Competition\20_engineering\SERVICE_STAR_POWER_THERMAL_LAYOUT_R5_20260920\cad\source\V30\V30_015.step(3825 ents)  Write  Done
V30_015 R202_VISHAY_OEM_3_SOLIDS_PROJECT_SOLDER_DATUM solids 3 bbox {'min_mm': [41.55, -18.3, 0.19999999999999996], 'max_mm': [48.45, -11.7, 4.01]}

*******************************************************************
******        Statistics on Transfer (Write)                 ******

*******************************************************************
******        Transfer Mode = 0  I.E.  As Is       ******
******        Transferring Shape, ShapeType = 2                      ******
** WorkSession : Sending all data
 Step File Name : F:\China Graduate Future Flight Vehicle Innovation Competition\20_engineering\SERVICE_STAR_POWER_THERMAL_LAYOUT_R5_20260920\cad\source\V30\V30_016.step(2550 ents)  Write  Done
V30_016 MC02_V30_PEEK450G_V_GROOVE_AND_TERMINAL_GUIDE_LEFT solids 1 bbox {'min_mm': [-14.0, -39.0, -7.6], 'max_mm': [14.5, -4.0, 6.306700000003001]}

*******************************************************************
******        Statistics on Transfer (Write)                 ******

*******************************************************************
******        Transfer Mode = 0  I.E.  As Is       ******
******        Transferring Shape, ShapeType = 2                      ******
** WorkSession : Sending all data
 Step File Name : F:\China Graduate Future Flight Vehicle Innovation Competition\20_engineering\SERVICE_STAR_POWER_THERMAL_LAYOUT_R5_20260920\cad\source\V30\V30_017.step(2010 ents)  Write  Done
V30_017 MC03_V30_PEEK450G_REMOVABLE_TWO_POLE_COVER_LEFT solids 1 bbox {'min_mm': [-14.0, -39.0, 3.3], 'max_mm': [14.5, -4.0, 13.5]}

*******************************************************************
******        Statistics on Transfer (Write)                 ******

*******************************************************************
******        Transfer Mode = 0  I.E.  As Is       ******
******        Transferring Shape, ShapeType = 2                      ******
** WorkSession : Sending all data
 Step File Name : F:\China Graduate Future Flight Vehicle Innovation Competition\20_engineering\SERVICE_STAR_POWER_THERMAL_LAYOUT_R5_20260920\cad\source\V30\V30_018.step(2550 ents)  Write  Done
V30_018 MC02_V30_PEEK450G_V_GROOVE_AND_TERMINAL_GUIDE_RIGHT solids 1 bbox {'min_mm': [85.5, -39.0, -7.6], 'max_mm': [114.0, -3.999999999999999, 6.306700000003001]}

*******************************************************************
******        Statistics on Transfer (Write)                 ******

*******************************************************************
******        Transfer Mode = 0  I.E.  As Is       ******
******        Transferring Shape, ShapeType = 2                      ******
** WorkSession : Sending all data
 Step File Name : F:\China Graduate Future Flight Vehicle Innovation Competition\20_engineering\SERVICE_STAR_POWER_THERMAL_LAYOUT_R5_20260920\cad\source\V30\V30_019.step(2010 ents)  Write  Done
V30_019 MC03_V30_PEEK450G_REMOVABLE_TWO_POLE_COVER_RIGHT solids 1 bbox {'min_mm': [85.5, -39.0, 3.3], 'max_mm': [114.0, -3.999999999999999, 13.5]}

*******************************************************************
******        Statistics on Transfer (Write)                 ******

*******************************************************************
******        Transfer Mode = 0  I.E.  As Is       ******
******        Transferring Shape, ShapeType = 2                      ******
** WorkSession : Sending all data
 Step File Name : F:\China Graduate Future Flight Vehicle Innovation Competition\20_engineering\SERVICE_STAR_POWER_THERMAL_LAYOUT_R5_20260920\cad\source\V30\V30_020.step(1409 ents)  Write  Done
V30_020 J204_TE130191_OEM_C_A3_DIMENSION_CHECKED_UNCRIMPED solids 1 bbox {'min_mm': [-7.0208, -19.762500000000003, 3.4999998984993708], 'max_mm': [11.7625, -10.237499999999999, 9.1134]}

*******************************************************************
******        Statistics on Transfer (Write)                 ******

*******************************************************************
******        Transfer Mode = 0  I.E.  As Is       ******
******        Transferring Shape, ShapeType = 2                      ******
** WorkSession : Sending all data
 Step File Name : F:\China Graduate Future Flight Vehicle Innovation Competition\20_engineering\SERVICE_STAR_POWER_THERMAL_LAYOUT_R5_20260920\cad\source\V30\V30_021.step(202 ents)  Write  Done
V30_021 J204_ETTINGER00305059_M5_WASHER_REFERENCE solids 1 bbox {'min_mm': [2.0, -20.0, 4.4779], 'max_mm': [12.0, -10.0, 5.4779]}

*******************************************************************
******        Statistics on Transfer (Write)                 ******

*******************************************************************
******        Transfer Mode = 0  I.E.  As Is       ******
******        Transferring Shape, ShapeType = 2                      ******
** WorkSession : Sending all data
 Step File Name : F:\China Graduate Future Flight Vehicle Innovation Competition\20_engineering\SERVICE_STAR_POWER_THERMAL_LAYOUT_R5_20260920\cad\source\V30\V30_022.step(590 ents)  Write  Done
V30_022 J204_HPC_SHN5BRB_M5_NUT_SMOOTH_THREAD_REFERENCE solids 1 bbox {'min_mm': [2.381197846481745, -19.0, 5.4779], 'max_mm': [11.618802153518256, -10.999999999999998, 9.4779]}

*******************************************************************
******        Statistics on Transfer (Write)                 ******

*******************************************************************
******        Transfer Mode = 0  I.E.  As Is       ******
******        Transferring Shape, ShapeType = 2                      ******
** WorkSession : Sending all data
 Step File Name : F:\China Graduate Future Flight Vehicle Innovation Competition\20_engineering\SERVICE_STAR_POWER_THERMAL_LAYOUT_R5_20260920\cad\source\V30\V30_023.step(118 ents)  Write  Done
V30_023 J204_55A0111_10_9_LOCAL_39p5mm_JACKET_ENVELOPE solids 1 bbox {'min_mm': [-47.0208, -16.6256, 4.6811], 'max_mm': [-7.5208, -13.3744, 7.9323]}

*******************************************************************
******        Statistics on Transfer (Write)                 ******

*******************************************************************
******        Transfer Mode = 0  I.E.  As Is       ******
******        Transferring Shape, ShapeType = 2                      ******
** WorkSession : Sending all data
 Step File Name : F:\China Graduate Future Flight Vehicle Innovation Competition\20_engineering\SERVICE_STAR_POWER_THERMAL_LAYOUT_R5_20260920\cad\source\V30\V30_024.step(118 ents)  Write  Done
V30_024 J204_STRIPPED_BUNDLE_MAX_ENVELOPE_NO_SOLID_COPPER_MASS_CREDIT solids 1 bbox {'min_mm': [-7.5208, -16.4351, 4.8716], 'max_mm': [-7.0208, -13.5649, 7.7418000000000005]}

*******************************************************************
******        Statistics on Transfer (Write)                 ******

*******************************************************************
******        Transfer Mode = 0  I.E.  As Is       ******
******        Transferring Shape, ShapeType = 2                      ******
** WorkSession : Sending all data
 Step File Name : F:\China Graduate Future Flight Vehicle Innovation Competition\20_engineering\SERVICE_STAR_POWER_THERMAL_LAYOUT_R5_20260920\cad\source\V30\V30_025.step(1409 ents)  Write  Done
V30_025 J205_TE130191_OEM_C_A3_DIMENSION_CHECKED_UNCRIMPED solids 1 bbox {'min_mm': [-7.0208, -32.7625, 3.4999998984993708], 'max_mm': [11.7625, -23.237499999999997, 9.1134]}

*******************************************************************
******        Statistics on Transfer (Write)                 ******

*******************************************************************
******        Transfer Mode = 0  I.E.  As Is       ******
******        Transferring Shape, ShapeType = 2                      ******
** WorkSession : Sending all data
 Step File Name : F:\China Graduate Future Flight Vehicle Innovation Competition\20_engineering\SERVICE_STAR_POWER_THERMAL_LAYOUT_R5_20260920\cad\source\V30\V30_026.step(202 ents)  Write  Done
V30_026 J205_ETTINGER00305059_M5_WASHER_REFERENCE solids 1 bbox {'min_mm': [2.0, -33.0, 4.4779], 'max_mm': [12.0, -23.0, 5.4779]}

*******************************************************************
******        Statistics on Transfer (Write)                 ******

*******************************************************************
******        Transfer Mode = 0  I.E.  As Is       ******
******        Transferring Shape, ShapeType = 2                      ******
** WorkSession : Sending all data
 Step File Name : F:\China Graduate Future Flight Vehicle Innovation Competition\20_engineering\SERVICE_STAR_POWER_THERMAL_LAYOUT_R5_20260920\cad\source\V30\V30_027.step(590 ents)  Write  Done
V30_027 J205_HPC_SHN5BRB_M5_NUT_SMOOTH_THREAD_REFERENCE solids 1 bbox {'min_mm': [2.381197846481745, -32.0, 5.4779], 'max_mm': [11.618802153518256, -24.0, 9.4779]}

*******************************************************************
******        Statistics on Transfer (Write)                 ******

*******************************************************************
******        Transfer Mode = 0  I.E.  As Is       ******
******        Transferring Shape, ShapeType = 2                      ******
** WorkSession : Sending all data
 Step File Name : F:\China Graduate Future Flight Vehicle Innovation Competition\20_engineering\SERVICE_STAR_POWER_THERMAL_LAYOUT_R5_20260920\cad\source\V30\V30_028.step(118 ents)  Write  Done
V30_028 J205_55A0111_10_9_LOCAL_39p5mm_JACKET_ENVELOPE solids 1 bbox {'min_mm': [-47.0208, -29.6256, 4.6811], 'max_mm': [-7.5208, -26.3744, 7.9323]}

*******************************************************************
******        Statistics on Transfer (Write)                 ******

*******************************************************************
******        Transfer Mode = 0  I.E.  As Is       ******
******        Transferring Shape, ShapeType = 2                      ******
** WorkSession : Sending all data
 Step File Name : F:\China Graduate Future Flight Vehicle Innovation Competition\20_engineering\SERVICE_STAR_POWER_THERMAL_LAYOUT_R5_20260920\cad\source\V30\V30_029.step(118 ents)  Write  Done
V30_029 J205_STRIPPED_BUNDLE_MAX_ENVELOPE_NO_SOLID_COPPER_MASS_CREDIT solids 1 bbox {'min_mm': [-7.5208, -29.4351, 4.8716], 'max_mm': [-7.0208, -26.5649, 7.7418000000000005]}

*******************************************************************
******        Statistics on Transfer (Write)                 ******

*******************************************************************
******        Transfer Mode = 0  I.E.  As Is       ******
******        Transferring Shape, ShapeType = 2                      ******
** WorkSession : Sending all data
 Step File Name : F:\China Graduate Future Flight Vehicle Innovation Competition\20_engineering\SERVICE_STAR_POWER_THERMAL_LAYOUT_R5_20260920\cad\source\V30\V30_030.step(1409 ents)  Write  Done
V30_030 J206_TE130191_OEM_C_A3_DIMENSION_CHECKED_UNCRIMPED solids 1 bbox {'min_mm': [88.2375, -19.762500000000003, 3.4999998984993708], 'max_mm': [107.0208, -10.237499999999999, 9.1134]}

*******************************************************************
******        Statistics on Transfer (Write)                 ******

*******************************************************************
******        Transfer Mode = 0  I.E.  As Is       ******
******        Transferring Shape, ShapeType = 2                      ******
** WorkSession : Sending all data
 Step File Name : F:\China Graduate Future Flight Vehicle Innovation Competition\20_engineering\SERVICE_STAR_POWER_THERMAL_LAYOUT_R5_20260920\cad\source\V30\V30_031.step(202 ents)  Write  Done
V30_031 J206_ETTINGER00305059_M5_WASHER_REFERENCE solids 1 bbox {'min_mm': [88.0, -20.0, 4.4779], 'max_mm': [98.0, -10.0, 5.4779]}

*******************************************************************
******        Statistics on Transfer (Write)                 ******

*******************************************************************
******        Transfer Mode = 0  I.E.  As Is       ******
******        Transferring Shape, ShapeType = 2                      ******
** WorkSession : Sending all data
 Step File Name : F:\China Graduate Future Flight Vehicle Innovation Competition\20_engineering\SERVICE_STAR_POWER_THERMAL_LAYOUT_R5_20260920\cad\source\V30\V30_032.step(590 ents)  Write  Done
V30_032 J206_HPC_SHN5BRB_M5_NUT_SMOOTH_THREAD_REFERENCE solids 1 bbox {'min_mm': [88.38119784648174, -19.0, 5.4779], 'max_mm': [97.61880215351826, -10.999999999999998, 9.4779]}

*******************************************************************
******        Statistics on Transfer (Write)                 ******

*******************************************************************
******        Transfer Mode = 0  I.E.  As Is       ******
******        Transferring Shape, ShapeType = 2                      ******
** WorkSession : Sending all data
 Step File Name : F:\China Graduate Future Flight Vehicle Innovation Competition\20_engineering\SERVICE_STAR_POWER_THERMAL_LAYOUT_R5_20260920\cad\source\V30\V30_033.step(118 ents)  Write  Done
V30_033 J206_55A0111_10_9_LOCAL_39p5mm_JACKET_ENVELOPE solids 1 bbox {'min_mm': [107.5208, -16.6256, 4.6811], 'max_mm': [147.0208, -13.3744, 7.9323]}

*******************************************************************
******        Statistics on Transfer (Write)                 ******

*******************************************************************
******        Transfer Mode = 0  I.E.  As Is       ******
******        Transferring Shape, ShapeType = 2                      ******
** WorkSession : Sending all data
 Step File Name : F:\China Graduate Future Flight Vehicle Innovation Competition\20_engineering\SERVICE_STAR_POWER_THERMAL_LAYOUT_R5_20260920\cad\source\V30\V30_034.step(118 ents)  Write  Done
V30_034 J206_STRIPPED_BUNDLE_MAX_ENVELOPE_NO_SOLID_COPPER_MASS_CREDIT solids 1 bbox {'min_mm': [107.0208, -16.4351, 4.8716], 'max_mm': [107.5208, -13.5649, 7.7418000000000005]}

*******************************************************************
******        Statistics on Transfer (Write)                 ******

*******************************************************************
******        Transfer Mode = 0  I.E.  As Is       ******
******        Transferring Shape, ShapeType = 2                      ******
** WorkSession : Sending all data
 Step File Name : F:\China Graduate Future Flight Vehicle Innovation Competition\20_engineering\SERVICE_STAR_POWER_THERMAL_LAYOUT_R5_20260920\cad\source\V30\V30_035.step(1409 ents)  Write  Done
V30_035 J207_TE130191_OEM_C_A3_DIMENSION_CHECKED_UNCRIMPED solids 1 bbox {'min_mm': [88.2375, -32.7625, 3.4999998984993708], 'max_mm': [107.0208, -23.237499999999997, 9.1134]}

*******************************************************************
******        Statistics on Transfer (Write)                 ******

*******************************************************************
******        Transfer Mode = 0  I.E.  As Is       ******
******        Transferring Shape, ShapeType = 2                      ******
** WorkSession : Sending all data
 Step File Name : F:\China Graduate Future Flight Vehicle Innovation Competition\20_engineering\SERVICE_STAR_POWER_THERMAL_LAYOUT_R5_20260920\cad\source\V30\V30_036.step(202 ents)  Write  Done
V30_036 J207_ETTINGER00305059_M5_WASHER_REFERENCE solids 1 bbox {'min_mm': [88.0, -33.0, 4.4779], 'max_mm': [98.0, -23.0, 5.4779]}

*******************************************************************
******        Statistics on Transfer (Write)                 ******

*******************************************************************
******        Transfer Mode = 0  I.E.  As Is       ******
******        Transferring Shape, ShapeType = 2                      ******
** WorkSession : Sending all data
 Step File Name : F:\China Graduate Future Flight Vehicle Innovation Competition\20_engineering\SERVICE_STAR_POWER_THERMAL_LAYOUT_R5_20260920\cad\source\V30\V30_037.step(590 ents)  Write  Done
V30_037 J207_HPC_SHN5BRB_M5_NUT_SMOOTH_THREAD_REFERENCE solids 1 bbox {'min_mm': [88.38119784648174, -32.0, 5.4779], 'max_mm': [97.61880215351826, -24.0, 9.4779]}

*******************************************************************
******        Statistics on Transfer (Write)                 ******

*******************************************************************
******        Transfer Mode = 0  I.E.  As Is       ******
******        Transferring Shape, ShapeType = 2                      ******
** WorkSession : Sending all data
 Step File Name : F:\China Graduate Future Flight Vehicle Innovation Competition\20_engineering\SERVICE_STAR_POWER_THERMAL_LAYOUT_R5_20260920\cad\source\V30\V30_038.step(118 ents)  Write  Done
V30_038 J207_55A0111_10_9_LOCAL_39p5mm_JACKET_ENVELOPE solids 1 bbox {'min_mm': [107.5208, -29.6256, 4.6811], 'max_mm': [147.0208, -26.3744, 7.9323]}

*******************************************************************
******        Statistics on Transfer (Write)                 ******

*******************************************************************
******        Transfer Mode = 0  I.E.  As Is       ******
******        Transferring Shape, ShapeType = 2                      ******
** WorkSession : Sending all data
 Step File Name : F:\China Graduate Future Flight Vehicle Innovation Competition\20_engineering\SERVICE_STAR_POWER_THERMAL_LAYOUT_R5_20260920\cad\source\V30\V30_039.step(118 ents)  Write  Done
V30_039 J207_STRIPPED_BUNDLE_MAX_ENVELOPE_NO_SOLID_COPPER_MASS_CREDIT solids 1 bbox {'min_mm': [107.0208, -29.4351, 4.8716], 'max_mm': [107.5208, -26.5649, 7.7418000000000005]}

*******************************************************************
******        Statistics on Transfer (Write)                 ******

*******************************************************************
******        Transfer Mode = 0  I.E.  As Is       ******
******        Transferring Shape, ShapeType = 2                      ******
** WorkSession : Sending all data
 Step File Name : F:\China Graduate Future Flight Vehicle Innovation Competition\20_engineering\SERVICE_STAR_POWER_THERMAL_LAYOUT_R5_20260920\cad\source\V30\V30_040.step(852 ents)  Write  Done
V30_040 M3_CLAMP_-10_-9_ISO4762_M3X30_CATALOG_REFERENCE solids 1 bbox {'min_mm': [-12.7500001, -11.7500001, -16.0], 'max_mm': [-7.2499999, -6.2499999, 17.0]}

*******************************************************************
******        Statistics on Transfer (Write)                 ******

*******************************************************************
******        Transfer Mode = 0  I.E.  As Is       ******
******        Transferring Shape, ShapeType = 2                      ******
** WorkSession : Sending all data
 Step File Name : F:\China Graduate Future Flight Vehicle Innovation Competition\20_engineering\SERVICE_STAR_POWER_THERMAL_LAYOUT_R5_20260920\cad\source\V30\V30_041.step(1992 ents)  Write  Done
V30_041 M3_CLAMP_-10_-9_ISO4032_M3_CATALOG_REFERENCE solids 1 bbox {'min_mm': [-12.750000000002526, -12.175, -14.500000000000002], 'max_mm': [-7.249999999997475, -5.825, -12.099999999991]}

*******************************************************************
******        Statistics on Transfer (Write)                 ******

*******************************************************************
******        Transfer Mode = 0  I.E.  As Is       ******
******        Transferring Shape, ShapeType = 2                      ******
** WorkSession : Sending all data
 Step File Name : F:\China Graduate Future Flight Vehicle Innovation Competition\20_engineering\SERVICE_STAR_POWER_THERMAL_LAYOUT_R5_20260920\cad\source\V30\V30_042.step(202 ents)  Write  Done
V30_042 M3_CLAMP_-10_-9_ISO7089_WASHER_0p5_REF_13.5 solids 1 bbox {'min_mm': [-13.5, -12.5, 13.5], 'max_mm': [-6.5, -5.5, 14.0]}

*******************************************************************
******        Statistics on Transfer (Write)                 ******

*******************************************************************
******        Transfer Mode = 0  I.E.  As Is       ******
******        Transferring Shape, ShapeType = 2                      ******
** WorkSession : Sending all data
 Step File Name : F:\China Graduate Future Flight Vehicle Innovation Competition\20_engineering\SERVICE_STAR_POWER_THERMAL_LAYOUT_R5_20260920\cad\source\V30\V30_043.step(202 ents)  Write  Done
V30_043 M3_CLAMP_-10_-9_ISO7089_WASHER_0p5_REF_-12.1 solids 1 bbox {'min_mm': [-13.5, -12.5, -12.1], 'max_mm': [-6.5, -5.5, -11.6]}

*******************************************************************
******        Statistics on Transfer (Write)                 ******

*******************************************************************
******        Transfer Mode = 0  I.E.  As Is       ******
******        Transferring Shape, ShapeType = 2                      ******
** WorkSession : Sending all data
 Step File Name : F:\China Graduate Future Flight Vehicle Innovation Competition\20_engineering\SERVICE_STAR_POWER_THERMAL_LAYOUT_R5_20260920\cad\source\V30\V30_044.step(852 ents)  Write  Done
V30_044 M3_CLAMP_-10_-34_ISO4762_M3X30_CATALOG_REFERENCE solids 1 bbox {'min_mm': [-12.7500001, -36.75, -16.0], 'max_mm': [-7.2499999, -31.2499999, 17.0]}

*******************************************************************
******        Statistics on Transfer (Write)                 ******

*******************************************************************
******        Transfer Mode = 0  I.E.  As Is       ******
******        Transferring Shape, ShapeType = 2                      ******
** WorkSession : Sending all data
 Step File Name : F:\China Graduate Future Flight Vehicle Innovation Competition\20_engineering\SERVICE_STAR_POWER_THERMAL_LAYOUT_R5_20260920\cad\source\V30\V30_045.step(1992 ents)  Write  Done
V30_045 M3_CLAMP_-10_-34_ISO4032_M3_CATALOG_REFERENCE solids 1 bbox {'min_mm': [-12.750000000002528, -37.175, -14.500000000000002], 'max_mm': [-7.249999999997473, -30.825, -12.099999999991]}

*******************************************************************
******        Statistics on Transfer (Write)                 ******

*******************************************************************
******        Transfer Mode = 0  I.E.  As Is       ******
******        Transferring Shape, ShapeType = 2                      ******
** WorkSession : Sending all data
 Step File Name : F:\China Graduate Future Flight Vehicle Innovation Competition\20_engineering\SERVICE_STAR_POWER_THERMAL_LAYOUT_R5_20260920\cad\source\V30\V30_046.step(202 ents)  Write  Done
V30_046 M3_CLAMP_-10_-34_ISO7089_WASHER_0p5_REF_13.5 solids 1 bbox {'min_mm': [-13.5, -37.5, 13.5], 'max_mm': [-6.5, -30.5, 14.0]}

*******************************************************************
******        Statistics on Transfer (Write)                 ******

*******************************************************************
******        Transfer Mode = 0  I.E.  As Is       ******
******        Transferring Shape, ShapeType = 2                      ******
** WorkSession : Sending all data
 Step File Name : F:\China Graduate Future Flight Vehicle Innovation Competition\20_engineering\SERVICE_STAR_POWER_THERMAL_LAYOUT_R5_20260920\cad\source\V30\V30_047.step(202 ents)  Write  Done
V30_047 M3_CLAMP_-10_-34_ISO7089_WASHER_0p5_REF_-12.1 solids 1 bbox {'min_mm': [-13.5, -37.5, -12.1], 'max_mm': [-6.5, -30.5, -11.6]}

*******************************************************************
******        Statistics on Transfer (Write)                 ******

*******************************************************************
******        Transfer Mode = 0  I.E.  As Is       ******
******        Transferring Shape, ShapeType = 2                      ******
** WorkSession : Sending all data
 Step File Name : F:\China Graduate Future Flight Vehicle Innovation Competition\20_engineering\SERVICE_STAR_POWER_THERMAL_LAYOUT_R5_20260920\cad\source\V30\V30_048.step(852 ents)  Write  Done
V30_048 M3_CLAMP_110_-9_ISO4762_M3X30_CATALOG_REFERENCE solids 1 bbox {'min_mm': [107.2499999, -11.75, -16.0], 'max_mm': [112.7500001, -6.25, 17.0]}

*******************************************************************
******        Statistics on Transfer (Write)                 ******

*******************************************************************
******        Transfer Mode = 0  I.E.  As Is       ******
******        Transferring Shape, ShapeType = 2                      ******
** WorkSession : Sending all data
 Step File Name : F:\China Graduate Future Flight Vehicle Innovation Competition\20_engineering\SERVICE_STAR_POWER_THERMAL_LAYOUT_R5_20260920\cad\source\V30\V30_049.step(1992 ents)  Write  Done
V30_049 M3_CLAMP_110_-9_ISO4032_M3_CATALOG_REFERENCE solids 1 bbox {'min_mm': [107.24999999999747, -12.175, -14.500000000000002], 'max_mm': [112.75000000000253, -5.825, -12.099999999991]}

*******************************************************************
******        Statistics on Transfer (Write)                 ******

*******************************************************************
******        Transfer Mode = 0  I.E.  As Is       ******
******        Transferring Shape, ShapeType = 2                      ******
** WorkSession : Sending all data
 Step File Name : F:\China Graduate Future Flight Vehicle Innovation Competition\20_engineering\SERVICE_STAR_POWER_THERMAL_LAYOUT_R5_20260920\cad\source\V30\V30_050.step(202 ents)  Write  Done
V30_050 M3_CLAMP_110_-9_ISO7089_WASHER_0p5_REF_13.5 solids 1 bbox {'min_mm': [106.5, -12.5, 13.5], 'max_mm': [113.5, -5.5, 14.0]}

*******************************************************************
******        Statistics on Transfer (Write)                 ******

*******************************************************************
******        Transfer Mode = 0  I.E.  As Is       ******
******        Transferring Shape, ShapeType = 2                      ******
** WorkSession : Sending all data
 Step File Name : F:\China Graduate Future Flight Vehicle Innovation Competition\20_engineering\SERVICE_STAR_POWER_THERMAL_LAYOUT_R5_20260920\cad\source\V30\V30_051.step(202 ents)  Write  Done
V30_051 M3_CLAMP_110_-9_ISO7089_WASHER_0p5_REF_-12.1 solids 1 bbox {'min_mm': [106.5, -12.5, -12.1], 'max_mm': [113.5, -5.5, -11.6]}

*******************************************************************
******        Statistics on Transfer (Write)                 ******

*******************************************************************
******        Transfer Mode = 0  I.E.  As Is       ******
******        Transferring Shape, ShapeType = 2                      ******
** WorkSession : Sending all data
 Step File Name : F:\China Graduate Future Flight Vehicle Innovation Competition\20_engineering\SERVICE_STAR_POWER_THERMAL_LAYOUT_R5_20260920\cad\source\V30\V30_052.step(852 ents)  Write  Done
V30_052 M3_CLAMP_110_-34_ISO4762_M3X30_CATALOG_REFERENCE solids 1 bbox {'min_mm': [107.2499999, -36.7500001, -16.0], 'max_mm': [112.7500001, -31.25, 17.0]}

*******************************************************************
******        Statistics on Transfer (Write)                 ******

*******************************************************************
******        Transfer Mode = 0  I.E.  As Is       ******
******        Transferring Shape, ShapeType = 2                      ******
** WorkSession : Sending all data
 Step File Name : F:\China Graduate Future Flight Vehicle Innovation Competition\20_engineering\SERVICE_STAR_POWER_THERMAL_LAYOUT_R5_20260920\cad\source\V30\V30_053.step(1992 ents)  Write  Done
V30_053 M3_CLAMP_110_-34_ISO4032_M3_CATALOG_REFERENCE solids 1 bbox {'min_mm': [107.24999999999747, -37.175, -14.500000000000002], 'max_mm': [112.75000000000253, -30.825, -12.099999999991]}

*******************************************************************
******        Statistics on Transfer (Write)                 ******

*******************************************************************
******        Transfer Mode = 0  I.E.  As Is       ******
******        Transferring Shape, ShapeType = 2                      ******
** WorkSession : Sending all data
 Step File Name : F:\China Graduate Future Flight Vehicle Innovation Competition\20_engineering\SERVICE_STAR_POWER_THERMAL_LAYOUT_R5_20260920\cad\source\V30\V30_054.step(202 ents)  Write  Done
V30_054 M3_CLAMP_110_-34_ISO7089_WASHER_0p5_REF_13.5 solids 1 bbox {'min_mm': [106.5, -37.5, 13.5], 'max_mm': [113.5, -30.5, 14.0]}

*******************************************************************
******        Statistics on Transfer (Write)                 ******

*******************************************************************
******        Transfer Mode = 0  I.E.  As Is       ******
******        Transferring Shape, ShapeType = 2                      ******
** WorkSession : Sending all data
 Step File Name : F:\China Graduate Future Flight Vehicle Innovation Competition\20_engineering\SERVICE_STAR_POWER_THERMAL_LAYOUT_R5_20260920\cad\source\V30\V30_055.step(202 ents)  Write  Done
V30_055 M3_CLAMP_110_-34_ISO7089_WASHER_0p5_REF_-12.1 solids 1 bbox {'min_mm': [106.5, -37.5, -12.1], 'max_mm': [113.5, -30.5, -11.6]}

*******************************************************************
******        Statistics on Transfer (Write)                 ******

*******************************************************************
******        Transfer Mode = 0  I.E.  As Is       ******
******        Transferring Shape, ShapeType = 2                      ******
** WorkSession : Sending all data
 Step File Name : F:\China Graduate Future Flight Vehicle Innovation Competition\20_engineering\SERVICE_STAR_POWER_THERMAL_LAYOUT_R5_20260920\cad\source\V36\V36_000.step(1862 ents)  Write  Done
V36_000 R_0603_1608Metric solids 1 bbox {'min_mm': [85.6, -39.800000000000004, 1.595], 'max_mm': [86.4, -38.199999999999996, 2.045]}

*******************************************************************
******        Statistics on Transfer (Write)                 ******

*******************************************************************
******        Transfer Mode = 0  I.E.  As Is       ******
******        Transferring Shape, ShapeType = 2                      ******
** WorkSession : Sending all data
 Step File Name : F:\China Graduate Future Flight Vehicle Innovation Competition\20_engineering\SERVICE_STAR_POWER_THERMAL_LAYOUT_R5_20260920\cad\source\V36\V36_001.step(1862 ents)  Write  Done
V36_001 R_0603_1608Metric solids 1 bbox {'min_mm': [84.6, -44.800000000000004, 1.595], 'max_mm': [85.4, -43.199999999999996, 2.045]}

*******************************************************************
******        Statistics on Transfer (Write)                 ******

*******************************************************************
******        Transfer Mode = 0  I.E.  As Is       ******
******        Transferring Shape, ShapeType = 2                      ******
** WorkSession : Sending all data
 Step File Name : F:\China Graduate Future Flight Vehicle Innovation Competition\20_engineering\SERVICE_STAR_POWER_THERMAL_LAYOUT_R5_20260920\cad\source\V36\V36_002.step(4617 ents)  Write  Done
V36_002 SOT-23 solids 1 bbox {'min_mm': [89.75, -44.5000001, 1.595], 'max_mm': [92.25, -41.4999999, 2.7950000999999998]}

*******************************************************************
******        Statistics on Transfer (Write)                 ******

*******************************************************************
******        Transfer Mode = 0  I.E.  As Is       ******
******        Transferring Shape, ShapeType = 2                      ******
** WorkSession : Sending all data
 Step File Name : F:\China Graduate Future Flight Vehicle Innovation Competition\20_engineering\SERVICE_STAR_POWER_THERMAL_LAYOUT_R5_20260920\cad\source\V36\V36_003.step(1862 ents)  Write  Done
V36_003 R_0603_1608Metric solids 1 bbox {'min_mm': [73.6, -55.800000000000004, 1.595], 'max_mm': [74.4, -54.199999999999996, 2.045]}

*******************************************************************
******        Statistics on Transfer (Write)                 ******

*******************************************************************
******        Transfer Mode = 0  I.E.  As Is       ******
******        Transferring Shape, ShapeType = 2                      ******
** WorkSession : Sending all data
 Step File Name : F:\China Graduate Future Flight Vehicle Innovation Competition\20_engineering\SERVICE_STAR_POWER_THERMAL_LAYOUT_R5_20260920\cad\source\V36\V36_004.step(350 ents)  Write  Done
V36_004 C201_WIMA_MKP2_catalog_body_nominal solids 1 bbox {'min_mm': [43.9, -48.5, 1.595], 'max_mm': [51.1, -37.5, 17.595]}

*******************************************************************
******        Statistics on Transfer (Write)                 ******

*******************************************************************
******        Transfer Mode = 0  I.E.  As Is       ******
******        Transferring Shape, ShapeType = 2                      ******
** WorkSession : Sending all data
 Step File Name : F:\China Graduate Future Flight Vehicle Innovation Competition\20_engineering\SERVICE_STAR_POWER_THERMAL_LAYOUT_R5_20260920\cad\source\V36\V36_005.step(118 ents)  Write  Done
V36_005 C201_pin_1_nominal solids 1 bbox {'min_mm': [44.75, -43.25, -4.405], 'max_mm': [45.25, -42.75, 1.595]}

*******************************************************************
******        Statistics on Transfer (Write)                 ******

*******************************************************************
******        Transfer Mode = 0  I.E.  As Is       ******
******        Transferring Shape, ShapeType = 2                      ******
** WorkSession : Sending all data
 Step File Name : F:\China Graduate Future Flight Vehicle Innovation Competition\20_engineering\SERVICE_STAR_POWER_THERMAL_LAYOUT_R5_20260920\cad\source\V36\V36_006.step(118 ents)  Write  Done
V36_006 C201_pin_2_nominal solids 1 bbox {'min_mm': [49.75, -43.25, -4.405], 'max_mm': [50.25, -42.75, 1.595]}

*******************************************************************
******        Statistics on Transfer (Write)                 ******

*******************************************************************
******        Transfer Mode = 0  I.E.  As Is       ******
******        Transferring Shape, ShapeType = 2                      ******
** WorkSession : Sending all data
 Step File Name : F:\China Graduate Future Flight Vehicle Innovation Competition\20_engineering\SERVICE_STAR_POWER_THERMAL_LAYOUT_R5_20260920\cad\source\V36\V36_007.step(1862 ents)  Write  Done
V36_007 R_0603_1608Metric solids 1 bbox {'min_mm': [77.6, -51.800000000000004, 1.595], 'max_mm': [78.4, -50.199999999999996, 2.045]}

*******************************************************************
******        Statistics on Transfer (Write)                 ******

*******************************************************************
******        Transfer Mode = 0  I.E.  As Is       ******
******        Transferring Shape, ShapeType = 2                      ******
** WorkSession : Sending all data
 Step File Name : F:\China Graduate Future Flight Vehicle Innovation Competition\20_engineering\SERVICE_STAR_POWER_THERMAL_LAYOUT_R5_20260920\cad\source\V36\V36_008.step(1862 ents)  Write  Done
V36_008 R_0603_1608Metric solids 1 bbox {'min_mm': [41.6, -27.8, 1.595], 'max_mm': [42.4, -26.2, 2.045]}

*******************************************************************
******        Statistics on Transfer (Write)                 ******

*******************************************************************
******        Transfer Mode = 0  I.E.  As Is       ******
******        Transferring Shape, ShapeType = 2                      ******
** WorkSession : Sending all data
 Step File Name : F:\China Graduate Future Flight Vehicle Innovation Competition\20_engineering\SERVICE_STAR_POWER_THERMAL_LAYOUT_R5_20260920\cad\source\V36\V36_009.step(1862 ents)  Write  Done
V36_009 R_0603_1608Metric solids 1 bbox {'min_mm': [52.6, -34.800000000000004, 1.595], 'max_mm': [53.4, -33.199999999999996, 2.045]}

*******************************************************************
******        Statistics on Transfer (Write)                 ******

*******************************************************************
******        Transfer Mode = 0  I.E.  As Is       ******
******        Transferring Shape, ShapeType = 2                      ******
** WorkSession : Sending all data
 Step File Name : F:\China Graduate Future Flight Vehicle Innovation Competition\20_engineering\SERVICE_STAR_POWER_THERMAL_LAYOUT_R5_20260920\cad\source\V36\V36_010.step(1862 ents)  Write  Done
V36_010 R_0603_1608Metric solids 1 bbox {'min_mm': [59.6, -46.800000000000004, 1.595], 'max_mm': [60.4, -45.199999999999996, 2.045]}

*******************************************************************
******        Statistics on Transfer (Write)                 ******

*******************************************************************
******        Transfer Mode = 0  I.E.  As Is       ******
******        Transferring Shape, ShapeType = 2                      ******
** WorkSession : Sending all data
 Step File Name : F:\China Graduate Future Flight Vehicle Innovation Competition\20_engineering\SERVICE_STAR_POWER_THERMAL_LAYOUT_R5_20260920\cad\source\V36\V36_011.step(1862 ents)  Write  Done
V36_011 R_0603_1608Metric solids 1 bbox {'min_mm': [41.6, -32.800000000000004, 1.595], 'max_mm': [42.4, -31.2, 2.045]}

*******************************************************************
******        Statistics on Transfer (Write)                 ******

*******************************************************************
******        Transfer Mode = 0  I.E.  As Is       ******
******        Transferring Shape, ShapeType = 2                      ******
** WorkSession : Sending all data
 Step File Name : F:\China Graduate Future Flight Vehicle Innovation Competition\20_engineering\SERVICE_STAR_POWER_THERMAL_LAYOUT_R5_20260920\cad\source\V36\V36_012.step(1862 ents)  Write  Done
V36_012 R_0603_1608Metric solids 1 bbox {'min_mm': [38.6, -27.8, 1.595], 'max_mm': [39.4, -26.2, 2.045]}

*******************************************************************
******        Statistics on Transfer (Write)                 ******

*******************************************************************
******        Transfer Mode = 0  I.E.  As Is       ******
******        Transferring Shape, ShapeType = 2                      ******
** WorkSession : Sending all data
 Step File Name : F:\China Graduate Future Flight Vehicle Innovation Competition\20_engineering\SERVICE_STAR_POWER_THERMAL_LAYOUT_R5_20260920\cad\source\V36\V36_013.step(18255 ents)  Write  Done
V36_013 MP_Wurth_WP-THRSH_74651195 solids 1 bbox {'min_mm': [87.999848611207, -20.01010264589, -0.905000000002333], 'max_mm': [98.000151388793, -10.010102445889999, 12.09500010000049]}

*******************************************************************
******        Statistics on Transfer (Write)                 ******

*******************************************************************
******        Transfer Mode = 0  I.E.  As Is       ******
******        Transferring Shape, ShapeType = 2                      ******
** WorkSession : Sending all data
 Step File Name : F:\China Graduate Future Flight Vehicle Innovation Competition\20_engineering\SERVICE_STAR_POWER_THERMAL_LAYOUT_R5_20260920\cad\source\V36\V36_014.step(18255 ents)  Write  Done
V36_014 MP_Wurth_WP-THRSH_74651195 solids 1 bbox {'min_mm': [1.999848611207, -20.01010264589, -0.905000000002333], 'max_mm': [12.000151388793006, -10.010102445889999, 12.09500010000049]}

*******************************************************************
******        Statistics on Transfer (Write)                 ******

*******************************************************************
******        Transfer Mode = 0  I.E.  As Is       ******
******        Transferring Shape, ShapeType = 2                      ******
** WorkSession : Sending all data
 Step File Name : F:\China Graduate Future Flight Vehicle Innovation Competition\20_engineering\SERVICE_STAR_POWER_THERMAL_LAYOUT_R5_20260920\cad\source\V36\V36_015.step(18255 ents)  Write  Done
V36_015 MP_Wurth_WP-THRSH_74651195 solids 1 bbox {'min_mm': [1.999848611207, -33.01010264589, -0.905000000002333], 'max_mm': [12.000151388793006, -23.01010244589, 12.095000100000489]}

*******************************************************************
******        Statistics on Transfer (Write)                 ******

*******************************************************************
******        Transfer Mode = 0  I.E.  As Is       ******
******        Transferring Shape, ShapeType = 2                      ******
** WorkSession : Sending all data
 Step File Name : F:\China Graduate Future Flight Vehicle Innovation Competition\20_engineering\SERVICE_STAR_POWER_THERMAL_LAYOUT_R5_20260920\cad\source\V36\V36_016.step(1862 ents)  Write  Done
V36_016 R_0603_1608Metric solids 1 bbox {'min_mm': [53.6, -29.8, 1.595], 'max_mm': [54.4, -28.2, 2.045]}

*******************************************************************
******        Statistics on Transfer (Write)                 ******

*******************************************************************
******        Transfer Mode = 0  I.E.  As Is       ******
******        Transferring Shape, ShapeType = 2                      ******
** WorkSession : Sending all data
 Step File Name : F:\China Graduate Future Flight Vehicle Innovation Competition\20_engineering\SERVICE_STAR_POWER_THERMAL_LAYOUT_R5_20260920\cad\source\V36\V36_017.step(1862 ents)  Write  Done
V36_017 R_0603_1608Metric solids 1 bbox {'min_mm': [77.6, -46.800000000000004, 1.595], 'max_mm': [78.4, -45.199999999999996, 2.045]}

*******************************************************************
******        Statistics on Transfer (Write)                 ******

*******************************************************************
******        Transfer Mode = 0  I.E.  As Is       ******
******        Transferring Shape, ShapeType = 2                      ******
** WorkSession : Sending all data
 Step File Name : F:\China Graduate Future Flight Vehicle Innovation Competition\20_engineering\SERVICE_STAR_POWER_THERMAL_LAYOUT_R5_20260920\cad\source\V36\V36_018.step(18255 ents)  Write  Done
V36_018 MP_Wurth_WP-THRSH_74651195 solids 1 bbox {'min_mm': [87.999848611207, -33.01010264589, -0.905000000002333], 'max_mm': [98.000151388793, -23.01010244589, 12.095000100000487]}

*******************************************************************
******        Statistics on Transfer (Write)                 ******

*******************************************************************
******        Transfer Mode = 0  I.E.  As Is       ******
******        Transferring Shape, ShapeType = 2                      ******
** WorkSession : Sending all data
 Step File Name : F:\China Graduate Future Flight Vehicle Innovation Competition\20_engineering\SERVICE_STAR_POWER_THERMAL_LAYOUT_R5_20260920\cad\source\V36\V36_019.step(1862 ents)  Write  Done
V36_019 R_1210_3225Metric solids 1 bbox {'min_mm': [87.75, -52.6, 1.595], 'max_mm': [90.25, -49.4, 2.145]}

*******************************************************************
******        Statistics on Transfer (Write)                 ******

*******************************************************************
******        Transfer Mode = 0  I.E.  As Is       ******
******        Transferring Shape, ShapeType = 2                      ******
** WorkSession : Sending all data
 Step File Name : F:\China Graduate Future Flight Vehicle Innovation Competition\20_engineering\SERVICE_STAR_POWER_THERMAL_LAYOUT_R5_20260920\cad\source\V36\V36_020.step(1862 ents)  Write  Done
V36_020 R_0603_1608Metric solids 1 bbox {'min_mm': [59.6, -41.800000000000004, 1.595], 'max_mm': [60.4, -40.199999999999996, 2.045]}

*******************************************************************
******        Statistics on Transfer (Write)                 ******

*******************************************************************
******        Transfer Mode = 0  I.E.  As Is       ******
******        Transferring Shape, ShapeType = 2                      ******
** WorkSession : Sending all data
 Step File Name : F:\China Graduate Future Flight Vehicle Innovation Competition\20_engineering\SERVICE_STAR_POWER_THERMAL_LAYOUT_R5_20260920\cad\source\V36\V36_021.step(1862 ents)  Write  Done
V36_021 R_0603_1608Metric solids 1 bbox {'min_mm': [59.6, -51.800000000000004, 1.595], 'max_mm': [60.4, -50.199999999999996, 2.045]}

*******************************************************************
******        Statistics on Transfer (Write)                 ******

*******************************************************************
******        Transfer Mode = 0  I.E.  As Is       ******
******        Transferring Shape, ShapeType = 2                      ******
** WorkSession : Sending all data
 Step File Name : F:\China Graduate Future Flight Vehicle Innovation Competition\20_engineering\SERVICE_STAR_POWER_THERMAL_LAYOUT_R5_20260920\cad\source\V36\V36_022.step(8289 ents)  Write  Done
V36_022 SOT-23-6 solids 1 bbox {'min_mm': [80.6, -52.450000100000004, 1.595], 'max_mm': [83.4, -49.549999899999996, 3.1450001]}

*******************************************************************
******        Statistics on Transfer (Write)                 ******

*******************************************************************
******        Transfer Mode = 0  I.E.  As Is       ******
******        Transferring Shape, ShapeType = 2                      ******
** WorkSession : Sending all data
 Step File Name : F:\China Graduate Future Flight Vehicle Innovation Competition\20_engineering\SERVICE_STAR_POWER_THERMAL_LAYOUT_R5_20260920\cad\source\V36\V36_023.step(1862 ents)  Write  Done
V36_023 R_0805_2012Metric solids 1 bbox {'min_mm': [73.4, -51.0, 1.595], 'max_mm': [74.6, -49.0, 2.045]}

*******************************************************************
******        Statistics on Transfer (Write)                 ******

*******************************************************************
******        Transfer Mode = 0  I.E.  As Is       ******
******        Transferring Shape, ShapeType = 2                      ******
** WorkSession : Sending all data
 Step File Name : F:\China Graduate Future Flight Vehicle Innovation Competition\20_engineering\SERVICE_STAR_POWER_THERMAL_LAYOUT_R5_20260920\cad\source\V36\V36_024.step(1862 ents)  Write  Done
V36_024 R_0603_1608Metric solids 1 bbox {'min_mm': [38.6, -32.800000000000004, 1.595], 'max_mm': [39.4, -31.2, 2.045]}

*******************************************************************
******        Statistics on Transfer (Write)                 ******

*******************************************************************
******        Transfer Mode = 0  I.E.  As Is       ******
******        Transferring Shape, ShapeType = 2                      ******
** WorkSession : Sending all data
 Step File Name : F:\China Graduate Future Flight Vehicle Innovation Competition\20_engineering\SERVICE_STAR_POWER_THERMAL_LAYOUT_R5_20260920\cad\source\V36\V36_025.step(7302 ents)  Write  Done
V36_025 wp10_main_input_PCB solids 1 bbox {'min_mm': [0.0, -80.0, 0.0], 'max_mm': [100.0, 0.0, 1.51]}
