{
  "n_physics_points": 362,
  "region_counts_default_tier": {
    "WHEELS_ONLY_FEASIBLE": 250,
    "INFEASIBLE_RATE": 86,
    "THRUSTER_REQUIRED_FEASIBLE": 20,
    "INFEASIBLE_RESOURCE": 6
  },
  "anchors": {
    "debris_sim06": {
      "w_plus_dps": 3.0633304945807067,
      "H_c_Nms": 3.650992635553959,
      "region_default_tier": "INFEASIBLE_RATE"
    },
    "satellite_sim06": {
      "w_plus_dps": 1.3872061825379134,
      "H_c_Nms": 0.014951015567287845,
      "region_default_tier": "WHEELS_ONLY_FEASIBLE"
    }
  },
  "worst_eps_P": 1.0619897505784e-16,
  "worst_eps_H": 4.711337200188659e-16
}
{
  "n_physics_points": 362,
  "region_counts_default_tier": {
    "WHEELS_ONLY_FEASIBLE": 250,
    "INFEASIBLE_RATE": 86,
    "THRUSTER_REQUIRED_FEASIBLE": 20,
    "INFEASIBLE_RESOURCE": 6
  },
  "anchors": {
    "debris_sim06": {
      "w_plus_dps": 3.0633304945807067,
      "H_c_Nms": 3.650992635553959,
      "region_default_tier": "INFEASIBLE_RATE"
    },
    "satellite_sim06": {
      "w_plus_dps": 1.3872061825379134,
      "H_c_Nms": 0.014951015567287845,
      "region_default_tier": "WHEELS_ONLY_FEASIBLE"
    }
  },
  "worst_eps_P": 1.0619897505784e-16,
  "worst_eps_H": 4.711337200188659e-16
}
========================================================================
test                             res    worst        t[s]
------------------------------------------------------------------------
t_s10_anchor                     PASS   0.000e+00    0.0
t_s10_determinism                PASS   0.000e+00    0.7
t_s10_monotonic                  PASS   0.000e+00    0.1
t_s10_registry_hash              PASS   0.000e+00    0.0
t_s10_conservation               PASS   2.288e-16    0.1
t_s10_gate_semantics             PASS   0.000e+00    0.0
------------------------------------------------------------------------
TOTAL: 6/6 PASS
