{
  "verdict": "SIM12_PHASE1_GATES_PASS",
  "best_per_case": {
    "A_low": "S1_passive",
    "B_anchor": "ABORT",
    "C_transition": "S3a_wheel_bias",
    "D_extreme": "ABORT"
  },
  "GS1": {
    "max_eps_H": 3.849848861643484e-16,
    "s2_vector_closure_max": 2.220446049250313e-16
  }
}
{
  "verdict": "SIM12_PHASE1_GATES_PASS",
  "best_per_case": {
    "A_low": "S1_passive",
    "B_anchor": "ABORT",
    "C_transition": "S3a_wheel_bias",
    "D_extreme": "ABORT"
  },
  "GS1": {
    "max_eps_H": 3.849848861643484e-16,
    "s2_vector_closure_max": 2.220446049250313e-16
  }
}
t_s12_run_and_gates                  PASS  3.85e-16     1.6
t_s12_anchor_vs_sim10                PASS  0.00e+00     0.0
t_s12_s3b_placeholder_absent         PASS  0.00e+00     0.0
TOTAL: 3/3 PASS
