[b4_1_acceptance] SW_CONNECT: {"mode": "launched"}
[b4_1_acceptance] SW_VERSION: {"revision": "32.5.0", "year": 2024}
[b4_1_acceptance] INVENTORY_BATCH_START: {"batch": 1, "first_index": 0, "batch_size": 8}
[b4_1_acceptance] DOC_OPEN: {"path": "F:\\China Graduate Future Flight Vehicle Innovation Competition\\20_engineering\\cad\\Space_Embodied_Robot_CAD_V2_1\\00_Master_Skeleton\\Master_Skeleton_V2_1.SLDPRT", "read_only": true}
[b4_1_acceptance] DOC_OPEN: {"path": "F:\\China Graduate Future Flight Vehicle Innovation Competition\\20_engineering\\cad\\Space_Embodied_Robot_CAD_V2_1\\01_Primary_Frame\\parts\\FRM_FRONT_TASK.SLDPRT", "read_only": true}
[b4_1_acceptance] DOC_OPEN: {"path": "F:\\China Graduate Future Flight Vehicle Innovation Competition\\20_engineering\\cad\\Space_Embodied_Robot_CAD_V2_1\\01_Primary_Frame\\parts\\FRM_MID_FRONT.SLDPRT", "read_only": true}
[b4_1_acceptance] DOC_OPEN: {"path": "F:\\China Graduate Future Flight Vehicle Innovation Competition\\20_engineering\\cad\\Space_Embodied_Robot_CAD_V2_1\\01_Primary_Frame\\parts\\FRM_REAR_BOUNDARY.SLDPRT", "read_only": true}
[b4_1_acceptance] DOC_OPEN: {"path": "F:\\China Graduate Future Flight Vehicle Innovation Competition\\20_engineering\\cad\\Space_Embodied_Robot_CAD_V2_1\\01_Primary_Frame\\parts\\FRM_REAR_MID.SLDPRT", "read_only": true}
[b4_1_acceptance] DOC_OPEN: {"path": "F:\\China Graduate Future Flight Vehicle Innovation Competition\\20_engineering\\cad\\Space_Embodied_Robot_CAD_V2_1\\01_Primary_Frame\\parts\\GUSSET_FRONT_1.SLDPRT", "read_only": true}
[b4_1_acceptance] DOC_OPEN: {"path": "F:\\China Graduate Future Flight Vehicle Innovation Competition\\20_engineering\\cad\\Space_Embodied_Robot_CAD_V2_1\\01_Primary_Frame\\parts\\GUSSET_FRONT_2.SLDPRT", "read_only": true}
[b4_1_acceptance] DOC_OPEN: {"path": "F:\\China Graduate Future Flight Vehicle Innovation Competition\\20_engineering\\cad\\Space_Embodied_Robot_CAD_V2_1\\01_Primary_Frame\\parts\\GUSSET_FRONT_3.SLDPRT", "read_only": true}
[b4_1_acceptance] SW_SESSION_EXIT: {"reason": "inventory_batch_1", "pid": 68168, "exited": true}
[b4_1_acceptance] INVENTORY_BATCH_CACHED: {"batch": 1, "files": 8, "cache": "F:\\China Graduate Future Flight Vehicle Innovation Competition\\20_engineering\\cad\\Space_Embodied_Robot_CAD_V2_1\\evidence\\acceptance\\.inventory_cache\\b51ead0e
[b4_1_acceptance] SW_CONNECT: {"mode": "launched"}
[b4_1_acceptance] SW_VERSION: {"revision": "32.5.0", "year": 2024}
[b4_1_acceptance] INVENTORY_BATCH_START: {"batch": 2, "first_index": 8, "batch_size": 8}
[b4_1_acceptance] DOC_OPEN: {"path": "F:\\China Graduate Future Flight Vehicle Innovation Competition\\20_engineering\\cad\\Space_Embodied_Robot_CAD_V2_1\\01_Primary_Frame\\parts\\GUSSET_FRONT_4.SLDPRT", "read_only": true}
[b4_1_acceptance] DOC_OPEN: {"path": "F:\\China Graduate Future Flight Vehicle Innovation Competition\\20_engineering\\cad\\Space_Embodied_Robot_CAD_V2_1\\01_Primary_Frame\\parts\\LNG_NY_NZ.SLDPRT", "read_only": true}
[b4_1_acceptance] DOC_OPEN: {"path": "F:\\China Graduate Future Flight Vehicle Innovation Competition\\20_engineering\\cad\\Space_Embodied_Robot_CAD_V2_1\\01_Primary_Frame\\parts\\LNG_NY_PZ.SLDPRT", "read_only": true}
[b4_1_acceptance] DOC_OPEN: {"path": "F:\\China Graduate Future Flight Vehicle Innovation Competition\\20_engineering\\cad\\Space_Embodied_Robot_CAD_V2_1\\01_Primary_Frame\\parts\\LNG_PY_NZ.SLDPRT", "read_only": true}
[b4_1_acceptance] DOC_OPEN: {"path": "F:\\China Graduate Future Flight Vehicle Innovation Competition\\20_engineering\\cad\\Space_Embodied_Robot_CAD_V2_1\\01_Primary_Frame\\parts\\LNG_PY_PZ.SLDPRT", "read_only": true}
[b4_1_acceptance] DOC_OPEN: {"path": "F:\\China Graduate Future Flight Vehicle Innovation Competition\\20_engineering\\cad\\Space_Embodied_Robot_CAD_V2_1\\01_Primary_Frame\\parts\\NODE_PAD_MID2_NY_ZN.SLDPRT", "read_only": true}
[b4_1_acceptance] DOC_OPEN: {"path": "F:\\China Graduate Future Flight Vehicle Innovation Competition\\20_engineering\\cad\\Space_Embodied_Robot_CAD_V2_1\\01_Primary_Frame\\parts\\NODE_PAD_MID2_NY_ZP.SLDPRT", "read_only": true}
[b4_1_acceptance] DOC_OPEN: {"path": "F:\\China Graduate Future Flight Vehicle Innovation Competition\\20_engineering\\cad\\Space_Embodied_Robot_CAD_V2_1\\01_Primary_Frame\\parts\\NODE_PAD_MID2_PY_ZN.SLDPRT", "read_only": true}
[b4_1_acceptance] SW_SESSION_EXIT: {"reason": "inventory_batch_2", "pid": 59748, "exited": true}
[b4_1_acceptance] INVENTORY_BATCH_CACHED: {"batch": 2, "files": 8, "cache": "F:\\China Graduate Future Flight Vehicle Innovation Competition\\20_engineering\\cad\\Space_Embodied_Robot_CAD_V2_1\\evidence\\acceptance\\.inventory_cache\\b51ead0e
[b4_1_acceptance] SW_CONNECT: {"mode": "launched"}
[b4_1_acceptance] SW_VERSION: {"revision": "32.5.0", "year": 2024}
[b4_1_acceptance] INVENTORY_BATCH_START: {"batch": 3, "first_index": 16, "batch_size": 8}
[b4_1_acceptance] DOC_OPEN: {"path": "F:\\China Graduate Future Flight Vehicle Innovation Competition\\20_engineering\\cad\\Space_Embodied_Robot_CAD_V2_1\\01_Primary_Frame\\parts\\NODE_PAD_MID2_PY_ZP.SLDPRT", "read_only": true}
[b4_1_acceptance] DOC_OPEN: {"path": "F:\\China Graduate Future Flight Vehicle Innovation Competition\\20_engineering\\cad\\Space_Embodied_Robot_CAD_V2_1\\02_Equipment_Decks\\parts\\DECK_MID_FRONT.SLDPRT", "read_only": true}
[b4_1_acceptance] DOC_OPEN: {"path": "F:\\China Graduate Future Flight Vehicle Innovation Competition\\20_engineering\\cad\\Space_Embodied_Robot_CAD_V2_1\\02_Equipment_Decks\\parts\\DECK_REAR_MID.SLDPRT", "read_only": true}
[b4_1_acceptance] DOC_OPEN: {"path": "F:\\China Graduate Future Flight Vehicle Innovation Competition\\20_engineering\\cad\\Space_Embodied_Robot_CAD_V2_1\\03_Removable_Panels\\parts\\PNL_BOTTOM.SLDPRT", "read_only": true}
[b4_1_acceptance] DOC_OPEN: {"path": "F:\\China Graduate Future Flight Vehicle Innovation Competition\\20_engineering\\cad\\Space_Embodied_Robot_CAD_V2_1\\03_Removable_Panels\\parts\\PNL_LEFT_AFT.SLDPRT", "read_only": true}
[b4_1_acceptance] DOC_OPEN: {"path": "F:\\China Graduate Future Flight Vehicle Innovation Competition\\20_engineering\\cad\\Space_Embodied_Robot_CAD_V2_1\\03_Removable_Panels\\parts\\PNL_LEFT_FWD.SLDPRT", "read_only": true}
[b4_1_acceptance] DOC_OPEN: {"path": "F:\\China Graduate Future Flight Vehicle Innovation Competition\\20_engineering\\cad\\Space_Embodied_Robot_CAD_V2_1\\03_Removable_Panels\\parts\\PNL_RIGHT_AFT.SLDPRT", "read_only": true}
[b4_1_acceptance] DOC_OPEN: {"path": "F:\\China Graduate Future Flight Vehicle Innovation Competition\\20_engineering\\cad\\Space_Embodied_Robot_CAD_V2_1\\03_Removable_Panels\\parts\\PNL_RIGHT_FWD.SLDPRT", "read_only": true}
[b4_1_acceptance] SW_SESSION_EXIT: {"reason": "inventory_batch_3", "pid": 53240, "exited": true}
[b4_1_acceptance] INVENTORY_BATCH_CACHED: {"batch": 3, "files": 8, "cache": "F:\\China Graduate Future Flight Vehicle Innovation Competition\\20_engineering\\cad\\Space_Embodied_Robot_CAD_V2_1\\evidence\\acceptance\\.inventory_cache\\b51ead0e
[b4_1_acceptance] SW_CONNECT: {"mode": "launched"}
[b4_1_acceptance] SW_VERSION: {"revision": "32.5.0", "year": 2024}
[b4_1_acceptance] INVENTORY_BATCH_START: {"batch": 4, "first_index": 24, "batch_size": 8}
[b4_1_acceptance] DOC_OPEN: {"path": "F:\\China Graduate Future Flight Vehicle Innovation Competition\\20_engineering\\cad\\Space_Embodied_Robot_CAD_V2_1\\03_Removable_Panels\\parts\\PNL_TOP.SLDPRT", "read_only": true}
[b4_1_acceptance] DOC_OPEN: {"path": "F:\\China Graduate Future Flight Vehicle Innovation Competition\\20_engineering\\cad\\Space_Embodied_Robot_CAD_V2_1\\05_Robot_Mount_Module\\parts\\SV21_MNT_ADAPTER_BOSS.SLDPRT", "read_only":
[b4_1_acceptance] DOC_OPEN: {"path": "F:\\China Graduate Future Flight Vehicle Innovation Competition\\20_engineering\\cad\\Space_Embodied_Robot_CAD_V2_1\\05_Robot_Mount_Module\\parts\\SV21_MNT_ADAPTER_PLATE.SLDPRT", "read_only"
[b4_1_acceptance] DOC_OPEN: {"path": "F:\\China Graduate Future Flight Vehicle Innovation Competition\\20_engineering\\cad\\Space_Embodied_Robot_CAD_V2_1\\05_Robot_Mount_Module\\parts\\SV21_MNT_RIB_SET.SLDPRT", "read_only": true
[b4_1_acceptance] DOC_OPEN: {"path": "F:\\China Graduate Future Flight Vehicle Innovation Competition\\20_engineering\\cad\\Space_Embodied_Robot_CAD_V2_1\\05_Robot_Mount_Module\\parts\\SV21_MNT_SERVICER_FLANGE.SLDPRT", "read_onl
[b4_1_acceptance] DOC_OPEN: {"path": "F:\\China Graduate Future Flight Vehicle Innovation Competition\\20_engineering\\cad\\Space_Embodied_Robot_CAD_V2_1\\07_Solar_Array_Root_Module_L\\parts\\FLEX_HARNESS_REF_L.SLDPRT", "read_on
[b4_1_acceptance] DOC_OPEN: {"path": "F:\\China Graduate Future Flight Vehicle Innovation Competition\\20_engineering\\cad\\Space_Embodied_Robot_CAD_V2_1\\07_Solar_Array_Root_Module_L\\parts\\HDRM_MID2_REF_L.SLDPRT", "read_only"
[b4_1_acceptance] DOC_OPEN: {"path": "F:\\China Graduate Future Flight Vehicle Innovation Competition\\20_engineering\\cad\\Space_Embodied_Robot_CAD_V2_1\\07_Solar_Array_Root_Module_L\\parts\\HDRM_REAR_REF_L.SLDPRT", "read_only"
[b4_1_acceptance] SW_SESSION_EXIT: {"reason": "inventory_batch_4", "pid": 69048, "exited": true}
[b4_1_acceptance] INVENTORY_BATCH_CACHED: {"batch": 4, "files": 8, "cache": "F:\\China Graduate Future Flight Vehicle Innovation Competition\\20_engineering\\cad\\Space_Embodied_Robot_CAD_V2_1\\evidence\\acceptance\\.inventory_cache\\b51ead0e
[b4_1_acceptance] SW_CONNECT: {"mode": "launched"}
[b4_1_acceptance] SW_VERSION: {"revision": "32.5.0", "year": 2024}
[b4_1_acceptance] INVENTORY_BATCH_START: {"batch": 5, "first_index": 32, "batch_size": 8}
[b4_1_acceptance] DOC_OPEN: {"path": "F:\\China Graduate Future Flight Vehicle Innovation Competition\\20_engineering\\cad\\Space_Embodied_Robot_CAD_V2_1\\07_Solar_Array_Root_Module_L\\parts\\HINGE_BLOCK_A_REF_L.SLDPRT", "read_o
[b4_1_acceptance] DOC_OPEN: {"path": "F:\\China Graduate Future Flight Vehicle Innovation Competition\\20_engineering\\cad\\Space_Embodied_Robot_CAD_V2_1\\07_Solar_Array_Root_Module_L\\parts\\HINGE_BLOCK_B_REF_L.SLDPRT", "read_o
[b4_1_acceptance] DOC_OPEN: {"path": "F:\\China Graduate Future Flight Vehicle Innovation Competition\\20_engineering\\cad\\Space_Embodied_Robot_CAD_V2_1\\07_Solar_Array_Root_Module_L\\parts\\MECH_STOP_REF_L.SLDPRT", "read_only"
[b4_1_acceptance] DOC_OPEN: {"path": "F:\\China Graduate Future Flight Vehicle Innovation Competition\\20_engineering\\cad\\Space_Embodied_Robot_CAD_V2_1\\07_Solar_Array_Root_Module_L\\parts\\ROOT_BRACKET_REF_L.SLDPRT", "read_on
[b4_1_acceptance] DOC_OPEN: {"path": "F:\\China Graduate Future Flight Vehicle Innovation Competition\\20_engineering\\cad\\Space_Embodied_Robot_CAD_V2_1\\07_Solar_Array_Root_Module_L\\parts\\STRAIN_RELIEF_REF_L.SLDPRT", "read_o
[b4_1_acceptance] DOC_OPEN: {"path": "F:\\China Graduate Future Flight Vehicle Innovation Competition\\20_engineering\\cad\\Space_Embodied_Robot_CAD_V2_1\\07_Solar_Array_Root_Module_L\\parts\\TORSION_SPRING_REF_L.SLDPRT", "read_
[b4_1_acceptance] DOC_OPEN: {"path": "F:\\China Graduate Future Flight Vehicle Innovation Competition\\20_engineering\\cad\\Space_Embodied_Robot_CAD_V2_1\\07_Solar_Array_Root_Module_R\\parts\\FLEX_HARNESS_REF_R.SLDPRT", "read_on
[b4_1_acceptance] DOC_OPEN: {"path": "F:\\China Graduate Future Flight Vehicle Innovation Competition\\20_engineering\\cad\\Space_Embodied_Robot_CAD_V2_1\\07_Solar_Array_Root_Module_R\\parts\\HDRM_MID2_REF_R.SLDPRT", "read_only"
[b4_1_acceptance] SW_SESSION_EXIT: {"reason": "inventory_batch_5", "pid": 52640, "exited": true}
[b4_1_acceptance] INVENTORY_BATCH_CACHED: {"batch": 5, "files": 8, "cache": "F:\\China Graduate Future Flight Vehicle Innovation Competition\\20_engineering\\cad\\Space_Embodied_Robot_CAD_V2_1\\evidence\\acceptance\\.inventory_cache\\b51ead0e
[b4_1_acceptance] SW_CONNECT: {"mode": "launched"}
[b4_1_acceptance] SW_VERSION: {"revision": "32.5.0", "year": 2024}
[b4_1_acceptance] INVENTORY_BATCH_START: {"batch": 6, "first_index": 40, "batch_size": 8}
[b4_1_acceptance] DOC_OPEN: {"path": "F:\\China Graduate Future Flight Vehicle Innovation Competition\\20_engineering\\cad\\Space_Embodied_Robot_CAD_V2_1\\07_Solar_Array_Root_Module_R\\parts\\HDRM_REAR_REF_R.SLDPRT", "read_only"
[b4_1_acceptance] DOC_OPEN: {"path": "F:\\China Graduate Future Flight Vehicle Innovation Competition\\20_engineering\\cad\\Space_Embodied_Robot_CAD_V2_1\\07_Solar_Array_Root_Module_R\\parts\\HINGE_BLOCK_A_REF_R.SLDPRT", "read_o
[b4_1_acceptance] DOC_OPEN: {"path": "F:\\China Graduate Future Flight Vehicle Innovation Competition\\20_engineering\\cad\\Space_Embodied_Robot_CAD_V2_1\\07_Solar_Array_Root_Module_R\\parts\\HINGE_BLOCK_B_REF_R.SLDPRT", "read_o
[b4_1_acceptance] DOC_OPEN: {"path": "F:\\China Graduate Future Flight Vehicle Innovation Competition\\20_engineering\\cad\\Space_Embodied_Robot_CAD_V2_1\\07_Solar_Array_Root_Module_R\\parts\\MECH_STOP_REF_R.SLDPRT", "read_only"
[b4_1_acceptance] DOC_OPEN: {"path": "F:\\China Graduate Future Flight Vehicle Innovation Competition\\20_engineering\\cad\\Space_Embodied_Robot_CAD_V2_1\\07_Solar_Array_Root_Module_R\\parts\\ROOT_BRACKET_REF_R.SLDPRT", "read_on
[b4_1_acceptance] DOC_OPEN: {"path": "F:\\China Graduate Future Flight Vehicle Innovation Competition\\20_engineering\\cad\\Space_Embodied_Robot_CAD_V2_1\\07_Solar_Array_Root_Module_R\\parts\\STRAIN_RELIEF_REF_R.SLDPRT", "read_o
[b4_1_acceptance] DOC_OPEN: {"path": "F:\\China Graduate Future Flight Vehicle Innovation Competition\\20_engineering\\cad\\Space_Embodied_Robot_CAD_V2_1\\07_Solar_Array_Root_Module_R\\parts\\TORSION_SPRING_REF_R.SLDPRT", "read_
[b4_1_acceptance] DOC_OPEN: {"path": "F:\\China Graduate Future Flight Vehicle Innovation Competition\\20_engineering\\cad\\Space_Embodied_Robot_CAD_V2_1\\08_Solar_Wing_L\\parts\\SOLAR_WING_L_DEPLOYED.SLDPRT", "read_only": true}
[b4_1_acceptance] SW_SESSION_EXIT: {"reason": "inventory_batch_6", "pid": 56052, "exited": true}
[b4_1_acceptance] INVENTORY_BATCH_CACHED: {"batch": 6, "files": 8, "cache": "F:\\China Graduate Future Flight Vehicle Innovation Competition\\20_engineering\\cad\\Space_Embodied_Robot_CAD_V2_1\\evidence\\acceptance\\.inventory_cache\\b51ead0e
[b4_1_acceptance] SW_CONNECT: {"mode": "launched"}
[b4_1_acceptance] SW_VERSION: {"revision": "32.5.0", "year": 2024}
[b4_1_acceptance] INVENTORY_BATCH_START: {"batch": 7, "first_index": 48, "batch_size": 8}
[b4_1_acceptance] DOC_OPEN: {"path": "F:\\China Graduate Future Flight Vehicle Innovation Competition\\20_engineering\\cad\\Space_Embodied_Robot_CAD_V2_1\\08_Solar_Wing_L\\parts\\SOLAR_WING_L_STOWED.SLDPRT", "read_only": true}
[b4_1_acceptance] DOC_OPEN: {"path": "F:\\China Graduate Future Flight Vehicle Innovation Competition\\20_engineering\\cad\\Space_Embodied_Robot_CAD_V2_1\\08_Solar_Wing_R\\parts\\SOLAR_WING_R_DEPLOYED.SLDPRT", "read_only": true}
[b4_1_acceptance] DOC_OPEN: {"path": "F:\\China Graduate Future Flight Vehicle Innovation Competition\\20_engineering\\cad\\Space_Embodied_Robot_CAD_V2_1\\08_Solar_Wing_R\\parts\\SOLAR_WING_R_STOWED.SLDPRT", "read_only": true}
[b4_1_acceptance] DOC_OPEN: {"path": "F:\\China Graduate Future Flight Vehicle Innovation Competition\\20_engineering\\cad\\Space_Embodied_Robot_CAD_V2_1\\01_Primary_Frame\\SV21_Primary_Frame.SLDASM", "read_only": true}
[b4_1_acceptance] DOC_OPEN: {"path": "F:\\China Graduate Future Flight Vehicle Innovation Competition\\20_engineering\\cad\\Space_Embodied_Robot_CAD_V2_1\\02_Equipment_Decks\\SV21_Equipment_Decks.SLDASM", "read_only": true}
[b4_1_acceptance] DOC_OPEN: {"path": "F:\\China Graduate Future Flight Vehicle Innovation Competition\\20_engineering\\cad\\Space_Embodied_Robot_CAD_V2_1\\03_Removable_Panels\\SV21_Removable_Panels.SLDASM", "read_only": true}
[b4_1_acceptance] DOC_OPEN: {"path": "F:\\China Graduate Future Flight Vehicle Innovation Competition\\20_engineering\\cad\\Space_Embodied_Robot_CAD_V2_1\\05_Robot_Mount_Module\\SV21_Robot_Mount_Module.SLDASM", "read_only": true
[b4_1_acceptance] DOC_OPEN: {"path": "F:\\China Graduate Future Flight Vehicle Innovation Competition\\20_engineering\\cad\\Space_Embodied_Robot_CAD_V2_1\\07_Solar_Array_Root_Module_L\\SV21_Solar_Array_Root_Module_L.SLDASM", "re
[b4_1_acceptance] SW_SESSION_EXIT: {"reason": "inventory_batch_7", "pid": 57568, "exited": true}
[b4_1_acceptance] INVENTORY_BATCH_CACHED: {"batch": 7, "files": 8, "cache": "F:\\China Graduate Future Flight Vehicle Innovation Competition\\20_engineering\\cad\\Space_Embodied_Robot_CAD_V2_1\\evidence\\acceptance\\.inventory_cache\\b51ead0e
[b4_1_acceptance] SW_CONNECT_RETRY: {"attempt": 1, "attempts": 4, "delay_seconds": 30, "error": "com_error:(-2146959355, '服务器运行失败', None, None)"}
[b4_1_acceptance] SW_CONNECT: {"mode": "launched"}
[b4_1_acceptance] SW_VERSION: {"revision": "32.5.0", "year": 2024}
[b4_1_acceptance] INVENTORY_BATCH_START: {"batch": 8, "first_index": 56, "batch_size": 4}
[b4_1_acceptance] DOC_OPEN: {"path": "F:\\China Graduate Future Flight Vehicle Innovation Competition\\20_engineering\\cad\\Space_Embodied_Robot_CAD_V2_1\\07_Solar_Array_Root_Module_R\\SV21_Solar_Array_Root_Module_R.SLDASM", "re
[b4_1_acceptance] DOC_OPEN: {"path": "F:\\China Graduate Future Flight Vehicle Innovation Competition\\20_engineering\\cad\\Space_Embodied_Robot_CAD_V2_1\\08_Solar_Wing_L\\SV21_Solar_Wing_L.SLDASM", "read_only": true}
[b4_1_acceptance] DOC_OPEN: {"path": "F:\\China Graduate Future Flight Vehicle Innovation Competition\\20_engineering\\cad\\Space_Embodied_Robot_CAD_V2_1\\08_Solar_Wing_R\\SV21_Solar_Wing_R.SLDASM", "read_only": true}
[b4_1_acceptance] DOC_OPEN: {"path": "F:\\China Graduate Future Flight Vehicle Innovation Competition\\20_engineering\\cad\\Space_Embodied_Robot_CAD_V2_1\\Assembly\\Spacecraft_Service_Vehicle_V2_1.SLDASM", "read_only": true}
[b4_1_acceptance] SW_SESSION_EXIT: {"reason": "inventory_batch_8", "pid": 57268, "exited": true}
[b4_1_acceptance] INVENTORY_BATCH_CACHED: {"batch": 8, "files": 4, "cache": "F:\\China Graduate Future Flight Vehicle Innovation Competition\\20_engineering\\cad\\Space_Embodied_Robot_CAD_V2_1\\evidence\\acceptance\\.inventory_cache\\b51ead0e
[b4_1_acceptance] INVENTORY_DONE: {"files": 60}
[b4_1_acceptance] SW_CONNECT_RETRY: {"attempt": 1, "attempts": 4, "delay_seconds": 30, "error": "com_error:(-2146959355, '服务器运行失败', None, None)"}
[b4_1_acceptance] SW_CONNECT_RETRY: {"attempt": 2, "attempts": 4, "delay_seconds": 30, "error": "com_error:(-2146959355, '服务器运行失败', None, None)"}
[b4_1_acceptance] SW_CONNECT_RETRY: {"attempt": 3, "attempts": 4, "delay_seconds": 30, "error": "com_error:(-2146959355, '服务器运行失败', None, None)"}
[b4_1_acceptance] SW_CONNECT: {"mode": "launched"}
[b4_1_acceptance] SW_VERSION: {"revision": "32.5.0", "year": 2024}
[b4_1_acceptance] SW_SESSION_EXIT: {"reason": "acceptance_complete", "pid": 68988, "exited": true}
{
  "G0_required_inputs": "PASS",
  "A1_semantic_register": "PASS",
  "A2_parameter_ledger": "PASS",
  "A7_unknown_integrity": "PASS",
  "A3_blacklist_lint": "HOLD",
  "D1_dependency_graph": "PASS",
  "A4_zero_lineage": "HOLD",
  "A5_license_and_source_resolution": "PASS",
  "A6_claim_firewall": "HOLD",
  "C1_opening_allocation": "HOLD",
  "A8_keepout_asset_family": "HOLD",
  "A9_state_x_performance_matrix": "HOLD",
  "A11_fastener_access_classes": "HOLD",
  "A20_mass_inertia_isolation": "HOLD",
  "A10_wing_replace_with_B601_installed": "HOLD",
  "A12_hold_release_ground_rerig": "HOLD",
  "A13_volume_extraction_axis_open_face": "HOLD",
  "A14_cable_passage_and_service_loop": "HOLD",
  "A15_B601_workspace_and_maintenance_keepout": "HOLD",
  "A16_drawing_and_part_traceability": "HOLD",
  "A17_named_envelope_blockers": "HOLD",
  "A18_capture_halfspace_accounting": "HOLD",
  "A19_stow_chord_orientation": "HOLD"
}
B4_1_ACCEPTANCE_HOLD
