Traceback (most recent call last):
  File "F:\China Graduate Future Flight Vehicle Innovation Competition\20_engineering\cad\Space_Embodied_Robot_CAD_V2_1\automation\b3_lib\sw_core.py", line 103, in connect
    sw = win32com.client.GetActiveObject("SldWorks.Application")
  File "G:\Windows_program_file\Anaconda\Lib\site-packages\win32com\client\__init__.py", line 94, in GetActiveObject
    dispatch = pythoncom.GetActiveObject(resultCLSID)
pywintypes.com_error: (-2147221021, '操作无法使用', None, None)

During handling of the above exception, another exception occurred:

Traceback (most recent call last):
  File "G:\Windows_program_file\Anaconda\Lib\site-packages\win32com\client\dynamic.py", line 81, in _GetGoodDispatch
    IDispatch = pythoncom.connect(IDispatch)
pywintypes.com_error: (-2147221021, '操作无法使用', None, None)

During handling of the above exception, another exception occurred:

Traceback (most recent call last):
  File "F:\China Graduate Future Flight Vehicle Innovation Competition\20_engineering\cad\Space_Embodied_Robot_CAD_V2_1\automation\b4_1_verify.py", line 130, in <module>
    main()
    ~~~~^^
  File "F:\China Graduate Future Flight Vehicle Innovation Competition\20_engineering\cad\Space_Embodied_Robot_CAD_V2_1\automation\b4_1_verify.py", line 45, in main
    sw = connect(log)
  File "F:\China Graduate Future Flight Vehicle Innovation Competition\20_engineering\cad\Space_Embodied_Robot_CAD_V2_1\automation\b3_lib\sw_core.py", line 106, in connect
    sw = win32com.client.Dispatch("SldWorks.Application")
  File "G:\Windows_program_file\Anaconda\Lib\site-packages\win32com\client\__init__.py", line 116, in Dispatch
    dispatch, userName = dynamic._GetGoodDispatchAndUserName(dispatch, userName, clsctx)
                         ~~~~~~~~~~~~~~~~~~~~~~~~~~~~~~~~~~~^^^^^^^^^^^^^^^^^^^^^^^^^^^^
  File "G:\Windows_program_file\Anaconda\Lib\site-packages\win32com\client\dynamic.py", line 101, in _GetGoodDispatchAndUserName
    return (_GetGoodDispatch(IDispatch, clsctx), userName)
            ~~~~~~~~~~~~~~~~^^^^^^^^^^^^^^^^^^^
  File "G:\Windows_program_file\Anaconda\Lib\site-packages\win32com\client\dynamic.py", line 83, in _GetGoodDispatch
    IDispatch = pythoncom.CoCreateInstance(
        IDispatch, None, clsctx, pythoncom.IID_IDispatch
    )
pywintypes.com_error: (-2146959355, '服务器运行失败', None, None)
