[b4_1_solar] SW_CONNECT: {"mode": "launched"}
[b4_1_solar] SW_VERSION: {"revision": "32.5.0", "year": 2024}
[b4_1_solar] PART_SKIP_EXISTS: {"part": "SOLAR_WING_L_DEPLOYED"}
[b4_1_solar] PART_SKIP_EXISTS: {"part": "SOLAR_WING_L_STOWED"}
[b4_1_solar] DOC_OPEN: {"path": "F:\\China Graduate Future Flight Vehicle Innovation Competition\\20_engineering\\cad\\Space_Embodied_Robot_CAD_V2_1\\07_Solar_Array_Root_Module_L\\parts\\ROOT_BRACKET_REF_L.SLDPRT", "read_on
[b4_1_solar] PROPS_SET: {"count": 16, "config": "(doc)"}
[b4_1_solar] ZERO_SOLID_REF_PROPS_REFRESHED: {"part": "ROOT_BRACKET_REF_L.SLDPRT"}
[b4_1_solar] DOC_OPEN: {"path": "F:\\China Graduate Future Flight Vehicle Innovation Competition\\20_engineering\\cad\\Space_Embodied_Robot_CAD_V2_1\\07_Solar_Array_Root_Module_L\\parts\\HINGE_BLOCK_A_REF_L.SLDPRT", "read_o
[b4_1_solar] PROPS_SET: {"count": 16, "config": "(doc)"}
[b4_1_solar] ZERO_SOLID_REF_PROPS_REFRESHED: {"part": "HINGE_BLOCK_A_REF_L.SLDPRT"}
[b4_1_solar] DOC_OPEN: {"path": "F:\\China Graduate Future Flight Vehicle Innovation Competition\\20_engineering\\cad\\Space_Embodied_Robot_CAD_V2_1\\07_Solar_Array_Root_Module_L\\parts\\HINGE_BLOCK_B_REF_L.SLDPRT", "read_o
[b4_1_solar] PROPS_SET: {"count": 16, "config": "(doc)"}
[b4_1_solar] ZERO_SOLID_REF_PROPS_REFRESHED: {"part": "HINGE_BLOCK_B_REF_L.SLDPRT"}
[b4_1_solar] DOC_OPEN: {"path": "F:\\China Graduate Future Flight Vehicle Innovation Competition\\20_engineering\\cad\\Space_Embodied_Robot_CAD_V2_1\\07_Solar_Array_Root_Module_L\\parts\\TORSION_SPRING_REF_L.SLDPRT", "read_
[b4_1_solar] PROPS_SET: {"count": 16, "config": "(doc)"}
[b4_1_solar] ZERO_SOLID_REF_PROPS_REFRESHED: {"part": "TORSION_SPRING_REF_L.SLDPRT"}
[b4_1_solar] DOC_OPEN: {"path": "F:\\China Graduate Future Flight Vehicle Innovation Competition\\20_engineering\\cad\\Space_Embodied_Robot_CAD_V2_1\\07_Solar_Array_Root_Module_L\\parts\\HDRM_MID2_REF_L.SLDPRT", "read_only"
[b4_1_solar] PROPS_SET: {"count": 16, "config": "(doc)"}
[b4_1_solar] ZERO_SOLID_REF_PROPS_REFRESHED: {"part": "HDRM_MID2_REF_L.SLDPRT"}
[b4_1_solar] DOC_OPEN: {"path": "F:\\China Graduate Future Flight Vehicle Innovation Competition\\20_engineering\\cad\\Space_Embodied_Robot_CAD_V2_1\\07_Solar_Array_Root_Module_L\\parts\\HDRM_REAR_REF_L.SLDPRT", "read_only"
[b4_1_solar] PROPS_SET: {"count": 16, "config": "(doc)"}
[b4_1_solar] ZERO_SOLID_REF_PROPS_REFRESHED: {"part": "HDRM_REAR_REF_L.SLDPRT"}
[b4_1_solar] DOC_OPEN: {"path": "F:\\China Graduate Future Flight Vehicle Innovation Competition\\20_engineering\\cad\\Space_Embodied_Robot_CAD_V2_1\\07_Solar_Array_Root_Module_L\\parts\\MECH_STOP_REF_L.SLDPRT", "read_only"
[b4_1_solar] PROPS_SET: {"count": 16, "config": "(doc)"}
[b4_1_solar] ZERO_SOLID_REF_PROPS_REFRESHED: {"part": "MECH_STOP_REF_L.SLDPRT"}
[b4_1_solar] DOC_OPEN: {"path": "F:\\China Graduate Future Flight Vehicle Innovation Competition\\20_engineering\\cad\\Space_Embodied_Robot_CAD_V2_1\\07_Solar_Array_Root_Module_L\\parts\\FLEX_HARNESS_REF_L.SLDPRT", "read_on
[b4_1_solar] PROPS_SET: {"count": 16, "config": "(doc)"}
[b4_1_solar] ZERO_SOLID_REF_PROPS_REFRESHED: {"part": "FLEX_HARNESS_REF_L.SLDPRT"}
[b4_1_solar] DOC_OPEN: {"path": "F:\\China Graduate Future Flight Vehicle Innovation Competition\\20_engineering\\cad\\Space_Embodied_Robot_CAD_V2_1\\07_Solar_Array_Root_Module_L\\parts\\STRAIN_RELIEF_REF_L.SLDPRT", "read_o
[b4_1_solar] PROPS_SET: {"count": 16, "config": "(doc)"}
[b4_1_solar] ZERO_SOLID_REF_PROPS_REFRESHED: {"part": "STRAIN_RELIEF_REF_L.SLDPRT"}
[b4_1_solar] SKIP_EXISTS: {"what": "SV21_Solar_Array_Root_Module_L.SLDASM"}
[b4_1_solar] SKIP_EXISTS: {"what": "SV21_Solar_Wing_L.SLDASM"}
[b4_1_solar] PART_SKIP_EXISTS: {"part": "SOLAR_WING_R_DEPLOYED"}
[b4_1_solar] PART_SKIP_EXISTS: {"part": "SOLAR_WING_R_STOWED"}
[b4_1_solar] DOC_OPEN: {"path": "F:\\China Graduate Future Flight Vehicle Innovation Competition\\20_engineering\\cad\\Space_Embodied_Robot_CAD_V2_1\\07_Solar_Array_Root_Module_R\\parts\\ROOT_BRACKET_REF_R.SLDPRT", "read_on
[b4_1_solar] PROPS_SET: {"count": 16, "config": "(doc)"}
[b4_1_solar] ZERO_SOLID_REF_PROPS_REFRESHED: {"part": "ROOT_BRACKET_REF_R.SLDPRT"}
[b4_1_solar] DOC_OPEN: {"path": "F:\\China Graduate Future Flight Vehicle Innovation Competition\\20_engineering\\cad\\Space_Embodied_Robot_CAD_V2_1\\07_Solar_Array_Root_Module_R\\parts\\HINGE_BLOCK_A_REF_R.SLDPRT", "read_o
[b4_1_solar] PROPS_SET: {"count": 16, "config": "(doc)"}
[b4_1_solar] ZERO_SOLID_REF_PROPS_REFRESHED: {"part": "HINGE_BLOCK_A_REF_R.SLDPRT"}
[b4_1_solar] DOC_OPEN: {"path": "F:\\China Graduate Future Flight Vehicle Innovation Competition\\20_engineering\\cad\\Space_Embodied_Robot_CAD_V2_1\\07_Solar_Array_Root_Module_R\\parts\\HINGE_BLOCK_B_REF_R.SLDPRT", "read_o
[b4_1_solar] PROPS_SET: {"count": 16, "config": "(doc)"}
[b4_1_solar] ZERO_SOLID_REF_PROPS_REFRESHED: {"part": "HINGE_BLOCK_B_REF_R.SLDPRT"}
[b4_1_solar] DOC_OPEN: {"path": "F:\\China Graduate Future Flight Vehicle Innovation Competition\\20_engineering\\cad\\Space_Embodied_Robot_CAD_V2_1\\07_Solar_Array_Root_Module_R\\parts\\TORSION_SPRING_REF_R.SLDPRT", "read_
[b4_1_solar] PROPS_SET: {"count": 16, "config": "(doc)"}
[b4_1_solar] ZERO_SOLID_REF_PROPS_REFRESHED: {"part": "TORSION_SPRING_REF_R.SLDPRT"}
[b4_1_solar] DOC_OPEN: {"path": "F:\\China Graduate Future Flight Vehicle Innovation Competition\\20_engineering\\cad\\Space_Embodied_Robot_CAD_V2_1\\07_Solar_Array_Root_Module_R\\parts\\HDRM_MID2_REF_R.SLDPRT", "read_only"
[b4_1_solar] PROPS_SET: {"count": 16, "config": "(doc)"}
[b4_1_solar] ZERO_SOLID_REF_PROPS_REFRESHED: {"part": "HDRM_MID2_REF_R.SLDPRT"}
[b4_1_solar] DOC_OPEN: {"path": "F:\\China Graduate Future Flight Vehicle Innovation Competition\\20_engineering\\cad\\Space_Embodied_Robot_CAD_V2_1\\07_Solar_Array_Root_Module_R\\parts\\HDRM_REAR_REF_R.SLDPRT", "read_only"
[b4_1_solar] PROPS_SET: {"count": 16, "config": "(doc)"}
[b4_1_solar] ZERO_SOLID_REF_PROPS_REFRESHED: {"part": "HDRM_REAR_REF_R.SLDPRT"}
[b4_1_solar] DOC_OPEN: {"path": "F:\\China Graduate Future Flight Vehicle Innovation Competition\\20_engineering\\cad\\Space_Embodied_Robot_CAD_V2_1\\07_Solar_Array_Root_Module_R\\parts\\MECH_STOP_REF_R.SLDPRT", "read_only"
[b4_1_solar] PROPS_SET: {"count": 16, "config": "(doc)"}
[b4_1_solar] ZERO_SOLID_REF_PROPS_REFRESHED: {"part": "MECH_STOP_REF_R.SLDPRT"}
[b4_1_solar] DOC_OPEN: {"path": "F:\\China Graduate Future Flight Vehicle Innovation Competition\\20_engineering\\cad\\Space_Embodied_Robot_CAD_V2_1\\07_Solar_Array_Root_Module_R\\parts\\FLEX_HARNESS_REF_R.SLDPRT", "read_on
[b4_1_solar] PROPS_SET: {"count": 16, "config": "(doc)"}
[b4_1_solar] ZERO_SOLID_REF_PROPS_REFRESHED: {"part": "FLEX_HARNESS_REF_R.SLDPRT"}
[b4_1_solar] DOC_OPEN: {"path": "F:\\China Graduate Future Flight Vehicle Innovation Competition\\20_engineering\\cad\\Space_Embodied_Robot_CAD_V2_1\\07_Solar_Array_Root_Module_R\\parts\\STRAIN_RELIEF_REF_R.SLDPRT", "read_o
[b4_1_solar] PROPS_SET: {"count": 16, "config": "(doc)"}
[b4_1_solar] ZERO_SOLID_REF_PROPS_REFRESHED: {"part": "STRAIN_RELIEF_REF_R.SLDPRT"}
[b4_1_solar] SKIP_EXISTS: {"what": "SV21_Solar_Array_Root_Module_R.SLDASM"}
[b4_1_solar] SKIP_EXISTS: {"what": "SV21_Solar_Wing_R.SLDASM"}
[b4_1_solar] B4_1_03_SOLAR_DONE: {}
B4_1_STAGE_SOLAR_OK
