[b4_1_review_views] SW_CONNECT: {"mode": "launched"}
[b4_1_review_views] SW_VERSION: {"revision": "32.5.0", "year": 2024}
[b4_1_review_views] DOC_OPEN: {"path": "F:\\China Graduate Future Flight Vehicle Innovation Competition\\20_engineering\\cad\\Space_Embodied_Robot_CAD_V2_1\\Assembly\\Spacecraft_Service_Vehicle_V2_1.SLDASM", "read_only": true}
[b4_1_review_views] CONFIG_ACTIVE: {"name": "DEPLOYED_NOMINAL"}
[b4_1_review_views] REBUILD_OK: {"what": "V21-VIEW-01"}
[b4_1_review_views] VIEW_EXPORTED: {"view": "V21-VIEW-01", "config": "DEPLOYED_NOMINAL"}
[b4_1_review_views] CONFIG_ACTIVE: {"name": "STOWED"}
[b4_1_review_views] REBUILD_OK: {"what": "V21-VIEW-02"}
[b4_1_review_views] VIEW_EXPORTED: {"view": "V21-VIEW-02", "config": "STOWED"}
[b4_1_review_views] CONFIG_ACTIVE: {"name": "L_FAIL"}
[b4_1_review_views] REBUILD_OK: {"what": "V21-VIEW-03"}
[b4_1_review_views] VIEW_EXPORTED: {"view": "V21-VIEW-03", "config": "L_FAIL"}
[b4_1_review_views] CONFIG_ACTIVE: {"name": "R_FAIL"}
[b4_1_review_views] REBUILD_OK: {"what": "V21-VIEW-04"}
[b4_1_review_views] VIEW_EXPORTED: {"view": "V21-VIEW-04", "config": "R_FAIL"}
[b4_1_review_views] CONFIG_ACTIVE: {"name": "PARTIAL"}
[b4_1_review_views] REBUILD_OK: {"what": "V21-VIEW-05"}
[b4_1_review_views] VIEW_EXPORTED: {"view": "V21-VIEW-05", "config": "PARTIAL"}
[b4_1_review_views] CONFIG_ACTIVE: {"name": "SERVICE"}
[b4_1_review_views] REBUILD_OK: {"what": "V21-VIEW-06"}
[b4_1_review_views] VIEW_EXPORTED: {"view": "V21-VIEW-06", "config": "SERVICE"}
[b4_1_review_views] CONFIG_ACTIVE: {"name": "DEPLOYED_NOMINAL"}
[b4_1_review_views] REBUILD_OK: {"what": "V21-VIEW-07"}
[b4_1_review_views] VIEW_EXPORTED: {"view": "V21-VIEW-07", "config": "DEPLOYED_NOMINAL"}
[b4_1_review_views] CONFIG_ACTIVE: {"name": "DEPLOYED_NOMINAL"}
[b4_1_review_views] REBUILD_OK: {"what": "V21-VIEW-08"}
[b4_1_review_views] VIEW_EXPORTED: {"view": "V21-VIEW-08", "config": "DEPLOYED_NOMINAL"}
[b4_1_review_views] CONFIG_ACTIVE: {"name": "DEPLOYED_NOMINAL"}
B4_1_REVIEW_VIEWS_OK 8
