2026-08-02T15:20:22.1022513Z|PRECONDITIONS
2026-08-02T15:20:22.1156396Z|CREATE_BYTE_IDENTICAL_ISOLATED_WORK_COPY
2026-08-02T15:20:22.1370017Z|ATTACH_EXISTING_AUTHORIZED_PROCESS
2026-08-02T15:20:22.1864977Z|OPEN_ISOLATED_WORK_COPY
2026-08-02T15:20:29.9631069Z|VERIFY_SOURCE_GEOMETRY_AND_PROPERTY_PRESTATE
2026-08-02T15:20:32.2657502Z|PRE_REPAIR_LEGACY_CONFIG_ENUM_COMMON_CANONICAL
2026-08-02T15:20:32.2772365Z|PRE_REPAIR_LEGACY_CONFIG_ENUM_MODE_A_EVALUATION
2026-08-02T15:20:32.2885243Z|PRE_REPAIR_LEGACY_CONFIG_ENUM_MODE_B_EVALUATION
2026-08-02T15:20:32.2985552Z|ADD_AND_VERIFY_FIVE_PROPERTIES
2026-08-02T15:20:39.5801101Z|POST_ADD_PRE_SAVE_LEGACY_CONFIG_ENUM_COMMON_CANONICAL
2026-08-02T15:20:39.5901648Z|POST_ADD_PRE_SAVE_LEGACY_CONFIG_ENUM_MODE_A_EVALUATION
2026-08-02T15:20:39.6011591Z|POST_ADD_PRE_SAVE_LEGACY_CONFIG_ENUM_MODE_B_EVALUATION
2026-08-02T15:20:41.9643229Z|SAVE_AS_NEW_REVISION
2026-08-02T15:20:42.6450473Z|CLOSE_AFTER_SAVE_AS
2026-08-02T15:20:44.1137465Z|SAME_PROCESS_REOPEN_NEW_REVISION_READ_ONLY
2026-08-02T15:20:48.7602290Z|REVISION_REOPEN_LEGACY_CONFIG_ENUM_COMMON_CANONICAL
2026-08-02T15:20:48.7721185Z|REVISION_REOPEN_LEGACY_CONFIG_ENUM_MODE_A_EVALUATION
2026-08-02T15:20:48.7826449Z|REVISION_REOPEN_LEGACY_CONFIG_ENUM_MODE_B_EVALUATION
2026-08-02T15:20:51.4433786Z|REVISION_REOPEN_AFTER_REBUILD_LEGACY_CONFIG_ENUM_COMMON_CANONICAL
2026-08-02T15:20:51.4597340Z|REVISION_REOPEN_AFTER_REBUILD_LEGACY_CONFIG_ENUM_MODE_A_EVALUATION
2026-08-02T15:20:51.4732750Z|REVISION_REOPEN_AFTER_REBUILD_LEGACY_CONFIG_ENUM_MODE_B_EVALUATION
2026-08-02T15:20:51.4872490Z|CLOSE_REVISION_WITHOUT_SAVE
2026-08-02T15:20:52.6798387Z|NORMAL_APPLICATION_EXIT
2026-08-02T15:21:01.4642476Z|PASS
