{"stage": "session_inspected", "utc": "2026-09-06T22:20:26.045935+00:00"}
{"stage": "part_import_started", "utc": "2026-09-06T22:20:26.205833+00:00", "id": "CONTEXT_PARKING_hold_saddle_1", "source": "F:\\China Graduate Future Flight Vehicle Innovation Competition\\20_engineering\\WP05_SW_20260907\\sources\\hold_saddle_1_728d0b38_parking_solid.step"}
{"stage": "save_attempt", "utc": "2026-09-06T22:20:29.488244+00:00", "path": "F:\\China Graduate Future Flight Vehicle Innovation Competition\\01_project\\competition\\SERVICE_ROBOT_MECHANICAL_CONSOLIDATION_20260905\\runs\\wp07_system_20260907_0610\\native\\RET_S1_c03_v1\\parts\\CONTEXT_PARKING_hold_saddle_1.SLDPRT", "api_return": [true, 0, 0], "ok": true, "errors": 0, "warnings": 0}
{"stage": "part_completed", "utc": "2026-09-06T22:20:32.313610+00:00", "id": "CONTEXT_PARKING_hold_saddle_1", "solid_count": 1}
{"stage": "part_import_started", "utc": "2026-09-06T22:20:32.387615+00:00", "id": "WP07_guide_screw_1_-10", "source": "F:\\China Graduate Future Flight Vehicle Innovation Competition\\01_project\\competition\\SERVICE_ROBOT_MECHANICAL_CONSOLIDATION_20260905\\runs\\wp07_system_20260907_0610\\results\\retention_detail\\station_1\\WP07_guide_screw_1_-10.step"}
{"stage": "save_attempt", "utc": "2026-09-06T22:20:35.674058+00:00", "path": "F:\\China Graduate Future Flight Vehicle Innovation Competition\\01_project\\competition\\SERVICE_ROBOT_MECHANICAL_CONSOLIDATION_20260905\\runs\\wp07_system_20260907_0610\\native\\RET_S1_c03_v1\\parts\\WP07_guide_screw_1_-10.SLDPRT", "api_return": [true, 0, 0], "ok": true, "errors": 0, "warnings": 0}
{"stage": "part_completed", "utc": "2026-09-06T22:20:38.573739+00:00", "id": "WP07_guide_screw_1_-10", "solid_count": 1}
{"stage": "part_import_started", "utc": "2026-09-06T22:20:38.644279+00:00", "id": "WP07_guide_screw_1_10", "source": "F:\\China Graduate Future Flight Vehicle Innovation Competition\\01_project\\competition\\SERVICE_ROBOT_MECHANICAL_CONSOLIDATION_20260905\\runs\\wp07_system_20260907_0610\\results\\retention_detail\\station_1\\WP07_guide_screw_1_10.step"}
{"stage": "save_attempt", "utc": "2026-09-06T22:20:41.891656+00:00", "path": "F:\\China Graduate Future Flight Vehicle Innovation Competition\\01_project\\competition\\SERVICE_ROBOT_MECHANICAL_CONSOLIDATION_20260905\\runs\\wp07_system_20260907_0610\\native\\RET_S1_c03_v1\\parts\\WP07_guide_screw_1_10.SLDPRT", "api_return": [true, 0, 0], "ok": true, "errors": 0, "warnings": 0}
{"stage": "part_completed", "utc": "2026-09-06T22:20:44.662638+00:00", "id": "WP07_guide_screw_1_10", "solid_count": 1}
{"stage": "part_import_started", "utc": "2026-09-06T22:20:44.734602+00:00", "id": "WP07_guide_washer_1_-10", "source": "F:\\China Graduate Future Flight Vehicle Innovation Competition\\01_project\\competition\\SERVICE_ROBOT_MECHANICAL_CONSOLIDATION_20260905\\runs\\wp07_system_20260907_0610\\results\\retention_detail\\station_1\\WP07_guide_washer_1_-10.step"}
{"stage": "save_attempt", "utc": "2026-09-06T22:20:47.885570+00:00", "path": "F:\\China Graduate Future Flight Vehicle Innovation Competition\\01_project\\competition\\SERVICE_ROBOT_MECHANICAL_CONSOLIDATION_20260905\\runs\\wp07_system_20260907_0610\\native\\RET_S1_c03_v1\\parts\\WP07_guide_washer_1_-10.SLDPRT", "api_return": [true, 0, 0], "ok": true, "errors": 0, "warnings": 0}
{"stage": "part_completed", "utc": "2026-09-06T22:20:50.684652+00:00", "id": "WP07_guide_washer_1_-10", "solid_count": 1}
{"stage": "part_import_started", "utc": "2026-09-06T22:20:50.749542+00:00", "id": "WP07_guide_washer_1_10", "source": "F:\\China Graduate Future Flight Vehicle Innovation Competition\\01_project\\competition\\SERVICE_ROBOT_MECHANICAL_CONSOLIDATION_20260905\\runs\\wp07_system_20260907_0610\\results\\retention_detail\\station_1\\WP07_guide_washer_1_10.step"}
{"stage": "save_attempt", "utc": "2026-09-06T22:20:53.980881+00:00", "path": "F:\\China Graduate Future Flight Vehicle Innovation Competition\\01_project\\competition\\SERVICE_ROBOT_MECHANICAL_CONSOLIDATION_20260905\\runs\\wp07_system_20260907_0610\\native\\RET_S1_c03_v1\\parts\\WP07_guide_washer_1_10.SLDPRT", "api_return": [true, 0, 0], "ok": true, "errors": 0, "warnings": 0}
{"stage": "part_completed", "utc": "2026-09-06T22:20:56.764712+00:00", "id": "WP07_guide_washer_1_10", "solid_count": 1}
{"stage": "part_import_started", "utc": "2026-09-06T22:20:56.839341+00:00", "id": "WP07_lower_collar_1_front", "source": "F:\\China Graduate Future Flight Vehicle Innovation Competition\\01_project\\competition\\SERVICE_ROBOT_MECHANICAL_CONSOLIDATION_20260905\\runs\\wp07_system_20260907_0610\\results\\retention_detail\\station_1\\WP07_lower_collar_1_front.step"}
{"stage": "save_attempt", "utc": "2026-09-06T22:21:00.025423+00:00", "path": "F:\\China Graduate Future Flight Vehicle Innovation Competition\\01_project\\competition\\SERVICE_ROBOT_MECHANICAL_CONSOLIDATION_20260905\\runs\\wp07_system_20260907_0610\\native\\RET_S1_c03_v1\\parts\\WP07_lower_collar_1_front.SLDPRT", "api_return": [true, 0, 0], "ok": true, "errors": 0, "warnings": 0}
{"stage": "part_completed", "utc": "2026-09-06T22:21:02.823960+00:00", "id": "WP07_lower_collar_1_front", "solid_count": 1}
{"stage": "part_import_started", "utc": "2026-09-06T22:21:02.899665+00:00", "id": "WP07_lower_collar_1_rear", "source": "F:\\China Graduate Future Flight Vehicle Innovation Competition\\01_project\\competition\\SERVICE_ROBOT_MECHANICAL_CONSOLIDATION_20260905\\runs\\wp07_system_20260907_0610\\results\\retention_detail\\station_1\\WP07_lower_collar_1_rear.step"}
{"stage": "save_attempt", "utc": "2026-09-06T22:21:06.126099+00:00", "path": "F:\\China Graduate Future Flight Vehicle Innovation Competition\\01_project\\competition\\SERVICE_ROBOT_MECHANICAL_CONSOLIDATION_20260905\\runs\\wp07_system_20260907_0610\\native\\RET_S1_c03_v1\\parts\\WP07_lower_collar_1_rear.SLDPRT", "api_return": [true, 0, 0], "ok": true, "errors": 0, "warnings": 0}
{"stage": "part_completed", "utc": "2026-09-06T22:21:09.032200+00:00", "id": "WP07_lower_collar_1_rear", "solid_count": 1}
{"stage": "part_import_started", "utc": "2026-09-06T22:21:09.101541+00:00", "id": "WP07_lower_nut_1_-17", "source": "F:\\China Graduate Future Flight Vehicle Innovation Competition\\01_project\\competition\\SERVICE_ROBOT_MECHANICAL_CONSOLIDATION_20260905\\runs\\wp07_system_20260907_0610\\results\\retention_detail\\station_1\\WP07_lower_nut_1_-17.step"}
{"stage": "save_attempt", "utc": "2026-09-06T22:21:12.373227+00:00", "path": "F:\\China Graduate Future Flight Vehicle Innovation Competition\\01_project\\competition\\SERVICE_ROBOT_MECHANICAL_CONSOLIDATION_20260905\\runs\\wp07_system_20260907_0610\\native\\RET_S1_c03_v1\\parts\\WP07_lower_nut_1_-17.SLDPRT", "api_return": [true, 0, 0], "ok": true, "errors": 0, "warnings": 0}
{"stage": "part_completed", "utc": "2026-09-06T22:21:15.186984+00:00", "id": "WP07_lower_nut_1_-17", "solid_count": 1}
{"stage": "part_import_started", "utc": "2026-09-06T22:21:15.257683+00:00", "id": "WP07_lower_nut_1_17", "source": "F:\\China Graduate Future Flight Vehicle Innovation Competition\\01_project\\competition\\SERVICE_ROBOT_MECHANICAL_CONSOLIDATION_20260905\\runs\\wp07_system_20260907_0610\\results\\retention_detail\\station_1\\WP07_lower_nut_1_17.step"}
{"stage": "save_attempt", "utc": "2026-09-06T22:21:18.518198+00:00", "path": "F:\\China Graduate Future Flight Vehicle Innovation Competition\\01_project\\competition\\SERVICE_ROBOT_MECHANICAL_CONSOLIDATION_20260905\\runs\\wp07_system_20260907_0610\\native\\RET_S1_c03_v1\\parts\\WP07_lower_nut_1_17.SLDPRT", "api_return": [true, 0, 0], "ok": true, "errors": 0, "warnings": 0}
{"stage": "part_completed", "utc": "2026-09-06T22:21:21.359501+00:00", "id": "WP07_lower_nut_1_17", "solid_count": 1}
{"stage": "part_import_started", "utc": "2026-09-06T22:21:21.429739+00:00", "id": "WP07_lower_screw_1_-17", "source": "F:\\China Graduate Future Flight Vehicle Innovation Competition\\01_project\\competition\\SERVICE_ROBOT_MECHANICAL_CONSOLIDATION_20260905\\runs\\wp07_system_20260907_0610\\results\\retention_detail\\station_1\\WP07_lower_screw_1_-17.step"}
{"stage": "save_attempt", "utc": "2026-09-06T22:21:24.681687+00:00", "path": "F:\\China Graduate Future Flight Vehicle Innovation Competition\\01_project\\competition\\SERVICE_ROBOT_MECHANICAL_CONSOLIDATION_20260905\\runs\\wp07_system_20260907_0610\\native\\RET_S1_c03_v1\\parts\\WP07_lower_screw_1_-17.SLDPRT", "api_return": [true, 0, 0], "ok": true, "errors": 0, "warnings": 0}
{"stage": "part_completed", "utc": "2026-09-06T22:21:27.580096+00:00", "id": "WP07_lower_screw_1_-17", "solid_count": 1}
{"stage": "part_import_started", "utc": "2026-09-06T22:21:27.652915+00:00", "id": "WP07_lower_screw_1_17", "source": "F:\\China Graduate Future Flight Vehicle Innovation Competition\\01_project\\competition\\SERVICE_ROBOT_MECHANICAL_CONSOLIDATION_20260905\\runs\\wp07_system_20260907_0610\\results\\retention_detail\\station_1\\WP07_lower_screw_1_17.step"}
{"stage": "save_attempt", "utc": "2026-09-06T22:21:30.949031+00:00", "path": "F:\\China Graduate Future Flight Vehicle Innovation Competition\\01_project\\competition\\SERVICE_ROBOT_MECHANICAL_CONSOLIDATION_20260905\\runs\\wp07_system_20260907_0610\\native\\RET_S1_c03_v1\\parts\\WP07_lower_screw_1_17.SLDPRT", "api_return": [true, 0, 0], "ok": true, "errors": 0, "warnings": 0}
{"stage": "part_completed", "utc": "2026-09-06T22:21:33.802363+00:00", "id": "WP07_lower_screw_1_17", "solid_count": 1}
{"stage": "part_import_started", "utc": "2026-09-06T22:21:33.878252+00:00", "id": "WP07_lower_washer_inner_1_-17", "source": "F:\\China Graduate Future Flight Vehicle Innovation Competition\\01_project\\competition\\SERVICE_ROBOT_MECHANICAL_CONSOLIDATION_20260905\\runs\\wp07_system_20260907_0610\\results\\retention_detail\\station_1\\WP07_lower_washer_inner_1_-17.step"}
{"stage": "save_attempt", "utc": "2026-09-06T22:21:37.278775+00:00", "path": "F:\\China Graduate Future Flight Vehicle Innovation Competition\\01_project\\competition\\SERVICE_ROBOT_MECHANICAL_CONSOLIDATION_20260905\\runs\\wp07_system_20260907_0610\\native\\RET_S1_c03_v1\\parts\\WP07_lower_washer_inner_1_-17.SLDPRT", "api_return": [true, 0, 0], "ok": true, "errors": 0, "warnings": 0}
{"stage": "part_completed", "utc": "2026-09-06T22:21:40.133401+00:00", "id": "WP07_lower_washer_inner_1_-17", "solid_count": 1}
{"stage": "part_import_started", "utc": "2026-09-06T22:21:40.207642+00:00", "id": "WP07_lower_washer_inner_1_17", "source": "F:\\China Graduate Future Flight Vehicle Innovation Competition\\01_project\\competition\\SERVICE_ROBOT_MECHANICAL_CONSOLIDATION_20260905\\runs\\wp07_system_20260907_0610\\results\\retention_detail\\station_1\\WP07_lower_washer_inner_1_17.step"}
{"stage": "save_attempt", "utc": "2026-09-06T22:21:43.623241+00:00", "path": "F:\\China Graduate Future Flight Vehicle Innovation Competition\\01_project\\competition\\SERVICE_ROBOT_MECHANICAL_CONSOLIDATION_20260905\\runs\\wp07_system_20260907_0610\\native\\RET_S1_c03_v1\\parts\\WP07_lower_washer_inner_1_17.SLDPRT", "api_return": [true, 0, 0], "ok": true, "errors": 0, "warnings": 0}
{"stage": "part_completed", "utc": "2026-09-06T22:21:46.595706+00:00", "id": "WP07_lower_washer_inner_1_17", "solid_count": 1}
{"stage": "part_import_started", "utc": "2026-09-06T22:21:46.668229+00:00", "id": "WP07_lower_washer_outer_1_-17", "source": "F:\\China Graduate Future Flight Vehicle Innovation Competition\\01_project\\competition\\SERVICE_ROBOT_MECHANICAL_CONSOLIDATION_20260905\\runs\\wp07_system_20260907_0610\\results\\retention_detail\\station_1\\WP07_lower_washer_outer_1_-17.step"}
{"stage": "save_attempt", "utc": "2026-09-06T22:21:50.001416+00:00", "path": "F:\\China Graduate Future Flight Vehicle Innovation Competition\\01_project\\competition\\SERVICE_ROBOT_MECHANICAL_CONSOLIDATION_20260905\\runs\\wp07_system_20260907_0610\\native\\RET_S1_c03_v1\\parts\\WP07_lower_washer_outer_1_-17.SLDPRT", "api_return": [true, 0, 0], "ok": true, "errors": 0, "warnings": 0}
{"stage": "part_completed", "utc": "2026-09-06T22:21:52.910787+00:00", "id": "WP07_lower_washer_outer_1_-17", "solid_count": 1}
{"stage": "part_import_started", "utc": "2026-09-06T22:21:52.988268+00:00", "id": "WP07_lower_washer_outer_1_17", "source": "F:\\China Graduate Future Flight Vehicle Innovation Competition\\01_project\\competition\\SERVICE_ROBOT_MECHANICAL_CONSOLIDATION_20260905\\runs\\wp07_system_20260907_0610\\results\\retention_detail\\station_1\\WP07_lower_washer_outer_1_17.step"}
{"stage": "save_attempt", "utc": "2026-09-06T22:21:56.268848+00:00", "path": "F:\\China Graduate Future Flight Vehicle Innovation Competition\\01_project\\competition\\SERVICE_ROBOT_MECHANICAL_CONSOLIDATION_20260905\\runs\\wp07_system_20260907_0610\\native\\RET_S1_c03_v1\\parts\\WP07_lower_washer_outer_1_17.SLDPRT", "api_return": [true, 0, 0], "ok": true, "errors": 0, "warnings": 0}
{"stage": "part_completed", "utc": "2026-09-06T22:21:59.159739+00:00", "id": "WP07_lower_washer_outer_1_17", "solid_count": 1}
{"stage": "part_import_started", "utc": "2026-09-06T22:21:59.235555+00:00", "id": "hold_fold_mast_1", "source": "F:\\China Graduate Future Flight Vehicle Innovation Competition\\01_project\\competition\\SERVICE_ROBOT_MECHANICAL_CONSOLIDATION_20260905\\runs\\wp07_system_20260907_0610\\results\\retention_detail\\station_1\\hold_fold_mast_1.step"}
{"stage": "save_attempt", "utc": "2026-09-06T22:22:02.615875+00:00", "path": "F:\\China Graduate Future Flight Vehicle Innovation Competition\\01_project\\competition\\SERVICE_ROBOT_MECHANICAL_CONSOLIDATION_20260905\\runs\\wp07_system_20260907_0610\\native\\RET_S1_c03_v1\\parts\\hold_fold_mast_1.SLDPRT", "api_return": [true, 0, 0], "ok": true, "errors": 0, "warnings": 0}
{"stage": "part_completed", "utc": "2026-09-06T22:22:05.412624+00:00", "id": "hold_fold_mast_1", "solid_count": 1}
{"stage": "part_import_started", "utc": "2026-09-06T22:22:05.488485+00:00", "id": "hold_shoe_guide_1_-10", "source": "F:\\China Graduate Future Flight Vehicle Innovation Competition\\01_project\\competition\\SERVICE_ROBOT_MECHANICAL_CONSOLIDATION_20260905\\runs\\wp07_system_20260907_0610\\results\\retention_detail\\station_1\\hold_shoe_guide_1_-10.step"}
{"stage": "save_attempt", "utc": "2026-09-06T22:22:08.731382+00:00", "path": "F:\\China Graduate Future Flight Vehicle Innovation Competition\\01_project\\competition\\SERVICE_ROBOT_MECHANICAL_CONSOLIDATION_20260905\\runs\\wp07_system_20260907_0610\\native\\RET_S1_c03_v1\\parts\\hold_shoe_guide_1_-10.SLDPRT", "api_return": [true, 0, 0], "ok": true, "errors": 0, "warnings": 0}
{"stage": "part_completed", "utc": "2026-09-06T22:22:11.612685+00:00", "id": "hold_shoe_guide_1_-10", "solid_count": 1}
{"stage": "part_import_started", "utc": "2026-09-06T22:22:11.688071+00:00", "id": "hold_shoe_guide_1_10", "source": "F:\\China Graduate Future Flight Vehicle Innovation Competition\\01_project\\competition\\SERVICE_ROBOT_MECHANICAL_CONSOLIDATION_20260905\\runs\\wp07_system_20260907_0610\\results\\retention_detail\\station_1\\hold_shoe_guide_1_10.step"}
{"stage": "save_attempt", "utc": "2026-09-06T22:22:14.894362+00:00", "path": "F:\\China Graduate Future Flight Vehicle Innovation Competition\\01_project\\competition\\SERVICE_ROBOT_MECHANICAL_CONSOLIDATION_20260905\\runs\\wp07_system_20260907_0610\\native\\RET_S1_c03_v1\\parts\\hold_shoe_guide_1_10.SLDPRT", "api_return": [true, 0, 0], "ok": true, "errors": 0, "warnings": 0}
{"stage": "part_completed", "utc": "2026-09-06T22:22:17.713571+00:00", "id": "hold_shoe_guide_1_10", "solid_count": 1}
{"stage": "components_inserted_fixed_identity", "utc": "2026-09-06T22:22:21.381128+00:00", "added": 18, "total": 18}
{"stage": "save_attempt", "utc": "2026-09-06T22:22:35.561635+00:00", "path": "F:\\China Graduate Future Flight Vehicle Innovation Competition\\01_project\\competition\\SERVICE_ROBOT_MECHANICAL_CONSOLIDATION_20260905\\runs\\wp07_system_20260907_0610\\native\\RET_S1_c03_v1\\WP07_RETENTION_S1_LOCAL_CANDIDATE.SLDASM", "api_return": [true, 0, 0], "ok": true, "errors": 0, "warnings": 0}
{"stage": "save_attempt", "utc": "2026-09-06T22:22:36.365671+00:00", "path": "F:\\China Graduate Future Flight Vehicle Innovation Competition\\01_project\\competition\\SERVICE_ROBOT_MECHANICAL_CONSOLIDATION_20260905\\runs\\wp07_system_20260907_0610\\native\\RET_S1_c03_v1\\local_assembly_roundtrip.step", "api_return": [true, 0, 0], "ok": true, "errors": 0, "warnings": 0}
{"stage": "assembly_saved_exported_and_closed", "utc": "2026-09-06T22:22:37.075817+00:00"}
{"stage": "cold_assembly_verified_left_visible", "utc": "2026-09-06T22:22:53.498220+00:00", "component_count": 18}
{"stage": "completed", "utc": "2026-09-06T22:22:53.754142+00:00"}
{"stage": "detaching_existing_application", "utc": "2026-09-06T22:22:53.833521+00:00"}
