{"stage": "registered_clean_documents_closed", "utc": "2026-09-06T22:06:29.183499+00:00", "count": 1}
{"stage": "parent_copied", "utc": "2026-09-06T22:06:29.308071+00:00", "state": "released", "parent": "F:\\China Graduate Future Flight Vehicle Innovation Competition\\20_engineering\\WP05_SW_20260907\\assemblies\\WP05_ROBOT_RELEASED.SLDASM", "work": "F:\\China Graduate Future Flight Vehicle Innovation Competition\\01_project\\competition\\SERVICE_ROBOT_MECHANICAL_CONSOLIDATION_20260905\\runs\\wp07_system_20260907_0610\\native\\work\\WP07_WORK_RELEASED.SLDASM", "sha256": "8ac06c3d5614628e8fb159d5f64a773750d1d86950b905de3ae405e01f47374f"}
{"stage": "exact_twelve_removed", "utc": "2026-09-06T22:07:26.256567+00:00", "remaining": 573, "memory": {"available_mib": 2306.94140625, "python_rss_mib": 68.7734375, "solidworks_rss_mib": 1244.86328125}}
{"stage": "save_attempt", "utc": "2026-09-06T22:08:41.328515+00:00", "path": "F:\\China Graduate Future Flight Vehicle Innovation Competition\\01_project\\competition\\SERVICE_ROBOT_MECHANICAL_CONSOLIDATION_20260905\\runs\\wp07_system_20260907_0610\\native\\WP07_ROBOT_RELEASED.SLDASM", "api_return": [true, 0, 0], "ok": true, "errors": 0, "warnings": 0}
{"stage": "final_native_saved_closed_before_componentwise_cold", "utc": "2026-09-06T22:08:43.526140+00:00", "state": "released", "sha256": "97899b9a15d77ace46aed85312434b640f7809651ff17dc9a9165e658db93b35", "memory": {"available_mib": 2464.60546875, "python_rss_mib": 69.16015625, "solidworks_rss_mib": 1013.93359375}}
{"stage": "fast_current_metadata_and_prefix_checked", "utc": "2026-09-06T22:09:06.741543+00:00", "reused": 0, "new_planned": 597, "memory": {"available_mib": 2243.20703125, "python_rss_mib": 72.78515625, "solidworks_rss_mib": 1308.03515625}}
{"stage": "fast_batch_measurements_persisted", "utc": "2026-09-06T22:09:10.266586+00:00", "completed": 10, "new_completed": 10, "elapsed_s": 3.511377300019376}
{"stage": "fast_batch_measurements_persisted", "utc": "2026-09-06T22:09:13.180109+00:00", "completed": 20, "new_completed": 20, "elapsed_s": 2.8978001999785192}
{"stage": "fast_batch_measurements_persisted", "utc": "2026-09-06T22:09:16.391709+00:00", "completed": 30, "new_completed": 30, "elapsed_s": 3.1963612999825273}
{"stage": "fast_batch_measurements_persisted", "utc": "2026-09-06T22:09:19.627897+00:00", "completed": 40, "new_completed": 40, "elapsed_s": 3.2200588999839965}
{"stage": "fast_batch_measurements_persisted", "utc": "2026-09-06T22:09:22.741159+00:00", "completed": 50, "new_completed": 50, "elapsed_s": 3.093766300007701}
{"stage": "fast_batch_measurements_persisted", "utc": "2026-09-06T22:09:25.996354+00:00", "completed": 60, "new_completed": 60, "elapsed_s": 3.2359452999953646}
{"stage": "fast_batch_measurements_persisted", "utc": "2026-09-06T22:09:28.823659+00:00", "completed": 70, "new_completed": 70, "elapsed_s": 2.810342099983245}
{"stage": "fast_batch_measurements_persisted", "utc": "2026-09-06T22:09:31.683673+00:00", "completed": 80, "new_completed": 80, "elapsed_s": 2.8389460000034887}
{"stage": "fast_batch_measurements_persisted", "utc": "2026-09-06T22:09:34.112375+00:00", "completed": 90, "new_completed": 90, "elapsed_s": 2.412736300000688}
{"stage": "fast_batch_measurements_persisted", "utc": "2026-09-06T22:09:36.622920+00:00", "completed": 100, "new_completed": 100, "elapsed_s": 2.492980799986981}
{"stage": "fast_batch_measurements_persisted", "utc": "2026-09-06T22:09:39.297234+00:00", "completed": 110, "new_completed": 110, "elapsed_s": 2.6517850999953225}
{"stage": "fast_batch_measurements_persisted", "utc": "2026-09-06T22:09:42.509729+00:00", "completed": 120, "new_completed": 120, "elapsed_s": 3.192404000001261}
{"stage": "fast_batch_measurements_persisted", "utc": "2026-09-06T22:09:45.872936+00:00", "completed": 130, "new_completed": 130, "elapsed_s": 3.3428020999999717}
{"stage": "fast_batch_measurements_persisted", "utc": "2026-09-06T22:09:49.259266+00:00", "completed": 140, "new_completed": 140, "elapsed_s": 3.3637502000201494}
{"stage": "fast_batch_measurements_persisted", "utc": "2026-09-06T22:09:52.243972+00:00", "completed": 150, "new_completed": 150, "elapsed_s": 2.9636118999915197}
{"stage": "fast_batch_measurements_persisted", "utc": "2026-09-06T22:09:55.657746+00:00", "completed": 160, "new_completed": 160, "elapsed_s": 3.3931512999988627}
{"stage": "fast_batch_measurements_persisted", "utc": "2026-09-06T22:09:59.349703+00:00", "completed": 170, "new_completed": 170, "elapsed_s": 3.6641797999909613}
{"stage": "fast_batch_measurements_persisted", "utc": "2026-09-06T22:10:02.996227+00:00", "completed": 180, "new_completed": 180, "elapsed_s": 3.6174993000167888}
{"stage": "fast_batch_measurements_persisted", "utc": "2026-09-06T22:10:06.557906+00:00", "completed": 190, "new_completed": 190, "elapsed_s": 3.5374288999882992}
{"stage": "fast_batch_measurements_persisted", "utc": "2026-09-06T22:10:10.088807+00:00", "completed": 200, "new_completed": 200, "elapsed_s": 3.5029445000109263}
{"stage": "fast_batch_measurements_persisted", "utc": "2026-09-06T22:10:14.112654+00:00", "completed": 210, "new_completed": 210, "elapsed_s": 3.9991706000000704}
{"stage": "fast_batch_measurements_persisted", "utc": "2026-09-06T22:10:18.020318+00:00", "completed": 220, "new_completed": 220, "elapsed_s": 3.876964900002349}
{"stage": "fast_batch_measurements_persisted", "utc": "2026-09-06T22:10:21.927071+00:00", "completed": 230, "new_completed": 230, "elapsed_s": 3.87928870000178}
{"stage": "fast_batch_measurements_persisted", "utc": "2026-09-06T22:10:25.815934+00:00", "completed": 240, "new_completed": 240, "elapsed_s": 3.866695600008825}
{"stage": "fast_batch_measurements_persisted", "utc": "2026-09-06T22:10:29.669637+00:00", "completed": 250, "new_completed": 250, "elapsed_s": 3.8305516999971587}
{"stage": "fast_batch_measurements_persisted", "utc": "2026-09-06T22:10:33.318720+00:00", "completed": 260, "new_completed": 260, "elapsed_s": 3.624231299996609}
{"stage": "fast_batch_measurements_persisted", "utc": "2026-09-06T22:10:37.280692+00:00", "completed": 270, "new_completed": 270, "elapsed_s": 3.930539699998917}
{"stage": "fast_batch_measurements_persisted", "utc": "2026-09-06T22:10:41.118543+00:00", "completed": 280, "new_completed": 280, "elapsed_s": 3.807784200005699}
{"stage": "fast_batch_measurements_persisted", "utc": "2026-09-06T22:10:45.035379+00:00", "completed": 290, "new_completed": 290, "elapsed_s": 3.8902006999996956}
{"stage": "fast_batch_measurements_persisted", "utc": "2026-09-06T22:10:48.849324+00:00", "completed": 300, "new_completed": 300, "elapsed_s": 3.7810353999957442}
{"stage": "fast_batch_measurements_persisted", "utc": "2026-09-06T22:10:52.717122+00:00", "completed": 310, "new_completed": 310, "elapsed_s": 3.8354600000020582}
{"stage": "fast_batch_measurements_persisted", "utc": "2026-09-06T22:10:56.718678+00:00", "completed": 320, "new_completed": 320, "elapsed_s": 3.9741915999911726}
{"stage": "fast_batch_measurements_persisted", "utc": "2026-09-06T22:11:00.773388+00:00", "completed": 330, "new_completed": 330, "elapsed_s": 4.021425300015835}
{"stage": "fast_batch_measurements_persisted", "utc": "2026-09-06T22:11:04.477003+00:00", "completed": 340, "new_completed": 340, "elapsed_s": 3.675969499978237}
{"stage": "fast_batch_measurements_persisted", "utc": "2026-09-06T22:11:08.431199+00:00", "completed": 350, "new_completed": 350, "elapsed_s": 3.920184499991592}
{"stage": "fast_batch_measurements_persisted", "utc": "2026-09-06T22:11:12.126993+00:00", "completed": 360, "new_completed": 360, "elapsed_s": 3.665428200009046}
{"stage": "fast_batch_measurements_persisted", "utc": "2026-09-06T22:11:15.829925+00:00", "completed": 370, "new_completed": 370, "elapsed_s": 3.6670944999787025}
{"stage": "fast_batch_measurements_persisted", "utc": "2026-09-06T22:11:19.551048+00:00", "completed": 380, "new_completed": 380, "elapsed_s": 3.684335400001146}
{"stage": "fast_batch_measurements_persisted", "utc": "2026-09-06T22:11:23.606476+00:00", "completed": 390, "new_completed": 390, "elapsed_s": 4.019523199996911}
{"stage": "fast_batch_measurements_persisted", "utc": "2026-09-06T22:11:27.638060+00:00", "completed": 400, "new_completed": 400, "elapsed_s": 3.9888966999715194}
{"stage": "fast_batch_measurements_persisted", "utc": "2026-09-06T22:11:31.769305+00:00", "completed": 410, "new_completed": 410, "elapsed_s": 4.095392199989874}
{"stage": "fast_batch_measurements_persisted", "utc": "2026-09-06T22:11:35.820880+00:00", "completed": 420, "new_completed": 420, "elapsed_s": 4.010022200003732}
{"stage": "fast_batch_measurements_persisted", "utc": "2026-09-06T22:11:39.654871+00:00", "completed": 430, "new_completed": 430, "elapsed_s": 3.78886109997984}
{"stage": "fast_batch_measurements_persisted", "utc": "2026-09-06T22:11:43.596034+00:00", "completed": 440, "new_completed": 440, "elapsed_s": 3.907725400000345}
{"stage": "fast_batch_measurements_persisted", "utc": "2026-09-06T22:11:46.666410+00:00", "completed": 450, "new_completed": 450, "elapsed_s": 3.0293111999926623}
{"stage": "fast_batch_measurements_persisted", "utc": "2026-09-06T22:11:50.435944+00:00", "completed": 460, "new_completed": 460, "elapsed_s": 3.7335999999777414}
{"stage": "fast_batch_measurements_persisted", "utc": "2026-09-06T22:11:53.556102+00:00", "completed": 470, "new_completed": 470, "elapsed_s": 3.087621599988779}
{"stage": "fast_batch_measurements_persisted", "utc": "2026-09-06T22:11:57.289492+00:00", "completed": 480, "new_completed": 480, "elapsed_s": 3.698941600014223}
{"stage": "fast_batch_measurements_persisted", "utc": "2026-09-06T22:12:01.215857+00:00", "completed": 490, "new_completed": 490, "elapsed_s": 3.89473430000362}
{"stage": "fast_batch_measurements_persisted", "utc": "2026-09-06T22:12:05.384244+00:00", "completed": 500, "new_completed": 500, "elapsed_s": 4.120933199999854}
{"stage": "fast_batch_measurements_persisted", "utc": "2026-09-06T22:12:09.325127+00:00", "completed": 510, "new_completed": 510, "elapsed_s": 3.8956829000089783}
{"stage": "fast_batch_measurements_persisted", "utc": "2026-09-06T22:12:13.165289+00:00", "completed": 520, "new_completed": 520, "elapsed_s": 3.8067841000156477}
{"stage": "fast_batch_measurements_persisted", "utc": "2026-09-06T22:12:16.910844+00:00", "completed": 530, "new_completed": 530, "elapsed_s": 3.7122615999833215}
{"stage": "fast_batch_measurements_persisted", "utc": "2026-09-06T22:12:20.694726+00:00", "completed": 540, "new_completed": 540, "elapsed_s": 3.7469687999982852}
{"stage": "fast_batch_measurements_persisted", "utc": "2026-09-06T22:12:24.516164+00:00", "completed": 550, "new_completed": 550, "elapsed_s": 3.782899299985729}
{"stage": "fast_batch_measurements_persisted", "utc": "2026-09-06T22:12:28.445164+00:00", "completed": 560, "new_completed": 560, "elapsed_s": 3.8899574000097346}
{"stage": "fast_batch_measurements_persisted", "utc": "2026-09-06T22:12:32.178305+00:00", "completed": 570, "new_completed": 570, "elapsed_s": 3.6966077999968547}
{"stage": "fast_batch_measurements_persisted", "utc": "2026-09-06T22:12:40.928821+00:00", "completed": 580, "new_completed": 580, "elapsed_s": 8.717858900025021}
{"stage": "fast_batch_measurements_persisted", "utc": "2026-09-06T22:12:44.969499+00:00", "completed": 590, "new_completed": 590, "elapsed_s": 4.006607899995288}
{"stage": "fast_batch_measurements_persisted", "utc": "2026-09-06T22:12:48.053623+00:00", "completed": 597, "new_completed": 597, "elapsed_s": 3.0437056999944616}
{"stage": "all_available_cold_evidence_persisted_before_ui_restore", "utc": "2026-09-06T22:12:49.974961+00:00", "measured": 597, "all597_complete": true}
{"stage": "ui_controls_restored_without_explicit_redraw", "utc": "2026-09-06T22:12:51.258915+00:00"}
{"stage": "native_only_state_complete", "utc": "2026-09-06T22:12:54.262888+00:00", "state": "released", "instances": 597, "solids": 978, "final_native_sha256": "97899b9a15d77ace46aed85312434b640f7809651ff17dc9a9165e658db93b35"}
{"stage": "completed", "utc": "2026-09-06T22:12:54.909522+00:00"}
