{"stage": "session_inspected", "utc": "2026-09-06T22:17:40.713328+00:00"}
{"stage": "part_import_started", "utc": "2026-09-06T22:17:40.877333+00:00", "id": "CONTEXT_PARKING_hold_saddle_0", "source": "F:\\China Graduate Future Flight Vehicle Innovation Competition\\20_engineering\\WP05_SW_20260907\\sources\\hold_saddle_0_cdd5b5f4_parking_solid.step"}
{"stage": "save_attempt", "utc": "2026-09-06T22:17:44.609244+00:00", "path": "F:\\China Graduate Future Flight Vehicle Innovation Competition\\01_project\\competition\\SERVICE_ROBOT_MECHANICAL_CONSOLIDATION_20260905\\runs\\wp07_system_20260907_0610\\native\\RET_S0_c03_v1\\parts\\CONTEXT_PARKING_hold_saddle_0.SLDPRT", "api_return": [true, 0, 0], "ok": true, "errors": 0, "warnings": 0}
{"stage": "part_completed", "utc": "2026-09-06T22:17:47.416752+00:00", "id": "CONTEXT_PARKING_hold_saddle_0", "solid_count": 1}
{"stage": "part_import_started", "utc": "2026-09-06T22:17:47.487099+00:00", "id": "WP07_guide_screw_0_-10", "source": "F:\\China Graduate Future Flight Vehicle Innovation Competition\\01_project\\competition\\SERVICE_ROBOT_MECHANICAL_CONSOLIDATION_20260905\\runs\\wp07_system_20260907_0610\\results\\retention_detail\\station_0\\WP07_guide_screw_0_-10.step"}
{"stage": "save_attempt", "utc": "2026-09-06T22:17:50.667690+00:00", "path": "F:\\China Graduate Future Flight Vehicle Innovation Competition\\01_project\\competition\\SERVICE_ROBOT_MECHANICAL_CONSOLIDATION_20260905\\runs\\wp07_system_20260907_0610\\native\\RET_S0_c03_v1\\parts\\WP07_guide_screw_0_-10.SLDPRT", "api_return": [true, 0, 0], "ok": true, "errors": 0, "warnings": 0}
{"stage": "part_completed", "utc": "2026-09-06T22:17:53.463250+00:00", "id": "WP07_guide_screw_0_-10", "solid_count": 1}
{"stage": "part_import_started", "utc": "2026-09-06T22:17:53.520263+00:00", "id": "WP07_guide_screw_0_10", "source": "F:\\China Graduate Future Flight Vehicle Innovation Competition\\01_project\\competition\\SERVICE_ROBOT_MECHANICAL_CONSOLIDATION_20260905\\runs\\wp07_system_20260907_0610\\results\\retention_detail\\station_0\\WP07_guide_screw_0_10.step"}
{"stage": "save_attempt", "utc": "2026-09-06T22:17:56.680204+00:00", "path": "F:\\China Graduate Future Flight Vehicle Innovation Competition\\01_project\\competition\\SERVICE_ROBOT_MECHANICAL_CONSOLIDATION_20260905\\runs\\wp07_system_20260907_0610\\native\\RET_S0_c03_v1\\parts\\WP07_guide_screw_0_10.SLDPRT", "api_return": [true, 0, 0], "ok": true, "errors": 0, "warnings": 0}
{"stage": "part_completed", "utc": "2026-09-06T22:17:59.418737+00:00", "id": "WP07_guide_screw_0_10", "solid_count": 1}
{"stage": "part_import_started", "utc": "2026-09-06T22:17:59.480500+00:00", "id": "WP07_guide_washer_0_-10", "source": "F:\\China Graduate Future Flight Vehicle Innovation Competition\\01_project\\competition\\SERVICE_ROBOT_MECHANICAL_CONSOLIDATION_20260905\\runs\\wp07_system_20260907_0610\\results\\retention_detail\\station_0\\WP07_guide_washer_0_-10.step"}
{"stage": "save_attempt", "utc": "2026-09-06T22:18:02.676425+00:00", "path": "F:\\China Graduate Future Flight Vehicle Innovation Competition\\01_project\\competition\\SERVICE_ROBOT_MECHANICAL_CONSOLIDATION_20260905\\runs\\wp07_system_20260907_0610\\native\\RET_S0_c03_v1\\parts\\WP07_guide_washer_0_-10.SLDPRT", "api_return": [true, 0, 0], "ok": true, "errors": 0, "warnings": 0}
{"stage": "part_completed", "utc": "2026-09-06T22:18:05.419563+00:00", "id": "WP07_guide_washer_0_-10", "solid_count": 1}
{"stage": "part_import_started", "utc": "2026-09-06T22:18:05.487668+00:00", "id": "WP07_guide_washer_0_10", "source": "F:\\China Graduate Future Flight Vehicle Innovation Competition\\01_project\\competition\\SERVICE_ROBOT_MECHANICAL_CONSOLIDATION_20260905\\runs\\wp07_system_20260907_0610\\results\\retention_detail\\station_0\\WP07_guide_washer_0_10.step"}
{"stage": "save_attempt", "utc": "2026-09-06T22:18:08.703545+00:00", "path": "F:\\China Graduate Future Flight Vehicle Innovation Competition\\01_project\\competition\\SERVICE_ROBOT_MECHANICAL_CONSOLIDATION_20260905\\runs\\wp07_system_20260907_0610\\native\\RET_S0_c03_v1\\parts\\WP07_guide_washer_0_10.SLDPRT", "api_return": [true, 0, 0], "ok": true, "errors": 0, "warnings": 0}
{"stage": "part_completed", "utc": "2026-09-06T22:18:11.446701+00:00", "id": "WP07_guide_washer_0_10", "solid_count": 1}
{"stage": "part_import_started", "utc": "2026-09-06T22:18:11.510837+00:00", "id": "WP07_lower_collar_0_front", "source": "F:\\China Graduate Future Flight Vehicle Innovation Competition\\01_project\\competition\\SERVICE_ROBOT_MECHANICAL_CONSOLIDATION_20260905\\runs\\wp07_system_20260907_0610\\results\\retention_detail\\station_0\\WP07_lower_collar_0_front.step"}
{"stage": "save_attempt", "utc": "2026-09-06T22:18:14.703480+00:00", "path": "F:\\China Graduate Future Flight Vehicle Innovation Competition\\01_project\\competition\\SERVICE_ROBOT_MECHANICAL_CONSOLIDATION_20260905\\runs\\wp07_system_20260907_0610\\native\\RET_S0_c03_v1\\parts\\WP07_lower_collar_0_front.SLDPRT", "api_return": [true, 0, 0], "ok": true, "errors": 0, "warnings": 0}
{"stage": "part_completed", "utc": "2026-09-06T22:18:17.572271+00:00", "id": "WP07_lower_collar_0_front", "solid_count": 1}
{"stage": "part_import_started", "utc": "2026-09-06T22:18:17.642028+00:00", "id": "WP07_lower_collar_0_rear", "source": "F:\\China Graduate Future Flight Vehicle Innovation Competition\\01_project\\competition\\SERVICE_ROBOT_MECHANICAL_CONSOLIDATION_20260905\\runs\\wp07_system_20260907_0610\\results\\retention_detail\\station_0\\WP07_lower_collar_0_rear.step"}
{"stage": "save_attempt", "utc": "2026-09-06T22:18:20.808337+00:00", "path": "F:\\China Graduate Future Flight Vehicle Innovation Competition\\01_project\\competition\\SERVICE_ROBOT_MECHANICAL_CONSOLIDATION_20260905\\runs\\wp07_system_20260907_0610\\native\\RET_S0_c03_v1\\parts\\WP07_lower_collar_0_rear.SLDPRT", "api_return": [true, 0, 0], "ok": true, "errors": 0, "warnings": 0}
{"stage": "part_completed", "utc": "2026-09-06T22:18:23.638448+00:00", "id": "WP07_lower_collar_0_rear", "solid_count": 1}
{"stage": "part_import_started", "utc": "2026-09-06T22:18:23.705408+00:00", "id": "WP07_lower_nut_0_-17", "source": "F:\\China Graduate Future Flight Vehicle Innovation Competition\\01_project\\competition\\SERVICE_ROBOT_MECHANICAL_CONSOLIDATION_20260905\\runs\\wp07_system_20260907_0610\\results\\retention_detail\\station_0\\WP07_lower_nut_0_-17.step"}
{"stage": "save_attempt", "utc": "2026-09-06T22:18:26.884473+00:00", "path": "F:\\China Graduate Future Flight Vehicle Innovation Competition\\01_project\\competition\\SERVICE_ROBOT_MECHANICAL_CONSOLIDATION_20260905\\runs\\wp07_system_20260907_0610\\native\\RET_S0_c03_v1\\parts\\WP07_lower_nut_0_-17.SLDPRT", "api_return": [true, 0, 0], "ok": true, "errors": 0, "warnings": 0}
{"stage": "part_completed", "utc": "2026-09-06T22:18:29.628535+00:00", "id": "WP07_lower_nut_0_-17", "solid_count": 1}
{"stage": "part_import_started", "utc": "2026-09-06T22:18:29.701921+00:00", "id": "WP07_lower_nut_0_17", "source": "F:\\China Graduate Future Flight Vehicle Innovation Competition\\01_project\\competition\\SERVICE_ROBOT_MECHANICAL_CONSOLIDATION_20260905\\runs\\wp07_system_20260907_0610\\results\\retention_detail\\station_0\\WP07_lower_nut_0_17.step"}
{"stage": "save_attempt", "utc": "2026-09-06T22:18:32.894933+00:00", "path": "F:\\China Graduate Future Flight Vehicle Innovation Competition\\01_project\\competition\\SERVICE_ROBOT_MECHANICAL_CONSOLIDATION_20260905\\runs\\wp07_system_20260907_0610\\native\\RET_S0_c03_v1\\parts\\WP07_lower_nut_0_17.SLDPRT", "api_return": [true, 0, 0], "ok": true, "errors": 0, "warnings": 0}
{"stage": "part_completed", "utc": "2026-09-06T22:18:35.627139+00:00", "id": "WP07_lower_nut_0_17", "solid_count": 1}
{"stage": "part_import_started", "utc": "2026-09-06T22:18:35.682814+00:00", "id": "WP07_lower_screw_0_-17", "source": "F:\\China Graduate Future Flight Vehicle Innovation Competition\\01_project\\competition\\SERVICE_ROBOT_MECHANICAL_CONSOLIDATION_20260905\\runs\\wp07_system_20260907_0610\\results\\retention_detail\\station_0\\WP07_lower_screw_0_-17.step"}
{"stage": "save_attempt", "utc": "2026-09-06T22:18:38.808250+00:00", "path": "F:\\China Graduate Future Flight Vehicle Innovation Competition\\01_project\\competition\\SERVICE_ROBOT_MECHANICAL_CONSOLIDATION_20260905\\runs\\wp07_system_20260907_0610\\native\\RET_S0_c03_v1\\parts\\WP07_lower_screw_0_-17.SLDPRT", "api_return": [true, 0, 0], "ok": true, "errors": 0, "warnings": 0}
{"stage": "part_completed", "utc": "2026-09-06T22:18:41.501730+00:00", "id": "WP07_lower_screw_0_-17", "solid_count": 1}
{"stage": "part_import_started", "utc": "2026-09-06T22:18:41.565338+00:00", "id": "WP07_lower_screw_0_17", "source": "F:\\China Graduate Future Flight Vehicle Innovation Competition\\01_project\\competition\\SERVICE_ROBOT_MECHANICAL_CONSOLIDATION_20260905\\runs\\wp07_system_20260907_0610\\results\\retention_detail\\station_0\\WP07_lower_screw_0_17.step"}
{"stage": "save_attempt", "utc": "2026-09-06T22:18:44.805334+00:00", "path": "F:\\China Graduate Future Flight Vehicle Innovation Competition\\01_project\\competition\\SERVICE_ROBOT_MECHANICAL_CONSOLIDATION_20260905\\runs\\wp07_system_20260907_0610\\native\\RET_S0_c03_v1\\parts\\WP07_lower_screw_0_17.SLDPRT", "api_return": [true, 0, 0], "ok": true, "errors": 0, "warnings": 0}
{"stage": "part_completed", "utc": "2026-09-06T22:18:47.621916+00:00", "id": "WP07_lower_screw_0_17", "solid_count": 1}
{"stage": "part_import_started", "utc": "2026-09-06T22:18:47.685105+00:00", "id": "WP07_lower_washer_inner_0_-17", "source": "F:\\China Graduate Future Flight Vehicle Innovation Competition\\01_project\\competition\\SERVICE_ROBOT_MECHANICAL_CONSOLIDATION_20260905\\runs\\wp07_system_20260907_0610\\results\\retention_detail\\station_0\\WP07_lower_washer_inner_0_-17.step"}
{"stage": "save_attempt", "utc": "2026-09-06T22:18:50.848026+00:00", "path": "F:\\China Graduate Future Flight Vehicle Innovation Competition\\01_project\\competition\\SERVICE_ROBOT_MECHANICAL_CONSOLIDATION_20260905\\runs\\wp07_system_20260907_0610\\native\\RET_S0_c03_v1\\parts\\WP07_lower_washer_inner_0_-17.SLDPRT", "api_return": [true, 0, 0], "ok": true, "errors": 0, "warnings": 0}
{"stage": "part_completed", "utc": "2026-09-06T22:18:53.570137+00:00", "id": "WP07_lower_washer_inner_0_-17", "solid_count": 1}
{"stage": "part_import_started", "utc": "2026-09-06T22:18:53.631796+00:00", "id": "WP07_lower_washer_inner_0_17", "source": "F:\\China Graduate Future Flight Vehicle Innovation Competition\\01_project\\competition\\SERVICE_ROBOT_MECHANICAL_CONSOLIDATION_20260905\\runs\\wp07_system_20260907_0610\\results\\retention_detail\\station_0\\WP07_lower_washer_inner_0_17.step"}
{"stage": "save_attempt", "utc": "2026-09-06T22:18:56.783017+00:00", "path": "F:\\China Graduate Future Flight Vehicle Innovation Competition\\01_project\\competition\\SERVICE_ROBOT_MECHANICAL_CONSOLIDATION_20260905\\runs\\wp07_system_20260907_0610\\native\\RET_S0_c03_v1\\parts\\WP07_lower_washer_inner_0_17.SLDPRT", "api_return": [true, 0, 0], "ok": true, "errors": 0, "warnings": 0}
{"stage": "part_completed", "utc": "2026-09-06T22:18:59.559233+00:00", "id": "WP07_lower_washer_inner_0_17", "solid_count": 1}
{"stage": "part_import_started", "utc": "2026-09-06T22:18:59.618904+00:00", "id": "WP07_lower_washer_outer_0_-17", "source": "F:\\China Graduate Future Flight Vehicle Innovation Competition\\01_project\\competition\\SERVICE_ROBOT_MECHANICAL_CONSOLIDATION_20260905\\runs\\wp07_system_20260907_0610\\results\\retention_detail\\station_0\\WP07_lower_washer_outer_0_-17.step"}
{"stage": "save_attempt", "utc": "2026-09-06T22:19:02.798805+00:00", "path": "F:\\China Graduate Future Flight Vehicle Innovation Competition\\01_project\\competition\\SERVICE_ROBOT_MECHANICAL_CONSOLIDATION_20260905\\runs\\wp07_system_20260907_0610\\native\\RET_S0_c03_v1\\parts\\WP07_lower_washer_outer_0_-17.SLDPRT", "api_return": [true, 0, 0], "ok": true, "errors": 0, "warnings": 0}
{"stage": "part_completed", "utc": "2026-09-06T22:19:05.570239+00:00", "id": "WP07_lower_washer_outer_0_-17", "solid_count": 1}
{"stage": "part_import_started", "utc": "2026-09-06T22:19:05.638188+00:00", "id": "WP07_lower_washer_outer_0_17", "source": "F:\\China Graduate Future Flight Vehicle Innovation Competition\\01_project\\competition\\SERVICE_ROBOT_MECHANICAL_CONSOLIDATION_20260905\\runs\\wp07_system_20260907_0610\\results\\retention_detail\\station_0\\WP07_lower_washer_outer_0_17.step"}
{"stage": "save_attempt", "utc": "2026-09-06T22:19:08.800869+00:00", "path": "F:\\China Graduate Future Flight Vehicle Innovation Competition\\01_project\\competition\\SERVICE_ROBOT_MECHANICAL_CONSOLIDATION_20260905\\runs\\wp07_system_20260907_0610\\native\\RET_S0_c03_v1\\parts\\WP07_lower_washer_outer_0_17.SLDPRT", "api_return": [true, 0, 0], "ok": true, "errors": 0, "warnings": 0}
{"stage": "part_completed", "utc": "2026-09-06T22:19:11.584150+00:00", "id": "WP07_lower_washer_outer_0_17", "solid_count": 1}
{"stage": "part_import_started", "utc": "2026-09-06T22:19:11.644473+00:00", "id": "hold_fold_mast_0", "source": "F:\\China Graduate Future Flight Vehicle Innovation Competition\\01_project\\competition\\SERVICE_ROBOT_MECHANICAL_CONSOLIDATION_20260905\\runs\\wp07_system_20260907_0610\\results\\retention_detail\\station_0\\hold_fold_mast_0.step"}
{"stage": "save_attempt", "utc": "2026-09-06T22:19:14.839382+00:00", "path": "F:\\China Graduate Future Flight Vehicle Innovation Competition\\01_project\\competition\\SERVICE_ROBOT_MECHANICAL_CONSOLIDATION_20260905\\runs\\wp07_system_20260907_0610\\native\\RET_S0_c03_v1\\parts\\hold_fold_mast_0.SLDPRT", "api_return": [true, 0, 0], "ok": true, "errors": 0, "warnings": 0}
{"stage": "part_completed", "utc": "2026-09-06T22:19:17.655815+00:00", "id": "hold_fold_mast_0", "solid_count": 1}
{"stage": "part_import_started", "utc": "2026-09-06T22:19:17.716796+00:00", "id": "hold_shoe_guide_0_-10", "source": "F:\\China Graduate Future Flight Vehicle Innovation Competition\\01_project\\competition\\SERVICE_ROBOT_MECHANICAL_CONSOLIDATION_20260905\\runs\\wp07_system_20260907_0610\\results\\retention_detail\\station_0\\hold_shoe_guide_0_-10.step"}
{"stage": "save_attempt", "utc": "2026-09-06T22:19:20.911143+00:00", "path": "F:\\China Graduate Future Flight Vehicle Innovation Competition\\01_project\\competition\\SERVICE_ROBOT_MECHANICAL_CONSOLIDATION_20260905\\runs\\wp07_system_20260907_0610\\native\\RET_S0_c03_v1\\parts\\hold_shoe_guide_0_-10.SLDPRT", "api_return": [true, 0, 0], "ok": true, "errors": 0, "warnings": 0}
{"stage": "part_completed", "utc": "2026-09-06T22:19:23.691861+00:00", "id": "hold_shoe_guide_0_-10", "solid_count": 1}
{"stage": "part_import_started", "utc": "2026-09-06T22:19:23.756138+00:00", "id": "hold_shoe_guide_0_10", "source": "F:\\China Graduate Future Flight Vehicle Innovation Competition\\01_project\\competition\\SERVICE_ROBOT_MECHANICAL_CONSOLIDATION_20260905\\runs\\wp07_system_20260907_0610\\results\\retention_detail\\station_0\\hold_shoe_guide_0_10.step"}
{"stage": "save_attempt", "utc": "2026-09-06T22:19:26.940300+00:00", "path": "F:\\China Graduate Future Flight Vehicle Innovation Competition\\01_project\\competition\\SERVICE_ROBOT_MECHANICAL_CONSOLIDATION_20260905\\runs\\wp07_system_20260907_0610\\native\\RET_S0_c03_v1\\parts\\hold_shoe_guide_0_10.SLDPRT", "api_return": [true, 0, 0], "ok": true, "errors": 0, "warnings": 0}
{"stage": "part_completed", "utc": "2026-09-06T22:19:29.711959+00:00", "id": "hold_shoe_guide_0_10", "solid_count": 1}
{"stage": "components_inserted_fixed_identity", "utc": "2026-09-06T22:19:33.374300+00:00", "added": 18, "total": 18}
{"stage": "save_attempt", "utc": "2026-09-06T22:19:46.303308+00:00", "path": "F:\\China Graduate Future Flight Vehicle Innovation Competition\\01_project\\competition\\SERVICE_ROBOT_MECHANICAL_CONSOLIDATION_20260905\\runs\\wp07_system_20260907_0610\\native\\RET_S0_c03_v1\\WP07_RETENTION_S0_LOCAL_CANDIDATE.SLDASM", "api_return": [true, 0, 0], "ok": true, "errors": 0, "warnings": 0}
{"stage": "save_attempt", "utc": "2026-09-06T22:19:47.210370+00:00", "path": "F:\\China Graduate Future Flight Vehicle Innovation Competition\\01_project\\competition\\SERVICE_ROBOT_MECHANICAL_CONSOLIDATION_20260905\\runs\\wp07_system_20260907_0610\\native\\RET_S0_c03_v1\\local_assembly_roundtrip.step", "api_return": [true, 0, 0], "ok": true, "errors": 0, "warnings": 0}
{"stage": "assembly_saved_exported_and_closed", "utc": "2026-09-06T22:19:47.928878+00:00"}
{"stage": "cold_assembly_verified_left_visible", "utc": "2026-09-06T22:20:03.073018+00:00", "component_count": 18}
{"stage": "completed", "utc": "2026-09-06T22:20:03.303870+00:00"}
{"stage": "detaching_existing_application", "utc": "2026-09-06T22:20:03.377021+00:00"}
