{"stage": "registered_clean_documents_closed", "utc": "2026-09-06T21:59:45.217614+00:00", "count": 1}
{"stage": "parent_copied", "utc": "2026-09-06T21:59:45.359533+00:00", "state": "parking", "parent": "F:\\China Graduate Future Flight Vehicle Innovation Competition\\20_engineering\\WP05_SW_20260907\\assemblies\\WP05_ROBOT_PARKING.SLDASM", "work": "F:\\China Graduate Future Flight Vehicle Innovation Competition\\01_project\\competition\\SERVICE_ROBOT_MECHANICAL_CONSOLIDATION_20260905\\runs\\wp07_system_20260907_0610\\native\\work\\WP07_WORK_PARKING.SLDASM", "sha256": "d1165331be9df2b7c943151165a39fefac764fbf537a43fa7997f03124afa9e5"}
{"stage": "exact_twelve_removed", "utc": "2026-09-06T22:00:41.147116+00:00", "remaining": 573, "memory": {"available_mib": 2243.21875, "python_rss_mib": 69.1484375, "solidworks_rss_mib": 1017.70703125}}
{"stage": "save_attempt", "utc": "2026-09-06T22:01:55.043770+00:00", "path": "F:\\China Graduate Future Flight Vehicle Innovation Competition\\01_project\\competition\\SERVICE_ROBOT_MECHANICAL_CONSOLIDATION_20260905\\runs\\wp07_system_20260907_0610\\native\\WP07_ROBOT_PARKING.SLDASM", "api_return": [true, 0, 0], "ok": true, "errors": 0, "warnings": 0}
{"stage": "final_native_saved_closed_before_componentwise_cold", "utc": "2026-09-06T22:01:57.171637+00:00", "state": "parking", "sha256": "276a3b29994284e1637134477ec9f017bb484e165b77337f494d8a880cd25b19", "memory": {"available_mib": 2262.58203125, "python_rss_mib": 71.72265625, "solidworks_rss_mib": 797.22265625}}
{"stage": "fast_current_metadata_and_prefix_checked", "utc": "2026-09-06T22:02:20.562096+00:00", "reused": 0, "new_planned": 597, "memory": {"available_mib": 2165.3203125, "python_rss_mib": 72.9375, "solidworks_rss_mib": 1100.04296875}}
{"stage": "fast_batch_measurements_persisted", "utc": "2026-09-06T22:02:23.952837+00:00", "completed": 10, "new_completed": 10, "elapsed_s": 3.3745953000034206}
{"stage": "fast_batch_measurements_persisted", "utc": "2026-09-06T22:02:26.699153+00:00", "completed": 20, "new_completed": 20, "elapsed_s": 2.730583500000648}
{"stage": "fast_batch_measurements_persisted", "utc": "2026-09-06T22:02:30.009359+00:00", "completed": 30, "new_completed": 30, "elapsed_s": 3.2945106999832205}
{"stage": "fast_batch_measurements_persisted", "utc": "2026-09-06T22:02:33.390717+00:00", "completed": 40, "new_completed": 40, "elapsed_s": 3.3641444999957457}
{"stage": "fast_batch_measurements_persisted", "utc": "2026-09-06T22:02:36.568315+00:00", "completed": 50, "new_completed": 50, "elapsed_s": 3.1591085999971256}
{"stage": "fast_batch_measurements_persisted", "utc": "2026-09-06T22:02:39.937422+00:00", "completed": 60, "new_completed": 60, "elapsed_s": 3.3495292000006884}
{"stage": "fast_batch_measurements_persisted", "utc": "2026-09-06T22:02:42.825226+00:00", "completed": 70, "new_completed": 70, "elapsed_s": 2.86715780000668}
{"stage": "fast_batch_measurements_persisted", "utc": "2026-09-06T22:02:46.086097+00:00", "completed": 80, "new_completed": 80, "elapsed_s": 3.236669800011441}
{"stage": "fast_batch_measurements_persisted", "utc": "2026-09-06T22:02:48.782006+00:00", "completed": 90, "new_completed": 90, "elapsed_s": 2.6693942999991123}
{"stage": "fast_batch_measurements_persisted", "utc": "2026-09-06T22:02:51.477015+00:00", "completed": 100, "new_completed": 100, "elapsed_s": 2.6721564999897964}
{"stage": "fast_batch_measurements_persisted", "utc": "2026-09-06T22:02:54.298633+00:00", "completed": 110, "new_completed": 110, "elapsed_s": 2.7984442000160925}
{"stage": "fast_batch_measurements_persisted", "utc": "2026-09-06T22:02:57.713605+00:00", "completed": 120, "new_completed": 120, "elapsed_s": 3.3865721999900416}
{"stage": "fast_batch_measurements_persisted", "utc": "2026-09-06T22:03:01.189217+00:00", "completed": 130, "new_completed": 130, "elapsed_s": 3.456273899995722}
{"stage": "fast_batch_measurements_persisted", "utc": "2026-09-06T22:03:04.698274+00:00", "completed": 140, "new_completed": 140, "elapsed_s": 3.4864359000057448}
{"stage": "fast_batch_measurements_persisted", "utc": "2026-09-06T22:03:07.868613+00:00", "completed": 150, "new_completed": 150, "elapsed_s": 3.1442298000038136}
{"stage": "fast_batch_measurements_persisted", "utc": "2026-09-06T22:03:11.361442+00:00", "completed": 160, "new_completed": 160, "elapsed_s": 3.469535700016422}
{"stage": "fast_batch_measurements_persisted", "utc": "2026-09-06T22:03:14.916921+00:00", "completed": 170, "new_completed": 170, "elapsed_s": 3.5244641000172123}
{"stage": "fast_batch_measurements_persisted", "utc": "2026-09-06T22:03:18.244153+00:00", "completed": 180, "new_completed": 180, "elapsed_s": 3.3024872000096366}
{"stage": "fast_batch_measurements_persisted", "utc": "2026-09-06T22:03:21.724492+00:00", "completed": 190, "new_completed": 190, "elapsed_s": 3.458770299999742}
{"stage": "fast_batch_measurements_persisted", "utc": "2026-09-06T22:03:25.337062+00:00", "completed": 200, "new_completed": 200, "elapsed_s": 3.585536900005536}
{"stage": "fast_batch_measurements_persisted", "utc": "2026-09-06T22:03:29.428167+00:00", "completed": 210, "new_completed": 210, "elapsed_s": 4.059848399978364}
{"stage": "fast_batch_measurements_persisted", "utc": "2026-09-06T22:03:33.581465+00:00", "completed": 220, "new_completed": 220, "elapsed_s": 4.121515200007707}
{"stage": "fast_batch_measurements_persisted", "utc": "2026-09-06T22:03:37.618308+00:00", "completed": 230, "new_completed": 230, "elapsed_s": 4.006986299995333}
{"stage": "fast_batch_measurements_persisted", "utc": "2026-09-06T22:03:41.604387+00:00", "completed": 240, "new_completed": 240, "elapsed_s": 3.959123200009344}
{"stage": "fast_batch_measurements_persisted", "utc": "2026-09-06T22:03:45.614552+00:00", "completed": 250, "new_completed": 250, "elapsed_s": 3.9831413999781944}
{"stage": "fast_batch_measurements_persisted", "utc": "2026-09-06T22:03:49.659293+00:00", "completed": 260, "new_completed": 260, "elapsed_s": 4.016819999989821}
{"stage": "fast_batch_measurements_persisted", "utc": "2026-09-06T22:03:53.766910+00:00", "completed": 270, "new_completed": 270, "elapsed_s": 4.082809700019425}
{"stage": "fast_batch_measurements_persisted", "utc": "2026-09-06T22:03:57.807035+00:00", "completed": 280, "new_completed": 280, "elapsed_s": 4.004746899998281}
{"stage": "fast_batch_measurements_persisted", "utc": "2026-09-06T22:04:01.876491+00:00", "completed": 290, "new_completed": 290, "elapsed_s": 4.036023799999384}
{"stage": "fast_batch_measurements_persisted", "utc": "2026-09-06T22:04:05.913618+00:00", "completed": 300, "new_completed": 300, "elapsed_s": 4.002501399983885}
{"stage": "fast_batch_measurements_persisted", "utc": "2026-09-06T22:04:10.111352+00:00", "completed": 310, "new_completed": 310, "elapsed_s": 4.1627700999961235}
{"stage": "fast_batch_measurements_persisted", "utc": "2026-09-06T22:04:14.217397+00:00", "completed": 320, "new_completed": 320, "elapsed_s": 4.0723785999871325}
{"stage": "fast_batch_measurements_persisted", "utc": "2026-09-06T22:04:18.230489+00:00", "completed": 330, "new_completed": 330, "elapsed_s": 3.980573300010292}
{"stage": "fast_batch_measurements_persisted", "utc": "2026-09-06T22:04:21.880536+00:00", "completed": 340, "new_completed": 340, "elapsed_s": 3.615216199978022}
{"stage": "fast_batch_measurements_persisted", "utc": "2026-09-06T22:04:25.776173+00:00", "completed": 350, "new_completed": 350, "elapsed_s": 3.864702100021532}
{"stage": "fast_batch_measurements_persisted", "utc": "2026-09-06T22:04:29.431003+00:00", "completed": 360, "new_completed": 360, "elapsed_s": 3.6194932000071276}
{"stage": "fast_batch_measurements_persisted", "utc": "2026-09-06T22:04:32.972874+00:00", "completed": 370, "new_completed": 370, "elapsed_s": 3.5125150000094436}
{"stage": "fast_batch_measurements_persisted", "utc": "2026-09-06T22:04:36.405573+00:00", "completed": 380, "new_completed": 380, "elapsed_s": 3.4039483000233304}
{"stage": "fast_batch_measurements_persisted", "utc": "2026-09-06T22:04:40.169676+00:00", "completed": 390, "new_completed": 390, "elapsed_s": 3.734668499993859}
{"stage": "fast_batch_measurements_persisted", "utc": "2026-09-06T22:04:43.961012+00:00", "completed": 400, "new_completed": 400, "elapsed_s": 3.7550060999928974}
{"stage": "fast_batch_measurements_persisted", "utc": "2026-09-06T22:04:47.796943+00:00", "completed": 410, "new_completed": 410, "elapsed_s": 3.7974881999834906}
{"stage": "fast_batch_measurements_persisted", "utc": "2026-09-06T22:04:51.682497+00:00", "completed": 420, "new_completed": 420, "elapsed_s": 3.848448000004282}
{"stage": "fast_batch_measurements_persisted", "utc": "2026-09-06T22:04:55.416849+00:00", "completed": 430, "new_completed": 430, "elapsed_s": 3.703064600005746}
{"stage": "fast_batch_measurements_persisted", "utc": "2026-09-06T22:04:59.387174+00:00", "completed": 440, "new_completed": 440, "elapsed_s": 3.9373598000092898}
{"stage": "fast_batch_measurements_persisted", "utc": "2026-09-06T22:05:02.529076+00:00", "completed": 450, "new_completed": 450, "elapsed_s": 3.0997055000043474}
{"stage": "fast_batch_measurements_persisted", "utc": "2026-09-06T22:05:06.384185+00:00", "completed": 460, "new_completed": 460, "elapsed_s": 3.815603299997747}
{"stage": "fast_batch_measurements_persisted", "utc": "2026-09-06T22:05:09.413858+00:00", "completed": 470, "new_completed": 470, "elapsed_s": 2.9925837000191677}
{"stage": "fast_batch_measurements_persisted", "utc": "2026-09-06T22:05:13.225396+00:00", "completed": 480, "new_completed": 480, "elapsed_s": 3.778017100004945}
{"stage": "fast_batch_measurements_persisted", "utc": "2026-09-06T22:05:16.978109+00:00", "completed": 490, "new_completed": 490, "elapsed_s": 3.7156023000134155}
{"stage": "fast_batch_measurements_persisted", "utc": "2026-09-06T22:05:20.715353+00:00", "completed": 500, "new_completed": 500, "elapsed_s": 3.6986512999865226}
{"stage": "fast_batch_measurements_persisted", "utc": "2026-09-06T22:05:24.514788+00:00", "completed": 510, "new_completed": 510, "elapsed_s": 3.7566050000023097}
{"stage": "fast_batch_measurements_persisted", "utc": "2026-09-06T22:05:28.266698+00:00", "completed": 520, "new_completed": 520, "elapsed_s": 3.718238300003577}
{"stage": "fast_batch_measurements_persisted", "utc": "2026-09-06T22:05:32.098589+00:00", "completed": 530, "new_completed": 530, "elapsed_s": 3.7967857999901753}
{"stage": "fast_batch_measurements_persisted", "utc": "2026-09-06T22:05:35.914537+00:00", "completed": 540, "new_completed": 540, "elapsed_s": 3.7746704000164755}
{"stage": "fast_batch_measurements_persisted", "utc": "2026-09-06T22:05:39.743883+00:00", "completed": 550, "new_completed": 550, "elapsed_s": 3.791609299980337}
{"stage": "fast_batch_measurements_persisted", "utc": "2026-09-06T22:05:43.545133+00:00", "completed": 560, "new_completed": 560, "elapsed_s": 3.762692199990852}
{"stage": "fast_batch_measurements_persisted", "utc": "2026-09-06T22:05:47.377014+00:00", "completed": 570, "new_completed": 570, "elapsed_s": 3.7925216000003275}
{"stage": "fast_batch_measurements_persisted", "utc": "2026-09-06T22:05:56.623362+00:00", "completed": 580, "new_completed": 580, "elapsed_s": 9.199024800007464}
{"stage": "fast_batch_measurements_persisted", "utc": "2026-09-06T22:06:00.824039+00:00", "completed": 590, "new_completed": 590, "elapsed_s": 4.161000099993544}
{"stage": "fast_batch_measurements_persisted", "utc": "2026-09-06T22:06:03.847293+00:00", "completed": 597, "new_completed": 597, "elapsed_s": 2.988569600012852}
{"stage": "all_available_cold_evidence_persisted_before_ui_restore", "utc": "2026-09-06T22:06:05.858735+00:00", "measured": 597, "all597_complete": true}
{"stage": "ui_controls_restored_without_explicit_redraw", "utc": "2026-09-06T22:06:07.270072+00:00"}
{"stage": "native_only_state_complete", "utc": "2026-09-06T22:06:10.287906+00:00", "state": "parking", "instances": 597, "solids": 978, "final_native_sha256": "276a3b29994284e1637134477ec9f017bb484e165b77337f494d8a880cd25b19"}
{"stage": "completed", "utc": "2026-09-06T22:06:10.967685+00:00"}
