{"stage": "registered_clean_documents_closed", "utc": "2026-09-06T21:55:31.428291+00:00", "count": 0}
{"stage": "fast_current_metadata_and_prefix_checked", "utc": "2026-09-06T21:55:53.726126+00:00", "reused": 150, "new_planned": 447, "memory": {"available_mib": 2165.51953125, "python_rss_mib": 71.9453125, "solidworks_rss_mib": 873.63671875}}
{"stage": "fast_batch_measurements_persisted", "utc": "2026-09-06T21:55:57.822697+00:00", "completed": 160, "new_completed": 10, "elapsed_s": 4.078653900010977}
{"stage": "fast_batch_measurements_persisted", "utc": "2026-09-06T21:56:01.298325+00:00", "completed": 170, "new_completed": 20, "elapsed_s": 3.457880000001751}
{"stage": "fast_batch_measurements_persisted", "utc": "2026-09-06T21:56:04.667508+00:00", "completed": 180, "new_completed": 30, "elapsed_s": 3.348718099994585}
{"stage": "fast_batch_measurements_persisted", "utc": "2026-09-06T21:56:08.500576+00:00", "completed": 190, "new_completed": 40, "elapsed_s": 3.8103254000016022}
{"stage": "fast_batch_measurements_persisted", "utc": "2026-09-06T21:56:12.058567+00:00", "completed": 200, "new_completed": 50, "elapsed_s": 3.5375859000196215}
{"stage": "fast_batch_measurements_persisted", "utc": "2026-09-06T21:56:16.086121+00:00", "completed": 210, "new_completed": 60, "elapsed_s": 4.0038342000043485}
{"stage": "fast_batch_measurements_persisted", "utc": "2026-09-06T21:56:20.040444+00:00", "completed": 220, "new_completed": 70, "elapsed_s": 3.9351002000039443}
{"stage": "fast_batch_measurements_persisted", "utc": "2026-09-06T21:56:23.938995+00:00", "completed": 230, "new_completed": 80, "elapsed_s": 3.880029399995692}
{"stage": "fast_batch_measurements_persisted", "utc": "2026-09-06T21:56:27.916682+00:00", "completed": 240, "new_completed": 90, "elapsed_s": 3.9579704999923706}
{"stage": "fast_batch_measurements_persisted", "utc": "2026-09-06T21:56:32.025534+00:00", "completed": 250, "new_completed": 100, "elapsed_s": 4.084052899997914}
{"stage": "fast_batch_measurements_persisted", "utc": "2026-09-06T21:56:36.024301+00:00", "completed": 260, "new_completed": 110, "elapsed_s": 3.976069100026507}
{"stage": "fast_batch_measurements_persisted", "utc": "2026-09-06T21:56:39.895240+00:00", "completed": 270, "new_completed": 120, "elapsed_s": 3.846532199997455}
{"stage": "fast_batch_measurements_persisted", "utc": "2026-09-06T21:56:43.717034+00:00", "completed": 280, "new_completed": 130, "elapsed_s": 3.794727399974363}
{"stage": "fast_batch_measurements_persisted", "utc": "2026-09-06T21:56:47.368309+00:00", "completed": 290, "new_completed": 140, "elapsed_s": 3.6291517000063322}
{"stage": "fast_batch_measurements_persisted", "utc": "2026-09-06T21:56:51.005099+00:00", "completed": 300, "new_completed": 150, "elapsed_s": 3.6147061999945436}
{"stage": "fast_batch_measurements_persisted", "utc": "2026-09-06T21:56:54.574201+00:00", "completed": 310, "new_completed": 160, "elapsed_s": 3.5429699000087567}
{"stage": "fast_batch_measurements_persisted", "utc": "2026-09-06T21:56:58.335841+00:00", "completed": 320, "new_completed": 170, "elapsed_s": 3.7365167000098154}
{"stage": "fast_batch_measurements_persisted", "utc": "2026-09-06T21:57:01.932272+00:00", "completed": 330, "new_completed": 180, "elapsed_s": 3.5744937999988906}
{"stage": "fast_batch_measurements_persisted", "utc": "2026-09-06T21:57:05.442911+00:00", "completed": 340, "new_completed": 190, "elapsed_s": 3.487041600019438}
{"stage": "fast_batch_measurements_persisted", "utc": "2026-09-06T21:57:08.954134+00:00", "completed": 350, "new_completed": 200, "elapsed_s": 3.4797506000031717}
{"stage": "fast_batch_measurements_persisted", "utc": "2026-09-06T21:57:12.436770+00:00", "completed": 360, "new_completed": 210, "elapsed_s": 3.4551012000010815}
{"stage": "fast_batch_measurements_persisted", "utc": "2026-09-06T21:57:15.899342+00:00", "completed": 370, "new_completed": 220, "elapsed_s": 3.4347878999833483}
{"stage": "fast_batch_measurements_persisted", "utc": "2026-09-06T21:57:19.506703+00:00", "completed": 380, "new_completed": 230, "elapsed_s": 3.5852070999972057}
{"stage": "fast_batch_measurements_persisted", "utc": "2026-09-06T21:57:23.467244+00:00", "completed": 390, "new_completed": 240, "elapsed_s": 3.9369493999984115}
{"stage": "fast_batch_measurements_persisted", "utc": "2026-09-06T21:57:27.437392+00:00", "completed": 400, "new_completed": 250, "elapsed_s": 3.9389755000011064}
{"stage": "fast_batch_measurements_persisted", "utc": "2026-09-06T21:57:31.395574+00:00", "completed": 410, "new_completed": 260, "elapsed_s": 3.931603399978485}
{"stage": "fast_batch_measurements_persisted", "utc": "2026-09-06T21:57:35.380158+00:00", "completed": 420, "new_completed": 270, "elapsed_s": 3.949478499998804}
{"stage": "fast_batch_measurements_persisted", "utc": "2026-09-06T21:57:39.439273+00:00", "completed": 430, "new_completed": 280, "elapsed_s": 4.021194600005401}
{"stage": "fast_batch_measurements_persisted", "utc": "2026-09-06T21:57:43.493571+00:00", "completed": 440, "new_completed": 290, "elapsed_s": 4.023178000003099}
{"stage": "fast_batch_measurements_persisted", "utc": "2026-09-06T21:57:46.647159+00:00", "completed": 450, "new_completed": 300, "elapsed_s": 3.1172670000232756}
{"stage": "fast_batch_measurements_persisted", "utc": "2026-09-06T21:57:50.602810+00:00", "completed": 460, "new_completed": 310, "elapsed_s": 3.9261837000085507}
{"stage": "fast_batch_measurements_persisted", "utc": "2026-09-06T21:57:53.790687+00:00", "completed": 470, "new_completed": 320, "elapsed_s": 3.151713299972471}
{"stage": "fast_batch_measurements_persisted", "utc": "2026-09-06T21:57:57.916328+00:00", "completed": 480, "new_completed": 330, "elapsed_s": 4.095789300015895}
{"stage": "fast_batch_measurements_persisted", "utc": "2026-09-06T21:58:01.829375+00:00", "completed": 490, "new_completed": 340, "elapsed_s": 3.884366099984618}
{"stage": "fast_batch_measurements_persisted", "utc": "2026-09-06T21:58:05.836453+00:00", "completed": 500, "new_completed": 350, "elapsed_s": 3.9729401000076905}
{"stage": "fast_batch_measurements_persisted", "utc": "2026-09-06T21:58:09.925634+00:00", "completed": 510, "new_completed": 360, "elapsed_s": 4.061382299987599}
{"stage": "fast_batch_measurements_persisted", "utc": "2026-09-06T21:58:14.102822+00:00", "completed": 520, "new_completed": 370, "elapsed_s": 4.145375600026455}
{"stage": "fast_batch_measurements_persisted", "utc": "2026-09-06T21:58:18.328722+00:00", "completed": 530, "new_completed": 380, "elapsed_s": 4.191079200012609}
{"stage": "fast_batch_measurements_persisted", "utc": "2026-09-06T21:58:22.664540+00:00", "completed": 540, "new_completed": 390, "elapsed_s": 4.29579959998955}
{"stage": "fast_batch_measurements_persisted", "utc": "2026-09-06T21:58:27.080909+00:00", "completed": 550, "new_completed": 400, "elapsed_s": 4.374116899998626}
{"stage": "fast_batch_measurements_persisted", "utc": "2026-09-06T21:58:31.453560+00:00", "completed": 560, "new_completed": 410, "elapsed_s": 4.328864599985536}
{"stage": "fast_batch_measurements_persisted", "utc": "2026-09-06T21:58:35.991057+00:00", "completed": 570, "new_completed": 420, "elapsed_s": 4.496966199978488}
{"stage": "fast_batch_measurements_persisted", "utc": "2026-09-06T21:58:46.978539+00:00", "completed": 580, "new_completed": 430, "elapsed_s": 10.942135299992515}
{"stage": "fast_batch_measurements_persisted", "utc": "2026-09-06T21:58:51.752692+00:00", "completed": 590, "new_completed": 440, "elapsed_s": 4.733619200007524}
{"stage": "fast_batch_measurements_persisted", "utc": "2026-09-06T21:58:55.207312+00:00", "completed": 597, "new_completed": 447, "elapsed_s": 3.4101176999974996}
{"stage": "all_available_cold_evidence_persisted_before_ui_restore", "utc": "2026-09-06T21:58:57.869818+00:00", "measured": 597, "all597_complete": true}
{"stage": "ui_controls_restored_without_explicit_redraw", "utc": "2026-09-06T21:58:59.529895+00:00"}
{"stage": "recovery_completed", "utc": "2026-09-06T21:59:03.542930+00:00", "measured": 597, "native_complete": true}
