** Drc report for wp10_c203_terminal.kicad_pcb **
** Created on 2026-09-09T17:20:15 **
** Report includes: Errors, Warnings **

** Found 15 DRC violations **
[hole_clearance]: 穴のクリアランス違反 (基板の設定の穴の制約 クリアランス 0.2500 mm; 現状 0.0000 mm)
    Rule: 基板の設定の穴の制約; error
    @(86.0000 mm, 104.0000 mm): Track [WP10_PRECHARGED_PLUS] on B.Cu, length 10.0000 mm
    @(86.0000 mm, 114.0000 mm): NPTH pad of C203
[hole_clearance]: 穴のクリアランス違反 (基板の設定の穴の制約 クリアランス 0.2500 mm; 現状 0.0000 mm)
    Rule: 基板の設定の穴の制約; error
    @(114.0000 mm, 104.0000 mm): Track [WP10_INPUT_RETURN] on B.Cu, length 10.0000 mm
    @(114.0000 mm, 114.0000 mm): NPTH pad of C203
[hole_clearance]: 穴のクリアランス違反 (基板の設定の穴の制約 クリアランス 0.2500 mm; 現状 0.0000 mm)
    Rule: 基板の設定の穴の制約; error
    @(105.0000 mm, 100.0000 mm): Track [WP10_INPUT_RETURN] on B.Cu, length 5.0000 mm
    @(105.0000 mm, 100.0000 mm): NPTH pad of C203
[hole_clearance]: 穴のクリアランス違反 (基板の設定の穴の制約 クリアランス 0.2500 mm; 現状 0.0000 mm)
    Rule: 基板の設定の穴の制約; error
    @(95.0000 mm, 100.0000 mm): Track [WP10_PRECHARGED_PLUS] on B.Cu, length 5.0000 mm
    @(95.0000 mm, 100.0000 mm): NPTH pad of C203
[hole_clearance]: 穴のクリアランス違反 (基板の設定の穴の制約 クリアランス 0.2500 mm; 現状 0.0000 mm)
    Rule: 基板の設定の穴の制約; error
    @(86.0000 mm, 114.0000 mm): Pad 1 [WP10_PRECHARGED_PLUS] of C203 on B.Cu
    @(86.0000 mm, 114.0000 mm): NPTH pad of C203
[hole_clearance]: 穴のクリアランス違反 (基板の設定の穴の制約 クリアランス 0.2500 mm; 現状 0.0000 mm)
    Rule: 基板の設定の穴の制約; error
    @(95.0000 mm, 100.0000 mm): Pad 1 [WP10_PRECHARGED_PLUS] of C203 on B.Cu
    @(95.0000 mm, 100.0000 mm): NPTH pad of C203
[hole_clearance]: 穴のクリアランス違反 (基板の設定の穴の制約 クリアランス 0.2500 mm; 現状 0.0000 mm)
    Rule: 基板の設定の穴の制約; error
    @(105.0000 mm, 100.0000 mm): Pad 2 [WP10_INPUT_RETURN] of C203 on B.Cu
    @(105.0000 mm, 100.0000 mm): NPTH pad of C203
[hole_clearance]: 穴のクリアランス違反 (基板の設定の穴の制約 クリアランス 0.2500 mm; 現状 0.0000 mm)
    Rule: 基板の設定の穴の制約; error
    @(114.0000 mm, 114.0000 mm): Pad 2 [WP10_INPUT_RETURN] of C203 on B.Cu
    @(114.0000 mm, 114.0000 mm): NPTH pad of C203
[solder_mask_bridge]: 異なるネットのアイテムが裏面ハンダマスクのアパーチャで接続されている
    Rule: 基板セットアップのハンダマスクの最小幅; error
    @(86.0000 mm, 114.0000 mm): NPTH pad of C203
    @(86.0000 mm, 114.0000 mm): Pad 1 [WP10_PRECHARGED_PLUS] of C203 on B.Cu
[solder_mask_bridge]: 異なるネットのアイテムが裏面ハンダマスクのアパーチャで接続されている
    Rule: 基板セットアップのハンダマスクの最小幅; error
    @(114.0000 mm, 114.0000 mm): NPTH pad of C203
    @(114.0000 mm, 114.0000 mm): Pad 2 [WP10_INPUT_RETURN] of C203 on B.Cu
[solder_mask_bridge]: 異なるネットのアイテムが裏面ハンダマスクのアパーチャで接続されている
    Rule: 基板セットアップのハンダマスクの最小幅; error
    @(105.0000 mm, 100.0000 mm): NPTH pad of C203
    @(105.0000 mm, 100.0000 mm): Pad 2 [WP10_INPUT_RETURN] of C203 on B.Cu
[solder_mask_bridge]: 異なるネットのアイテムが裏面ハンダマスクのアパーチャで接続されている
    Rule: 基板セットアップのハンダマスクの最小幅; error
    @(95.0000 mm, 100.0000 mm): NPTH pad of C203
    @(95.0000 mm, 100.0000 mm): Pad 1 [WP10_PRECHARGED_PLUS] of C203 on B.Cu
[nonmirrored_text_on_back_layer]: Non-Mirrored text on back layer
    Local override; warning
    @(85.0000 mm, 119.0000 mm): PCB text '+ WIRE' on B.Silkscreen
[nonmirrored_text_on_back_layer]: Non-Mirrored text on back layer
    Local override; warning
    @(115.0000 mm, 119.0000 mm): PCB text 'WIRE -' on B.Silkscreen
[nonmirrored_text_on_back_layer]: Non-Mirrored text on back layer
    Local override; warning
    @(100.0000 mm, 94.0000 mm): PCB text 'C203  |  +1        2-' on B.Silkscreen

** Found 0 unconnected pads **

** Found 0 Footprint errors **

** Ignored checks **
    - Footprint has no courtyard defined
    - Track endpoint not centered on via
    - Tuning profile track geometries
    - Footprint doesn't match symbol's footprint filters
    - Footprint component type doesn't match footprint pads

** End of Report **
