2026-07-29T18:14:36.6293293Z | BEGIN | STRONG_TYPED_POSTSAVE_RECOVERY_ATTEMPT_002
2026-07-29T18:14:36.6311357Z | CONTRACT | STRONG_TYPED_INTEROP; NO_DOCUMENT_CREATION_SAVE_OPEN_COPY_OR_PROCESS_TERMINATION
2026-07-29T18:14:36.6327644Z | BEGIN | HASH_ORIGINAL_FAIL_RECEIPT_BEFORE
2026-07-29T18:14:36.6489702Z | END | HASH_ORIGINAL_FAIL_RECEIPT_BEFORE
2026-07-29T18:14:36.6500163Z | BEGIN | HASH_ATTEMPT_1_FAIL_BEFORE
2026-07-29T18:14:36.6510163Z | END | HASH_ATTEMPT_1_FAIL_BEFORE
2026-07-29T18:14:36.6520136Z | BEGIN | HASH_ATTEMPT_1_PROGRESS_BEFORE
2026-07-29T18:14:36.6544360Z | END | HASH_ATTEMPT_1_PROGRESS_BEFORE
2026-07-29T18:14:36.6544360Z | BEGIN | HASH_PROTECTED_STAGE_A_BEFORE_READ_ONLY
2026-07-29T18:14:36.6581530Z | END | HASH_PROTECTED_STAGE_A_BEFORE_READ_ONLY
2026-07-29T18:14:36.6581530Z | BEGIN | VERIFY_SOLE_SLDWORKS_PROCESS_IS_PID_3308
2026-07-29T18:14:36.6907548Z | END | VERIFY_SOLE_SLDWORKS_PROCESS_IS_PID_3308
2026-07-29T18:14:36.6947563Z | BEGIN | ATTACH_STRONG_TYPED_ROT_NO_PROCESS_START
2026-07-29T18:14:36.8394007Z | END | ATTACH_STRONG_TYPED_ROT_NO_PROCESS_START
2026-07-29T18:14:36.9286640Z | BEGIN | READ_STRONG_TYPED_COORDINATE_SYSTEM_TRANSFORM
2026-07-29T18:14:39.7179654Z | END | READ_STRONG_TYPED_COORDINATE_SYSTEM_TRANSFORM
2026-07-29T18:14:39.7206257Z | BEGIN | VERIFY_ZERO_EXTERNAL_FILE_REFERENCES
2026-07-29T18:14:39.9951351Z | END | VERIFY_ZERO_EXTERNAL_FILE_REFERENCES
2026-07-29T18:14:39.9989557Z | BEGIN | CLOSE_TARGET_USING_CURRENT_MODEL_TITLE
2026-07-29T18:14:41.9326340Z | END | CLOSE_TARGET_USING_CURRENT_MODEL_TITLE
2026-07-29T18:14:42.0146919Z | BEGIN | READ_TARGET_BYTES_AFTER_CLOSE
2026-07-29T18:14:42.0166921Z | END | READ_TARGET_BYTES_AFTER_CLOSE
2026-07-29T18:14:42.0176909Z | BEGIN | HASH_TARGET_AFTER_CLOSE
2026-07-29T18:14:42.0196922Z | END | HASH_TARGET_AFTER_CLOSE
2026-07-29T18:14:42.0206898Z | BEGIN | HASH_PROTECTED_STAGE_A_AFTER_READ_ONLY
2026-07-29T18:14:42.0236904Z | END | HASH_PROTECTED_STAGE_A_AFTER_READ_ONLY
2026-07-29T18:14:42.0246900Z | BEGIN | HASH_ORIGINAL_FAIL_RECEIPT_AFTER
2026-07-29T18:14:42.0256914Z | END | HASH_ORIGINAL_FAIL_RECEIPT_AFTER
2026-07-29T18:14:42.0266903Z | BEGIN | HASH_ATTEMPT_1_FAIL_AFTER
2026-07-29T18:14:42.0276912Z | END | HASH_ATTEMPT_1_FAIL_AFTER
2026-07-29T18:14:42.0286903Z | BEGIN | HASH_ATTEMPT_1_PROGRESS_AFTER
2026-07-29T18:14:42.0296910Z | END | HASH_ATTEMPT_1_PROGRESS_AFTER
2026-07-29T18:14:42.0296910Z | BEGIN | WRITE_IMMUTABLE_TRANSFORM_EVIDENCE
2026-07-29T18:14:42.1074322Z | END | WRITE_IMMUTABLE_TRANSFORM_EVIDENCE
2026-07-29T18:14:42.1085140Z | BEGIN | REQUEST_NORMAL_EXIT_FROM_EMPTY_SESSION
2026-07-29T18:14:42.1245649Z | END | REQUEST_NORMAL_EXIT_FROM_EMPTY_SESSION
2026-07-29T18:14:43.1601016Z | BEGIN | WAIT_FOR_NORMAL_PROCESS_EXIT
2026-07-29T18:14:52.5668112Z | END | WAIT_FOR_NORMAL_PROCESS_EXIT
2026-07-29T18:14:52.5821895Z | FAIL_CLOSED | System.InvalidOperationException | 进程不是由此对象启动的，因此无法确定所请求的信息。
