2026-08-01T10:15:58.4008330Z | BEGIN | SINGLE_CS_COLD_PROCESS_REOPEN
2026-08-01T10:15:58.4023454Z | CONTRACT | ATTACH_ONLY; ONE_FIXED_OPENDOC6; ONE_CONTROLLED_SAVE3; IMMUTABLE_OUTPUTS
2026-08-01T10:15:58.4033470Z | BEGIN | HASH_TARGET_BEFORE_OPEN
2026-08-01T10:15:58.4202120Z | END | HASH_TARGET_BEFORE_OPEN
2026-08-01T10:15:58.4212184Z | BEGIN | HASH_PROTECTED_STAGE_A_BEFORE_READ_ONLY
2026-08-01T10:15:58.4252132Z | END | HASH_PROTECTED_STAGE_A_BEFORE_READ_ONLY
2026-08-01T10:15:58.4262147Z | BEGIN | VERIFY_EXACTLY_ONE_VISIBLE_RESPONSIVE_SLDWORKS_PROCESS
2026-08-01T10:15:58.4577497Z | END | VERIFY_EXACTLY_ONE_VISIBLE_RESPONSIVE_SLDWORKS_PROCESS
2026-08-01T10:15:58.4607499Z | BEGIN | ATTACH_STRONG_TYPED_ROT_TO_EXTERNAL_SESSION
2026-08-01T10:15:58.4886931Z | END | ATTACH_STRONG_TYPED_ROT_TO_EXTERNAL_SESSION
2026-08-01T10:16:11.7825137Z | BEGIN | READ_STRONG_TYPED_PERSISTED_COORDINATE_SYSTEM
2026-08-01T10:16:13.7737418Z | END | READ_STRONG_TYPED_PERSISTED_COORDINATE_SYSTEM
2026-08-01T10:16:13.7762553Z | BEGIN | VERIFY_ZERO_EXTERNAL_FILE_REFERENCES
2026-08-01T10:16:13.9042740Z | END | VERIFY_ZERO_EXTERNAL_FILE_REFERENCES
2026-08-01T10:16:13.9052703Z | READY_FOR_VISIBLE_EVIDENCE | persisted CS_DIAGNOSTIC_ONLY readback passed; 20 second evidence window begins before Save3
2026-08-01T10:16:33.9117655Z | VISIBLE_EVIDENCE_WINDOW_COMPLETE | proceeding to the single controlled Save3
2026-08-01T10:16:34.1048210Z | BEGIN | CLOSE_TARGET_USING_CURRENT_MODEL_TITLE
2026-08-01T10:16:36.4170608Z | END | CLOSE_TARGET_USING_CURRENT_MODEL_TITLE
2026-08-01T10:16:36.4509966Z | BEGIN | HASH_TARGET_AFTER_CONTROLLED_SAVE_AND_CLOSE
2026-08-01T10:16:36.4529964Z | END | HASH_TARGET_AFTER_CONTROLLED_SAVE_AND_CLOSE
2026-08-01T10:16:36.4529964Z | BEGIN | HASH_PROTECTED_STAGE_A_AFTER_READ_ONLY
2026-08-01T10:16:36.4571034Z | END | HASH_PROTECTED_STAGE_A_AFTER_READ_ONLY
2026-08-01T10:16:36.4571034Z | BEGIN | REQUEST_NORMAL_EXIT_FROM_EMPTY_SESSION
2026-08-01T10:16:36.4698943Z | END | REQUEST_NORMAL_EXIT_FROM_EMPTY_SESSION
2026-08-01T10:16:37.1681565Z | BEGIN | WAIT_FOR_EXTERNAL_PROCESS_DISAPPEARANCE
2026-08-01T10:16:45.8630930Z | END | WAIT_FOR_EXTERNAL_PROCESS_DISAPPEARANCE
2026-08-01T10:16:45.9399305Z | BEGIN | WRITE_IMMUTABLE_COLD_REOPEN_TRANSFORM
2026-08-01T10:16:45.9866912Z | END | WRITE_IMMUTABLE_COLD_REOPEN_TRANSFORM
2026-08-01T10:16:45.9886910Z | BEGIN | WRITE_IMMUTABLE_COLD_REOPEN_RECEIPT
2026-08-01T10:16:45.9918123Z | END | WRITE_IMMUTABLE_COLD_REOPEN_RECEIPT
2026-08-01T10:16:45.9918123Z | COMPLETE | SINGLE_COORDINATE_SYSTEM_PERSISTENCE_PASS
