2026-07-29T17:36:08.0505141Z | START | SER_B51R1_SINGLE_CS_DIAGNOSTIC_FIRST_LAUNCH_V1
2026-07-29T17:36:08.0525125Z | BEGIN | PREFLIGHT_EXACT_PATHS_AND_NO_OVERWRITE
2026-07-29T17:36:08.0545131Z | END | PREFLIGHT_EXACT_PATHS_AND_NO_OVERWRITE
2026-07-29T17:36:08.0555150Z | BEGIN | HASH_PROTECTED_STAGE_A_BEFORE_READ_ONLY
2026-07-29T17:36:08.0762681Z | END | HASH_PROTECTED_STAGE_A_BEFORE_READ_ONLY
2026-07-29T17:36:08.0772674Z | BEGIN | VERIFY_EXACTLY_ONE_EXTERNALLY_STARTED_SOLIDWORKS_PROCESS
2026-07-29T17:36:08.1092621Z | END | VERIFY_EXACTLY_ONE_EXTERNALLY_STARTED_SOLIDWORKS_PROCESS
2026-07-29T17:36:08.1098081Z | BEGIN | VERIFY_PROCESS_RESPONDING_AND_VISIBLE_WINDOW
2026-07-29T17:36:08.1143158Z | END | VERIFY_PROCESS_RESPONDING_AND_VISIBLE_WINDOW
2026-07-29T17:36:08.1157197Z | BEGIN | ATTACH_ROT_ACTIVE_SOLIDWORKS_NO_LAUNCH
2026-07-29T17:36:08.1766831Z | END | ATTACH_ROT_ACTIVE_SOLIDWORKS_NO_LAUNCH
2026-07-29T17:36:08.1766831Z | BEGIN | VERIFY_ATTACHED_IDENTITY_VISIBLE_EMPTY_2024_SP5
2026-07-29T17:36:08.2029933Z | END | VERIFY_ATTACHED_IDENTITY_VISIBLE_EMPTY_2024_SP5
2026-07-29T17:36:08.2039920Z | BEGIN | READ_CONFIGURED_DEFAULT_PART_TEMPLATE
2026-07-29T17:36:08.2110388Z | END | READ_CONFIGURED_DEFAULT_PART_TEMPLATE
2026-07-29T17:36:08.2120380Z | BEGIN | CREATE_NEW_BLANK_PART_FROM_CONFIGURED_TEMPLATE
2026-07-29T17:36:19.3226698Z | END | CREATE_NEW_BLANK_PART_FROM_CONFIGURED_TEMPLATE
2026-07-29T17:36:19.3256716Z | BEGIN | CONFIRM_DEFAULT_FRONT_TOP_RIGHT_PLANES_AND_ORIGIN
2026-07-29T17:36:20.9556985Z | END | CONFIRM_DEFAULT_FRONT_TOP_RIGHT_PLANES_AND_ORIGIN
2026-07-29T17:36:21.0724880Z | BEGIN | OPEN_SINGLE_SUPPORT_3D_SKETCH
2026-07-29T17:36:21.4183978Z | END | OPEN_SINGLE_SUPPORT_3D_SKETCH
2026-07-29T17:36:21.4193965Z | BEGIN | CREATE_SUPPORT_ORIGIN_POINT
2026-07-29T17:36:22.3362760Z | END | CREATE_SUPPORT_ORIGIN_POINT
2026-07-29T17:36:22.3380057Z | BEGIN | CREATE_SUPPORT_X_AXIS_LINE
2026-07-29T17:36:22.4529620Z | END | CREATE_SUPPORT_X_AXIS_LINE
2026-07-29T17:36:22.4539618Z | BEGIN | CREATE_SUPPORT_Y_AXIS_LINE
2026-07-29T17:36:22.4802946Z | END | CREATE_SUPPORT_Y_AXIS_LINE
2026-07-29T17:36:22.4812949Z | BEGIN | CLOSE_SINGLE_SUPPORT_3D_SKETCH
2026-07-29T17:36:22.9607570Z | END | CLOSE_SINGLE_SUPPORT_3D_SKETCH
2026-07-29T17:36:23.1464946Z | BEGIN | CALL_INSERT_COORDINATE_SYSTEM_EXACTLY_ONCE
2026-07-29T17:36:23.9203039Z | END | CALL_INSERT_COORDINATE_SYSTEM_EXACTLY_ONCE
2026-07-29T17:36:24.3093761Z | BEGIN | READ_AND_VALIDATE_COORDINATE_SYSTEM_TRANSFORM
2026-07-29T17:36:25.5376020Z | END | READ_AND_VALIDATE_COORDINATE_SYSTEM_TRANSFORM
2026-07-29T17:36:25.5449388Z | BEGIN | REBUILD_NEW_BLANK_PART
2026-07-29T17:36:25.9499728Z | END | REBUILD_NEW_BLANK_PART
2026-07-29T17:36:25.9514912Z | BEGIN | VERIFY_EXACTLY_ONE_NAMED_COORDINATE_SYSTEM
2026-07-29T17:36:27.3999842Z | END | VERIFY_EXACTLY_ONE_NAMED_COORDINATE_SYSTEM
2026-07-29T17:36:27.4099222Z | BEGIN | VERIFY_ZERO_EXTERNAL_FILE_REFERENCES
2026-07-29T17:36:27.4741560Z | END | VERIFY_ZERO_EXTERNAL_FILE_REFERENCES
2026-07-29T17:36:27.4746962Z | BEGIN | SAVE_AS_FIXED_DIAGNOSTIC_TARGET
2026-07-29T17:36:28.3625688Z | END | SAVE_AS_FIXED_DIAGNOSTIC_TARGET
2026-07-29T17:36:28.3635821Z | BEGIN | CLOSE_DIAGNOSTIC_DOCUMENT
2026-07-29T17:36:28.3683597Z | END | CLOSE_DIAGNOSTIC_DOCUMENT
2026-07-29T17:36:28.3787607Z | BEGIN | VERIFY_SESSION_EMPTY_AFTER_CLOSE
2026-07-29T17:36:28.3836196Z | FAIL | VERIFY_SESSION_EMPTY_AFTER_CLOSE | System.InvalidOperationException | SolidWorks session is not empty after closing the diagnostic part
2026-07-29T17:36:28.3857800Z | FAIL_CLOSED | System.InvalidOperationException | SolidWorks session is not empty after closing the diagnostic part
