INSPECTOR|SER_ENGINEERING_VISUAL_V1_0
SOLIDWORKS_VERSION|32.5.0
MODE|READ_ONLY_REOPEN_AND_REBUILD
CHECK|NATIVE_MANIFEST_PRESENT|PASS|records=32
CHECK|NATIVE_HASHES_MATCH|PASS|manifest records=32
CHECK|OPEN_REBUILD:00_Master_Skeleton/SER_Master_Skeleton_V1_0.SLDPRT|PASS|open=PASS; rebuild=PASS
CHECK|IDENTITY_PROPERTIES:00_Master_Skeleton/SER_Master_Skeleton_V1_0.SLDPRT|PASS|required=21
CHECK|NO_SOURCE_REF_ALIAS:00_Master_Skeleton/SER_Master_Skeleton_V1_0.SLDPRT|PASS|canonical=SOURCE_REFERENCE
CHECK|NO_DYNAMICS_USE:00_Master_Skeleton/SER_Master_Skeleton_V1_0.SLDPRT|PASS|TRUE
CHECK|MASS_CONTRIBUTION_FALSE:00_Master_Skeleton/SER_Master_Skeleton_V1_0.SLDPRT|PASS|FALSE_CAD_VISUAL_ONLY
CHECK|VENDOR_STEP_FALSE:00_Master_Skeleton/SER_Master_Skeleton_V1_0.SLDPRT|PASS|FALSE
CHECK|OPEN_REBUILD:01_Primary_Structure/12U_Structured_Bus_Visual.SLDASM|PASS|open=PASS; rebuild=PASS
CHECK|IDENTITY_PROPERTIES:01_Primary_Structure/12U_Structured_Bus_Visual.SLDASM|PASS|required=21
CHECK|NO_SOURCE_REF_ALIAS:01_Primary_Structure/12U_Structured_Bus_Visual.SLDASM|PASS|canonical=SOURCE_REFERENCE
CHECK|NO_DYNAMICS_USE:01_Primary_Structure/12U_Structured_Bus_Visual.SLDASM|PASS|TRUE
CHECK|MASS_CONTRIBUTION_FALSE:01_Primary_Structure/12U_Structured_Bus_Visual.SLDASM|PASS|FALSE_CAD_VISUAL_ONLY
CHECK|VENDOR_STEP_FALSE:01_Primary_Structure/12U_Structured_Bus_Visual.SLDASM|PASS|FALSE
CHECK|ASSEMBLY_REFERENCES:01_Primary_Structure/12U_Structured_Bus_Visual.SLDASM|PASS|components=5
CHECK|OPEN_REBUILD:01_Primary_Structure/parts/12U_Equipment_Decks_Visual.SLDPRT|PASS|open=PASS; rebuild=PASS
CHECK|IDENTITY_PROPERTIES:01_Primary_Structure/parts/12U_Equipment_Decks_Visual.SLDPRT|PASS|required=21
CHECK|NO_SOURCE_REF_ALIAS:01_Primary_Structure/parts/12U_Equipment_Decks_Visual.SLDPRT|PASS|canonical=SOURCE_REFERENCE
CHECK|NO_DYNAMICS_USE:01_Primary_Structure/parts/12U_Equipment_Decks_Visual.SLDPRT|PASS|TRUE
CHECK|MASS_CONTRIBUTION_FALSE:01_Primary_Structure/parts/12U_Equipment_Decks_Visual.SLDPRT|PASS|FALSE_CAD_VISUAL_ONLY
CHECK|VENDOR_STEP_FALSE:01_Primary_Structure/parts/12U_Equipment_Decks_Visual.SLDPRT|PASS|FALSE
CHECK|OPEN_REBUILD:01_Primary_Structure/parts/12U_External_Panels_Visual.SLDPRT|PASS|open=PASS; rebuild=PASS
CHECK|IDENTITY_PROPERTIES:01_Primary_Structure/parts/12U_External_Panels_Visual.SLDPRT|PASS|required=21
CHECK|NO_SOURCE_REF_ALIAS:01_Primary_Structure/parts/12U_External_Panels_Visual.SLDPRT|PASS|canonical=SOURCE_REFERENCE
CHECK|NO_DYNAMICS_USE:01_Primary_Structure/parts/12U_External_Panels_Visual.SLDPRT|PASS|TRUE
CHECK|MASS_CONTRIBUTION_FALSE:01_Primary_Structure/parts/12U_External_Panels_Visual.SLDPRT|PASS|FALSE_CAD_VISUAL_ONLY
CHECK|VENDOR_STEP_FALSE:01_Primary_Structure/parts/12U_External_Panels_Visual.SLDPRT|PASS|FALSE
CHECK|OPEN_REBUILD:01_Primary_Structure/parts/12U_Frame_Structure_Visual.SLDPRT|PASS|open=PASS; rebuild=PASS
CHECK|IDENTITY_PROPERTIES:01_Primary_Structure/parts/12U_Frame_Structure_Visual.SLDPRT|PASS|required=21
CHECK|NO_SOURCE_REF_ALIAS:01_Primary_Structure/parts/12U_Frame_Structure_Visual.SLDPRT|PASS|canonical=SOURCE_REFERENCE
CHECK|NO_DYNAMICS_USE:01_Primary_Structure/parts/12U_Frame_Structure_Visual.SLDPRT|PASS|TRUE
CHECK|MASS_CONTRIBUTION_FALSE:01_Primary_Structure/parts/12U_Frame_Structure_Visual.SLDPRT|PASS|FALSE_CAD_VISUAL_ONLY
CHECK|VENDOR_STEP_FALSE:01_Primary_Structure/parts/12U_Frame_Structure_Visual.SLDPRT|PASS|FALSE
CHECK|OPEN_REBUILD:01_Primary_Structure/parts/Rail_Contact_Reference_Wire.SLDPRT|PASS|open=PASS; rebuild=PASS
CHECK|IDENTITY_PROPERTIES:01_Primary_Structure/parts/Rail_Contact_Reference_Wire.SLDPRT|PASS|required=21
CHECK|NO_SOURCE_REF_ALIAS:01_Primary_Structure/parts/Rail_Contact_Reference_Wire.SLDPRT|PASS|canonical=SOURCE_REFERENCE
CHECK|NO_DYNAMICS_USE:01_Primary_Structure/parts/Rail_Contact_Reference_Wire.SLDPRT|PASS|TRUE
CHECK|MASS_CONTRIBUTION_FALSE:01_Primary_Structure/parts/Rail_Contact_Reference_Wire.SLDPRT|PASS|FALSE_CAD_VISUAL_ONLY
CHECK|VENDOR_STEP_FALSE:01_Primary_Structure/parts/Rail_Contact_Reference_Wire.SLDPRT|PASS|FALSE
CHECK|OPEN_REBUILD:01_Primary_Structure/parts/Task_Face_Panel_Visual.SLDPRT|PASS|open=PASS; rebuild=PASS
CHECK|IDENTITY_PROPERTIES:01_Primary_Structure/parts/Task_Face_Panel_Visual.SLDPRT|PASS|required=21
CHECK|NO_SOURCE_REF_ALIAS:01_Primary_Structure/parts/Task_Face_Panel_Visual.SLDPRT|PASS|canonical=SOURCE_REFERENCE
CHECK|NO_DYNAMICS_USE:01_Primary_Structure/parts/Task_Face_Panel_Visual.SLDPRT|PASS|TRUE
CHECK|MASS_CONTRIBUTION_FALSE:01_Primary_Structure/parts/Task_Face_Panel_Visual.SLDPRT|PASS|FALSE_CAD_VISUAL_ONLY
CHECK|VENDOR_STEP_FALSE:01_Primary_Structure/parts/Task_Face_Panel_Visual.SLDPRT|PASS|FALSE
CHECK|OPEN_REBUILD:02_Robot_Mount/B601_Mount_Adapter_Visual.SLDPRT|PASS|open=PASS; rebuild=PASS
CHECK|IDENTITY_PROPERTIES:02_Robot_Mount/B601_Mount_Adapter_Visual.SLDPRT|PASS|required=21
CHECK|NO_SOURCE_REF_ALIAS:02_Robot_Mount/B601_Mount_Adapter_Visual.SLDPRT|PASS|canonical=SOURCE_REFERENCE
CHECK|NO_DYNAMICS_USE:02_Robot_Mount/B601_Mount_Adapter_Visual.SLDPRT|PASS|TRUE
CHECK|MASS_CONTRIBUTION_FALSE:02_Robot_Mount/B601_Mount_Adapter_Visual.SLDPRT|PASS|FALSE_CAD_VISUAL_ONLY
CHECK|VENDOR_STEP_FALSE:02_Robot_Mount/B601_Mount_Adapter_Visual.SLDPRT|PASS|FALSE
CHECK|OPEN_REBUILD:02_Robot_Mount/B601_Mount_Module_Visual.SLDASM|PASS|open=PASS; rebuild=PASS
CHECK|IDENTITY_PROPERTIES:02_Robot_Mount/B601_Mount_Module_Visual.SLDASM|PASS|required=21
CHECK|NO_SOURCE_REF_ALIAS:02_Robot_Mount/B601_Mount_Module_Visual.SLDASM|PASS|canonical=SOURCE_REFERENCE
CHECK|NO_DYNAMICS_USE:02_Robot_Mount/B601_Mount_Module_Visual.SLDASM|PASS|TRUE
CHECK|MASS_CONTRIBUTION_FALSE:02_Robot_Mount/B601_Mount_Module_Visual.SLDASM|PASS|FALSE_CAD_VISUAL_ONLY
CHECK|VENDOR_STEP_FALSE:02_Robot_Mount/B601_Mount_Module_Visual.SLDASM|PASS|FALSE
CHECK|ASSEMBLY_REFERENCES:02_Robot_Mount/B601_Mount_Module_Visual.SLDASM|PASS|components=1
CHECK|OPEN_REBUILD:03_B601_Visual/B601_Joint_Frame_Overlay.SLDPRT|PASS|open=PASS; rebuild=PASS
CHECK|IDENTITY_PROPERTIES:03_B601_Visual/B601_Joint_Frame_Overlay.SLDPRT|PASS|required=21
CHECK|NO_SOURCE_REF_ALIAS:03_B601_Visual/B601_Joint_Frame_Overlay.SLDPRT|PASS|canonical=SOURCE_REFERENCE
CHECK|NO_DYNAMICS_USE:03_B601_Visual/B601_Joint_Frame_Overlay.SLDPRT|PASS|TRUE
CHECK|MASS_CONTRIBUTION_FALSE:03_B601_Visual/B601_Joint_Frame_Overlay.SLDPRT|PASS|FALSE_CAD_VISUAL_ONLY
CHECK|VENDOR_STEP_FALSE:03_B601_Visual/B601_Joint_Frame_Overlay.SLDPRT|PASS|FALSE
CHECK|OPEN_REBUILD:03_B601_Visual/B601_Visual_Assembly.SLDASM|PASS|open=PASS; rebuild=PASS
CHECK|IDENTITY_PROPERTIES:03_B601_Visual/B601_Visual_Assembly.SLDASM|PASS|required=21
CHECK|NO_SOURCE_REF_ALIAS:03_B601_Visual/B601_Visual_Assembly.SLDASM|PASS|canonical=SOURCE_REFERENCE
CHECK|NO_DYNAMICS_USE:03_B601_Visual/B601_Visual_Assembly.SLDASM|PASS|TRUE
CHECK|MASS_CONTRIBUTION_FALSE:03_B601_Visual/B601_Visual_Assembly.SLDASM|PASS|FALSE_CAD_VISUAL_ONLY
CHECK|VENDOR_STEP_FALSE:03_B601_Visual/B601_Visual_Assembly.SLDASM|PASS|FALSE
CHECK|ASSEMBLY_REFERENCES:03_B601_Visual/B601_Visual_Assembly.SLDASM|PASS|components=12
CHECK|OPEN_REBUILD:03_B601_Visual/links/base_link_visual.SLDPRT|PASS|open=PASS; rebuild=PASS
CHECK|IDENTITY_PROPERTIES:03_B601_Visual/links/base_link_visual.SLDPRT|PASS|required=21
CHECK|NO_SOURCE_REF_ALIAS:03_B601_Visual/links/base_link_visual.SLDPRT|PASS|canonical=SOURCE_REFERENCE
CHECK|NO_DYNAMICS_USE:03_B601_Visual/links/base_link_visual.SLDPRT|PASS|TRUE
CHECK|MASS_CONTRIBUTION_FALSE:03_B601_Visual/links/base_link_visual.SLDPRT|PASS|FALSE_CAD_VISUAL_ONLY
CHECK|VENDOR_STEP_FALSE:03_B601_Visual/links/base_link_visual.SLDPRT|PASS|FALSE
CHECK|OPEN_REBUILD:03_B601_Visual/links/gripper_left_visual.SLDPRT|PASS|open=PASS; rebuild=PASS
CHECK|IDENTITY_PROPERTIES:03_B601_Visual/links/gripper_left_visual.SLDPRT|PASS|required=21
CHECK|NO_SOURCE_REF_ALIAS:03_B601_Visual/links/gripper_left_visual.SLDPRT|PASS|canonical=SOURCE_REFERENCE
CHECK|NO_DYNAMICS_USE:03_B601_Visual/links/gripper_left_visual.SLDPRT|PASS|TRUE
CHECK|MASS_CONTRIBUTION_FALSE:03_B601_Visual/links/gripper_left_visual.SLDPRT|PASS|FALSE_CAD_VISUAL_ONLY
CHECK|VENDOR_STEP_FALSE:03_B601_Visual/links/gripper_left_visual.SLDPRT|PASS|FALSE
CHECK|OPEN_REBUILD:03_B601_Visual/links/gripper_link_visual.SLDPRT|PASS|open=PASS; rebuild=PASS
CHECK|IDENTITY_PROPERTIES:03_B601_Visual/links/gripper_link_visual.SLDPRT|PASS|required=21
CHECK|NO_SOURCE_REF_ALIAS:03_B601_Visual/links/gripper_link_visual.SLDPRT|PASS|canonical=SOURCE_REFERENCE
CHECK|NO_DYNAMICS_USE:03_B601_Visual/links/gripper_link_visual.SLDPRT|PASS|TRUE
CHECK|MASS_CONTRIBUTION_FALSE:03_B601_Visual/links/gripper_link_visual.SLDPRT|PASS|FALSE_CAD_VISUAL_ONLY
CHECK|VENDOR_STEP_FALSE:03_B601_Visual/links/gripper_link_visual.SLDPRT|PASS|FALSE
CHECK|OPEN_REBUILD:03_B601_Visual/links/gripper_right_visual.SLDPRT|PASS|open=PASS; rebuild=PASS
CHECK|IDENTITY_PROPERTIES:03_B601_Visual/links/gripper_right_visual.SLDPRT|PASS|required=21
CHECK|NO_SOURCE_REF_ALIAS:03_B601_Visual/links/gripper_right_visual.SLDPRT|PASS|canonical=SOURCE_REFERENCE
CHECK|NO_DYNAMICS_USE:03_B601_Visual/links/gripper_right_visual.SLDPRT|PASS|TRUE
CHECK|MASS_CONTRIBUTION_FALSE:03_B601_Visual/links/gripper_right_visual.SLDPRT|PASS|FALSE_CAD_VISUAL_ONLY
CHECK|VENDOR_STEP_FALSE:03_B601_Visual/links/gripper_right_visual.SLDPRT|PASS|FALSE
CHECK|OPEN_REBUILD:03_B601_Visual/links/link1_visual.SLDPRT|PASS|open=PASS; rebuild=PASS
CHECK|IDENTITY_PROPERTIES:03_B601_Visual/links/link1_visual.SLDPRT|PASS|required=21
CHECK|NO_SOURCE_REF_ALIAS:03_B601_Visual/links/link1_visual.SLDPRT|PASS|canonical=SOURCE_REFERENCE
CHECK|NO_DYNAMICS_USE:03_B601_Visual/links/link1_visual.SLDPRT|PASS|TRUE
CHECK|MASS_CONTRIBUTION_FALSE:03_B601_Visual/links/link1_visual.SLDPRT|PASS|FALSE_CAD_VISUAL_ONLY
CHECK|VENDOR_STEP_FALSE:03_B601_Visual/links/link1_visual.SLDPRT|PASS|FALSE
CHECK|OPEN_REBUILD:03_B601_Visual/links/link2_visual.SLDPRT|PASS|open=PASS; rebuild=PASS
CHECK|IDENTITY_PROPERTIES:03_B601_Visual/links/link2_visual.SLDPRT|PASS|required=21
CHECK|NO_SOURCE_REF_ALIAS:03_B601_Visual/links/link2_visual.SLDPRT|PASS|canonical=SOURCE_REFERENCE
CHECK|NO_DYNAMICS_USE:03_B601_Visual/links/link2_visual.SLDPRT|PASS|TRUE
CHECK|MASS_CONTRIBUTION_FALSE:03_B601_Visual/links/link2_visual.SLDPRT|PASS|FALSE_CAD_VISUAL_ONLY
CHECK|VENDOR_STEP_FALSE:03_B601_Visual/links/link2_visual.SLDPRT|PASS|FALSE
CHECK|OPEN_REBUILD:03_B601_Visual/links/link3_visual.SLDPRT|PASS|open=PASS; rebuild=PASS
CHECK|IDENTITY_PROPERTIES:03_B601_Visual/links/link3_visual.SLDPRT|PASS|required=21
CHECK|NO_SOURCE_REF_ALIAS:03_B601_Visual/links/link3_visual.SLDPRT|PASS|canonical=SOURCE_REFERENCE
CHECK|NO_DYNAMICS_USE:03_B601_Visual/links/link3_visual.SLDPRT|PASS|TRUE
CHECK|MASS_CONTRIBUTION_FALSE:03_B601_Visual/links/link3_visual.SLDPRT|PASS|FALSE_CAD_VISUAL_ONLY
CHECK|VENDOR_STEP_FALSE:03_B601_Visual/links/link3_visual.SLDPRT|PASS|FALSE
CHECK|OPEN_REBUILD:03_B601_Visual/links/link4_visual.SLDPRT|PASS|open=PASS; rebuild=PASS
CHECK|IDENTITY_PROPERTIES:03_B601_Visual/links/link4_visual.SLDPRT|PASS|required=21
CHECK|NO_SOURCE_REF_ALIAS:03_B601_Visual/links/link4_visual.SLDPRT|PASS|canonical=SOURCE_REFERENCE
CHECK|NO_DYNAMICS_USE:03_B601_Visual/links/link4_visual.SLDPRT|PASS|TRUE
CHECK|MASS_CONTRIBUTION_FALSE:03_B601_Visual/links/link4_visual.SLDPRT|PASS|FALSE_CAD_VISUAL_ONLY
CHECK|VENDOR_STEP_FALSE:03_B601_Visual/links/link4_visual.SLDPRT|PASS|FALSE
CHECK|OPEN_REBUILD:03_B601_Visual/links/link5_visual.SLDPRT|PASS|open=PASS; rebuild=PASS
CHECK|IDENTITY_PROPERTIES:03_B601_Visual/links/link5_visual.SLDPRT|PASS|required=21
CHECK|NO_SOURCE_REF_ALIAS:03_B601_Visual/links/link5_visual.SLDPRT|PASS|canonical=SOURCE_REFERENCE
CHECK|NO_DYNAMICS_USE:03_B601_Visual/links/link5_visual.SLDPRT|PASS|TRUE
CHECK|MASS_CONTRIBUTION_FALSE:03_B601_Visual/links/link5_visual.SLDPRT|PASS|FALSE_CAD_VISUAL_ONLY
CHECK|VENDOR_STEP_FALSE:03_B601_Visual/links/link5_visual.SLDPRT|PASS|FALSE
CHECK|OPEN_REBUILD:03_B601_Visual/links/link6_visual.SLDPRT|PASS|open=PASS; rebuild=PASS
CHECK|IDENTITY_PROPERTIES:03_B601_Visual/links/link6_visual.SLDPRT|PASS|required=21
CHECK|NO_SOURCE_REF_ALIAS:03_B601_Visual/links/link6_visual.SLDPRT|PASS|canonical=SOURCE_REFERENCE
CHECK|NO_DYNAMICS_USE:03_B601_Visual/links/link6_visual.SLDPRT|PASS|TRUE
CHECK|MASS_CONTRIBUTION_FALSE:03_B601_Visual/links/link6_visual.SLDPRT|PASS|FALSE_CAD_VISUAL_ONLY
CHECK|VENDOR_STEP_FALSE:03_B601_Visual/links/link6_visual.SLDPRT|PASS|FALSE
CHECK|OPEN_REBUILD:04_Solar_Wings/Solar_Wing_Left_Visual.SLDPRT|PASS|open=PASS; rebuild=PASS
CHECK|IDENTITY_PROPERTIES:04_Solar_Wings/Solar_Wing_Left_Visual.SLDPRT|PASS|required=21
CHECK|NO_SOURCE_REF_ALIAS:04_Solar_Wings/Solar_Wing_Left_Visual.SLDPRT|PASS|canonical=SOURCE_REFERENCE
CHECK|NO_DYNAMICS_USE:04_Solar_Wings/Solar_Wing_Left_Visual.SLDPRT|PASS|TRUE
CHECK|MASS_CONTRIBUTION_FALSE:04_Solar_Wings/Solar_Wing_Left_Visual.SLDPRT|PASS|FALSE_CAD_VISUAL_ONLY
CHECK|VENDOR_STEP_FALSE:04_Solar_Wings/Solar_Wing_Left_Visual.SLDPRT|PASS|FALSE
CHECK|OPEN_REBUILD:04_Solar_Wings/Solar_Wing_Right_Visual.SLDPRT|PASS|open=PASS; rebuild=PASS
CHECK|IDENTITY_PROPERTIES:04_Solar_Wings/Solar_Wing_Right_Visual.SLDPRT|PASS|required=21
CHECK|NO_SOURCE_REF_ALIAS:04_Solar_Wings/Solar_Wing_Right_Visual.SLDPRT|PASS|canonical=SOURCE_REFERENCE
CHECK|NO_DYNAMICS_USE:04_Solar_Wings/Solar_Wing_Right_Visual.SLDPRT|PASS|TRUE
CHECK|MASS_CONTRIBUTION_FALSE:04_Solar_Wings/Solar_Wing_Right_Visual.SLDPRT|PASS|FALSE_CAD_VISUAL_ONLY
CHECK|VENDOR_STEP_FALSE:04_Solar_Wings/Solar_Wing_Right_Visual.SLDPRT|PASS|FALSE
CHECK|OPEN_REBUILD:05_Sensor_Reference/Sensor_Semantic_Reference.SLDPRT|PASS|open=PASS; rebuild=PASS
CHECK|IDENTITY_PROPERTIES:05_Sensor_Reference/Sensor_Semantic_Reference.SLDPRT|PASS|required=21
CHECK|NO_SOURCE_REF_ALIAS:05_Sensor_Reference/Sensor_Semantic_Reference.SLDPRT|PASS|canonical=SOURCE_REFERENCE
CHECK|NO_DYNAMICS_USE:05_Sensor_Reference/Sensor_Semantic_Reference.SLDPRT|PASS|TRUE
CHECK|MASS_CONTRIBUTION_FALSE:05_Sensor_Reference/Sensor_Semantic_Reference.SLDPRT|PASS|FALSE_CAD_VISUAL_ONLY
CHECK|VENDOR_STEP_FALSE:05_Sensor_Reference/Sensor_Semantic_Reference.SLDPRT|PASS|FALSE
CHECK|OPEN_REBUILD:06_End_Effector_Reference/E_Virtual_Reference.SLDPRT|PASS|open=PASS; rebuild=PASS
CHECK|IDENTITY_PROPERTIES:06_End_Effector_Reference/E_Virtual_Reference.SLDPRT|PASS|required=21
CHECK|NO_SOURCE_REF_ALIAS:06_End_Effector_Reference/E_Virtual_Reference.SLDPRT|PASS|canonical=SOURCE_REFERENCE
CHECK|NO_DYNAMICS_USE:06_End_Effector_Reference/E_Virtual_Reference.SLDPRT|PASS|TRUE
CHECK|MASS_CONTRIBUTION_FALSE:06_End_Effector_Reference/E_Virtual_Reference.SLDPRT|PASS|FALSE_CAD_VISUAL_ONLY
CHECK|VENDOR_STEP_FALSE:06_End_Effector_Reference/E_Virtual_Reference.SLDPRT|PASS|FALSE
CHECK|OPEN_REBUILD:07_Rear_Service_Visual/Rear_Service_Module_Visual.SLDPRT|PASS|open=PASS; rebuild=PASS
CHECK|IDENTITY_PROPERTIES:07_Rear_Service_Visual/Rear_Service_Module_Visual.SLDPRT|PASS|required=21
CHECK|NO_SOURCE_REF_ALIAS:07_Rear_Service_Visual/Rear_Service_Module_Visual.SLDPRT|PASS|canonical=SOURCE_REFERENCE
CHECK|NO_DYNAMICS_USE:07_Rear_Service_Visual/Rear_Service_Module_Visual.SLDPRT|PASS|TRUE
CHECK|MASS_CONTRIBUTION_FALSE:07_Rear_Service_Visual/Rear_Service_Module_Visual.SLDPRT|PASS|FALSE_CAD_VISUAL_ONLY
CHECK|VENDOR_STEP_FALSE:07_Rear_Service_Visual/Rear_Service_Module_Visual.SLDPRT|PASS|FALSE
CHECK|OPEN_REBUILD:08_Target_Scene_Reference/Target_Scene_Reference.SLDASM|PASS|open=PASS; rebuild=PASS
CHECK|IDENTITY_PROPERTIES:08_Target_Scene_Reference/Target_Scene_Reference.SLDASM|PASS|required=21
CHECK|NO_SOURCE_REF_ALIAS:08_Target_Scene_Reference/Target_Scene_Reference.SLDASM|PASS|canonical=SOURCE_REFERENCE
CHECK|NO_DYNAMICS_USE:08_Target_Scene_Reference/Target_Scene_Reference.SLDASM|PASS|TRUE
CHECK|MASS_CONTRIBUTION_FALSE:08_Target_Scene_Reference/Target_Scene_Reference.SLDASM|PASS|FALSE_CAD_VISUAL_ONLY
CHECK|VENDOR_STEP_FALSE:08_Target_Scene_Reference/Target_Scene_Reference.SLDASM|PASS|FALSE
CHECK|ASSEMBLY_REFERENCES:08_Target_Scene_Reference/Target_Scene_Reference.SLDASM|PASS|components=2
CHECK|OPEN_REBUILD:08_Target_Scene_Reference/Target_Scene_Reference_Visual.SLDPRT|PASS|open=PASS; rebuild=PASS
CHECK|IDENTITY_PROPERTIES:08_Target_Scene_Reference/Target_Scene_Reference_Visual.SLDPRT|PASS|required=21
CHECK|NO_SOURCE_REF_ALIAS:08_Target_Scene_Reference/Target_Scene_Reference_Visual.SLDPRT|PASS|canonical=SOURCE_REFERENCE
CHECK|NO_DYNAMICS_USE:08_Target_Scene_Reference/Target_Scene_Reference_Visual.SLDPRT|PASS|TRUE
CHECK|MASS_CONTRIBUTION_FALSE:08_Target_Scene_Reference/Target_Scene_Reference_Visual.SLDPRT|PASS|FALSE_CAD_VISUAL_ONLY
CHECK|VENDOR_STEP_FALSE:08_Target_Scene_Reference/Target_Scene_Reference_Visual.SLDPRT|PASS|FALSE
CHECK|OPEN_REBUILD:10_Review_Overlays/Review_Exploded_V1_0.SLDASM|PASS|open=PASS; rebuild=PASS
CHECK|IDENTITY_PROPERTIES:10_Review_Overlays/Review_Exploded_V1_0.SLDASM|PASS|required=21
CHECK|NO_SOURCE_REF_ALIAS:10_Review_Overlays/Review_Exploded_V1_0.SLDASM|PASS|canonical=SOURCE_REFERENCE
CHECK|NO_DYNAMICS_USE:10_Review_Overlays/Review_Exploded_V1_0.SLDASM|PASS|TRUE
CHECK|MASS_CONTRIBUTION_FALSE:10_Review_Overlays/Review_Exploded_V1_0.SLDASM|PASS|FALSE_CAD_VISUAL_ONLY
CHECK|VENDOR_STEP_FALSE:10_Review_Overlays/Review_Exploded_V1_0.SLDASM|PASS|FALSE
CHECK|ASSEMBLY_REFERENCES:10_Review_Overlays/Review_Exploded_V1_0.SLDASM|PASS|components=7
CHECK|OPEN_REBUILD:10_Review_Overlays/Review_Safe_Display_V1_0.SLDASM|PASS|open=PASS; rebuild=PASS
CHECK|IDENTITY_PROPERTIES:10_Review_Overlays/Review_Safe_Display_V1_0.SLDASM|PASS|required=21
CHECK|NO_SOURCE_REF_ALIAS:10_Review_Overlays/Review_Safe_Display_V1_0.SLDASM|PASS|canonical=SOURCE_REFERENCE
CHECK|NO_DYNAMICS_USE:10_Review_Overlays/Review_Safe_Display_V1_0.SLDASM|PASS|TRUE
CHECK|MASS_CONTRIBUTION_FALSE:10_Review_Overlays/Review_Safe_Display_V1_0.SLDASM|PASS|FALSE_CAD_VISUAL_ONLY
CHECK|VENDOR_STEP_FALSE:10_Review_Overlays/Review_Safe_Display_V1_0.SLDASM|PASS|FALSE
CHECK|ASSEMBLY_REFERENCES:10_Review_Overlays/Review_Safe_Display_V1_0.SLDASM|PASS|components=7
CHECK|OPEN_REBUILD:10_Review_Overlays/Review_Three_Bay_Section_V1_0.SLDASM|PASS|open=PASS; rebuild=PASS
CHECK|IDENTITY_PROPERTIES:10_Review_Overlays/Review_Three_Bay_Section_V1_0.SLDASM|PASS|required=21
CHECK|NO_SOURCE_REF_ALIAS:10_Review_Overlays/Review_Three_Bay_Section_V1_0.SLDASM|PASS|canonical=SOURCE_REFERENCE
CHECK|NO_DYNAMICS_USE:10_Review_Overlays/Review_Three_Bay_Section_V1_0.SLDASM|PASS|TRUE
CHECK|MASS_CONTRIBUTION_FALSE:10_Review_Overlays/Review_Three_Bay_Section_V1_0.SLDASM|PASS|FALSE_CAD_VISUAL_ONLY
CHECK|VENDOR_STEP_FALSE:10_Review_Overlays/Review_Three_Bay_Section_V1_0.SLDASM|PASS|FALSE
CHECK|ASSEMBLY_REFERENCES:10_Review_Overlays/Review_Three_Bay_Section_V1_0.SLDASM|PASS|components=10
CHECK|OPEN_REBUILD:Assembly/Space_Embodied_Robot_V1_0.SLDASM|PASS|open=PASS; rebuild=PASS
CHECK|IDENTITY_PROPERTIES:Assembly/Space_Embodied_Robot_V1_0.SLDASM|PASS|required=21
CHECK|NO_SOURCE_REF_ALIAS:Assembly/Space_Embodied_Robot_V1_0.SLDASM|PASS|canonical=SOURCE_REFERENCE
CHECK|NO_DYNAMICS_USE:Assembly/Space_Embodied_Robot_V1_0.SLDASM|PASS|TRUE
CHECK|MASS_CONTRIBUTION_FALSE:Assembly/Space_Embodied_Robot_V1_0.SLDASM|PASS|FALSE_CAD_VISUAL_ONLY
CHECK|VENDOR_STEP_FALSE:Assembly/Space_Embodied_Robot_V1_0.SLDASM|PASS|FALSE
CHECK|ASSEMBLY_REFERENCES:Assembly/Space_Embodied_Robot_V1_0.SLDASM|PASS|components=8
CHECK|TOP_COMPONENT_COUNT|PASS|actual=8
CHECK|TOP_TARGET_EXCLUDED|PASS|property=FALSE
CHECK|TOP_T_SB_DISABLED|PASS|UNKNOWN_DISABLED
CHECK|TOP_PHYSICAL_TCP_DISABLED|PASS|UNKNOWN_DISABLED
CHECK|TOP_CAD_MASS_AUTHORITY_FALSE|PASS|FALSE
CHECK|TOP_T_SM:B601_Mount_Module_Visual|PASS|max_abs_error=0
CHECK|TOP_T_SM:B601_Visual_Assembly|PASS|max_abs_error=0
CHECK|STATIC_INTERFERENCE_SCOPE_RECORDED|PASS|configuration=DEPLOYED_REFERENCE_Q0; count=10; not_global_collision_safety
CHECK|B601_COMPONENT_COUNT|PASS|actual=12
CHECK|B601_TEN_LINKS|PASS|links=10
CHECK|B601_TOPOLOGY_PROPERTY|PASS|10_LINKS_9_JOINTS
CHECK|B601_JOINT_TYPES|PASS|6R|1_FIXED|2_PRISMATIC
CHECK|B601_REFERENCE_POSE_Q0|PASS|Q_ZERO
CHECK|B601_NOT_VENDOR_EXACT|PASS|TRUE
CHECK|B601_PHYSICAL_TCP_DISABLED|PASS|UNKNOWN_DISABLED
CHECK|B601_URDF_SOURCE_HASH|PASS|source=F:\China Graduate Future Flight Vehicle Innovation Competition\20_engineering\cad\spacecraft_layout\arm_b601_v1\arm_b601_v1.urdf
CHECK|B601_Q0_TRANSFORM:base_link|PASS|max_abs_error=0
CHECK|B601_THREE_LAYER:base_link|PASS|source=F:\China Graduate Future Flight Vehicle Innovation Competition\20_engineering\cad\spacecraft_layout\arm_b601_v1\meshes_b601_gripper\base_link.STL; source_hash=PASS
CHECK|B601_Q0_TRANSFORM:link1|PASS|max_abs_error=2.0328790734103208E-19
CHECK|B601_THREE_LAYER:link1|PASS|source=F:\China Graduate Future Flight Vehicle Innovation Competition\20_engineering\cad\spacecraft_layout\arm_b601_v1\meshes_b601_gripper\link1.STL; source_hash=PASS
CHECK|B601_Q0_TRANSFORM:link2|PASS|max_abs_error=2.2204460492503131E-16
CHECK|B601_THREE_LAYER:link2|PASS|source=F:\China Graduate Future Flight Vehicle Innovation Competition\20_engineering\cad\spacecraft_layout\arm_b601_v1\meshes_b601_gripper\link2.STL; source_hash=PASS
CHECK|B601_Q0_TRANSFORM:link3|PASS|max_abs_error=2.2204460492503131E-16
CHECK|B601_THREE_LAYER:link3|PASS|source=F:\China Graduate Future Flight Vehicle Innovation Competition\20_engineering\cad\spacecraft_layout\arm_b601_v1\meshes_b601_gripper\link3.STL; source_hash=PASS
CHECK|B601_Q0_TRANSFORM:link4|PASS|max_abs_error=2.2204460492503131E-16
CHECK|B601_THREE_LAYER:link4|PASS|source=F:\China Graduate Future Flight Vehicle Innovation Competition\20_engineering\cad\spacecraft_layout\arm_b601_v1\meshes_b601_gripper\link4.STL; source_hash=PASS
CHECK|B601_Q0_TRANSFORM:link5|PASS|max_abs_error=2.2204460492503131E-16
CHECK|B601_THREE_LAYER:link5|PASS|source=F:\China Graduate Future Flight Vehicle Innovation Competition\20_engineering\cad\spacecraft_layout\arm_b601_v1\meshes_b601_gripper\link5.STL; source_hash=PASS
CHECK|B601_Q0_TRANSFORM:link6|PASS|max_abs_error=2.2204460492503131E-16
CHECK|B601_THREE_LAYER:link6|PASS|source=F:\China Graduate Future Flight Vehicle Innovation Competition\20_engineering\cad\spacecraft_layout\arm_b601_v1\meshes_b601_gripper\link6.STL; source_hash=PASS
CHECK|B601_Q0_TRANSFORM:gripper_link|PASS|max_abs_error=2.2204460492503131E-16
CHECK|B601_THREE_LAYER:gripper_link|PASS|source=F:\China Graduate Future Flight Vehicle Innovation Competition\20_engineering\cad\spacecraft_layout\arm_b601_v1\meshes_b601_gripper\gripper_link.STL; source_hash=PASS
CHECK|B601_Q0_TRANSFORM:gripper_left|PASS|max_abs_error=2.2204460492503131E-16
CHECK|B601_THREE_LAYER:gripper_left|PASS|source=F:\China Graduate Future Flight Vehicle Innovation Competition\20_engineering\cad\spacecraft_layout\arm_b601_v1\meshes_b601_gripper\gripper_left.STL; source_hash=PASS
CHECK|B601_Q0_TRANSFORM:gripper_right|PASS|max_abs_error=2.2204460492503131E-16
CHECK|B601_THREE_LAYER:gripper_right|PASS|source=F:\China Graduate Future Flight Vehicle Innovation Competition\20_engineering\cad\spacecraft_layout\arm_b601_v1\meshes_b601_gripper\gripper_right.STL; source_hash=PASS
CHECK|SENSOR_SEMANTIC_ONLY|PASS|layer=SEMANTIC_REFERENCE
CHECK|E_VIRTUAL_NONPHYSICAL|PASS|T_E_TCP=UNKNOWN_DISABLED
CHECK|TARGET_PART_EXCLUDED|PASS|state=EXCLUDED
CHECK|TARGET_SCENE_INDEPENDENT|PASS|components=2
CHECK|VIEW_COUNT_AT_LEAST_12|PASS|actual=12
CHECK|VIEW_FILES_PRESENT_NONEMPTY|PASS|manifest views=12
CHECK|VIEW_TARGET_PRESENT|PASS|target scene view
CHECK|VIEW_THREE_ORTHOGRAPHICS|PASS|front/top/side
CHECK|NO_STEP_IN_V1_TREE|PASS|vendor STEP absent
CHECK_TOTAL|247
CHECK_PASS|247
CHECK_FAIL|0
OVERALL|PASS
