{"id": "facts:shear_web_-1", "kind": "facts", "status": "PASS"}
{"id": "facts:lower_deck_angle_-1_1", "kind": "facts", "status": "PASS"}
{"id": "facts:shear_clip_-1_150_-94", "kind": "facts", "status": "PASS"}
{"id": "facts:shear_web_screw_-1_150_-94", "kind": "facts", "status": "PASS"}
{"id": "facts:shear_rail_screw_-1_150_-94", "kind": "facts", "status": "PASS"}
{"id": "facts:shear_clip_-1_150_94", "kind": "facts", "status": "PASS"}
{"id": "facts:shear_web_screw_-1_150_94", "kind": "facts", "status": "PASS"}
{"id": "facts:shear_rail_screw_-1_150_94", "kind": "facts", "status": "PASS"}
{"id": "facts:RB_longeron_-1_-1", "kind": "facts", "status": "PASS"}
{"id": "facts:RB_longeron_-1_1", "kind": "facts", "status": "PASS"}
{"id": "facts:shear_web_1", "kind": "facts", "status": "PASS"}
{"id": "facts:lower_deck_angle_1_1", "kind": "facts", "status": "PASS"}
{"id": "facts:shear_clip_1_150_-94", "kind": "facts", "status": "PASS"}
{"id": "facts:shear_web_screw_1_150_-94", "kind": "facts", "status": "PASS"}
{"id": "facts:shear_rail_screw_1_150_-94", "kind": "facts", "status": "PASS"}
{"id": "facts:shear_clip_1_150_94", "kind": "facts", "status": "PASS"}
{"id": "facts:shear_web_screw_1_150_94", "kind": "facts", "status": "PASS"}
{"id": "facts:shear_rail_screw_1_150_94", "kind": "facts", "status": "PASS"}
{"id": "facts:RB_longeron_1_-1", "kind": "facts", "status": "PASS"}
{"id": "facts:RB_longeron_1_1", "kind": "facts", "status": "PASS"}
{"id": "facts:RB_pillar_2", "kind": "facts", "status": "PASS"}
{"id": "facts:RB_pillar_3", "kind": "facts", "status": "PASS"}
{"id": "facts:RB_upper_beam_160", "kind": "facts", "status": "PASS"}
{"id": "facts:RB_lower_beam_160", "kind": "facts", "status": "PASS"}
{"id": "facts:RB_lower_spacer_2", "kind": "facts", "status": "PASS"}
{"id": "facts:RB_lower_spacer_3", "kind": "facts", "status": "PASS"}
{"id": "facts:lower_equipment_deck", "kind": "facts", "status": "PASS"}
{"id": "old_screw_pillar:-1:-94", "kind": "clearance", "status": "FAIL"}
{"id": "old_screw_pillar:-1:94", "kind": "clearance", "status": "FAIL"}
{"id": "old_screw_pillar:1:-94", "kind": "clearance", "status": "FAIL"}
{"id": "old_screw_pillar:1:94", "kind": "clearance", "status": "FAIL"}
{"id": "facts:catalog:din125_flat_washer_m3", "kind": "facts", "status": "PASS"}
{"id": "facts:catalog:iso4032_hex_nut_m3", "kind": "facts", "status": "PASS"}
{"id": "facts:catalog:iso4762_socket_head_cap_screw_m3x12", "kind": "facts", "status": "PASS"}
