{"stage": "session_inspected", "utc": "2026-09-06T17:58:28.507691+00:00"}
{"stage": "owned_failed_import_recovery_verified", "utc": "2026-09-06T17:58:28.511715+00:00", "source": "F:\\China Graduate Future Flight Vehicle Innovation Competition\\01_project\\competition\\SERVICE_ROBOT_MECHANICAL_CONSOLIDATION_20260905\\runs\\wp06_side_joint_20260907_0233\\candidate\\parts\\shear_web_-1.step", "dirty": true}
{"stage": "save_attempt", "utc": "2026-09-06T17:58:29.051600+00:00", "path": "F:\\China Graduate Future Flight Vehicle Innovation Competition\\01_project\\competition\\SERVICE_ROBOT_MECHANICAL_CONSOLIDATION_20260905\\runs\\wp06_side_joint_20260907_0233\\native\\recovery\\shear_web_-1_failed_import.SLDPRT", "api_return": [true, 0, 0], "ok": true, "errors": 0, "warnings": 0}
{"stage": "owned_failed_import_recovered", "utc": "2026-09-06T17:58:29.717794+00:00", "preserved_before_close": true}
{"stage": "part_import_started", "utc": "2026-09-06T17:58:29.807811+00:00", "id": "shear_web_-1", "source": "F:\\China Graduate Future Flight Vehicle Innovation Competition\\01_project\\competition\\SERVICE_ROBOT_MECHANICAL_CONSOLIDATION_20260905\\runs\\wp06_side_joint_20260907_0233\\candidate\\parts\\shear_web_-1.step"}
{"stage": "save_attempt", "utc": "2026-09-06T17:58:32.955763+00:00", "path": "F:\\China Graduate Future Flight Vehicle Innovation Competition\\01_project\\competition\\SERVICE_ROBOT_MECHANICAL_CONSOLIDATION_20260905\\runs\\wp06_side_joint_20260907_0233\\native\\parts\\shear_web_-1.SLDPRT", "api_return": [true, 0, 0], "ok": true, "errors": 0, "warnings": 0}
{"stage": "part_completed", "utc": "2026-09-06T17:58:33.577478+00:00", "id": "shear_web_-1", "solid_count": 1}
{"stage": "part_import_started", "utc": "2026-09-06T17:58:33.613725+00:00", "id": "shear_clip_-1_150_-94", "source": "F:\\China Graduate Future Flight Vehicle Innovation Competition\\01_project\\competition\\SERVICE_ROBOT_MECHANICAL_CONSOLIDATION_20260905\\runs\\wp06_side_joint_20260907_0233\\candidate\\parts\\shear_clip_-1_150_-94.step"}
{"stage": "save_attempt", "utc": "2026-09-06T17:58:36.511741+00:00", "path": "F:\\China Graduate Future Flight Vehicle Innovation Competition\\01_project\\competition\\SERVICE_ROBOT_MECHANICAL_CONSOLIDATION_20260905\\runs\\wp06_side_joint_20260907_0233\\native\\parts\\shear_clip_-1_150_-94.SLDPRT", "api_return": [true, 0, 0], "ok": true, "errors": 0, "warnings": 0}
{"stage": "part_completed", "utc": "2026-09-06T17:58:37.113305+00:00", "id": "shear_clip_-1_150_-94", "solid_count": 1}
{"stage": "part_import_started", "utc": "2026-09-06T17:58:37.145364+00:00", "id": "shear_clip_-1_150_94", "source": "F:\\China Graduate Future Flight Vehicle Innovation Competition\\01_project\\competition\\SERVICE_ROBOT_MECHANICAL_CONSOLIDATION_20260905\\runs\\wp06_side_joint_20260907_0233\\candidate\\parts\\shear_clip_-1_150_94.step"}
{"stage": "save_attempt", "utc": "2026-09-06T17:58:40.018247+00:00", "path": "F:\\China Graduate Future Flight Vehicle Innovation Competition\\01_project\\competition\\SERVICE_ROBOT_MECHANICAL_CONSOLIDATION_20260905\\runs\\wp06_side_joint_20260907_0233\\native\\parts\\shear_clip_-1_150_94.SLDPRT", "api_return": [true, 0, 0], "ok": true, "errors": 0, "warnings": 0}
{"stage": "part_completed", "utc": "2026-09-06T17:58:40.623870+00:00", "id": "shear_clip_-1_150_94", "solid_count": 1}
{"stage": "part_import_started", "utc": "2026-09-06T17:58:40.658465+00:00", "id": "lower_deck_angle_-1_1", "source": "F:\\China Graduate Future Flight Vehicle Innovation Competition\\01_project\\competition\\SERVICE_ROBOT_MECHANICAL_CONSOLIDATION_20260905\\runs\\wp06_side_joint_20260907_0233\\candidate\\parts\\lower_deck_angle_-1_1.step"}
{"stage": "save_attempt", "utc": "2026-09-06T17:58:43.544977+00:00", "path": "F:\\China Graduate Future Flight Vehicle Innovation Competition\\01_project\\competition\\SERVICE_ROBOT_MECHANICAL_CONSOLIDATION_20260905\\runs\\wp06_side_joint_20260907_0233\\native\\parts\\lower_deck_angle_-1_1.SLDPRT", "api_return": [true, 0, 0], "ok": true, "errors": 0, "warnings": 0}
{"stage": "part_completed", "utc": "2026-09-06T17:58:44.121786+00:00", "id": "lower_deck_angle_-1_1", "solid_count": 1}
{"stage": "part_import_started", "utc": "2026-09-06T17:58:44.151841+00:00", "id": "shear_web_1", "source": "F:\\China Graduate Future Flight Vehicle Innovation Competition\\01_project\\competition\\SERVICE_ROBOT_MECHANICAL_CONSOLIDATION_20260905\\runs\\wp06_side_joint_20260907_0233\\candidate\\parts\\shear_web_1.step"}
{"stage": "save_attempt", "utc": "2026-09-06T17:58:47.037102+00:00", "path": "F:\\China Graduate Future Flight Vehicle Innovation Competition\\01_project\\competition\\SERVICE_ROBOT_MECHANICAL_CONSOLIDATION_20260905\\runs\\wp06_side_joint_20260907_0233\\native\\parts\\shear_web_1.SLDPRT", "api_return": [true, 0, 0], "ok": true, "errors": 0, "warnings": 0}
{"stage": "part_completed", "utc": "2026-09-06T17:58:47.624942+00:00", "id": "shear_web_1", "solid_count": 1}
{"stage": "part_import_started", "utc": "2026-09-06T17:58:47.656768+00:00", "id": "shear_clip_1_150_-94", "source": "F:\\China Graduate Future Flight Vehicle Innovation Competition\\01_project\\competition\\SERVICE_ROBOT_MECHANICAL_CONSOLIDATION_20260905\\runs\\wp06_side_joint_20260907_0233\\candidate\\parts\\shear_clip_1_150_-94.step"}
{"stage": "save_attempt", "utc": "2026-09-06T17:58:50.477531+00:00", "path": "F:\\China Graduate Future Flight Vehicle Innovation Competition\\01_project\\competition\\SERVICE_ROBOT_MECHANICAL_CONSOLIDATION_20260905\\runs\\wp06_side_joint_20260907_0233\\native\\parts\\shear_clip_1_150_-94.SLDPRT", "api_return": [true, 0, 0], "ok": true, "errors": 0, "warnings": 0}
{"stage": "part_completed", "utc": "2026-09-06T17:58:51.083105+00:00", "id": "shear_clip_1_150_-94", "solid_count": 1}
{"stage": "part_import_started", "utc": "2026-09-06T17:58:51.115711+00:00", "id": "shear_clip_1_150_94", "source": "F:\\China Graduate Future Flight Vehicle Innovation Competition\\01_project\\competition\\SERVICE_ROBOT_MECHANICAL_CONSOLIDATION_20260905\\runs\\wp06_side_joint_20260907_0233\\candidate\\parts\\shear_clip_1_150_94.step"}
{"stage": "save_attempt", "utc": "2026-09-06T17:58:54.006679+00:00", "path": "F:\\China Graduate Future Flight Vehicle Innovation Competition\\01_project\\competition\\SERVICE_ROBOT_MECHANICAL_CONSOLIDATION_20260905\\runs\\wp06_side_joint_20260907_0233\\native\\parts\\shear_clip_1_150_94.SLDPRT", "api_return": [true, 0, 0], "ok": true, "errors": 0, "warnings": 0}
{"stage": "part_completed", "utc": "2026-09-06T17:58:54.605387+00:00", "id": "shear_clip_1_150_94", "solid_count": 1}
{"stage": "part_import_started", "utc": "2026-09-06T17:58:54.634354+00:00", "id": "lower_deck_angle_1_1", "source": "F:\\China Graduate Future Flight Vehicle Innovation Competition\\01_project\\competition\\SERVICE_ROBOT_MECHANICAL_CONSOLIDATION_20260905\\runs\\wp06_side_joint_20260907_0233\\candidate\\parts\\lower_deck_angle_1_1.step"}
{"stage": "save_attempt", "utc": "2026-09-06T17:58:57.551538+00:00", "path": "F:\\China Graduate Future Flight Vehicle Innovation Competition\\01_project\\competition\\SERVICE_ROBOT_MECHANICAL_CONSOLIDATION_20260905\\runs\\wp06_side_joint_20260907_0233\\native\\parts\\lower_deck_angle_1_1.SLDPRT", "api_return": [true, 0, 0], "ok": true, "errors": 0, "warnings": 0}
{"stage": "part_completed", "utc": "2026-09-06T17:58:58.133425+00:00", "id": "lower_deck_angle_1_1", "solid_count": 1}
{"stage": "part_import_started", "utc": "2026-09-06T17:58:58.161643+00:00", "id": "WP06_screw_-1_-94", "source": "F:\\China Graduate Future Flight Vehicle Innovation Competition\\01_project\\competition\\SERVICE_ROBOT_MECHANICAL_CONSOLIDATION_20260905\\runs\\wp06_side_joint_20260907_0233\\candidate\\parts\\WP06_screw_-1_-94.step"}
{"stage": "save_attempt", "utc": "2026-09-06T17:59:01.065930+00:00", "path": "F:\\China Graduate Future Flight Vehicle Innovation Competition\\01_project\\competition\\SERVICE_ROBOT_MECHANICAL_CONSOLIDATION_20260905\\runs\\wp06_side_joint_20260907_0233\\native\\parts\\WP06_screw_-1_-94.SLDPRT", "api_return": [true, 0, 0], "ok": true, "errors": 0, "warnings": 0}
{"stage": "part_completed", "utc": "2026-09-06T17:59:01.650458+00:00", "id": "WP06_screw_-1_-94", "solid_count": 1}
{"stage": "part_import_started", "utc": "2026-09-06T17:59:01.679799+00:00", "id": "WP06_washer_outer_-1_-94", "source": "F:\\China Graduate Future Flight Vehicle Innovation Competition\\01_project\\competition\\SERVICE_ROBOT_MECHANICAL_CONSOLIDATION_20260905\\runs\\wp06_side_joint_20260907_0233\\candidate\\parts\\WP06_washer_outer_-1_-94.step"}
{"stage": "save_attempt", "utc": "2026-09-06T17:59:04.534137+00:00", "path": "F:\\China Graduate Future Flight Vehicle Innovation Competition\\01_project\\competition\\SERVICE_ROBOT_MECHANICAL_CONSOLIDATION_20260905\\runs\\wp06_side_joint_20260907_0233\\native\\parts\\WP06_washer_outer_-1_-94.SLDPRT", "api_return": [true, 0, 0], "ok": true, "errors": 0, "warnings": 0}
{"stage": "part_completed", "utc": "2026-09-06T17:59:05.144087+00:00", "id": "WP06_washer_outer_-1_-94", "solid_count": 1}
{"stage": "part_import_started", "utc": "2026-09-06T17:59:05.176224+00:00", "id": "WP06_washer_inner_-1_-94", "source": "F:\\China Graduate Future Flight Vehicle Innovation Competition\\01_project\\competition\\SERVICE_ROBOT_MECHANICAL_CONSOLIDATION_20260905\\runs\\wp06_side_joint_20260907_0233\\candidate\\parts\\WP06_washer_inner_-1_-94.step"}
{"stage": "save_attempt", "utc": "2026-09-06T17:59:08.032138+00:00", "path": "F:\\China Graduate Future Flight Vehicle Innovation Competition\\01_project\\competition\\SERVICE_ROBOT_MECHANICAL_CONSOLIDATION_20260905\\runs\\wp06_side_joint_20260907_0233\\native\\parts\\WP06_washer_inner_-1_-94.SLDPRT", "api_return": [true, 0, 0], "ok": true, "errors": 0, "warnings": 0}
{"stage": "part_completed", "utc": "2026-09-06T17:59:08.627471+00:00", "id": "WP06_washer_inner_-1_-94", "solid_count": 1}
{"stage": "part_import_started", "utc": "2026-09-06T17:59:08.659832+00:00", "id": "WP06_nut_-1_-94", "source": "F:\\China Graduate Future Flight Vehicle Innovation Competition\\01_project\\competition\\SERVICE_ROBOT_MECHANICAL_CONSOLIDATION_20260905\\runs\\wp06_side_joint_20260907_0233\\candidate\\parts\\WP06_nut_-1_-94.step"}
{"stage": "save_attempt", "utc": "2026-09-06T17:59:11.550654+00:00", "path": "F:\\China Graduate Future Flight Vehicle Innovation Competition\\01_project\\competition\\SERVICE_ROBOT_MECHANICAL_CONSOLIDATION_20260905\\runs\\wp06_side_joint_20260907_0233\\native\\parts\\WP06_nut_-1_-94.SLDPRT", "api_return": [true, 0, 0], "ok": true, "errors": 0, "warnings": 0}
{"stage": "part_completed", "utc": "2026-09-06T17:59:12.127858+00:00", "id": "WP06_nut_-1_-94", "solid_count": 1}
{"stage": "part_import_started", "utc": "2026-09-06T17:59:12.157701+00:00", "id": "WP06_screw_-1_94", "source": "F:\\China Graduate Future Flight Vehicle Innovation Competition\\01_project\\competition\\SERVICE_ROBOT_MECHANICAL_CONSOLIDATION_20260905\\runs\\wp06_side_joint_20260907_0233\\candidate\\parts\\WP06_screw_-1_94.step"}
{"stage": "save_attempt", "utc": "2026-09-06T17:59:15.682264+00:00", "path": "F:\\China Graduate Future Flight Vehicle Innovation Competition\\01_project\\competition\\SERVICE_ROBOT_MECHANICAL_CONSOLIDATION_20260905\\runs\\wp06_side_joint_20260907_0233\\native\\parts\\WP06_screw_-1_94.SLDPRT", "api_return": [true, 0, 0], "ok": true, "errors": 0, "warnings": 0}
{"stage": "part_completed", "utc": "2026-09-06T17:59:16.284522+00:00", "id": "WP06_screw_-1_94", "solid_count": 1}
{"stage": "part_import_started", "utc": "2026-09-06T17:59:16.316920+00:00", "id": "WP06_washer_outer_-1_94", "source": "F:\\China Graduate Future Flight Vehicle Innovation Competition\\01_project\\competition\\SERVICE_ROBOT_MECHANICAL_CONSOLIDATION_20260905\\runs\\wp06_side_joint_20260907_0233\\candidate\\parts\\WP06_washer_outer_-1_94.step"}
{"stage": "save_attempt", "utc": "2026-09-06T17:59:19.199179+00:00", "path": "F:\\China Graduate Future Flight Vehicle Innovation Competition\\01_project\\competition\\SERVICE_ROBOT_MECHANICAL_CONSOLIDATION_20260905\\runs\\wp06_side_joint_20260907_0233\\native\\parts\\WP06_washer_outer_-1_94.SLDPRT", "api_return": [true, 0, 0], "ok": true, "errors": 0, "warnings": 0}
{"stage": "part_completed", "utc": "2026-09-06T17:59:19.798362+00:00", "id": "WP06_washer_outer_-1_94", "solid_count": 1}
{"stage": "part_import_started", "utc": "2026-09-06T17:59:19.830093+00:00", "id": "WP06_washer_inner_-1_94", "source": "F:\\China Graduate Future Flight Vehicle Innovation Competition\\01_project\\competition\\SERVICE_ROBOT_MECHANICAL_CONSOLIDATION_20260905\\runs\\wp06_side_joint_20260907_0233\\candidate\\parts\\WP06_washer_inner_-1_94.step"}
{"stage": "save_attempt", "utc": "2026-09-06T17:59:22.708545+00:00", "path": "F:\\China Graduate Future Flight Vehicle Innovation Competition\\01_project\\competition\\SERVICE_ROBOT_MECHANICAL_CONSOLIDATION_20260905\\runs\\wp06_side_joint_20260907_0233\\native\\parts\\WP06_washer_inner_-1_94.SLDPRT", "api_return": [true, 0, 0], "ok": true, "errors": 0, "warnings": 0}
{"stage": "part_completed", "utc": "2026-09-06T17:59:23.290512+00:00", "id": "WP06_washer_inner_-1_94", "solid_count": 1}
{"stage": "part_import_started", "utc": "2026-09-06T17:59:23.319191+00:00", "id": "WP06_nut_-1_94", "source": "F:\\China Graduate Future Flight Vehicle Innovation Competition\\01_project\\competition\\SERVICE_ROBOT_MECHANICAL_CONSOLIDATION_20260905\\runs\\wp06_side_joint_20260907_0233\\candidate\\parts\\WP06_nut_-1_94.step"}
{"stage": "save_attempt", "utc": "2026-09-06T17:59:26.210574+00:00", "path": "F:\\China Graduate Future Flight Vehicle Innovation Competition\\01_project\\competition\\SERVICE_ROBOT_MECHANICAL_CONSOLIDATION_20260905\\runs\\wp06_side_joint_20260907_0233\\native\\parts\\WP06_nut_-1_94.SLDPRT", "api_return": [true, 0, 0], "ok": true, "errors": 0, "warnings": 0}
{"stage": "part_completed", "utc": "2026-09-06T17:59:26.814095+00:00", "id": "WP06_nut_-1_94", "solid_count": 1}
{"stage": "part_import_started", "utc": "2026-09-06T17:59:26.847303+00:00", "id": "WP06_screw_1_-94", "source": "F:\\China Graduate Future Flight Vehicle Innovation Competition\\01_project\\competition\\SERVICE_ROBOT_MECHANICAL_CONSOLIDATION_20260905\\runs\\wp06_side_joint_20260907_0233\\candidate\\parts\\WP06_screw_1_-94.step"}
{"stage": "save_attempt", "utc": "2026-09-06T17:59:29.737886+00:00", "path": "F:\\China Graduate Future Flight Vehicle Innovation Competition\\01_project\\competition\\SERVICE_ROBOT_MECHANICAL_CONSOLIDATION_20260905\\runs\\wp06_side_joint_20260907_0233\\native\\parts\\WP06_screw_1_-94.SLDPRT", "api_return": [true, 0, 0], "ok": true, "errors": 0, "warnings": 0}
{"stage": "part_completed", "utc": "2026-09-06T17:59:30.340632+00:00", "id": "WP06_screw_1_-94", "solid_count": 1}
{"stage": "part_import_started", "utc": "2026-09-06T17:59:30.373670+00:00", "id": "WP06_washer_outer_1_-94", "source": "F:\\China Graduate Future Flight Vehicle Innovation Competition\\01_project\\competition\\SERVICE_ROBOT_MECHANICAL_CONSOLIDATION_20260905\\runs\\wp06_side_joint_20260907_0233\\candidate\\parts\\WP06_washer_outer_1_-94.step"}
{"stage": "save_attempt", "utc": "2026-09-06T17:59:33.246848+00:00", "path": "F:\\China Graduate Future Flight Vehicle Innovation Competition\\01_project\\competition\\SERVICE_ROBOT_MECHANICAL_CONSOLIDATION_20260905\\runs\\wp06_side_joint_20260907_0233\\native\\parts\\WP06_washer_outer_1_-94.SLDPRT", "api_return": [true, 0, 0], "ok": true, "errors": 0, "warnings": 0}
{"stage": "part_completed", "utc": "2026-09-06T17:59:33.864850+00:00", "id": "WP06_washer_outer_1_-94", "solid_count": 1}
{"stage": "part_import_started", "utc": "2026-09-06T17:59:33.897257+00:00", "id": "WP06_washer_inner_1_-94", "source": "F:\\China Graduate Future Flight Vehicle Innovation Competition\\01_project\\competition\\SERVICE_ROBOT_MECHANICAL_CONSOLIDATION_20260905\\runs\\wp06_side_joint_20260907_0233\\candidate\\parts\\WP06_washer_inner_1_-94.step"}
{"stage": "save_attempt", "utc": "2026-09-06T17:59:36.756818+00:00", "path": "F:\\China Graduate Future Flight Vehicle Innovation Competition\\01_project\\competition\\SERVICE_ROBOT_MECHANICAL_CONSOLIDATION_20260905\\runs\\wp06_side_joint_20260907_0233\\native\\parts\\WP06_washer_inner_1_-94.SLDPRT", "api_return": [true, 0, 0], "ok": true, "errors": 0, "warnings": 0}
{"stage": "part_completed", "utc": "2026-09-06T17:59:37.359004+00:00", "id": "WP06_washer_inner_1_-94", "solid_count": 1}
{"stage": "part_import_started", "utc": "2026-09-06T17:59:37.392843+00:00", "id": "WP06_nut_1_-94", "source": "F:\\China Graduate Future Flight Vehicle Innovation Competition\\01_project\\competition\\SERVICE_ROBOT_MECHANICAL_CONSOLIDATION_20260905\\runs\\wp06_side_joint_20260907_0233\\candidate\\parts\\WP06_nut_1_-94.step"}
{"stage": "save_attempt", "utc": "2026-09-06T17:59:40.310714+00:00", "path": "F:\\China Graduate Future Flight Vehicle Innovation Competition\\01_project\\competition\\SERVICE_ROBOT_MECHANICAL_CONSOLIDATION_20260905\\runs\\wp06_side_joint_20260907_0233\\native\\parts\\WP06_nut_1_-94.SLDPRT", "api_return": [true, 0, 0], "ok": true, "errors": 0, "warnings": 0}
{"stage": "part_completed", "utc": "2026-09-06T17:59:40.928522+00:00", "id": "WP06_nut_1_-94", "solid_count": 1}
{"stage": "part_import_started", "utc": "2026-09-06T17:59:40.963667+00:00", "id": "WP06_screw_1_94", "source": "F:\\China Graduate Future Flight Vehicle Innovation Competition\\01_project\\competition\\SERVICE_ROBOT_MECHANICAL_CONSOLIDATION_20260905\\runs\\wp06_side_joint_20260907_0233\\candidate\\parts\\WP06_screw_1_94.step"}
{"stage": "save_attempt", "utc": "2026-09-06T17:59:43.923183+00:00", "path": "F:\\China Graduate Future Flight Vehicle Innovation Competition\\01_project\\competition\\SERVICE_ROBOT_MECHANICAL_CONSOLIDATION_20260905\\runs\\wp06_side_joint_20260907_0233\\native\\parts\\WP06_screw_1_94.SLDPRT", "api_return": [true, 0, 0], "ok": true, "errors": 0, "warnings": 0}
{"stage": "part_completed", "utc": "2026-09-06T17:59:44.543263+00:00", "id": "WP06_screw_1_94", "solid_count": 1}
{"stage": "part_import_started", "utc": "2026-09-06T17:59:44.580323+00:00", "id": "WP06_washer_outer_1_94", "source": "F:\\China Graduate Future Flight Vehicle Innovation Competition\\01_project\\competition\\SERVICE_ROBOT_MECHANICAL_CONSOLIDATION_20260905\\runs\\wp06_side_joint_20260907_0233\\candidate\\parts\\WP06_washer_outer_1_94.step"}
{"stage": "save_attempt", "utc": "2026-09-06T17:59:47.492958+00:00", "path": "F:\\China Graduate Future Flight Vehicle Innovation Competition\\01_project\\competition\\SERVICE_ROBOT_MECHANICAL_CONSOLIDATION_20260905\\runs\\wp06_side_joint_20260907_0233\\native\\parts\\WP06_washer_outer_1_94.SLDPRT", "api_return": [true, 0, 0], "ok": true, "errors": 0, "warnings": 0}
{"stage": "part_completed", "utc": "2026-09-06T17:59:48.090851+00:00", "id": "WP06_washer_outer_1_94", "solid_count": 1}
{"stage": "part_import_started", "utc": "2026-09-06T17:59:48.119997+00:00", "id": "WP06_washer_inner_1_94", "source": "F:\\China Graduate Future Flight Vehicle Innovation Competition\\01_project\\competition\\SERVICE_ROBOT_MECHANICAL_CONSOLIDATION_20260905\\runs\\wp06_side_joint_20260907_0233\\candidate\\parts\\WP06_washer_inner_1_94.step"}
{"stage": "save_attempt", "utc": "2026-09-06T17:59:51.001593+00:00", "path": "F:\\China Graduate Future Flight Vehicle Innovation Competition\\01_project\\competition\\SERVICE_ROBOT_MECHANICAL_CONSOLIDATION_20260905\\runs\\wp06_side_joint_20260907_0233\\native\\parts\\WP06_washer_inner_1_94.SLDPRT", "api_return": [true, 0, 0], "ok": true, "errors": 0, "warnings": 0}
{"stage": "part_completed", "utc": "2026-09-06T17:59:51.598407+00:00", "id": "WP06_washer_inner_1_94", "solid_count": 1}
{"stage": "part_import_started", "utc": "2026-09-06T17:59:51.631182+00:00", "id": "WP06_nut_1_94", "source": "F:\\China Graduate Future Flight Vehicle Innovation Competition\\01_project\\competition\\SERVICE_ROBOT_MECHANICAL_CONSOLIDATION_20260905\\runs\\wp06_side_joint_20260907_0233\\candidate\\parts\\WP06_nut_1_94.step"}
{"stage": "save_attempt", "utc": "2026-09-06T17:59:54.552599+00:00", "path": "F:\\China Graduate Future Flight Vehicle Innovation Competition\\01_project\\competition\\SERVICE_ROBOT_MECHANICAL_CONSOLIDATION_20260905\\runs\\wp06_side_joint_20260907_0233\\native\\parts\\WP06_nut_1_94.SLDPRT", "api_return": [true, 0, 0], "ok": true, "errors": 0, "warnings": 0}
{"stage": "part_completed", "utc": "2026-09-06T17:59:55.143810+00:00", "id": "WP06_nut_1_94", "solid_count": 1}
{"stage": "part_import_started", "utc": "2026-09-06T17:59:55.176936+00:00", "id": "RB_longeron_-1_-1", "source": "F:\\China Graduate Future Flight Vehicle Innovation Competition\\01_project\\competition\\SERVICE_ROBOT_MECHANICAL_CONSOLIDATION_20260905\\runs\\wp06_side_joint_20260907_0233\\candidate\\parts\\RB_longeron_-1_-1.step"}
{"stage": "save_attempt", "utc": "2026-09-06T17:59:58.168835+00:00", "path": "F:\\China Graduate Future Flight Vehicle Innovation Competition\\01_project\\competition\\SERVICE_ROBOT_MECHANICAL_CONSOLIDATION_20260905\\runs\\wp06_side_joint_20260907_0233\\native\\parts\\RB_longeron_-1_-1.SLDPRT", "api_return": [true, 0, 0], "ok": true, "errors": 0, "warnings": 0}
{"stage": "part_completed", "utc": "2026-09-06T17:59:58.749342+00:00", "id": "RB_longeron_-1_-1", "solid_count": 1}
{"stage": "part_import_started", "utc": "2026-09-06T17:59:58.777958+00:00", "id": "RB_longeron_-1_1", "source": "F:\\China Graduate Future Flight Vehicle Innovation Competition\\01_project\\competition\\SERVICE_ROBOT_MECHANICAL_CONSOLIDATION_20260905\\runs\\wp06_side_joint_20260907_0233\\candidate\\parts\\RB_longeron_-1_1.step"}
{"stage": "save_attempt", "utc": "2026-09-06T18:00:01.662866+00:00", "path": "F:\\China Graduate Future Flight Vehicle Innovation Competition\\01_project\\competition\\SERVICE_ROBOT_MECHANICAL_CONSOLIDATION_20260905\\runs\\wp06_side_joint_20260907_0233\\native\\parts\\RB_longeron_-1_1.SLDPRT", "api_return": [true, 0, 0], "ok": true, "errors": 0, "warnings": 0}
{"stage": "part_completed", "utc": "2026-09-06T18:00:02.303756+00:00", "id": "RB_longeron_-1_1", "solid_count": 1}
{"stage": "part_import_started", "utc": "2026-09-06T18:00:02.340180+00:00", "id": "RB_longeron_1_-1", "source": "F:\\China Graduate Future Flight Vehicle Innovation Competition\\01_project\\competition\\SERVICE_ROBOT_MECHANICAL_CONSOLIDATION_20260905\\runs\\wp06_side_joint_20260907_0233\\candidate\\parts\\RB_longeron_1_-1.step"}
{"stage": "save_attempt", "utc": "2026-09-06T18:00:05.311391+00:00", "path": "F:\\China Graduate Future Flight Vehicle Innovation Competition\\01_project\\competition\\SERVICE_ROBOT_MECHANICAL_CONSOLIDATION_20260905\\runs\\wp06_side_joint_20260907_0233\\native\\parts\\RB_longeron_1_-1.SLDPRT", "api_return": [true, 0, 0], "ok": true, "errors": 0, "warnings": 0}
{"stage": "part_completed", "utc": "2026-09-06T18:00:05.936713+00:00", "id": "RB_longeron_1_-1", "solid_count": 1}
{"stage": "part_import_started", "utc": "2026-09-06T18:00:05.966916+00:00", "id": "RB_longeron_1_1", "source": "F:\\China Graduate Future Flight Vehicle Innovation Competition\\01_project\\competition\\SERVICE_ROBOT_MECHANICAL_CONSOLIDATION_20260905\\runs\\wp06_side_joint_20260907_0233\\candidate\\parts\\RB_longeron_1_1.step"}
{"stage": "save_attempt", "utc": "2026-09-06T18:00:08.858333+00:00", "path": "F:\\China Graduate Future Flight Vehicle Innovation Competition\\01_project\\competition\\SERVICE_ROBOT_MECHANICAL_CONSOLIDATION_20260905\\runs\\wp06_side_joint_20260907_0233\\native\\parts\\RB_longeron_1_1.SLDPRT", "api_return": [true, 0, 0], "ok": true, "errors": 0, "warnings": 0}
{"stage": "part_completed", "utc": "2026-09-06T18:00:09.485645+00:00", "id": "RB_longeron_1_1", "solid_count": 1}
{"stage": "part_import_started", "utc": "2026-09-06T18:00:09.521202+00:00", "id": "RB_upper_beam_160", "source": "F:\\China Graduate Future Flight Vehicle Innovation Competition\\01_project\\competition\\SERVICE_ROBOT_MECHANICAL_CONSOLIDATION_20260905\\runs\\wp06_side_joint_20260907_0233\\candidate\\parts\\RB_upper_beam_160.step"}
{"stage": "save_attempt", "utc": "2026-09-06T18:00:12.424983+00:00", "path": "F:\\China Graduate Future Flight Vehicle Innovation Competition\\01_project\\competition\\SERVICE_ROBOT_MECHANICAL_CONSOLIDATION_20260905\\runs\\wp06_side_joint_20260907_0233\\native\\parts\\RB_upper_beam_160.SLDPRT", "api_return": [true, 0, 0], "ok": true, "errors": 0, "warnings": 0}
{"stage": "part_completed", "utc": "2026-09-06T18:00:13.023403+00:00", "id": "RB_upper_beam_160", "solid_count": 1}
{"stage": "part_import_started", "utc": "2026-09-06T18:00:13.057768+00:00", "id": "RB_lower_beam_160", "source": "F:\\China Graduate Future Flight Vehicle Innovation Competition\\01_project\\competition\\SERVICE_ROBOT_MECHANICAL_CONSOLIDATION_20260905\\runs\\wp06_side_joint_20260907_0233\\candidate\\parts\\RB_lower_beam_160.step"}
{"stage": "save_attempt", "utc": "2026-09-06T18:00:16.024037+00:00", "path": "F:\\China Graduate Future Flight Vehicle Innovation Competition\\01_project\\competition\\SERVICE_ROBOT_MECHANICAL_CONSOLIDATION_20260905\\runs\\wp06_side_joint_20260907_0233\\native\\parts\\RB_lower_beam_160.SLDPRT", "api_return": [true, 0, 0], "ok": true, "errors": 0, "warnings": 0}
{"stage": "part_completed", "utc": "2026-09-06T18:00:16.636609+00:00", "id": "RB_lower_beam_160", "solid_count": 1}
{"stage": "part_import_started", "utc": "2026-09-06T18:00:16.670565+00:00", "id": "RB_pillar_2", "source": "F:\\China Graduate Future Flight Vehicle Innovation Competition\\01_project\\competition\\SERVICE_ROBOT_MECHANICAL_CONSOLIDATION_20260905\\runs\\wp06_side_joint_20260907_0233\\candidate\\parts\\RB_pillar_2.step"}
{"stage": "save_attempt", "utc": "2026-09-06T18:00:19.580839+00:00", "path": "F:\\China Graduate Future Flight Vehicle Innovation Competition\\01_project\\competition\\SERVICE_ROBOT_MECHANICAL_CONSOLIDATION_20260905\\runs\\wp06_side_joint_20260907_0233\\native\\parts\\RB_pillar_2.SLDPRT", "api_return": [true, 0, 0], "ok": true, "errors": 0, "warnings": 0}
{"stage": "part_completed", "utc": "2026-09-06T18:00:20.186983+00:00", "id": "RB_pillar_2", "solid_count": 1}
{"stage": "part_import_started", "utc": "2026-09-06T18:00:20.219990+00:00", "id": "RB_lower_spacer_2", "source": "F:\\China Graduate Future Flight Vehicle Innovation Competition\\01_project\\competition\\SERVICE_ROBOT_MECHANICAL_CONSOLIDATION_20260905\\runs\\wp06_side_joint_20260907_0233\\candidate\\parts\\RB_lower_spacer_2.step"}
{"stage": "save_attempt", "utc": "2026-09-06T18:00:23.198373+00:00", "path": "F:\\China Graduate Future Flight Vehicle Innovation Competition\\01_project\\competition\\SERVICE_ROBOT_MECHANICAL_CONSOLIDATION_20260905\\runs\\wp06_side_joint_20260907_0233\\native\\parts\\RB_lower_spacer_2.SLDPRT", "api_return": [true, 0, 0], "ok": true, "errors": 0, "warnings": 0}
{"stage": "part_completed", "utc": "2026-09-06T18:00:23.790616+00:00", "id": "RB_lower_spacer_2", "solid_count": 1}
{"stage": "part_import_started", "utc": "2026-09-06T18:00:23.819433+00:00", "id": "RB_pillar_3", "source": "F:\\China Graduate Future Flight Vehicle Innovation Competition\\01_project\\competition\\SERVICE_ROBOT_MECHANICAL_CONSOLIDATION_20260905\\runs\\wp06_side_joint_20260907_0233\\candidate\\parts\\RB_pillar_3.step"}
{"stage": "save_attempt", "utc": "2026-09-06T18:00:26.794734+00:00", "path": "F:\\China Graduate Future Flight Vehicle Innovation Competition\\01_project\\competition\\SERVICE_ROBOT_MECHANICAL_CONSOLIDATION_20260905\\runs\\wp06_side_joint_20260907_0233\\native\\parts\\RB_pillar_3.SLDPRT", "api_return": [true, 0, 0], "ok": true, "errors": 0, "warnings": 0}
{"stage": "part_completed", "utc": "2026-09-06T18:00:27.432757+00:00", "id": "RB_pillar_3", "solid_count": 1}
{"stage": "part_import_started", "utc": "2026-09-06T18:00:27.466453+00:00", "id": "RB_lower_spacer_3", "source": "F:\\China Graduate Future Flight Vehicle Innovation Competition\\01_project\\competition\\SERVICE_ROBOT_MECHANICAL_CONSOLIDATION_20260905\\runs\\wp06_side_joint_20260907_0233\\candidate\\parts\\RB_lower_spacer_3.step"}
{"stage": "save_attempt", "utc": "2026-09-06T18:00:30.468402+00:00", "path": "F:\\China Graduate Future Flight Vehicle Innovation Competition\\01_project\\competition\\SERVICE_ROBOT_MECHANICAL_CONSOLIDATION_20260905\\runs\\wp06_side_joint_20260907_0233\\native\\parts\\RB_lower_spacer_3.SLDPRT", "api_return": [true, 0, 0], "ok": true, "errors": 0, "warnings": 0}
{"stage": "part_completed", "utc": "2026-09-06T18:00:31.075045+00:00", "id": "RB_lower_spacer_3", "solid_count": 1}
{"stage": "part_import_started", "utc": "2026-09-06T18:00:31.108030+00:00", "id": "M6_root_bolt_70_-70", "source": "F:\\China Graduate Future Flight Vehicle Innovation Competition\\01_project\\competition\\SERVICE_ROBOT_MECHANICAL_CONSOLIDATION_20260905\\runs\\wp06_side_joint_20260907_0233\\candidate\\parts\\M6_root_bolt_70_-70.step"}
{"stage": "save_attempt", "utc": "2026-09-06T18:00:34.020547+00:00", "path": "F:\\China Graduate Future Flight Vehicle Innovation Competition\\01_project\\competition\\SERVICE_ROBOT_MECHANICAL_CONSOLIDATION_20260905\\runs\\wp06_side_joint_20260907_0233\\native\\parts\\M6_root_bolt_70_-70.SLDPRT", "api_return": [true, 0, 0], "ok": true, "errors": 0, "warnings": 0}
{"stage": "part_completed", "utc": "2026-09-06T18:00:34.618772+00:00", "id": "M6_root_bolt_70_-70", "solid_count": 1}
{"stage": "part_import_started", "utc": "2026-09-06T18:00:34.649696+00:00", "id": "M6_bottom_washer_70_-70", "source": "F:\\China Graduate Future Flight Vehicle Innovation Competition\\01_project\\competition\\SERVICE_ROBOT_MECHANICAL_CONSOLIDATION_20260905\\runs\\wp06_side_joint_20260907_0233\\candidate\\parts\\M6_bottom_washer_70_-70.step"}
{"stage": "save_attempt", "utc": "2026-09-06T18:00:37.573152+00:00", "path": "F:\\China Graduate Future Flight Vehicle Innovation Competition\\01_project\\competition\\SERVICE_ROBOT_MECHANICAL_CONSOLIDATION_20260905\\runs\\wp06_side_joint_20260907_0233\\native\\parts\\M6_bottom_washer_70_-70.SLDPRT", "api_return": [true, 0, 0], "ok": true, "errors": 0, "warnings": 0}
{"stage": "part_completed", "utc": "2026-09-06T18:00:38.179727+00:00", "id": "M6_bottom_washer_70_-70", "solid_count": 1}
{"stage": "part_import_started", "utc": "2026-09-06T18:00:38.214295+00:00", "id": "M6_root_nut_70_-70", "source": "F:\\China Graduate Future Flight Vehicle Innovation Competition\\01_project\\competition\\SERVICE_ROBOT_MECHANICAL_CONSOLIDATION_20260905\\runs\\wp06_side_joint_20260907_0233\\candidate\\parts\\M6_root_nut_70_-70.step"}
{"stage": "save_attempt", "utc": "2026-09-06T18:00:41.141267+00:00", "path": "F:\\China Graduate Future Flight Vehicle Innovation Competition\\01_project\\competition\\SERVICE_ROBOT_MECHANICAL_CONSOLIDATION_20260905\\runs\\wp06_side_joint_20260907_0233\\native\\parts\\M6_root_nut_70_-70.SLDPRT", "api_return": [true, 0, 0], "ok": true, "errors": 0, "warnings": 0}
{"stage": "part_completed", "utc": "2026-09-06T18:00:41.757608+00:00", "id": "M6_root_nut_70_-70", "solid_count": 1}
{"stage": "part_import_started", "utc": "2026-09-06T18:00:41.793195+00:00", "id": "M6_root_bolt_70_70", "source": "F:\\China Graduate Future Flight Vehicle Innovation Competition\\01_project\\competition\\SERVICE_ROBOT_MECHANICAL_CONSOLIDATION_20260905\\runs\\wp06_side_joint_20260907_0233\\candidate\\parts\\M6_root_bolt_70_70.step"}
{"stage": "save_attempt", "utc": "2026-09-06T18:00:44.756211+00:00", "path": "F:\\China Graduate Future Flight Vehicle Innovation Competition\\01_project\\competition\\SERVICE_ROBOT_MECHANICAL_CONSOLIDATION_20260905\\runs\\wp06_side_joint_20260907_0233\\native\\parts\\M6_root_bolt_70_70.SLDPRT", "api_return": [true, 0, 0], "ok": true, "errors": 0, "warnings": 0}
{"stage": "part_completed", "utc": "2026-09-06T18:00:45.385629+00:00", "id": "M6_root_bolt_70_70", "solid_count": 1}
{"stage": "part_import_started", "utc": "2026-09-06T18:00:45.416682+00:00", "id": "M6_bottom_washer_70_70", "source": "F:\\China Graduate Future Flight Vehicle Innovation Competition\\01_project\\competition\\SERVICE_ROBOT_MECHANICAL_CONSOLIDATION_20260905\\runs\\wp06_side_joint_20260907_0233\\candidate\\parts\\M6_bottom_washer_70_70.step"}
{"stage": "save_attempt", "utc": "2026-09-06T18:00:48.384288+00:00", "path": "F:\\China Graduate Future Flight Vehicle Innovation Competition\\01_project\\competition\\SERVICE_ROBOT_MECHANICAL_CONSOLIDATION_20260905\\runs\\wp06_side_joint_20260907_0233\\native\\parts\\M6_bottom_washer_70_70.SLDPRT", "api_return": [true, 0, 0], "ok": true, "errors": 0, "warnings": 0}
{"stage": "part_completed", "utc": "2026-09-06T18:00:49.005843+00:00", "id": "M6_bottom_washer_70_70", "solid_count": 1}
{"stage": "part_import_started", "utc": "2026-09-06T18:00:49.039702+00:00", "id": "M6_root_nut_70_70", "source": "F:\\China Graduate Future Flight Vehicle Innovation Competition\\01_project\\competition\\SERVICE_ROBOT_MECHANICAL_CONSOLIDATION_20260905\\runs\\wp06_side_joint_20260907_0233\\candidate\\parts\\M6_root_nut_70_70.step"}
{"stage": "save_attempt", "utc": "2026-09-06T18:00:51.988917+00:00", "path": "F:\\China Graduate Future Flight Vehicle Innovation Competition\\01_project\\competition\\SERVICE_ROBOT_MECHANICAL_CONSOLIDATION_20260905\\runs\\wp06_side_joint_20260907_0233\\native\\parts\\M6_root_nut_70_70.SLDPRT", "api_return": [true, 0, 0], "ok": true, "errors": 0, "warnings": 0}
{"stage": "part_completed", "utc": "2026-09-06T18:00:52.614586+00:00", "id": "M6_root_nut_70_70", "solid_count": 1}
{"stage": "part_import_started", "utc": "2026-09-06T18:00:52.648545+00:00", "id": "shear_rail_screw_-1_150_-94", "source": "F:\\China Graduate Future Flight Vehicle Innovation Competition\\01_project\\competition\\SERVICE_ROBOT_MECHANICAL_CONSOLIDATION_20260905\\runs\\wp06_side_joint_20260907_0233\\candidate\\parts\\shear_rail_screw_-1_150_-94.step"}
{"stage": "save_attempt", "utc": "2026-09-06T18:00:55.594068+00:00", "path": "F:\\China Graduate Future Flight Vehicle Innovation Competition\\01_project\\competition\\SERVICE_ROBOT_MECHANICAL_CONSOLIDATION_20260905\\runs\\wp06_side_joint_20260907_0233\\native\\parts\\shear_rail_screw_-1_150_-94.SLDPRT", "api_return": [true, 0, 0], "ok": true, "errors": 0, "warnings": 0}
{"stage": "part_completed", "utc": "2026-09-06T18:00:56.200519+00:00", "id": "shear_rail_screw_-1_150_-94", "solid_count": 1}
{"stage": "part_import_started", "utc": "2026-09-06T18:00:56.230024+00:00", "id": "shear_rail_screw_-1_150_94", "source": "F:\\China Graduate Future Flight Vehicle Innovation Competition\\01_project\\competition\\SERVICE_ROBOT_MECHANICAL_CONSOLIDATION_20260905\\runs\\wp06_side_joint_20260907_0233\\candidate\\parts\\shear_rail_screw_-1_150_94.step"}
{"stage": "save_attempt", "utc": "2026-09-06T18:00:59.167665+00:00", "path": "F:\\China Graduate Future Flight Vehicle Innovation Competition\\01_project\\competition\\SERVICE_ROBOT_MECHANICAL_CONSOLIDATION_20260905\\runs\\wp06_side_joint_20260907_0233\\native\\parts\\shear_rail_screw_-1_150_94.SLDPRT", "api_return": [true, 0, 0], "ok": true, "errors": 0, "warnings": 0}
{"stage": "part_completed", "utc": "2026-09-06T18:00:59.799651+00:00", "id": "shear_rail_screw_-1_150_94", "solid_count": 1}
{"stage": "part_import_started", "utc": "2026-09-06T18:00:59.835523+00:00", "id": "access_cover_-1", "source": "F:\\China Graduate Future Flight Vehicle Innovation Competition\\01_project\\competition\\SERVICE_ROBOT_MECHANICAL_CONSOLIDATION_20260905\\runs\\wp06_side_joint_20260907_0233\\candidate\\parts\\access_cover_-1.step"}
{"stage": "save_attempt", "utc": "2026-09-06T18:01:02.775131+00:00", "path": "F:\\China Graduate Future Flight Vehicle Innovation Competition\\01_project\\competition\\SERVICE_ROBOT_MECHANICAL_CONSOLIDATION_20260905\\runs\\wp06_side_joint_20260907_0233\\native\\parts\\access_cover_-1.SLDPRT", "api_return": [true, 0, 0], "ok": true, "errors": 0, "warnings": 0}
{"stage": "part_completed", "utc": "2026-09-06T18:01:03.398874+00:00", "id": "access_cover_-1", "solid_count": 1}
{"stage": "part_import_started", "utc": "2026-09-06T18:01:03.432515+00:00", "id": "shear_rail_screw_1_150_-94", "source": "F:\\China Graduate Future Flight Vehicle Innovation Competition\\01_project\\competition\\SERVICE_ROBOT_MECHANICAL_CONSOLIDATION_20260905\\runs\\wp06_side_joint_20260907_0233\\candidate\\parts\\shear_rail_screw_1_150_-94.step"}
{"stage": "save_attempt", "utc": "2026-09-06T18:01:06.405813+00:00", "path": "F:\\China Graduate Future Flight Vehicle Innovation Competition\\01_project\\competition\\SERVICE_ROBOT_MECHANICAL_CONSOLIDATION_20260905\\runs\\wp06_side_joint_20260907_0233\\native\\parts\\shear_rail_screw_1_150_-94.SLDPRT", "api_return": [true, 0, 0], "ok": true, "errors": 0, "warnings": 0}
{"stage": "part_completed", "utc": "2026-09-06T18:01:07.034466+00:00", "id": "shear_rail_screw_1_150_-94", "solid_count": 1}
{"stage": "part_import_started", "utc": "2026-09-06T18:01:07.067848+00:00", "id": "shear_rail_screw_1_150_94", "source": "F:\\China Graduate Future Flight Vehicle Innovation Competition\\01_project\\competition\\SERVICE_ROBOT_MECHANICAL_CONSOLIDATION_20260905\\runs\\wp06_side_joint_20260907_0233\\candidate\\parts\\shear_rail_screw_1_150_94.step"}
{"stage": "save_attempt", "utc": "2026-09-06T18:01:10.035463+00:00", "path": "F:\\China Graduate Future Flight Vehicle Innovation Competition\\01_project\\competition\\SERVICE_ROBOT_MECHANICAL_CONSOLIDATION_20260905\\runs\\wp06_side_joint_20260907_0233\\native\\parts\\shear_rail_screw_1_150_94.SLDPRT", "api_return": [true, 0, 0], "ok": true, "errors": 0, "warnings": 0}
{"stage": "part_completed", "utc": "2026-09-06T18:01:10.636176+00:00", "id": "shear_rail_screw_1_150_94", "solid_count": 1}
{"stage": "part_import_started", "utc": "2026-09-06T18:01:10.664627+00:00", "id": "access_cover_1", "source": "F:\\China Graduate Future Flight Vehicle Innovation Competition\\01_project\\competition\\SERVICE_ROBOT_MECHANICAL_CONSOLIDATION_20260905\\runs\\wp06_side_joint_20260907_0233\\candidate\\parts\\access_cover_1.step"}
{"stage": "save_attempt", "utc": "2026-09-06T18:01:13.617373+00:00", "path": "F:\\China Graduate Future Flight Vehicle Innovation Competition\\01_project\\competition\\SERVICE_ROBOT_MECHANICAL_CONSOLIDATION_20260905\\runs\\wp06_side_joint_20260907_0233\\native\\parts\\access_cover_1.SLDPRT", "api_return": [true, 0, 0], "ok": true, "errors": 0, "warnings": 0}
{"stage": "part_completed", "utc": "2026-09-06T18:01:14.240117+00:00", "id": "access_cover_1", "solid_count": 1}
{"stage": "part_import_started", "utc": "2026-09-06T18:01:14.273290+00:00", "id": "lower_equipment_deck", "source": "F:\\China Graduate Future Flight Vehicle Innovation Competition\\01_project\\competition\\SERVICE_ROBOT_MECHANICAL_CONSOLIDATION_20260905\\runs\\wp06_side_joint_20260907_0233\\candidate\\parts\\lower_equipment_deck.step"}
{"stage": "save_attempt", "utc": "2026-09-06T18:01:17.265294+00:00", "path": "F:\\China Graduate Future Flight Vehicle Innovation Competition\\01_project\\competition\\SERVICE_ROBOT_MECHANICAL_CONSOLIDATION_20260905\\runs\\wp06_side_joint_20260907_0233\\native\\parts\\lower_equipment_deck.SLDPRT", "api_return": [true, 0, 0], "ok": true, "errors": 0, "warnings": 0}
{"stage": "part_completed", "utc": "2026-09-06T18:01:17.908514+00:00", "id": "lower_equipment_deck", "solid_count": 1}
{"stage": "part_import_started", "utc": "2026-09-06T18:01:17.941212+00:00", "id": "R01_D_lower_-1_140_screw", "source": "F:\\China Graduate Future Flight Vehicle Innovation Competition\\01_project\\competition\\SERVICE_ROBOT_MECHANICAL_CONSOLIDATION_20260905\\runs\\wp06_side_joint_20260907_0233\\candidate\\parts\\R01_D_lower_-1_140_screw.step"}
{"stage": "save_attempt", "utc": "2026-09-06T18:01:20.886615+00:00", "path": "F:\\China Graduate Future Flight Vehicle Innovation Competition\\01_project\\competition\\SERVICE_ROBOT_MECHANICAL_CONSOLIDATION_20260905\\runs\\wp06_side_joint_20260907_0233\\native\\parts\\R01_D_lower_-1_140_screw.SLDPRT", "api_return": [true, 0, 0], "ok": true, "errors": 0, "warnings": 0}
{"stage": "part_completed", "utc": "2026-09-06T18:01:21.520663+00:00", "id": "R01_D_lower_-1_140_screw", "solid_count": 1}
{"stage": "part_import_started", "utc": "2026-09-06T18:01:21.554885+00:00", "id": "R01_D_lower_-1_140_washer_head", "source": "F:\\China Graduate Future Flight Vehicle Innovation Competition\\01_project\\competition\\SERVICE_ROBOT_MECHANICAL_CONSOLIDATION_20260905\\runs\\wp06_side_joint_20260907_0233\\candidate\\parts\\R01_D_lower_-1_140_washer_head.step"}
{"stage": "save_attempt", "utc": "2026-09-06T18:01:24.503491+00:00", "path": "F:\\China Graduate Future Flight Vehicle Innovation Competition\\01_project\\competition\\SERVICE_ROBOT_MECHANICAL_CONSOLIDATION_20260905\\runs\\wp06_side_joint_20260907_0233\\native\\parts\\R01_D_lower_-1_140_washer_head.SLDPRT", "api_return": [true, 0, 0], "ok": true, "errors": 0, "warnings": 0}
{"stage": "part_completed", "utc": "2026-09-06T18:01:25.160355+00:00", "id": "R01_D_lower_-1_140_washer_head", "solid_count": 1}
{"stage": "part_import_started", "utc": "2026-09-06T18:01:25.190264+00:00", "id": "R01_D_lower_1_140_screw", "source": "F:\\China Graduate Future Flight Vehicle Innovation Competition\\01_project\\competition\\SERVICE_ROBOT_MECHANICAL_CONSOLIDATION_20260905\\runs\\wp06_side_joint_20260907_0233\\candidate\\parts\\R01_D_lower_1_140_screw.step"}
{"stage": "save_attempt", "utc": "2026-09-06T18:01:28.133786+00:00", "path": "F:\\China Graduate Future Flight Vehicle Innovation Competition\\01_project\\competition\\SERVICE_ROBOT_MECHANICAL_CONSOLIDATION_20260905\\runs\\wp06_side_joint_20260907_0233\\native\\parts\\R01_D_lower_1_140_screw.SLDPRT", "api_return": [true, 0, 0], "ok": true, "errors": 0, "warnings": 0}
{"stage": "part_completed", "utc": "2026-09-06T18:01:28.756830+00:00", "id": "R01_D_lower_1_140_screw", "solid_count": 1}
{"stage": "part_import_started", "utc": "2026-09-06T18:01:28.791118+00:00", "id": "R01_D_lower_1_140_washer_head", "source": "F:\\China Graduate Future Flight Vehicle Innovation Competition\\01_project\\competition\\SERVICE_ROBOT_MECHANICAL_CONSOLIDATION_20260905\\runs\\wp06_side_joint_20260907_0233\\candidate\\parts\\R01_D_lower_1_140_washer_head.step"}
{"stage": "save_attempt", "utc": "2026-09-06T18:01:31.741588+00:00", "path": "F:\\China Graduate Future Flight Vehicle Innovation Competition\\01_project\\competition\\SERVICE_ROBOT_MECHANICAL_CONSOLIDATION_20260905\\runs\\wp06_side_joint_20260907_0233\\native\\parts\\R01_D_lower_1_140_washer_head.SLDPRT", "api_return": [true, 0, 0], "ok": true, "errors": 0, "warnings": 0}
{"stage": "part_completed", "utc": "2026-09-06T18:01:32.368537+00:00", "id": "R01_D_lower_1_140_washer_head", "solid_count": 1}
{"stage": "part_import_started", "utc": "2026-09-06T18:01:32.399872+00:00", "id": "wing_harness_budget_-1", "source": "F:\\China Graduate Future Flight Vehicle Innovation Competition\\01_project\\competition\\SERVICE_ROBOT_MECHANICAL_CONSOLIDATION_20260905\\runs\\wp06_side_joint_20260907_0233\\candidate\\parts\\wing_harness_budget_-1.step"}
{"stage": "save_attempt", "utc": "2026-09-06T18:01:35.369144+00:00", "path": "F:\\China Graduate Future Flight Vehicle Innovation Competition\\01_project\\competition\\SERVICE_ROBOT_MECHANICAL_CONSOLIDATION_20260905\\runs\\wp06_side_joint_20260907_0233\\native\\parts\\wing_harness_budget_-1.SLDPRT", "api_return": [true, 0, 0], "ok": true, "errors": 0, "warnings": 0}
{"stage": "part_completed", "utc": "2026-09-06T18:01:35.993669+00:00", "id": "wing_harness_budget_-1", "solid_count": 1}
{"stage": "part_import_started", "utc": "2026-09-06T18:01:36.023274+00:00", "id": "wing_harness_budget_1", "source": "F:\\China Graduate Future Flight Vehicle Innovation Competition\\01_project\\competition\\SERVICE_ROBOT_MECHANICAL_CONSOLIDATION_20260905\\runs\\wp06_side_joint_20260907_0233\\candidate\\parts\\wing_harness_budget_1.step"}
{"stage": "save_attempt", "utc": "2026-09-06T18:01:38.983367+00:00", "path": "F:\\China Graduate Future Flight Vehicle Innovation Competition\\01_project\\competition\\SERVICE_ROBOT_MECHANICAL_CONSOLIDATION_20260905\\runs\\wp06_side_joint_20260907_0233\\native\\parts\\wing_harness_budget_1.SLDPRT", "api_return": [true, 0, 0], "ok": true, "errors": 0, "warnings": 0}
{"stage": "part_completed", "utc": "2026-09-06T18:01:39.597594+00:00", "id": "wing_harness_budget_1", "solid_count": 1}
{"stage": "components_inserted_fixed_identity", "utc": "2026-09-06T18:01:43.176889+00:00", "added": 20, "total": 53}
{"stage": "components_inserted_fixed_identity", "utc": "2026-09-06T18:01:45.357968+00:00", "added": 40, "total": 53}
{"stage": "components_inserted_fixed_identity", "utc": "2026-09-06T18:01:46.949888+00:00", "added": 53, "total": 53}
{"stage": "save_attempt", "utc": "2026-09-06T18:02:10.356075+00:00", "path": "F:\\China Graduate Future Flight Vehicle Innovation Competition\\01_project\\competition\\SERVICE_ROBOT_MECHANICAL_CONSOLIDATION_20260905\\runs\\wp06_side_joint_20260907_0233\\native\\WP06_SIDE_JOINT_C02.SLDASM", "api_return": [true, 0, 0], "ok": true, "errors": 0, "warnings": 0}
{"stage": "save_attempt", "utc": "2026-09-06T18:02:12.152844+00:00", "path": "F:\\China Graduate Future Flight Vehicle Innovation Competition\\01_project\\competition\\SERVICE_ROBOT_MECHANICAL_CONSOLIDATION_20260905\\runs\\wp06_side_joint_20260907_0233\\native\\WP06_SIDE_JOINT_C02_ROUNDTRIP.step", "api_return": [true, 0, 0], "ok": true, "errors": 0, "warnings": 0}
{"stage": "assembly_saved_exported_and_closed", "utc": "2026-09-06T18:02:13.008335+00:00"}
{"stage": "cold_assembly_verified_left_visible", "utc": "2026-09-06T18:02:40.291354+00:00", "component_count": 53}
{"stage": "completed", "utc": "2026-09-06T18:02:40.441656+00:00"}
{"stage": "detaching_existing_application", "utc": "2026-09-06T18:02:40.486449+00:00"}
