{"phase": "legacy", "id": "lower_deck_angle_-1_1", "status": "PASS"}
{"phase": "legacy", "id": "lower_deck_angle_1_1", "status": "PASS"}
{"phase": "legacy", "id": "shear_clip_-1_150_-94", "status": "PASS"}
{"phase": "legacy", "id": "shear_clip_-1_150_94", "status": "PASS"}
{"phase": "legacy", "id": "shear_clip_1_150_-94", "status": "PASS"}
{"phase": "legacy", "id": "shear_clip_1_150_94", "status": "PASS"}
{"phase": "legacy", "id": "shear_web_-1", "status": "PASS"}
{"phase": "legacy", "id": "shear_web_1", "status": "PASS"}
{"phase": "perturbed", "id": "WP06_nut_-1_-94", "status": "PASS"}
{"phase": "perturbed", "id": "WP06_nut_-1_94", "status": "PASS"}
{"phase": "perturbed", "id": "WP06_nut_1_-94", "status": "PASS"}
{"phase": "perturbed", "id": "WP06_nut_1_94", "status": "PASS"}
{"phase": "perturbed", "id": "WP06_screw_-1_-94", "status": "PASS"}
{"phase": "perturbed", "id": "WP06_screw_-1_94", "status": "PASS"}
{"phase": "perturbed", "id": "WP06_screw_1_-94", "status": "PASS"}
{"phase": "perturbed", "id": "WP06_screw_1_94", "status": "PASS"}
{"phase": "perturbed", "id": "WP06_washer_inner_-1_-94", "status": "PASS"}
{"phase": "perturbed", "id": "WP06_washer_inner_-1_94", "status": "PASS"}
{"phase": "perturbed", "id": "WP06_washer_inner_1_-94", "status": "PASS"}
{"phase": "perturbed", "id": "WP06_washer_inner_1_94", "status": "PASS"}
{"phase": "perturbed", "id": "WP06_washer_outer_-1_-94", "status": "PASS"}
{"phase": "perturbed", "id": "WP06_washer_outer_-1_94", "status": "PASS"}
{"phase": "perturbed", "id": "WP06_washer_outer_1_-94", "status": "PASS"}
{"phase": "perturbed", "id": "WP06_washer_outer_1_94", "status": "PASS"}
{"phase": "perturbed", "id": "lower_deck_angle_-1_1", "status": "PASS"}
{"phase": "perturbed", "id": "lower_deck_angle_1_1", "status": "PASS"}
{"phase": "perturbed", "id": "shear_clip_-1_150_-94", "status": "PASS"}
{"phase": "perturbed", "id": "shear_clip_-1_150_94", "status": "PASS"}
{"phase": "perturbed", "id": "shear_clip_1_150_-94", "status": "PASS"}
{"phase": "perturbed", "id": "shear_clip_1_150_94", "status": "PASS"}
{"phase": "perturbed", "id": "shear_web_-1", "status": "PASS"}
{"phase": "perturbed", "id": "shear_web_1", "status": "PASS"}
{"phase": "restored", "id": "WP06_nut_-1_-94", "status": "PASS"}
{"phase": "restored", "id": "WP06_nut_-1_94", "status": "PASS"}
{"phase": "restored", "id": "WP06_nut_1_-94", "status": "PASS"}
{"phase": "restored", "id": "WP06_nut_1_94", "status": "PASS"}
{"phase": "restored", "id": "WP06_screw_-1_-94", "status": "PASS"}
{"phase": "restored", "id": "WP06_screw_-1_94", "status": "PASS"}
{"phase": "restored", "id": "WP06_screw_1_-94", "status": "PASS"}
{"phase": "restored", "id": "WP06_screw_1_94", "status": "PASS"}
{"phase": "restored", "id": "WP06_washer_inner_-1_-94", "status": "PASS"}
{"phase": "restored", "id": "WP06_washer_inner_-1_94", "status": "PASS"}
{"phase": "restored", "id": "WP06_washer_inner_1_-94", "status": "PASS"}
{"phase": "restored", "id": "WP06_washer_inner_1_94", "status": "PASS"}
{"phase": "restored", "id": "WP06_washer_outer_-1_-94", "status": "PASS"}
{"phase": "restored", "id": "WP06_washer_outer_-1_94", "status": "PASS"}
{"phase": "restored", "id": "WP06_washer_outer_1_-94", "status": "PASS"}
{"phase": "restored", "id": "WP06_washer_outer_1_94", "status": "PASS"}
{"phase": "restored", "id": "lower_deck_angle_-1_1", "status": "PASS"}
{"phase": "restored", "id": "lower_deck_angle_1_1", "status": "PASS"}
{"phase": "restored", "id": "shear_clip_-1_150_-94", "status": "PASS"}
{"phase": "restored", "id": "shear_clip_-1_150_94", "status": "PASS"}
{"phase": "restored", "id": "shear_clip_1_150_-94", "status": "PASS"}
{"phase": "restored", "id": "shear_clip_1_150_94", "status": "PASS"}
{"phase": "restored", "id": "shear_web_-1", "status": "PASS"}
{"phase": "restored", "id": "shear_web_1", "status": "PASS"}
{"status": "PASS", "output": "F:\\China Graduate Future Flight Vehicle Innovation Competition\\01_project\\competition\\SERVICE_ROBOT_MECHANICAL_CONSOLIDATION_20260905\\runs\\wp06_side_joint_20260907_0233\\results\\PARAMETER_PROOF.json"}
