{"id": "facts:shear_web_-1", "kind": "facts", "status": "PASS"}
{"id": "facts:shear_clip_-1_150_-94", "kind": "facts", "status": "PASS"}
{"id": "facts:shear_clip_-1_150_94", "kind": "facts", "status": "PASS"}
{"id": "facts:lower_deck_angle_-1_1", "kind": "facts", "status": "PASS"}
{"id": "facts:shear_web_1", "kind": "facts", "status": "PASS"}
{"id": "facts:shear_clip_1_150_-94", "kind": "facts", "status": "PASS"}
{"id": "facts:shear_clip_1_150_94", "kind": "facts", "status": "PASS"}
{"id": "facts:lower_deck_angle_1_1", "kind": "facts", "status": "PASS"}
{"id": "facts:WP06_screw_-1_-94", "kind": "facts", "status": "PASS"}
{"id": "facts:WP06_washer_outer_-1_-94", "kind": "facts", "status": "PASS"}
{"id": "facts:WP06_washer_inner_-1_-94", "kind": "facts", "status": "PASS"}
{"id": "facts:WP06_nut_-1_-94", "kind": "facts", "status": "PASS"}
{"id": "facts:WP06_screw_-1_94", "kind": "facts", "status": "PASS"}
{"id": "facts:WP06_washer_outer_-1_94", "kind": "facts", "status": "PASS"}
{"id": "facts:WP06_washer_inner_-1_94", "kind": "facts", "status": "PASS"}
{"id": "facts:WP06_nut_-1_94", "kind": "facts", "status": "PASS"}
{"id": "facts:WP06_screw_1_-94", "kind": "facts", "status": "PASS"}
{"id": "facts:WP06_washer_outer_1_-94", "kind": "facts", "status": "PASS"}
{"id": "facts:WP06_washer_inner_1_-94", "kind": "facts", "status": "PASS"}
{"id": "facts:WP06_nut_1_-94", "kind": "facts", "status": "PASS"}
{"id": "facts:WP06_screw_1_94", "kind": "facts", "status": "PASS"}
{"id": "facts:WP06_washer_outer_1_94", "kind": "facts", "status": "PASS"}
{"id": "facts:WP06_washer_inner_1_94", "kind": "facts", "status": "PASS"}
{"id": "facts:WP06_nut_1_94", "kind": "facts", "status": "PASS"}
{"id": "facts:RB_longeron_-1_-1", "kind": "facts", "status": "PASS"}
{"id": "facts:RB_longeron_-1_1", "kind": "facts", "status": "PASS"}
{"id": "facts:RB_longeron_1_-1", "kind": "facts", "status": "PASS"}
{"id": "facts:RB_longeron_1_1", "kind": "facts", "status": "PASS"}
{"id": "facts:RB_upper_beam_160", "kind": "facts", "status": "PASS"}
{"id": "facts:RB_lower_beam_160", "kind": "facts", "status": "PASS"}
{"id": "facts:RB_pillar_2", "kind": "facts", "status": "PASS"}
{"id": "facts:RB_lower_spacer_2", "kind": "facts", "status": "PASS"}
{"id": "facts:RB_pillar_3", "kind": "facts", "status": "PASS"}
{"id": "facts:RB_lower_spacer_3", "kind": "facts", "status": "PASS"}
{"id": "facts:M6_root_bolt_70_-70", "kind": "facts", "status": "PASS"}
{"id": "facts:M6_bottom_washer_70_-70", "kind": "facts", "status": "PASS"}
{"id": "facts:M6_root_nut_70_-70", "kind": "facts", "status": "PASS"}
{"id": "facts:M6_root_bolt_70_70", "kind": "facts", "status": "PASS"}
{"id": "facts:M6_bottom_washer_70_70", "kind": "facts", "status": "PASS"}
{"id": "facts:M6_root_nut_70_70", "kind": "facts", "status": "PASS"}
{"id": "facts:shear_rail_screw_-1_150_-94", "kind": "facts", "status": "PASS"}
{"id": "facts:shear_rail_screw_-1_150_94", "kind": "facts", "status": "PASS"}
{"id": "facts:access_cover_-1", "kind": "facts", "status": "PASS"}
{"id": "facts:shear_rail_screw_1_150_-94", "kind": "facts", "status": "PASS"}
{"id": "facts:shear_rail_screw_1_150_94", "kind": "facts", "status": "PASS"}
{"id": "facts:access_cover_1", "kind": "facts", "status": "PASS"}
{"id": "facts:lower_equipment_deck", "kind": "facts", "status": "PASS"}
{"id": "facts:R01_D_lower_-1_140_screw", "kind": "facts", "status": "PASS"}
{"id": "facts:R01_D_lower_-1_140_washer_head", "kind": "facts", "status": "PASS"}
{"id": "facts:R01_D_lower_1_140_screw", "kind": "facts", "status": "PASS"}
{"id": "facts:R01_D_lower_1_140_washer_head", "kind": "facts", "status": "PASS"}
{"id": "facts:wing_harness_budget_-1", "kind": "facts", "status": "PASS"}
{"id": "facts:wing_harness_budget_1", "kind": "facts", "status": "PASS"}
{"id": "screw_pillar:-1_-94", "kind": "clearance", "status": "PASS"}
{"id": "cross_screws:-1_-94", "kind": "clearance", "status": "PASS"}
{"id": "axis_bore:shear_web_-1:-94", "kind": "axis_bore", "status": "PASS"}
{"id": "axis_bore:shear_clip_-1_150_-94:-94", "kind": "axis_bore", "status": "PASS"}
{"id": "stack:shear_web_-1:-94", "kind": "axis_line_intervals", "status": "PASS"}
{"id": "stack:shear_clip_-1_150_-94:-94", "kind": "axis_line_intervals", "status": "PASS"}
{"id": "stack:WP06_washer_outer_-1_-94:-94", "kind": "axis_line_intervals", "status": "PASS"}
{"id": "stack:WP06_washer_inner_-1_-94:-94", "kind": "axis_line_intervals", "status": "PASS"}
{"id": "stack:WP06_nut_-1_-94:-94", "kind": "axis_line_intervals", "status": "PASS"}
{"id": "screw_pillar:-1_94", "kind": "clearance", "status": "PASS"}
{"id": "cross_screws:-1_94", "kind": "clearance", "status": "PASS"}
{"id": "axis_bore:shear_web_-1:94", "kind": "axis_bore", "status": "PASS"}
{"id": "axis_bore:shear_clip_-1_150_94:94", "kind": "axis_bore", "status": "PASS"}
{"id": "stack:shear_web_-1:94", "kind": "axis_line_intervals", "status": "PASS"}
{"id": "stack:shear_clip_-1_150_94:94", "kind": "axis_line_intervals", "status": "PASS"}
{"id": "stack:WP06_washer_outer_-1_94:94", "kind": "axis_line_intervals", "status": "PASS"}
{"id": "stack:WP06_washer_inner_-1_94:94", "kind": "axis_line_intervals", "status": "PASS"}
{"id": "stack:WP06_nut_-1_94:94", "kind": "axis_line_intervals", "status": "PASS"}
{"id": "screw_pillar:1_-94", "kind": "clearance", "status": "PASS"}
{"id": "cross_screws:1_-94", "kind": "clearance", "status": "PASS"}
{"id": "axis_bore:shear_web_1:-94", "kind": "axis_bore", "status": "PASS"}
{"id": "axis_bore:shear_clip_1_150_-94:-94", "kind": "axis_bore", "status": "PASS"}
{"id": "stack:shear_web_1:-94", "kind": "axis_line_intervals", "status": "PASS"}
{"id": "stack:shear_clip_1_150_-94:-94", "kind": "axis_line_intervals", "status": "PASS"}
{"id": "stack:WP06_washer_outer_1_-94:-94", "kind": "axis_line_intervals", "status": "PASS"}
{"id": "stack:WP06_washer_inner_1_-94:-94", "kind": "axis_line_intervals", "status": "PASS"}
{"id": "stack:WP06_nut_1_-94:-94", "kind": "axis_line_intervals", "status": "PASS"}
{"id": "screw_pillar:1_94", "kind": "clearance", "status": "PASS"}
{"id": "cross_screws:1_94", "kind": "clearance", "status": "PASS"}
{"id": "axis_bore:shear_web_1:94", "kind": "axis_bore", "status": "PASS"}
{"id": "axis_bore:shear_clip_1_150_94:94", "kind": "axis_bore", "status": "PASS"}
{"id": "stack:shear_web_1:94", "kind": "axis_line_intervals", "status": "PASS"}
{"id": "stack:shear_clip_1_150_94:94", "kind": "axis_line_intervals", "status": "PASS"}
{"id": "stack:WP06_washer_outer_1_94:94", "kind": "axis_line_intervals", "status": "PASS"}
{"id": "stack:WP06_washer_inner_1_94:94", "kind": "axis_line_intervals", "status": "PASS"}
{"id": "stack:WP06_nut_1_94:94", "kind": "axis_line_intervals", "status": "PASS"}
