{
  "output": "F:\\China Graduate Future Flight Vehicle Innovation Competition\\01_project\\competition\\SERVICE_ROBOT_MECHANICAL_CONSOLIDATION_20260905\\runs\\wp03_bounded_20260906_161431\\candidate\\results\\DYNAMICS_HANDOFF.json",
  "summary": "F:\\China Graduate Future Flight Vehicle Innovation Competition\\01_project\\competition\\SERVICE_ROBOT_MECHANICAL_CONSOLIDATION_20260905\\runs\\wp03_bounded_20260906_161431\\candidate\\results\\DYNAMICS_SUMMARY_ZH.md",
  "states": [
    {
      "state": "parking",
      "allocated_onboard_mass_kg": 20.712042414482486,
      "allocated_subset_COM_S_m": [
        0.010766528646479149,
        -0.0043845953872973945,
        0.09898403042788514
      ],
      "unknown_onboard_mass_count": 295
    },
    {
      "state": "released",
      "allocated_onboard_mass_kg": 20.712042414482486,
      "allocated_subset_COM_S_m": [
        0.01076058475078933,
        -0.015542280869637949,
        0.09095242269867661
      ],
      "unknown_onboard_mass_count": 295
    },
    {
      "state": "service",
      "allocated_onboard_mass_kg": 20.712042414482486,
      "allocated_subset_COM_S_m": [
        0.04348680326244676,
        -0.015542279736852458,
        0.0855178968566611
      ],
      "unknown_onboard_mass_count": 295
    }
  ],
  "tests": {
    "analytical_two_sphere_parallel_axis_error_kg_m2": 0.0,
    "global_translation_invariance_error_kg_m2": 0.0,
    "independent_WP01_SciPy_FK_max_matrix_error_mm_or_dimensionless": 2.2737367544323206e-13,
    "FK_samples": 4,
    "FK_links_per_sample": 10,
    "accepted_arm_mass_kg": 4.695555949342986,
    "synthetic_GSE_excluded_from_onboard": true,
    "synthetic_unknown_mass_preserved": true,
    "synthetic_duplicate_mass_owner_rejected": true,
    "all_accepted_inertias_physical": true,
    "arithmetic_and_FK_tests_pass": true,
    "scope": "NUMERICAL_IMPLEMENTATION_ONLY_NOT_SCIENTIFIC_OR_HARDWARE_VERIFICATION"
  }
}
