{"review_progress": "runtime_bootstrap_start", "monotonic_s": 92210.397}
{"review_progress": "runtime_bootstrap_done", "monotonic_s": 92210.415}
{"review_progress": "step_import_start", "monotonic_s": 92220.879, "path": "F:\\China Graduate Future Flight Vehicle Innovation Competition\\01_project\\competition\\SERVICE_ROBOT_MECHANICAL_CONSOLIDATION_20260905\\runs\\wp03_bounded_20260906_161431\\candidate\\r01_local.step"}
{"review_progress": "step_import_loaded", "monotonic_s": 92221.754, "path": "F:\\China Graduate Future Flight Vehicle Innovation Competition\\01_project\\competition\\SERVICE_ROBOT_MECHANICAL_CONSOLIDATION_20260905\\runs\\wp03_bounded_20260906_161431\\candidate\\r01_local.step"}
{"review_progress": "step_detach_progress", "monotonic_s": 92221.771, "path": "F:\\China Graduate Future Flight Vehicle Innovation Competition\\01_project\\competition\\SERVICE_ROBOT_MECHANICAL_CONSOLIDATION_20260905\\runs\\wp03_bounded_20260906_161431\\candidate\\r01_local.step", "total_detached_labels": 20}
{"review_progress": "step_detach_progress", "monotonic_s": 92221.777, "path": "F:\\China Graduate Future Flight Vehicle Innovation Competition\\01_project\\competition\\SERVICE_ROBOT_MECHANICAL_CONSOLIDATION_20260905\\runs\\wp03_bounded_20260906_161431\\candidate\\r01_local.step", "total_detached_labels": 40}
{"review_progress": "step_detach_progress", "monotonic_s": 92221.783, "path": "F:\\China Graduate Future Flight Vehicle Innovation Competition\\01_project\\competition\\SERVICE_ROBOT_MECHANICAL_CONSOLIDATION_20260905\\runs\\wp03_bounded_20260906_161431\\candidate\\r01_local.step", "total_detached_labels": 60}
{"review_progress": "step_detach_progress", "monotonic_s": 92221.79, "path": "F:\\China Graduate Future Flight Vehicle Innovation Competition\\01_project\\competition\\SERVICE_ROBOT_MECHANICAL_CONSOLIDATION_20260905\\runs\\wp03_bounded_20260906_161431\\candidate\\r01_local.step", "total_detached_labels": 80}
{"review_progress": "step_detach_progress", "monotonic_s": 92221.796, "path": "F:\\China Graduate Future Flight Vehicle Innovation Competition\\01_project\\competition\\SERVICE_ROBOT_MECHANICAL_CONSOLIDATION_20260905\\runs\\wp03_bounded_20260906_161431\\candidate\\r01_local.step", "total_detached_labels": 100}
{"review_progress": "step_detach_progress", "monotonic_s": 92221.802, "path": "F:\\China Graduate Future Flight Vehicle Innovation Competition\\01_project\\competition\\SERVICE_ROBOT_MECHANICAL_CONSOLIDATION_20260905\\runs\\wp03_bounded_20260906_161431\\candidate\\r01_local.step", "total_detached_labels": 120}
{"review_progress": "step_detach_progress", "monotonic_s": 92221.809, "path": "F:\\China Graduate Future Flight Vehicle Innovation Competition\\01_project\\competition\\SERVICE_ROBOT_MECHANICAL_CONSOLIDATION_20260905\\runs\\wp03_bounded_20260906_161431\\candidate\\r01_local.step", "total_detached_labels": 140}
{"review_progress": "step_detach_done", "monotonic_s": 92221.809, "path": "F:\\China Graduate Future Flight Vehicle Innovation Competition\\01_project\\competition\\SERVICE_ROBOT_MECHANICAL_CONSOLIDATION_20260905\\runs\\wp03_bounded_20260906_161431\\candidate\\r01_local.step", "detached_leaf_count": 140}
{"review_progress": "step_source_tree_released", "monotonic_s": 92221.961, "path": "F:\\China Graduate Future Flight Vehicle Innovation Competition\\01_project\\competition\\SERVICE_ROBOT_MECHANICAL_CONSOLIDATION_20260905\\runs\\wp03_bounded_20260906_161431\\candidate\\r01_local.step"}
{"review_progress": "step_import_start", "monotonic_s": 92221.961, "path": "F:\\China Graduate Future Flight Vehicle Innovation Competition\\01_project\\competition\\SERVICE_ROBOT_MECHANICAL_CONSOLIDATION_20260905\\runs\\wp03_bounded_20260906_161431\\candidate\\r01_context.step"}
{"review_progress": "step_import_loaded", "monotonic_s": 92224.577, "path": "F:\\China Graduate Future Flight Vehicle Innovation Competition\\01_project\\competition\\SERVICE_ROBOT_MECHANICAL_CONSOLIDATION_20260905\\runs\\wp03_bounded_20260906_161431\\candidate\\r01_context.step"}
{"review_progress": "step_detach_progress", "monotonic_s": 92224.59, "path": "F:\\China Graduate Future Flight Vehicle Innovation Competition\\01_project\\competition\\SERVICE_ROBOT_MECHANICAL_CONSOLIDATION_20260905\\runs\\wp03_bounded_20260906_161431\\candidate\\r01_context.step", "total_detached_labels": 160}
{"review_progress": "step_detach_progress", "monotonic_s": 92224.598, "path": "F:\\China Graduate Future Flight Vehicle Innovation Competition\\01_project\\competition\\SERVICE_ROBOT_MECHANICAL_CONSOLIDATION_20260905\\runs\\wp03_bounded_20260906_161431\\candidate\\r01_context.step", "total_detached_labels": 180}
{"review_progress": "step_detach_progress", "monotonic_s": 92224.605, "path": "F:\\China Graduate Future Flight Vehicle Innovation Competition\\01_project\\competition\\SERVICE_ROBOT_MECHANICAL_CONSOLIDATION_20260905\\runs\\wp03_bounded_20260906_161431\\candidate\\r01_context.step", "total_detached_labels": 200}
{"review_progress": "step_detach_progress", "monotonic_s": 92224.611, "path": "F:\\China Graduate Future Flight Vehicle Innovation Competition\\01_project\\competition\\SERVICE_ROBOT_MECHANICAL_CONSOLIDATION_20260905\\runs\\wp03_bounded_20260906_161431\\candidate\\r01_context.step", "total_detached_labels": 220}
{"review_progress": "step_detach_progress", "monotonic_s": 92224.615, "path": "F:\\China Graduate Future Flight Vehicle Innovation Competition\\01_project\\competition\\SERVICE_ROBOT_MECHANICAL_CONSOLIDATION_20260905\\runs\\wp03_bounded_20260906_161431\\candidate\\r01_context.step", "total_detached_labels": 240}
{"review_progress": "step_detach_progress", "monotonic_s": 92224.62, "path": "F:\\China Graduate Future Flight Vehicle Innovation Competition\\01_project\\competition\\SERVICE_ROBOT_MECHANICAL_CONSOLIDATION_20260905\\runs\\wp03_bounded_20260906_161431\\candidate\\r01_context.step", "total_detached_labels": 260}
{"review_progress": "step_detach_progress", "monotonic_s": 92224.626, "path": "F:\\China Graduate Future Flight Vehicle Innovation Competition\\01_project\\competition\\SERVICE_ROBOT_MECHANICAL_CONSOLIDATION_20260905\\runs\\wp03_bounded_20260906_161431\\candidate\\r01_context.step", "total_detached_labels": 280}
{"review_progress": "step_detach_progress", "monotonic_s": 92224.635, "path": "F:\\China Graduate Future Flight Vehicle Innovation Competition\\01_project\\competition\\SERVICE_ROBOT_MECHANICAL_CONSOLIDATION_20260905\\runs\\wp03_bounded_20260906_161431\\candidate\\r01_context.step", "total_detached_labels": 300}
{"review_progress": "step_detach_progress", "monotonic_s": 92224.64, "path": "F:\\China Graduate Future Flight Vehicle Innovation Competition\\01_project\\competition\\SERVICE_ROBOT_MECHANICAL_CONSOLIDATION_20260905\\runs\\wp03_bounded_20260906_161431\\candidate\\r01_context.step", "total_detached_labels": 320}
{"review_progress": "step_detach_progress", "monotonic_s": 92224.647, "path": "F:\\China Graduate Future Flight Vehicle Innovation Competition\\01_project\\competition\\SERVICE_ROBOT_MECHANICAL_CONSOLIDATION_20260905\\runs\\wp03_bounded_20260906_161431\\candidate\\r01_context.step", "total_detached_labels": 340}
{"review_progress": "step_detach_progress", "monotonic_s": 92224.656, "path": "F:\\China Graduate Future Flight Vehicle Innovation Competition\\01_project\\competition\\SERVICE_ROBOT_MECHANICAL_CONSOLIDATION_20260905\\runs\\wp03_bounded_20260906_161431\\candidate\\r01_context.step", "total_detached_labels": 360}
{"review_progress": "step_detach_progress", "monotonic_s": 92224.662, "path": "F:\\China Graduate Future Flight Vehicle Innovation Competition\\01_project\\competition\\SERVICE_ROBOT_MECHANICAL_CONSOLIDATION_20260905\\runs\\wp03_bounded_20260906_161431\\candidate\\r01_context.step", "total_detached_labels": 380}
{"review_progress": "step_detach_progress", "monotonic_s": 92224.67, "path": "F:\\China Graduate Future Flight Vehicle Innovation Competition\\01_project\\competition\\SERVICE_ROBOT_MECHANICAL_CONSOLIDATION_20260905\\runs\\wp03_bounded_20260906_161431\\candidate\\r01_context.step", "total_detached_labels": 400}
{"review_progress": "step_detach_progress", "monotonic_s": 92224.676, "path": "F:\\China Graduate Future Flight Vehicle Innovation Competition\\01_project\\competition\\SERVICE_ROBOT_MECHANICAL_CONSOLIDATION_20260905\\runs\\wp03_bounded_20260906_161431\\candidate\\r01_context.step", "total_detached_labels": 420}
{"review_progress": "step_detach_progress", "monotonic_s": 92224.683, "path": "F:\\China Graduate Future Flight Vehicle Innovation Competition\\01_project\\competition\\SERVICE_ROBOT_MECHANICAL_CONSOLIDATION_20260905\\runs\\wp03_bounded_20260906_161431\\candidate\\r01_context.step", "total_detached_labels": 440}
{"review_progress": "step_detach_progress", "monotonic_s": 92224.7, "path": "F:\\China Graduate Future Flight Vehicle Innovation Competition\\01_project\\competition\\SERVICE_ROBOT_MECHANICAL_CONSOLIDATION_20260905\\runs\\wp03_bounded_20260906_161431\\candidate\\r01_context.step", "total_detached_labels": 460}
{"review_progress": "step_detach_done", "monotonic_s": 92224.717, "path": "F:\\China Graduate Future Flight Vehicle Innovation Competition\\01_project\\competition\\SERVICE_ROBOT_MECHANICAL_CONSOLIDATION_20260905\\runs\\wp03_bounded_20260906_161431\\candidate\\r01_context.step", "detached_leaf_count": 339}
{"review_progress": "step_source_tree_released", "monotonic_s": 92224.878, "path": "F:\\China Graduate Future Flight Vehicle Innovation Competition\\01_project\\competition\\SERVICE_ROBOT_MECHANICAL_CONSOLIDATION_20260905\\runs\\wp03_bounded_20260906_161431\\candidate\\r01_context.step"}
{"review_progress": "shape_registry_ready", "monotonic_s": 92224.88, "instance_count": 479}
{"review_progress": "bounds_ready", "monotonic_s": 92224.958, "instance_count": 479}
{"review_progress": "validity_start", "monotonic_s": 92224.958, "instance_count": 479}
{"review_progress": "validity_progress", "monotonic_s": 92225.069, "checked": 25, "last_id": "R01_W_lower_-1_-70_screw"}
{"review_progress": "validity_progress", "monotonic_s": 92225.112, "checked": 50, "last_id": "R01_D_lower_1_-50_washer_head"}
{"review_progress": "validity_progress", "monotonic_s": 92225.155, "checked": 75, "last_id": "R01_W_lower_1_130_washer_nut"}
{"review_progress": "validity_progress", "monotonic_s": 92225.199, "checked": 100, "last_id": "R01_D_upper_-1_140_nut"}
{"review_progress": "validity_progress", "monotonic_s": 92225.242, "checked": 125, "last_id": "R01_D_upper_1_50_screw"}
{"review_progress": "validity_progress", "monotonic_s": 92225.352, "checked": 150, "last_id": "RB_end_plug_-1_1_-1"}
{"review_progress": "validity_progress", "monotonic_s": 92225.443, "checked": 175, "last_id": "RB_pillar_nut_0"}
{"review_progress": "validity_progress", "monotonic_s": 92225.495, "checked": 200, "last_id": "WP01-MT-M3RA-REUSED"}
{"review_progress": "validity_progress", "monotonic_s": 92225.54, "checked": 225, "last_id": "M5_interstage_nut_1"}
{"review_progress": "validity_progress", "monotonic_s": 92225.574, "checked": 250, "last_id": "shear_clip_-1_-150_-94"}
{"review_progress": "validity_progress", "monotonic_s": 92225.611, "checked": 275, "last_id": "shear_rail_screw_-1_90_-94"}
{"review_progress": "validity_progress", "monotonic_s": 92225.655, "checked": 300, "last_id": "shear_rail_screw_1_-90_-94"}
{"review_progress": "validity_progress", "monotonic_s": 92225.692, "checked": 325, "last_id": "shear_web_screw_1_150_-94"}
{"review_progress": "validity_progress", "monotonic_s": 92225.748, "checked": 350, "last_id": "equipment_adcs_propulsion_allocation"}
{"review_progress": "validity_progress", "monotonic_s": 92225.794, "checked": 375, "last_id": "trunk_clip_0"}
{"review_progress": "validity_progress", "monotonic_s": 92225.849, "checked": 400, "last_id": "hold_contact_pad_0_1"}
{"review_progress": "validity_progress", "monotonic_s": 92225.9, "checked": 425, "last_id": "hold_contact_pad_1_1"}
{"review_progress": "validity_progress", "monotonic_s": 92225.961, "checked": 450, "last_id": "wing_-1_leaf_3"}
{"review_progress": "validity_progress", "monotonic_s": 92226.193, "checked": 475, "last_id": "wing_edge_frame_1_2_1"}
{"review_progress": "validity_done", "monotonic_s": 92226.211, "checked": 479}
{"review_progress": "connection_geometry_start", "monotonic_s": 92226.211, "connection": "deck_lower_-1_-150"}
{"review_progress": "connection_geometry_done", "monotonic_s": 92226.944, "connection": "deck_lower_-1_-150"}
{"review_progress": "connection_geometry_start", "monotonic_s": 92226.944, "connection": "deck_lower_-1_-50"}
{"review_progress": "connection_geometry_done", "monotonic_s": 92227.651, "connection": "deck_lower_-1_-50"}
{"review_progress": "connection_geometry_start", "monotonic_s": 92227.652, "connection": "deck_lower_-1_50"}
{"review_progress": "connection_geometry_done", "monotonic_s": 92228.351, "connection": "deck_lower_-1_50"}
{"review_progress": "connection_geometry_start", "monotonic_s": 92228.351, "connection": "deck_lower_-1_140"}
{"review_progress": "connection_geometry_done", "monotonic_s": 92229.044, "connection": "deck_lower_-1_140"}
{"review_progress": "connection_geometry_start", "monotonic_s": 92229.044, "connection": "web_lower_-1_-130"}
{"review_progress": "connection_geometry_done", "monotonic_s": 92229.797, "connection": "web_lower_-1_-130"}
{"review_progress": "connection_geometry_start", "monotonic_s": 92229.797, "connection": "web_lower_-1_-70"}
{"review_progress": "connection_geometry_done", "monotonic_s": 92230.525, "connection": "web_lower_-1_-70"}
{"review_progress": "connection_geometry_start", "monotonic_s": 92230.525, "connection": "web_lower_-1_60"}
{"review_progress": "connection_geometry_done", "monotonic_s": 92231.252, "connection": "web_lower_-1_60"}
{"review_progress": "connection_geometry_start", "monotonic_s": 92231.252, "connection": "web_lower_-1_130"}
{"review_progress": "connection_geometry_done", "monotonic_s": 92231.993, "connection": "web_lower_-1_130"}
{"review_progress": "connection_geometry_start", "monotonic_s": 92231.993, "connection": "deck_lower_1_-150"}
{"review_progress": "connection_geometry_done", "monotonic_s": 92232.701, "connection": "deck_lower_1_-150"}
{"review_progress": "connection_geometry_start", "monotonic_s": 92232.701, "connection": "deck_lower_1_-50"}
{"review_progress": "connection_geometry_done", "monotonic_s": 92233.399, "connection": "deck_lower_1_-50"}
{"review_progress": "connection_geometry_start", "monotonic_s": 92233.4, "connection": "deck_lower_1_50"}
{"review_progress": "connection_geometry_done", "monotonic_s": 92234.097, "connection": "deck_lower_1_50"}
{"review_progress": "connection_geometry_start", "monotonic_s": 92234.097, "connection": "deck_lower_1_140"}
{"review_progress": "connection_geometry_done", "monotonic_s": 92234.803, "connection": "deck_lower_1_140"}
{"review_progress": "connection_geometry_start", "monotonic_s": 92234.803, "connection": "web_lower_1_-130"}
{"review_progress": "connection_geometry_done", "monotonic_s": 92235.565, "connection": "web_lower_1_-130"}
{"review_progress": "connection_geometry_start", "monotonic_s": 92235.565, "connection": "web_lower_1_-70"}
{"review_progress": "connection_geometry_done", "monotonic_s": 92236.29, "connection": "web_lower_1_-70"}
{"review_progress": "connection_geometry_start", "monotonic_s": 92236.29, "connection": "web_lower_1_60"}
{"review_progress": "connection_geometry_done", "monotonic_s": 92237.017, "connection": "web_lower_1_60"}
{"review_progress": "connection_geometry_start", "monotonic_s": 92237.017, "connection": "web_lower_1_130"}
{"review_progress": "connection_geometry_done", "monotonic_s": 92237.741, "connection": "web_lower_1_130"}
{"review_progress": "connection_geometry_start", "monotonic_s": 92237.741, "connection": "deck_upper_-1_-150"}
{"review_progress": "connection_geometry_done", "monotonic_s": 92238.442, "connection": "deck_upper_-1_-150"}
{"review_progress": "connection_geometry_start", "monotonic_s": 92238.442, "connection": "deck_upper_-1_-50"}
{"review_progress": "connection_geometry_done", "monotonic_s": 92239.148, "connection": "deck_upper_-1_-50"}
{"review_progress": "connection_geometry_start", "monotonic_s": 92239.148, "connection": "deck_upper_-1_50"}
{"review_progress": "connection_geometry_done", "monotonic_s": 92239.852, "connection": "deck_upper_-1_50"}
{"review_progress": "connection_geometry_start", "monotonic_s": 92239.852, "connection": "deck_upper_-1_140"}
{"review_progress": "connection_geometry_done", "monotonic_s": 92240.549, "connection": "deck_upper_-1_140"}
{"review_progress": "connection_geometry_start", "monotonic_s": 92240.549, "connection": "web_upper_-1_-130"}
{"review_progress": "connection_geometry_done", "monotonic_s": 92241.256, "connection": "web_upper_-1_-130"}
{"review_progress": "connection_geometry_start", "monotonic_s": 92241.256, "connection": "web_upper_-1_-70"}
{"review_progress": "connection_geometry_done", "monotonic_s": 92241.957, "connection": "web_upper_-1_-70"}
{"review_progress": "connection_geometry_start", "monotonic_s": 92241.957, "connection": "web_upper_-1_60"}
{"review_progress": "connection_geometry_done", "monotonic_s": 92242.658, "connection": "web_upper_-1_60"}
{"review_progress": "connection_geometry_start", "monotonic_s": 92242.658, "connection": "web_upper_-1_130"}
{"review_progress": "connection_geometry_done", "monotonic_s": 92243.357, "connection": "web_upper_-1_130"}
{"review_progress": "connection_geometry_start", "monotonic_s": 92243.357, "connection": "deck_upper_1_-150"}
{"review_progress": "connection_geometry_done", "monotonic_s": 92244.075, "connection": "deck_upper_1_-150"}
{"review_progress": "connection_geometry_start", "monotonic_s": 92244.075, "connection": "deck_upper_1_-50"}
{"review_progress": "connection_geometry_done", "monotonic_s": 92244.78, "connection": "deck_upper_1_-50"}
{"review_progress": "connection_geometry_start", "monotonic_s": 92244.78, "connection": "deck_upper_1_50"}
{"review_progress": "connection_geometry_done", "monotonic_s": 92245.501, "connection": "deck_upper_1_50"}
{"review_progress": "connection_geometry_start", "monotonic_s": 92245.501, "connection": "deck_upper_1_140"}
{"review_progress": "connection_geometry_done", "monotonic_s": 92246.207, "connection": "deck_upper_1_140"}
{"review_progress": "connection_geometry_start", "monotonic_s": 92246.207, "connection": "web_upper_1_-130"}
{"review_progress": "connection_geometry_done", "monotonic_s": 92246.91, "connection": "web_upper_1_-130"}
{"review_progress": "connection_geometry_start", "monotonic_s": 92246.91, "connection": "web_upper_1_-70"}
{"review_progress": "connection_geometry_done", "monotonic_s": 92247.614, "connection": "web_upper_1_-70"}
{"review_progress": "connection_geometry_start", "monotonic_s": 92247.614, "connection": "web_upper_1_60"}
{"review_progress": "connection_geometry_done", "monotonic_s": 92248.366, "connection": "web_upper_1_60"}
{"review_progress": "connection_geometry_start", "monotonic_s": 92248.366, "connection": "web_upper_1_130"}
{"review_progress": "connection_geometry_done", "monotonic_s": 92249.067, "connection": "web_upper_1_130"}
{"review_progress": "preserved_dimensions_start", "monotonic_s": 92249.067}
{"review_progress": "preserved_dimensions_and_notches_done", "monotonic_s": 92249.16}
{"review_progress": "affected_static_pairs_start", "monotonic_s": 92249.161, "registered_instances": 442, "affected_instances": 140}
{"review_progress": "affected_static_pairs_progress", "monotonic_s": 92249.161, "broad_pairs": 20, "narrow_pairs": 1, "last_ids": ["shear_web_-1", "R01_W_lower_-1_-130_screw"]}
{"review_progress": "affected_static_pairs_progress", "monotonic_s": 92249.44, "broad_pairs": 927, "narrow_pairs": 50, "last_ids": ["lower_equipment_deck", "R01_D_lower_1_-50_screw"]}
{"review_progress": "affected_static_pairs_progress", "monotonic_s": 92249.643, "broad_pairs": 2496, "narrow_pairs": 100, "last_ids": ["lower_deck_angle_1_0", "shear_web_screw_1_-30_-94"]}
{"review_progress": "affected_static_pairs_progress", "monotonic_s": 92249.843, "broad_pairs": 4027, "narrow_pairs": 150, "last_ids": ["upper_deck_angle_-1_1", "R01_W_upper_-1_60_nut"]}
{"review_progress": "affected_static_pairs_progress", "monotonic_s": 92250.031, "broad_pairs": 16862, "narrow_pairs": 200, "last_ids": ["R01_W_lower_-1_130_screw", "R01_W_lower_-1_130_washer_nut"]}
{"review_progress": "affected_static_pairs_progress", "monotonic_s": 92250.234, "broad_pairs": 41851, "narrow_pairs": 250, "last_ids": ["R01_D_upper_1_-150_screw", "R01_D_upper_1_-150_washer_head"]}
{"review_progress": "affected_static_pairs_done", "monotonic_s": 92250.331, "broad_pairs": 52010, "narrow_pairs": 273, "findings": 11}
{"review_progress": "negative_controls_start", "monotonic_s": 92250.331}
{"review_progress": "negative_controls_done", "monotonic_s": 92250.45}
{"status": "SCOPED_GEOMETRY_REVIEW_FAIL", "output": "..\\review\\R01_REVIEW_CANDIDATE1_DETACHED.json"}
