{"review_progress": "runtime_bootstrap_start", "monotonic_s": 92906.833}
{"review_progress": "runtime_bootstrap_done", "monotonic_s": 92906.849}
{"review_progress": "step_import_start", "monotonic_s": 92914.125, "path": "F:\\China Graduate Future Flight Vehicle Innovation Competition\\01_project\\competition\\SERVICE_ROBOT_MECHANICAL_CONSOLIDATION_20260905\\runs\\wp03_bounded_20260906_161431\\candidate\\r01_local.step"}
{"review_progress": "step_import_loaded", "monotonic_s": 92914.914, "path": "F:\\China Graduate Future Flight Vehicle Innovation Competition\\01_project\\competition\\SERVICE_ROBOT_MECHANICAL_CONSOLIDATION_20260905\\runs\\wp03_bounded_20260906_161431\\candidate\\r01_local.step"}
{"review_progress": "step_detach_progress", "monotonic_s": 92914.93, "path": "F:\\China Graduate Future Flight Vehicle Innovation Competition\\01_project\\competition\\SERVICE_ROBOT_MECHANICAL_CONSOLIDATION_20260905\\runs\\wp03_bounded_20260906_161431\\candidate\\r01_local.step", "total_detached_labels": 20}
{"review_progress": "step_detach_progress", "monotonic_s": 92914.936, "path": "F:\\China Graduate Future Flight Vehicle Innovation Competition\\01_project\\competition\\SERVICE_ROBOT_MECHANICAL_CONSOLIDATION_20260905\\runs\\wp03_bounded_20260906_161431\\candidate\\r01_local.step", "total_detached_labels": 40}
{"review_progress": "step_detach_progress", "monotonic_s": 92914.942, "path": "F:\\China Graduate Future Flight Vehicle Innovation Competition\\01_project\\competition\\SERVICE_ROBOT_MECHANICAL_CONSOLIDATION_20260905\\runs\\wp03_bounded_20260906_161431\\candidate\\r01_local.step", "total_detached_labels": 60}
{"review_progress": "step_detach_progress", "monotonic_s": 92914.949, "path": "F:\\China Graduate Future Flight Vehicle Innovation Competition\\01_project\\competition\\SERVICE_ROBOT_MECHANICAL_CONSOLIDATION_20260905\\runs\\wp03_bounded_20260906_161431\\candidate\\r01_local.step", "total_detached_labels": 80}
{"review_progress": "step_detach_progress", "monotonic_s": 92914.955, "path": "F:\\China Graduate Future Flight Vehicle Innovation Competition\\01_project\\competition\\SERVICE_ROBOT_MECHANICAL_CONSOLIDATION_20260905\\runs\\wp03_bounded_20260906_161431\\candidate\\r01_local.step", "total_detached_labels": 100}
{"review_progress": "step_detach_progress", "monotonic_s": 92914.961, "path": "F:\\China Graduate Future Flight Vehicle Innovation Competition\\01_project\\competition\\SERVICE_ROBOT_MECHANICAL_CONSOLIDATION_20260905\\runs\\wp03_bounded_20260906_161431\\candidate\\r01_local.step", "total_detached_labels": 120}
{"review_progress": "step_detach_progress", "monotonic_s": 92914.967, "path": "F:\\China Graduate Future Flight Vehicle Innovation Competition\\01_project\\competition\\SERVICE_ROBOT_MECHANICAL_CONSOLIDATION_20260905\\runs\\wp03_bounded_20260906_161431\\candidate\\r01_local.step", "total_detached_labels": 140}
{"review_progress": "step_detach_done", "monotonic_s": 92914.967, "path": "F:\\China Graduate Future Flight Vehicle Innovation Competition\\01_project\\competition\\SERVICE_ROBOT_MECHANICAL_CONSOLIDATION_20260905\\runs\\wp03_bounded_20260906_161431\\candidate\\r01_local.step", "detached_leaf_count": 140}
{"review_progress": "step_source_tree_released", "monotonic_s": 92915.118, "path": "F:\\China Graduate Future Flight Vehicle Innovation Competition\\01_project\\competition\\SERVICE_ROBOT_MECHANICAL_CONSOLIDATION_20260905\\runs\\wp03_bounded_20260906_161431\\candidate\\r01_local.step"}
{"review_progress": "step_import_start", "monotonic_s": 92915.118, "path": "F:\\China Graduate Future Flight Vehicle Innovation Competition\\01_project\\competition\\SERVICE_ROBOT_MECHANICAL_CONSOLIDATION_20260905\\runs\\wp03_bounded_20260906_161431\\candidate\\r01_context.step"}
{"review_progress": "step_import_loaded", "monotonic_s": 92917.638, "path": "F:\\China Graduate Future Flight Vehicle Innovation Competition\\01_project\\competition\\SERVICE_ROBOT_MECHANICAL_CONSOLIDATION_20260905\\runs\\wp03_bounded_20260906_161431\\candidate\\r01_context.step"}
{"review_progress": "step_detach_progress", "monotonic_s": 92917.651, "path": "F:\\China Graduate Future Flight Vehicle Innovation Competition\\01_project\\competition\\SERVICE_ROBOT_MECHANICAL_CONSOLIDATION_20260905\\runs\\wp03_bounded_20260906_161431\\candidate\\r01_context.step", "total_detached_labels": 160}
{"review_progress": "step_detach_progress", "monotonic_s": 92917.659, "path": "F:\\China Graduate Future Flight Vehicle Innovation Competition\\01_project\\competition\\SERVICE_ROBOT_MECHANICAL_CONSOLIDATION_20260905\\runs\\wp03_bounded_20260906_161431\\candidate\\r01_context.step", "total_detached_labels": 180}
{"review_progress": "step_detach_progress", "monotonic_s": 92917.666, "path": "F:\\China Graduate Future Flight Vehicle Innovation Competition\\01_project\\competition\\SERVICE_ROBOT_MECHANICAL_CONSOLIDATION_20260905\\runs\\wp03_bounded_20260906_161431\\candidate\\r01_context.step", "total_detached_labels": 200}
{"review_progress": "step_detach_progress", "monotonic_s": 92917.671, "path": "F:\\China Graduate Future Flight Vehicle Innovation Competition\\01_project\\competition\\SERVICE_ROBOT_MECHANICAL_CONSOLIDATION_20260905\\runs\\wp03_bounded_20260906_161431\\candidate\\r01_context.step", "total_detached_labels": 220}
{"review_progress": "step_detach_progress", "monotonic_s": 92917.675, "path": "F:\\China Graduate Future Flight Vehicle Innovation Competition\\01_project\\competition\\SERVICE_ROBOT_MECHANICAL_CONSOLIDATION_20260905\\runs\\wp03_bounded_20260906_161431\\candidate\\r01_context.step", "total_detached_labels": 240}
{"review_progress": "step_detach_progress", "monotonic_s": 92917.68, "path": "F:\\China Graduate Future Flight Vehicle Innovation Competition\\01_project\\competition\\SERVICE_ROBOT_MECHANICAL_CONSOLIDATION_20260905\\runs\\wp03_bounded_20260906_161431\\candidate\\r01_context.step", "total_detached_labels": 260}
{"review_progress": "step_detach_progress", "monotonic_s": 92917.685, "path": "F:\\China Graduate Future Flight Vehicle Innovation Competition\\01_project\\competition\\SERVICE_ROBOT_MECHANICAL_CONSOLIDATION_20260905\\runs\\wp03_bounded_20260906_161431\\candidate\\r01_context.step", "total_detached_labels": 280}
{"review_progress": "step_detach_progress", "monotonic_s": 92917.694, "path": "F:\\China Graduate Future Flight Vehicle Innovation Competition\\01_project\\competition\\SERVICE_ROBOT_MECHANICAL_CONSOLIDATION_20260905\\runs\\wp03_bounded_20260906_161431\\candidate\\r01_context.step", "total_detached_labels": 300}
{"review_progress": "step_detach_progress", "monotonic_s": 92917.699, "path": "F:\\China Graduate Future Flight Vehicle Innovation Competition\\01_project\\competition\\SERVICE_ROBOT_MECHANICAL_CONSOLIDATION_20260905\\runs\\wp03_bounded_20260906_161431\\candidate\\r01_context.step", "total_detached_labels": 320}
{"review_progress": "step_detach_progress", "monotonic_s": 92917.706, "path": "F:\\China Graduate Future Flight Vehicle Innovation Competition\\01_project\\competition\\SERVICE_ROBOT_MECHANICAL_CONSOLIDATION_20260905\\runs\\wp03_bounded_20260906_161431\\candidate\\r01_context.step", "total_detached_labels": 340}
{"review_progress": "step_detach_progress", "monotonic_s": 92917.714, "path": "F:\\China Graduate Future Flight Vehicle Innovation Competition\\01_project\\competition\\SERVICE_ROBOT_MECHANICAL_CONSOLIDATION_20260905\\runs\\wp03_bounded_20260906_161431\\candidate\\r01_context.step", "total_detached_labels": 360}
{"review_progress": "step_detach_progress", "monotonic_s": 92917.721, "path": "F:\\China Graduate Future Flight Vehicle Innovation Competition\\01_project\\competition\\SERVICE_ROBOT_MECHANICAL_CONSOLIDATION_20260905\\runs\\wp03_bounded_20260906_161431\\candidate\\r01_context.step", "total_detached_labels": 380}
{"review_progress": "step_detach_progress", "monotonic_s": 92917.729, "path": "F:\\China Graduate Future Flight Vehicle Innovation Competition\\01_project\\competition\\SERVICE_ROBOT_MECHANICAL_CONSOLIDATION_20260905\\runs\\wp03_bounded_20260906_161431\\candidate\\r01_context.step", "total_detached_labels": 400}
{"review_progress": "step_detach_progress", "monotonic_s": 92917.735, "path": "F:\\China Graduate Future Flight Vehicle Innovation Competition\\01_project\\competition\\SERVICE_ROBOT_MECHANICAL_CONSOLIDATION_20260905\\runs\\wp03_bounded_20260906_161431\\candidate\\r01_context.step", "total_detached_labels": 420}
{"review_progress": "step_detach_progress", "monotonic_s": 92917.742, "path": "F:\\China Graduate Future Flight Vehicle Innovation Competition\\01_project\\competition\\SERVICE_ROBOT_MECHANICAL_CONSOLIDATION_20260905\\runs\\wp03_bounded_20260906_161431\\candidate\\r01_context.step", "total_detached_labels": 440}
{"review_progress": "step_detach_progress", "monotonic_s": 92917.759, "path": "F:\\China Graduate Future Flight Vehicle Innovation Competition\\01_project\\competition\\SERVICE_ROBOT_MECHANICAL_CONSOLIDATION_20260905\\runs\\wp03_bounded_20260906_161431\\candidate\\r01_context.step", "total_detached_labels": 460}
{"review_progress": "step_detach_done", "monotonic_s": 92917.775, "path": "F:\\China Graduate Future Flight Vehicle Innovation Competition\\01_project\\competition\\SERVICE_ROBOT_MECHANICAL_CONSOLIDATION_20260905\\runs\\wp03_bounded_20260906_161431\\candidate\\r01_context.step", "detached_leaf_count": 339}
{"review_progress": "step_source_tree_released", "monotonic_s": 92917.932, "path": "F:\\China Graduate Future Flight Vehicle Innovation Competition\\01_project\\competition\\SERVICE_ROBOT_MECHANICAL_CONSOLIDATION_20260905\\runs\\wp03_bounded_20260906_161431\\candidate\\r01_context.step"}
{"review_progress": "shape_registry_ready", "monotonic_s": 92917.935, "instance_count": 479}
{"review_progress": "bounds_ready", "monotonic_s": 92918.007, "instance_count": 479}
{"review_progress": "validity_start", "monotonic_s": 92918.007, "instance_count": 479}
{"review_progress": "validity_progress", "monotonic_s": 92918.119, "checked": 25, "last_id": "R01_W_lower_-1_-70_screw"}
{"review_progress": "validity_progress", "monotonic_s": 92918.162, "checked": 50, "last_id": "R01_D_lower_1_-50_washer_head"}
{"review_progress": "validity_progress", "monotonic_s": 92918.204, "checked": 75, "last_id": "R01_W_lower_1_130_washer_nut"}
{"review_progress": "validity_progress", "monotonic_s": 92918.248, "checked": 100, "last_id": "R01_D_upper_-1_140_nut"}
{"review_progress": "validity_progress", "monotonic_s": 92918.291, "checked": 125, "last_id": "R01_D_upper_1_50_screw"}
{"review_progress": "validity_progress", "monotonic_s": 92918.402, "checked": 150, "last_id": "RB_end_plug_-1_1_-1"}
{"review_progress": "validity_progress", "monotonic_s": 92918.493, "checked": 175, "last_id": "RB_pillar_nut_0"}
{"review_progress": "validity_progress", "monotonic_s": 92918.545, "checked": 200, "last_id": "WP01-MT-M3RA-REUSED"}
{"review_progress": "validity_progress", "monotonic_s": 92918.59, "checked": 225, "last_id": "M5_interstage_nut_1"}
{"review_progress": "validity_progress", "monotonic_s": 92918.624, "checked": 250, "last_id": "shear_clip_-1_-150_-94"}
{"review_progress": "validity_progress", "monotonic_s": 92918.661, "checked": 275, "last_id": "shear_rail_screw_-1_90_-94"}
{"review_progress": "validity_progress", "monotonic_s": 92918.705, "checked": 300, "last_id": "shear_rail_screw_1_-90_-94"}
{"review_progress": "validity_progress", "monotonic_s": 92918.742, "checked": 325, "last_id": "shear_web_screw_1_150_-94"}
{"review_progress": "validity_progress", "monotonic_s": 92918.798, "checked": 350, "last_id": "equipment_adcs_propulsion_allocation"}
{"review_progress": "validity_progress", "monotonic_s": 92918.845, "checked": 375, "last_id": "trunk_clip_0"}
{"review_progress": "validity_progress", "monotonic_s": 92918.899, "checked": 400, "last_id": "hold_contact_pad_0_1"}
{"review_progress": "validity_progress", "monotonic_s": 92918.95, "checked": 425, "last_id": "hold_contact_pad_1_1"}
{"review_progress": "validity_progress", "monotonic_s": 92919.011, "checked": 450, "last_id": "wing_-1_leaf_3"}
{"review_progress": "validity_progress", "monotonic_s": 92919.239, "checked": 475, "last_id": "wing_edge_frame_1_2_1"}
{"review_progress": "validity_done", "monotonic_s": 92919.257, "checked": 479}
{"review_progress": "connection_geometry_start", "monotonic_s": 92919.258, "connection": "deck_lower_-1_-150"}
{"review_progress": "connection_geometry_done", "monotonic_s": 92920.274, "connection": "deck_lower_-1_-150"}
{"review_progress": "connection_geometry_start", "monotonic_s": 92920.275, "connection": "deck_lower_-1_-50"}
{"review_progress": "connection_geometry_done", "monotonic_s": 92921.287, "connection": "deck_lower_-1_-50"}
{"review_progress": "connection_geometry_start", "monotonic_s": 92921.287, "connection": "deck_lower_-1_50"}
{"review_progress": "connection_geometry_done", "monotonic_s": 92922.295, "connection": "deck_lower_-1_50"}
{"review_progress": "connection_geometry_start", "monotonic_s": 92922.295, "connection": "deck_lower_-1_140"}
{"review_progress": "connection_geometry_done", "monotonic_s": 92923.304, "connection": "deck_lower_-1_140"}
{"review_progress": "connection_geometry_start", "monotonic_s": 92923.305, "connection": "web_lower_-1_-130"}
{"review_progress": "connection_geometry_done", "monotonic_s": 92924.313, "connection": "web_lower_-1_-130"}
{"review_progress": "connection_geometry_start", "monotonic_s": 92924.313, "connection": "web_lower_-1_-70"}
{"review_progress": "connection_geometry_done", "monotonic_s": 92925.354, "connection": "web_lower_-1_-70"}
{"review_progress": "connection_geometry_start", "monotonic_s": 92925.354, "connection": "web_lower_-1_60"}
{"review_progress": "connection_geometry_done", "monotonic_s": 92926.38, "connection": "web_lower_-1_60"}
{"review_progress": "connection_geometry_start", "monotonic_s": 92926.38, "connection": "web_lower_-1_130"}
{"review_progress": "connection_geometry_done", "monotonic_s": 92927.408, "connection": "web_lower_-1_130"}
{"review_progress": "connection_geometry_start", "monotonic_s": 92927.408, "connection": "deck_lower_1_-150"}
{"review_progress": "connection_geometry_done", "monotonic_s": 92928.414, "connection": "deck_lower_1_-150"}
{"review_progress": "connection_geometry_start", "monotonic_s": 92928.415, "connection": "deck_lower_1_-50"}
{"review_progress": "connection_geometry_done", "monotonic_s": 92929.412, "connection": "deck_lower_1_-50"}
{"review_progress": "connection_geometry_start", "monotonic_s": 92929.412, "connection": "deck_lower_1_50"}
{"review_progress": "connection_geometry_done", "monotonic_s": 92930.417, "connection": "deck_lower_1_50"}
{"review_progress": "connection_geometry_start", "monotonic_s": 92930.417, "connection": "deck_lower_1_140"}
{"review_progress": "connection_geometry_done", "monotonic_s": 92931.423, "connection": "deck_lower_1_140"}
{"review_progress": "connection_geometry_start", "monotonic_s": 92931.423, "connection": "web_lower_1_-130"}
{"review_progress": "connection_geometry_done", "monotonic_s": 92932.446, "connection": "web_lower_1_-130"}
{"review_progress": "connection_geometry_start", "monotonic_s": 92932.446, "connection": "web_lower_1_-70"}
{"review_progress": "connection_geometry_done", "monotonic_s": 92933.464, "connection": "web_lower_1_-70"}
{"review_progress": "connection_geometry_start", "monotonic_s": 92933.464, "connection": "web_lower_1_60"}
{"review_progress": "connection_geometry_done", "monotonic_s": 92934.477, "connection": "web_lower_1_60"}
{"review_progress": "connection_geometry_start", "monotonic_s": 92934.477, "connection": "web_lower_1_130"}
{"review_progress": "connection_geometry_done", "monotonic_s": 92935.489, "connection": "web_lower_1_130"}
{"review_progress": "connection_geometry_start", "monotonic_s": 92935.489, "connection": "deck_upper_-1_-150"}
{"review_progress": "connection_geometry_done", "monotonic_s": 92936.495, "connection": "deck_upper_-1_-150"}
{"review_progress": "connection_geometry_start", "monotonic_s": 92936.496, "connection": "deck_upper_-1_-50"}
{"review_progress": "connection_geometry_done", "monotonic_s": 92937.502, "connection": "deck_upper_-1_-50"}
{"review_progress": "connection_geometry_start", "monotonic_s": 92937.502, "connection": "deck_upper_-1_50"}
{"review_progress": "connection_geometry_done", "monotonic_s": 92938.512, "connection": "deck_upper_-1_50"}
{"review_progress": "connection_geometry_start", "monotonic_s": 92938.512, "connection": "deck_upper_-1_140"}
{"review_progress": "connection_geometry_done", "monotonic_s": 92939.52, "connection": "deck_upper_-1_140"}
{"review_progress": "connection_geometry_start", "monotonic_s": 92939.52, "connection": "web_upper_-1_-130"}
{"review_progress": "connection_geometry_done", "monotonic_s": 92940.534, "connection": "web_upper_-1_-130"}
{"review_progress": "connection_geometry_start", "monotonic_s": 92940.534, "connection": "web_upper_-1_-70"}
{"review_progress": "connection_geometry_done", "monotonic_s": 92941.546, "connection": "web_upper_-1_-70"}
{"review_progress": "connection_geometry_start", "monotonic_s": 92941.546, "connection": "web_upper_-1_60"}
{"review_progress": "connection_geometry_done", "monotonic_s": 92942.57, "connection": "web_upper_-1_60"}
{"review_progress": "connection_geometry_start", "monotonic_s": 92942.57, "connection": "web_upper_-1_130"}
{"review_progress": "connection_geometry_done", "monotonic_s": 92943.593, "connection": "web_upper_-1_130"}
{"review_progress": "connection_geometry_start", "monotonic_s": 92943.593, "connection": "deck_upper_1_-150"}
{"review_progress": "connection_geometry_done", "monotonic_s": 92944.602, "connection": "deck_upper_1_-150"}
{"review_progress": "connection_geometry_start", "monotonic_s": 92944.602, "connection": "deck_upper_1_-50"}
{"review_progress": "connection_geometry_done", "monotonic_s": 92945.653, "connection": "deck_upper_1_-50"}
{"review_progress": "connection_geometry_start", "monotonic_s": 92945.653, "connection": "deck_upper_1_50"}
{"review_progress": "connection_geometry_done", "monotonic_s": 92946.695, "connection": "deck_upper_1_50"}
{"review_progress": "connection_geometry_start", "monotonic_s": 92946.695, "connection": "deck_upper_1_140"}
{"review_progress": "connection_geometry_done", "monotonic_s": 92947.704, "connection": "deck_upper_1_140"}
{"review_progress": "connection_geometry_start", "monotonic_s": 92947.704, "connection": "web_upper_1_-130"}
{"review_progress": "connection_geometry_done", "monotonic_s": 92948.715, "connection": "web_upper_1_-130"}
{"review_progress": "connection_geometry_start", "monotonic_s": 92948.716, "connection": "web_upper_1_-70"}
{"review_progress": "connection_geometry_done", "monotonic_s": 92949.726, "connection": "web_upper_1_-70"}
{"review_progress": "connection_geometry_start", "monotonic_s": 92949.726, "connection": "web_upper_1_60"}
{"review_progress": "connection_geometry_done", "monotonic_s": 92950.731, "connection": "web_upper_1_60"}
{"review_progress": "connection_geometry_start", "monotonic_s": 92950.731, "connection": "web_upper_1_130"}
{"review_progress": "connection_geometry_done", "monotonic_s": 92951.75, "connection": "web_upper_1_130"}
{"review_progress": "preserved_dimensions_start", "monotonic_s": 92951.751}
{"review_progress": "preserved_dimensions_and_notches_done", "monotonic_s": 92952.111}
{"review_progress": "affected_static_pairs_start", "monotonic_s": 92952.112, "registered_instances": 442, "affected_instances": 140}
{"review_progress": "affected_static_pairs_progress", "monotonic_s": 92952.112, "broad_pairs": 20, "narrow_pairs": 1, "last_ids": ["shear_web_-1", "R01_W_lower_-1_-130_screw"]}
{"review_progress": "affected_static_pairs_progress", "monotonic_s": 92952.391, "broad_pairs": 927, "narrow_pairs": 50, "last_ids": ["lower_equipment_deck", "R01_D_lower_1_-50_screw"]}
{"review_progress": "affected_static_pairs_progress", "monotonic_s": 92952.585, "broad_pairs": 2496, "narrow_pairs": 100, "last_ids": ["lower_deck_angle_1_0", "shear_web_screw_1_-30_-94"]}
{"review_progress": "affected_static_pairs_progress", "monotonic_s": 92952.774, "broad_pairs": 4027, "narrow_pairs": 150, "last_ids": ["upper_deck_angle_-1_1", "R01_W_upper_-1_60_nut"]}
{"review_progress": "affected_static_pairs_progress", "monotonic_s": 92952.957, "broad_pairs": 16862, "narrow_pairs": 200, "last_ids": ["R01_W_lower_-1_130_screw", "R01_W_lower_-1_130_washer_nut"]}
{"review_progress": "affected_static_pairs_progress", "monotonic_s": 92953.151, "broad_pairs": 41851, "narrow_pairs": 250, "last_ids": ["R01_D_upper_1_-150_screw", "R01_D_upper_1_-150_washer_head"]}
{"review_progress": "affected_static_pairs_done", "monotonic_s": 92953.245, "broad_pairs": 52010, "narrow_pairs": 273, "findings": 0}
{"review_progress": "negative_controls_start", "monotonic_s": 92953.245}
{"review_progress": "negative_controls_done", "monotonic_s": 92953.367}
{"status": "SCOPED_NOMINAL_GEOMETRY_ASSEMBLY_PASS_PARENT_OPEN", "output": "..\\review\\R01_REVIEW_CANDIDATE2.json"}
