instances 487
rear_launch_bulkhead (-189.0, -113.15, -113.15, -183.0, 113.15, 113.15)
RB_end_frame_-1 (-183.0, -113.15, -113.15, -177.0, 113.15, 113.15)
RB_end_screw_-1_1_1 (-195.0, 103.65, 103.65, -161.0, 110.65, 110.65)
RB_end_screw_-1_-1_-1 (-195.0, -110.65, -110.65, -161.0, -103.65, -103.65)
RB_end_plug_-1_1_1 (-177.0, 103.25, 103.25, -157.0, 111.05, 111.05)
rear_vertical_rib_-86 (-195.0, -95.0, -86.0, -189.0, -77.0, 86.0)
rear_vertical_rib_86 (-195.0, 77.0, -86.0, -189.0, 95.0, 86.0)
rear_horizontal_rib_-86 (-195.0, -77.0, -95.0, -189.0, 77.0, -77.0)
rear_horizontal_rib_86 (-195.0, -77.0, 77.0, -189.0, 77.0, 95.0)
launch_interface_reserved_volume (-215.0, -60.0, -60.0, -195.0, 60.0, 60.0)
front_service_cover (183.0, -107.0, -107.0, 185.0, 107.0, 107.0)
RB_end_frame_1 (177.0, -113.15, -113.15, 183.0, 113.15, 113.15)
RB_end_screw_1_1_1 (161.0, 103.65, 103.65, 187.0, 110.65, 110.65)
--- common volumes ---
bulkhead ∩ end_frame_-1: 0.0
bulkhead ∩ end_screw_-1_1_1: 0.0
bulkhead ∩ ribs v86: 0.0
end_screw_-1_1_1 ∩ end_frame_-1: 0.0
end_screw_-1_1_1 ∩ end_plug_-1_1_1 (thread conv): 49.71305183870641
