[    0.18s] attach: ok pid=87516 rev=32.5.0 docs=0
[   62.44s] E1..E4 captured
[  272.47s] cleanup: document_count=0
{
  "schema": "V5_PROBE_LOOP1D_EXTREME_POINT_API_V1",
  "timestamp_start_utc": "2026-08-11T07:19:28.978629+00:00",
  "target": "C:\\Users\\stude\\AppData\\Local\\Temp\\V5_PROBE_LOOP1D_DRESS_REHEARSAL_20260811T065052.107926Z.SLDASM",
  "target_exists": true,
  "forms": {
    "E1_makepy_no_outargs": {
      "returned_type": "tuple",
      "returned": "(True, 0.03, 0.0, 0.01)"
    },
    "E2_makepy_variants": {
      "exception": "TypeError(\"float() argument must be a string or a real number, not 'VARIANT'\")"
    },
    "E3_latebound_variants": {
      "exception": "TypeError(\"float() argument must be a string or a real number, not 'VARIANT'\")"
    },
    "E4_bodybox_corners": {
      "local_box_m": [
        -0.03,
        -0.03,
        0.0,
        0.03,
        0.03,
        0.01
      ],
      "world_bbox_mm": [
        -30.0,
        -30.0,
        145.0,
        30.0,
        30.0,
        155.0
      ]
    }
  },
  "session": {
    "attach_only": true,
    "revision": "32.5.0",
    "major": 32,
    "pid": 87516,
    "executable": "F:/Windows_profile/solidworks/SOLIDWORKS/SLDWORKS.exe",
    "document_count": 0,
    "active_doc_is_null": true
  },
  "memory_available_gib_start": 2.266,
  "expected_local_plus_x_m": 0.03,
  "verdict": "V5_PROBE_LOOP1D_EXTREME_POINT_API_DONE",
  "cleanup_document_count": 0,
  "memory_available_gib_end": 2.405,
  "timestamp_end_utc": "2026-08-11T07:24:01.450898+00:00"
}
