[    0.22s] attach ok pid=37100
[   52.37s] state ready
[   82.62s] swap=0,flip=0,align=0: zero_proj=0.0 drive_proj=-0.008726646259971651 drive_trans=0.0
[  110.29s] swap=0,flip=0,align=1: zero_proj=-5.48594272621045e-10 drive_proj=3.1328660073286954 drive_trans=0.0
[  137.90s] swap=0,flip=1,align=0: zero_proj=0.0 drive_proj=0.008726646259957782 drive_trans=0.0
[  165.28s] swap=0,flip=1,align=1: zero_proj=-0.02225047471604091 drive_proj=-3.132866007328072 drive_trans=0.0
[  192.87s] swap=1,flip=0,align=0: zero_proj=0.0 drive_proj=0.008726646259971651 drive_trans=0.0
[  220.56s] swap=1,flip=0,align=1: zero_proj=5.485942726261697e-10 drive_proj=-3.1328660073286954 drive_trans=0.0
[  248.36s] swap=1,flip=1,align=0: zero_proj=0.0 drive_proj=-0.008726646259957782 drive_trans=0.0
[  276.01s] swap=1,flip=1,align=1: zero_proj=0.02225047471666446 drive_proj=3.132866007328072 drive_trans=0.0
[  278.08s] cleanup remaining=0
{
  "schema": "V5_PROBE_LOOP1E_J2_SIGN_FACTORIAL_V1",
  "timestamp_start_utc": "2026-08-12T08:17:59.909777+00:00",
  "phases": {
    "swap=0,flip=0,align=0": {
      "zero_pose": {
        "align": 0,
        "flip": false,
        "swap": false,
        "angle_arg": 0.0,
        "error_status": 1,
        "additions": 1,
        "pose_delta": {
          "projected": 0.0,
          "transverse": 0.0
        }
      },
      "drive": {
        "align": 0,
        "flip": false,
        "swap": false,
        "angle_arg": 0.008726646259971648,
        "error_status": 1,
        "additions": 1,
        "pose_delta": {
          "projected": -0.008726646259971651,
          "transverse": 0.0
        }
      }
    },
    "swap=0,flip=0,align=1": {
      "zero_pose": {
        "align": 1,
        "flip": false,
        "swap": false,
        "angle_arg": 0.0,
        "error_status": 1,
        "additions": 1,
        "pose_delta": {
          "projected": -5.48594272621045e-10,
          "transverse": 1.7859205266538856e-13
        }
      },
      "drive": {
        "align": 1,
        "flip": false,
        "swap": false,
        "angle_arg": 0.008726646259971648,
        "error_status": 1,
        "additions": 1,
        "pose_delta": {
          "projected": 3.1328660073286954,
          "transverse": 0.0
        }
      }
    },
    "swap=0,flip=1,align=0": {
      "zero_pose": {
        "align": 0,
        "flip": true,
        "swap": false,
        "angle_arg": 0.0,
        "error_status": 1,
        "additions": 1,
        "pose_delta": {
          "projected": 0.0,
          "transverse": 0.0
        }
      },
      "drive": {
        "align": 0,
        "flip": true,
        "swap": false,
        "angle_arg": 0.008726646259971648,
        "error_status": 1,
        "additions": 1,
        "pose_delta": {
          "projected": 0.008726646259957782,
          "transverse": 0.0
        }
      }
    },
    "swap=0,flip=1,align=1": {
      "zero_pose": {
        "align": 1,
        "flip": true,
        "swap": false,
        "angle_arg": 0.0,
        "error_status": 1,
        "additions": 1,
        "pose_delta": {
          "projected": -0.02225047471604091,
          "transverse": 3.123750878730495e-09
        }
      },
      "drive": {
        "align": 1,
        "flip": true,
        "swap": false,
        "angle_arg": 0.008726646259971648,
        "error_status": 1,
        "additions": 1,
        "pose_delta": {
          "projected": -3.132866007328072,
          "transverse": 0.0
        }
      }
    },
    "swap=1,flip=0,align=0": {
      "zero_pose": {
        "align": 0,
        "flip": false,
        "swap": true,
        "angle_arg": 0.0,
        "error_status": 1,
        "additions": 1,
        "pose_delta": {
          "projected": 0.0,
          "transverse": 0.0
        }
      },
      "drive": {
        "align": 0,
        "flip": false,
        "swap": true,
        "angle_arg": 0.008726646259971648,
        "error_status": 1,
        "additions": 1,
        "pose_delta": {
          "projected": 0.008726646259971651,
          "transverse": 0.0
        }
      }
    },
    "swap=1,flip=0,align=1": {
      "zero_pose": {
        "align": 1,
        "flip": false,
        "swap": true,
        "angle_arg": 0.0,
        "error_status": 1,
        "additions": 1,
        "pose_delta": {
          "projected": 5.485942726261697e-10,
          "transverse": 3.571643236937467e-13
        }
      },
      "drive": {
        "align": 1,
        "flip": false,
        "swap": true,
        "angle_arg": 0.008726646259971648,
        "error_status": 1,
        "additions": 1,
        "pose_delta": {
          "projected": -3.1328660073286954,
          "transverse": 0.0
        }
      }
    },
    "swap=1,flip=1,align=0": {
      "zero_pose": {
        "align": 0,
        "flip": true,
        "swap": true,
        "angle_arg": 0.0,
        "error_status": 1,
        "additions": 1,
        "pose_delta": {
          "projected": 0.0,
          "transverse": 0.0
        }
      },
      "drive": {
        "align": 0,
        "flip": true,
        "swap": true,
        "angle_arg": 0.008726646259971648,
        "error_status": 1,
        "additions": 1,
        "pose_delta": {
          "projected": -0.008726646259957782,
          "transverse": 0.0
        }
      }
    },
    "swap=1,flip=1,align=1": {
      "zero_pose": {
        "align": 1,
        "flip": true,
        "swap": true,
        "angle_arg": 0.0,
        "error_status": 1,
        "additions": 1,
        "pose_delta": {
          "projected": 0.02225047471666446,
          "transverse": 1.0864797020961309e-05
        }
      },
      "drive": {
        "align": 1,
        "flip": true,
        "swap": true,
        "angle_arg": 0.008726646259971648,
        "error_status": 1,
        "additions": 1,
        "pose_delta": {
          "projected": 3.132866007328072,
          "transverse": 0.0
        }
      }
    }
  },
  "session": {
    "pid": 37100,
    "revision": "32.5.0"
  },
  "protected_pre": {
    "597C297526BC4111C3424535139B8A1C93906E7A799FF5346D030700FEF1A32F": "F:\\China Graduate Future Flight Vehicle Innovation Competition\\20_engineering\\F3R2_MECHANICAL_TERMINAL_CLOSURE_20260807\\03_native_cad\\B601_ARM_B51_COPY\\assembly\\B51_B601_ARTICULATED_ENGINEERING_ARM.SLDASM",
    "3693A96973CCBFE4C00B202C4D80027E44E0CB13BBEA73C6FAABD8A4D1E995B0": "F:\\China Graduate Future Flight Vehicle Innovation Competition\\20_engineering\\F3R2_MECHANICAL_TERMINAL_CLOSURE_20260807\\03_native_cad\\B601_ARM_B51_COPY\\inputs\\vendor_link_parts\\B51_REF_base_link_LINKLOCAL.SLDPRT",
    "6758B99741FFACABC31C2D629C6191F25C461AC877442212B468B141805EEECC": "F:\\China Graduate Future Flight Vehicle Innovation Competition\\20_engineering\\F3R2_MECHANICAL_TERMINAL_CLOSURE_20260807\\03_native_cad\\B601_ARM_B51_COPY\\inputs\\vendor_link_parts\\B51_REF_gripper_detail_LINKLOCAL.SLDPRT",
    "BDC68C8CC26AF2DB318F800384BBDE5659617B911FD2B64A7D10D1416AC4AEFB": "F:\\China Graduate Future Flight Vehicle Innovation Competition\\20_engineering\\F3R2_MECHANICAL_TERMINAL_CLOSURE_20260807\\03_native_cad\\B601_ARM_B51_COPY\\inputs\\vendor_link_parts\\B51_REF_link1_LINKLOCAL.SLDPRT",
    "DE6FD9A9E878585F0D7AB4476679E6A1F4CC49732D298AF4BA3AD8503381730E": "F:\\China Graduate Future Flight Vehicle Innovation Competition\\20_engineering\\F3R2_MECHANICAL_TERMINAL_CLOSURE_20260807\\03_native_cad\\B601_ARM_B51_COPY\\inputs\\vendor_link_parts\\B51_REF_link2_LINKLOCAL.SLDPRT",
    "1D8E82786F8F8D06BF75EDBCC1B0E8662D364BE08DE81E1BD3C4442811259F83": "F:\\China Graduate Future Flight Vehicle Innovation Competition\\20_engineering\\F3R2_MECHANICAL_TERMINAL_CLOSURE_20260807\\03_native_cad\\B601_ARM_B51_COPY\\inputs\\vendor_link_parts\\B51_REF_link3_LINKLOCAL.SLDPRT",
    "3E60226EAE9BBFC460C0B7DC1CF2138ABFD8B579CD962F545E2821A4DDBC0AE4": "F:\\China Graduate Future Flight Vehicle Innovation Competition\\20_engineering\\F3R2_MECHANICAL_TERMINAL_CLOSURE_20260807\\03_native_cad\\B601_ARM_B51_COPY\\inputs\\vendor_link_parts\\B51_REF_link4_LINKLOCAL.SLDPRT",
    "EE7F882445CD43603902FBA7E66FF7F0A5765BEC09EC962DC39546132274513A": "F:\\China Graduate Future Flight Vehicle Innovation Competition\\20_engineering\\F3R2_MECHANICAL_TERMINAL_CLOSURE_20260807\\03_native_cad\\B601_ARM_B51_COPY\\inputs\\vendor_link_parts\\B51_REF_link5_LINKLOCAL.SLDPRT",
    "863AEF31D7DEB964F6AF1B99DAC060EF5ED261340D2BE0F52419B1DEE775E68C": "F:\\China Graduate Future Flight Vehicle Innovation Competition\\20_engineering\\F3R2_MECHANICAL_TERMINAL_CLOSURE_20260807\\03_native_cad\\B601_ARM_B51_COPY\\inputs\\vendor_link_parts\\B51_REF_link6_LINKLOCAL.SLDPRT",
    "7AA2A808F289CECA4024FE989CFFF80131D34022B1A3D8C5A2740F6C6D55593C": "F:\\China Graduate Future Flight Vehicle Innovation Competition\\20_engineering\\F3R2_MECHANICAL_TERMINAL_CLOSURE_20260807\\03_native_cad\\B601_ARM_B51_COPY\\parts\\B51_REV_DATUM_FEMALE.SLDPRT",
    "1D05F4F1F74037F3D028E1313C221ADBB48875F513CDF343E0BCA419F3D0385F": "F:\\China Graduate Future Flight Vehicle Innovation Competition\\20_engineering\\F3R2_MECHANICAL_TERMINAL_CLOSURE_20260807\\03_native_cad\\B601_ARM_B51_COPY\\parts\\B51_REV_DATUM_MALE.SLDPRT"
  },
  "cleanup_remaining": 0,
  "verdict": "V5_PROBE_LOOP1E_J2_SIGN_FACTORIAL_PASS",
  "cleanup_document_count": 0,
  "protected_post_unchanged": true,
  "timestamp_end_utc": "2026-08-12T08:22:38.107769+00:00"
}
