[    0.23s] attach ok pid=43264
[   20.08s] P1 mates=25 P2 touching joint1 set=5
[   23.36s] cleanup remaining=0
{
  "schema": "V5_PROBE_LOOP1E_JOINT1_TOPOLOGY_V1",
  "timestamp_start_utc": "2026-08-11T22:55:17.231891+00:00",
  "phases": {
    "P1_mate_total": 25,
    "P2_touching_joint1": [
      {
        "feature_name": "锁定1",
        "suppressed": false,
        "error_code": 0,
        "mate_type": 16,
        "endpoints": [
          "B51_REF_base_link_LINKLOCAL-1",
          "B51_REV_DATUM_FEMALE-1"
        ]
      },
      {
        "feature_name": "锁定2",
        "suppressed": false,
        "error_code": 0,
        "mate_type": 16,
        "endpoints": [
          "B51_REF_link1_LINKLOCAL-1",
          "B51_REV_DATUM_MALE-1"
        ]
      },
      {
        "feature_name": "锁定3",
        "suppressed": false,
        "error_code": 0,
        "mate_type": 16,
        "endpoints": [
          "B51_REF_link1_LINKLOCAL-1",
          "B51_REV_DATUM_FEMALE-2"
        ]
      },
      {
        "feature_name": "同心1",
        "suppressed": false,
        "error_code": 0,
        "mate_type": 1,
        "endpoints": [
          "B51_REV_DATUM_FEMALE-1",
          "B51_REV_DATUM_MALE-1"
        ]
      },
      {
        "feature_name": "重合1",
        "suppressed": false,
        "error_code": 0,
        "mate_type": 0,
        "endpoints": [
          "B51_REV_DATUM_FEMALE-1",
          "B51_REV_DATUM_MALE-1"
        ]
      }
    ],
    "P3_component_states": {
      "B51_REV_DATUM_MALE-1": {
        "suppression": "LIGHTWEIGHT",
        "fixed": false,
        "path": "F:/China Graduate Future Flight Vehicle Innovation Competition/20_engineering/F3R2_V5_NATIVE_MECHANICAL_RELEASE_20260810T000300_V5NATIVE/03_top_assembly/_native_donor_local/B51_ARTICULATED_20260728T008/parts/B51_REV_DATUM_MALE.SLDPRT"
      },
      "B51_REF_link1_LINKLOCAL-1": {
        "suppression": "LIGHTWEIGHT",
        "fixed": false,
        "path": "F:/China Graduate Future Flight Vehicle Innovation Competition/20_engineering/F3R2_V5_NATIVE_MECHANICAL_RELEASE_20260810T000300_V5NATIVE/03_top_assembly/_native_donor_local/B51_ARTICULATED_20260728T008/inputs/vendor_link_parts/B51_REF_link1_LINKLOCAL.SLDPRT"
      },
      "B51_REF_base_link_LINKLOCAL-1": {
        "suppression": "LIGHTWEIGHT",
        "fixed": true,
        "path": "F:/China Graduate Future Flight Vehicle Innovation Competition/20_engineering/F3R1_MECHANICAL_INTEGRATION_RECOVERY_20260806/03_native_cad/B601_ARM_B51_COPY/inputs/vendor_link_parts/B51_REF_base_link_LINKLOCAL.SLDPRT"
      },
      "B51_REV_DATUM_FEMALE-1": {
        "suppression": "LIGHTWEIGHT",
        "fixed": false,
        "path": "F:/China Graduate Future Flight Vehicle Innovation Competition/20_engineering/F3R2_V5_NATIVE_MECHANICAL_RELEASE_20260810T000300_V5NATIVE/03_top_assembly/_native_donor_local/B51_ARTICULATED_20260728T008/parts/B51_REV_DATUM_FEMALE.SLDPRT"
      }
    },
    "P4_note": "display-dimension probing skipped (invasive); mate ledger above is authoritative"
  },
  "session": {
    "pid": 43264,
    "revision": "32.5.0"
  },
  "protected_pre": {
    "597C297526BC4111C3424535139B8A1C93906E7A799FF5346D030700FEF1A32F": "F:\\China Graduate Future Flight Vehicle Innovation Competition\\20_engineering\\F3R2_MECHANICAL_TERMINAL_CLOSURE_20260807\\03_native_cad\\B601_ARM_B51_COPY\\assembly\\B51_B601_ARTICULATED_ENGINEERING_ARM.SLDASM",
    "3693A96973CCBFE4C00B202C4D80027E44E0CB13BBEA73C6FAABD8A4D1E995B0": "F:\\China Graduate Future Flight Vehicle Innovation Competition\\20_engineering\\F3R2_MECHANICAL_TERMINAL_CLOSURE_20260807\\03_native_cad\\B601_ARM_B51_COPY\\inputs\\vendor_link_parts\\B51_REF_base_link_LINKLOCAL.SLDPRT",
    "6758B99741FFACABC31C2D629C6191F25C461AC877442212B468B141805EEECC": "F:\\China Graduate Future Flight Vehicle Innovation Competition\\20_engineering\\F3R2_MECHANICAL_TERMINAL_CLOSURE_20260807\\03_native_cad\\B601_ARM_B51_COPY\\inputs\\vendor_link_parts\\B51_REF_gripper_detail_LINKLOCAL.SLDPRT",
    "BDC68C8CC26AF2DB318F800384BBDE5659617B911FD2B64A7D10D1416AC4AEFB": "F:\\China Graduate Future Flight Vehicle Innovation Competition\\20_engineering\\F3R2_MECHANICAL_TERMINAL_CLOSURE_20260807\\03_native_cad\\B601_ARM_B51_COPY\\inputs\\vendor_link_parts\\B51_REF_link1_LINKLOCAL.SLDPRT",
    "DE6FD9A9E878585F0D7AB4476679E6A1F4CC49732D298AF4BA3AD8503381730E": "F:\\China Graduate Future Flight Vehicle Innovation Competition\\20_engineering\\F3R2_MECHANICAL_TERMINAL_CLOSURE_20260807\\03_native_cad\\B601_ARM_B51_COPY\\inputs\\vendor_link_parts\\B51_REF_link2_LINKLOCAL.SLDPRT",
    "1D8E82786F8F8D06BF75EDBCC1B0E8662D364BE08DE81E1BD3C4442811259F83": "F:\\China Graduate Future Flight Vehicle Innovation Competition\\20_engineering\\F3R2_MECHANICAL_TERMINAL_CLOSURE_20260807\\03_native_cad\\B601_ARM_B51_COPY\\inputs\\vendor_link_parts\\B51_REF_link3_LINKLOCAL.SLDPRT",
    "3E60226EAE9BBFC460C0B7DC1CF2138ABFD8B579CD962F545E2821A4DDBC0AE4": "F:\\China Graduate Future Flight Vehicle Innovation Competition\\20_engineering\\F3R2_MECHANICAL_TERMINAL_CLOSURE_20260807\\03_native_cad\\B601_ARM_B51_COPY\\inputs\\vendor_link_parts\\B51_REF_link4_LINKLOCAL.SLDPRT",
    "EE7F882445CD43603902FBA7E66FF7F0A5765BEC09EC962DC39546132274513A": "F:\\China Graduate Future Flight Vehicle Innovation Competition\\20_engineering\\F3R2_MECHANICAL_TERMINAL_CLOSURE_20260807\\03_native_cad\\B601_ARM_B51_COPY\\inputs\\vendor_link_parts\\B51_REF_link5_LINKLOCAL.SLDPRT",
    "863AEF31D7DEB964F6AF1B99DAC060EF5ED261340D2BE0F52419B1DEE775E68C": "F:\\China Graduate Future Flight Vehicle Innovation Competition\\20_engineering\\F3R2_MECHANICAL_TERMINAL_CLOSURE_20260807\\03_native_cad\\B601_ARM_B51_COPY\\inputs\\vendor_link_parts\\B51_REF_link6_LINKLOCAL.SLDPRT",
    "7AA2A808F289CECA4024FE989CFFF80131D34022B1A3D8C5A2740F6C6D55593C": "F:\\China Graduate Future Flight Vehicle Innovation Competition\\20_engineering\\F3R2_MECHANICAL_TERMINAL_CLOSURE_20260807\\03_native_cad\\B601_ARM_B51_COPY\\parts\\B51_REV_DATUM_FEMALE.SLDPRT",
    "1D05F4F1F74037F3D028E1313C221ADBB48875F513CDF343E0BCA419F3D0385F": "F:\\China Graduate Future Flight Vehicle Innovation Competition\\20_engineering\\F3R2_MECHANICAL_TERMINAL_CLOSURE_20260807\\03_native_cad\\B601_ARM_B51_COPY\\parts\\B51_REV_DATUM_MALE.SLDPRT"
  },
  "cleanup_remaining": 0,
  "verdict": "V5_PROBE_LOOP1E_JOINT1_TOPOLOGY_PASS",
  "cleanup_document_count": 0,
  "protected_post_unchanged": true,
  "timestamp_end_utc": "2026-08-11T22:55:40.705071+00:00"
}
