[    0.00s] attach: begin
[  179.13s] insert PALM: ok
[  310.71s] insert RIGHT: ok
[  310.78s] exception; see payload
[  548.53s] cleanup: session document-empty
{
  "schema": "V5_PROBE_MATE_ENTITY_REF_V1",
  "accessors": {},
  "notes": [],
  "session": {
    "attach_only": true,
    "revision": "32.5.0",
    "major": 32,
    "pid": 87516,
    "executable": "F:/Windows_profile/solidworks/SOLIDWORKS/SLDWORKS.exe",
    "document_count": 0,
    "active_doc_is_null": true
  },
  "exception": "Traceback (most recent call last):\n  File \"F:\\China Graduate Future Flight Vehicle Innovation Competition\\20_engineering\\F3R2_V5_NATIVE_MECHANICAL_RELEASE_20260810T000300_V5NATIVE\\99_tools\\V5_PROBE_MATE_ENTITY_REF.py\", line 59, in main\n    components = m.assembly_components(model, assembly, types, pythoncom)\n  File \"F:\\China Graduate Future Flight Vehicle Innovation Competition\\20_engineering\\F3R2_V5_NATIVE_MECHANICAL_RELEASE_20260810T000300_V5NATIVE\\99_tools\\F3R2_V5_NATIVE_LOOP1C1_GRIPPER_ASSEMBLY_ATTACH_ONLY.py\", line 1290, in assembly_components\n    raise GateError(\"ASSEMBLY_COMPONENT_SET_FAIL\", \"assembly component set is not the exact three native parts\", {\"actual\": sorted(by_path), \"expected\": sorted(expected), \"count\": len(components)})\nF3R2_V5_NATIVE_LOOP1C1_GRIPPER_ASSEMBLY_ATTACH_ONLY.GateError: assembly component set is not the exact three native parts\n",
  "verdict": "V5_PROBE_MATE_ENTITY_REF_FAIL",
  "cleanup": [
    {
      "title": "装配体66",
      "closed": true
    },
    {
      "title": "B601_GRIPPER_RIGHT_FINGER.SLDPRT",
      "closed": true
    },
    {
      "title": "B601_GRIPPER_PALM.SLDPRT",
      "closed": true
    }
  ]
}
