[    0.18s] attach: ok pid=87516 rev=32.5.0 docs=0
[  351.53s] insert BASE: ok name2=ARM_HDRM_LOAD_TRANSFER_BASE-1
[  546.64s] insert LATCH_A: ok name2=ARM_HDRM_LATCH_SLIDER-1
[  547.10s] insert LATCH_B: ok name2=ARM_HDRM_LATCH_SLIDER-2
[  547.27s] lock mate BASExLATCH_A: ok
[  547.40s] lock mate BASExLATCH_B: ok
[  556.44s] R3: patched configure_document returned per-config snapshots
[  557.09s] R4: saved -> C:\Users\stude\AppData\Local\Temp\V5_PROBE_LOOP1D_DRESS_REHEARSAL_20260811T072633.994969Z.SLDASM
[  559.13s] R4: session document-empty
[  571.82s] R5: cold verify verdict=V5_LOOP1D1_ASSEMBLY_COLD_CONFIG_MATE_REFERENCE_PASS
[  571.82s] cleanup: document_count=0
{
  "schema": "V5_PROBE_LOOP1D_DRESS_REHEARSAL_V1",
  "timestamp_start_utc": "2026-08-11T07:26:33.998051+00:00",
  "target": "C:\\Users\\stude\\AppData\\Local\\Temp\\V5_PROBE_LOOP1D_DRESS_REHEARSAL_20260811T072633.994969Z.SLDASM",
  "phases": {
    "R1_inserts": {
      "name_contract": {
        "BASE": "ARM_HDRM_LOAD_TRANSFER_BASE-1",
        "LATCH_A": "ARM_HDRM_LATCH_SLIDER-1",
        "LATCH_B": "ARM_HDRM_LATCH_SLIDER-2"
      },
      "actual_names": {
        "BASE": "ARM_HDRM_LOAD_TRANSFER_BASE-1",
        "LATCH_A": "ARM_HDRM_LATCH_SLIDER-1",
        "LATCH_B": "ARM_HDRM_LATCH_SLIDER-2"
      },
      "name_contract_ok": true
    },
    "R2_mates": {
      "created": [
        {
          "mate_type": 16,
          "align": 2,
          "error_status": 1,
          "selected_count": 2
        },
        {
          "mate_type": 16,
          "align": 2,
          "error_status": 1,
          "selected_count": 2
        }
      ]
    },
    "R3_configure_document": {
      "snapshots": [
        {
          "configuration": "STATE_A",
          "active_roles": [
            "BASE",
            "LATCH_A"
          ],
          "mate_ledger": [
            {
              "feature_name": "锁定1",
              "suppressed": false,
              "error": 0,
              "endpoints": [
                "ARM_HDRM_LATCH_SLIDER-1",
                "ARM_HDRM_LOAD_TRANSFER_BASE-1"
              ]
            },
            {
              "feature_name": "锁定2",
              "suppressed": true,
              "error": 0,
              "endpoints": [
                "ARM_HDRM_LATCH_SLIDER-2",
                "ARM_HDRM_LOAD_TRANSFER_BASE-1"
              ]
            }
          ]
        },
        {
          "configuration": "STATE_B",
          "active_roles": [
            "BASE",
            "LATCH_B"
          ],
          "mate_ledger": [
            {
              "feature_name": "锁定1",
              "suppressed": true,
              "error": 0,
              "endpoints": [
                "ARM_HDRM_LATCH_SLIDER-1",
                "ARM_HDRM_LOAD_TRANSFER_BASE-1"
              ]
            },
            {
              "feature_name": "锁定2",
              "suppressed": false,
              "error": 0,
              "endpoints": [
                "ARM_HDRM_LATCH_SLIDER-2",
                "ARM_HDRM_LOAD_TRANSFER_BASE-1"
              ]
            }
          ]
        }
      ]
    },
    "R4_save": {
      "save": {
        "path": "C:/Users/stude/AppData/Local/Temp/V5_PROBE_LOOP1D_DRESS_REHEARSAL_20260811T072633.994969Z.SLDASM",
        "bytes": 127239,
        "sha256": "82603A0109DDB439EA188BDBF4D3DD5FE45304EFE1F21CAE3A72D52538DAD86C",
        "errors": 0,
        "warnings": 0
      }
    },
    "R5_cold_verify": {
      "verdict": "V5_LOOP1D1_ASSEMBLY_COLD_CONFIG_MATE_REFERENCE_PASS",
      "cold_brep_bbox_mm": [
        -30.0,
        -30.0,
        143.0,
        30.0,
        30.0,
        157.0
      ],
      "external_reference_count": 0,
      "auxiliary_reference_count": 0,
      "snapshots": [
        {
          "configuration": "STATE_A",
          "active_roles": [
            "BASE",
            "LATCH_A"
          ],
          "mate_ledger": [
            {
              "feature_name": "锁定1",
              "suppressed": false,
              "error": 0,
              "endpoints": [
                "ARM_HDRM_LATCH_SLIDER-1",
                "ARM_HDRM_LOAD_TRANSFER_BASE-1"
              ]
            },
            {
              "feature_name": "锁定2",
              "suppressed": true,
              "error": 0,
              "endpoints": [
                "ARM_HDRM_LATCH_SLIDER-2",
                "ARM_HDRM_LOAD_TRANSFER_BASE-1"
              ]
            }
          ]
        },
        {
          "configuration": "STATE_B",
          "active_roles": [
            "BASE",
            "LATCH_B"
          ],
          "mate_ledger": [
            {
              "feature_name": "锁定1",
              "suppressed": true,
              "error": 0,
              "endpoints": [
                "ARM_HDRM_LATCH_SLIDER-1",
                "ARM_HDRM_LOAD_TRANSFER_BASE-1"
              ]
            },
            {
              "feature_name": "锁定2",
              "suppressed": false,
              "error": 0,
              "endpoints": [
                "ARM_HDRM_LATCH_SLIDER-2",
                "ARM_HDRM_LOAD_TRANSFER_BASE-1"
              ]
            }
          ]
        }
      ]
    }
  },
  "session": {
    "attach_only": true,
    "revision": "32.5.0",
    "major": 32,
    "pid": 87516,
    "executable": "F:/Windows_profile/solidworks/SOLIDWORKS/SLDWORKS.exe",
    "document_count": 0,
    "active_doc_is_null": true
  },
  "memory_available_gib_start": 2.461,
  "checks": {
    "R1_name_contract_ok": true,
    "R3_snapshot_count": true,
    "R5_cold_verdict_pass": true,
    "R5_no_external_references": true
  },
  "verdict": "V5_PROBE_LOOP1D_DRESS_REHEARSAL_PASS",
  "cleanup_document_count": 0,
  "memory_available_gib_end": 2.405,
  "timestamp_end_utc": "2026-08-11T07:36:05.819863+00:00"
}
