[    0.23s] attach ok pid=43264
[   34.50s] P1 prebind RO + census done; STOWED active
[   35.31s] resolve B51_REF_gripper_detail_LINKLOCAL-1: pre=LIGHTWEIGHT -> LIGHTWEIGHT (resolved=False)
[   37.65s] remedy a retry: LIGHTWEIGHT
[   39.30s] remedy b 默认: {'returned': 0, 'rebuilt': True, 'readback': -1, 'readback_label': '-1', 'resolved': False}
[   39.53s] remedy c ResolveAll: {'returned': 0, 'rebuilt': True, 'readback': -1, 'readback_label': '-1', 'resolved': False}
[   39.53s] remedy d OutOfDate: {'exception': "TypeError('IAssemblyDoc.ResolveOutOfDateLightWeightComponents() takes 1 positional argument but 2 were given')"}
[   41.23s] continue B51_REF_link2_LINKLOCAL-1: -> LIGHTWEIGHT
[   41.73s] continue B51_REF_link6_LINKLOCAL-1: -> LIGHTWEIGHT
[   42.17s] continue B51_REV_DATUM_FEMALE-1: -> LIGHTWEIGHT
[   42.73s] continue B51_REF_link3_LINKLOCAL-1: -> LIGHTWEIGHT
[   43.22s] continue B51_REF_link4_LINKLOCAL-1: -> LIGHTWEIGHT
[   43.66s] continue B51_REV_DATUM_FEMALE-4: -> LIGHTWEIGHT
[   44.19s] continue B51_REF_link1_LINKLOCAL-1: -> LIGHTWEIGHT
[   44.69s] continue B51_REF_base_link_LINKLOCAL-1: -> LIGHTWEIGHT
[   45.20s] continue B51_REF_link5_LINKLOCAL-1: -> LIGHTWEIGHT
[   45.71s] continue B51_REF_gripper_detail_LINKLOCAL-1: -> LIGHTWEIGHT
[   46.18s] continue B51_REV_DATUM_MALE-1: -> LIGHTWEIGHT
[   46.64s] continue B51_REV_DATUM_FEMALE-2: -> LIGHTWEIGHT
[   47.09s] continue B51_REV_DATUM_MALE-2: -> LIGHTWEIGHT
[   47.54s] continue B51_REV_DATUM_MALE-3: -> LIGHTWEIGHT
[   48.00s] continue B51_REV_DATUM_FEMALE-3: -> LIGHTWEIGHT
[   48.43s] continue B51_REV_DATUM_MALE-4: -> LIGHTWEIGHT
[   48.92s] continue B51_REV_DATUM_FEMALE-5: -> LIGHTWEIGHT
[   49.35s] continue B51_REV_DATUM_MALE-5: -> LIGHTWEIGHT
[   49.82s] continue B51_REV_DATUM_FEMALE-6: -> LIGHTWEIGHT
[   50.23s] continue B51_REV_DATUM_MALE-6: -> LIGHTWEIGHT
[   67.00s] P5 cleanup remaining=0
{
  "schema": "V5_PROBE_LOOP1E_RESOLVE_LINK6_V1",
  "timestamp_start_utc": "2026-08-11T22:19:40.779284+00:00",
  "phases": {
    "P2_attempts": [
      {
        "name2": "B51_REF_gripper_detail_LINKLOCAL-1",
        "pre": 2,
        "returned": 2,
        "rebuilt": true,
        "readback": 2,
        "readback_label": "LIGHTWEIGHT",
        "resolved": false
      }
    ],
    "P4_continue": [
      {
        "name2": "B51_REF_link2_LINKLOCAL-1",
        "pre": 2,
        "returned": 2,
        "rebuilt": true,
        "readback": 2,
        "readback_label": "LIGHTWEIGHT",
        "resolved": false
      },
      {
        "name2": "B51_REF_link6_LINKLOCAL-1",
        "pre": 2,
        "returned": 2,
        "rebuilt": true,
        "readback": 2,
        "readback_label": "LIGHTWEIGHT",
        "resolved": false
      },
      {
        "name2": "B51_REV_DATUM_FEMALE-1",
        "pre": 2,
        "returned": 2,
        "rebuilt": true,
        "readback": 2,
        "readback_label": "LIGHTWEIGHT",
        "resolved": false
      },
      {
        "name2": "B51_REF_link3_LINKLOCAL-1",
        "pre": 2,
        "returned": 2,
        "rebuilt": true,
        "readback": 2,
        "readback_label": "LIGHTWEIGHT",
        "resolved": false
      },
      {
        "name2": "B51_REF_link4_LINKLOCAL-1",
        "pre": 2,
        "returned": 2,
        "rebuilt": true,
        "readback": 2,
        "readback_label": "LIGHTWEIGHT",
        "resolved": false
      },
      {
        "name2": "B51_REV_DATUM_FEMALE-4",
        "pre": 2,
        "returned": 2,
        "rebuilt": true,
        "readback": 2,
        "readback_label": "LIGHTWEIGHT",
        "resolved": false
      },
      {
        "name2": "B51_REF_link1_LINKLOCAL-1",
        "pre": 2,
        "returned": 2,
        "rebuilt": true,
        "readback": 2,
        "readback_label": "LIGHTWEIGHT",
        "resolved": false
      },
      {
        "name2": "B51_REF_base_link_LINKLOCAL-1",
        "pre": 2,
        "returned": 2,
        "rebuilt": true,
        "readback": 2,
        "readback_label": "LIGHTWEIGHT",
        "resolved": false
      },
      {
        "name2": "B51_REF_link5_LINKLOCAL-1",
        "pre": 2,
        "returned": 2,
        "rebuilt": true,
        "readback": 2,
        "readback_label": "LIGHTWEIGHT",
        "resolved": false
      },
      {
        "name2": "B51_REF_gripper_detail_LINKLOCAL-1",
        "pre": 2,
        "returned": 2,
        "rebuilt": true,
        "readback": 2,
        "readback_label": "LIGHTWEIGHT",
        "resolved": false
      },
      {
        "name2": "B51_REV_DATUM_MALE-1",
        "pre": 2,
        "returned": 2,
        "rebuilt": true,
        "readback": 2,
        "readback_label": "LIGHTWEIGHT",
        "resolved": false
      },
      {
        "name2": "B51_REV_DATUM_FEMALE-2",
        "pre": 2,
        "returned": 2,
        "rebuilt": true,
        "readback": 2,
        "readback_label": "LIGHTWEIGHT",
        "resolved": false
      },
      {
        "name2": "B51_REV_DATUM_MALE-2",
        "pre": 2,
        "returned": 2,
        "rebuilt": true,
        "readback": 2,
        "readback_label": "LIGHTWEIGHT",
        "resolved": false
      },
      {
        "name2": "B51_REV_DATUM_MALE-3",
        "pre": 2,
        "returned": 2,
        "rebuilt": true,
        "readback": 2,
        "readback_label": "LIGHTWEIGHT",
        "resolved": false
      },
      {
        "name2": "B51_REV_DATUM_FEMALE-3",
        "pre": 2,
        "returned": 2,
        "rebuilt": true,
        "readback": 2,
        "readback_label": "LIGHTWEIGHT",
        "resolved": false
      },
      {
        "name2": "B51_REV_DATUM_MALE-4",
        "pre": 2,
        "returned": 2,
        "rebuilt": true,
        "readback": 2,
        "readback_label": "LIGHTWEIGHT",
        "resolved": false
      },
      {
        "name2": "B51_REV_DATUM_FEMALE-5",
        "pre": 2,
        "returned": 2,
        "rebuilt": true,
        "readback": 2,
        "readback_label": "LIGHTWEIGHT",
        "resolved": false
      },
      {
        "name2": "B51_REV_DATUM_MALE-5",
        "pre": 2,
        "returned": 2,
        "rebuilt": true,
        "readback": 2,
        "readback_label": "LIGHTWEIGHT",
        "resolved": false
      },
      {
        "name2": "B51_REV_DATUM_FEMALE-6",
        "pre": 2,
        "returned": 2,
        "rebuilt": true,
        "readback": 2,
        "readback_label": "LIGHTWEIGHT",
        "resolved": false
      },
      {
        "name2": "B51_REV_DATUM_MALE-6",
        "pre": 2,
        "returned": 2,
        "rebuilt": true,
        "readback": 2,
        "readback_label": "LIGHTWEIGHT",
        "resolved": false
      }
    ],
    "P3_remedies": {
      "a_retry": {
        "returned": 2,
        "rebuilt": true,
        "readback": 2,
        "readback_label": "LIGHTWEIGHT",
        "resolved": false
      },
      "b_default_config": {
        "returned": 0,
        "rebuilt": true,
        "readback": -1,
        "readback_label": "-1",
        "resolved": false
      },
      "c_resolve_all": {
        "returned": 0,
        "rebuilt": true,
        "readback": -1,
        "readback_label": "-1",
        "resolved": false
      },
      "d_outofdate": {
        "exception": "TypeError('IAssemblyDoc.ResolveOutOfDateLightWeightComponents() takes 1 positional argument but 2 were given')"
      }
    },
    "P5_final_states": {
      "B51_REF_link2_LINKLOCAL-1": "LIGHTWEIGHT",
      "B51_REF_link6_LINKLOCAL-1": "LIGHTWEIGHT",
      "B51_REV_DATUM_FEMALE-1": "LIGHTWEIGHT",
      "B51_REF_link3_LINKLOCAL-1": "LIGHTWEIGHT",
      "B51_REF_link4_LINKLOCAL-1": "LIGHTWEIGHT",
      "B51_REV_DATUM_FEMALE-4": "LIGHTWEIGHT",
      "B51_REF_link1_LINKLOCAL-1": "LIGHTWEIGHT",
      "B51_REF_base_link_LINKLOCAL-1": "LIGHTWEIGHT",
      "B51_REF_link5_LINKLOCAL-1": "LIGHTWEIGHT",
      "B51_REF_gripper_detail_LINKLOCAL-1": "LIGHTWEIGHT",
      "B51_REV_DATUM_MALE-1": "LIGHTWEIGHT",
      "B51_REV_DATUM_FEMALE-2": "LIGHTWEIGHT",
      "B51_REV_DATUM_MALE-2": "LIGHTWEIGHT",
      "B51_REV_DATUM_MALE-3": "LIGHTWEIGHT",
      "B51_REV_DATUM_FEMALE-3": "LIGHTWEIGHT",
      "B51_REV_DATUM_MALE-4": "LIGHTWEIGHT",
      "B51_REV_DATUM_FEMALE-5": "LIGHTWEIGHT",
      "B51_REV_DATUM_MALE-5": "LIGHTWEIGHT",
      "B51_REV_DATUM_FEMALE-6": "LIGHTWEIGHT",
      "B51_REV_DATUM_MALE-6": "LIGHTWEIGHT"
    },
    "P5_cleanup_remaining": 0
  },
  "session": {
    "pid": 43264,
    "revision": "32.5.0"
  },
  "protected_pre": {
    "597C297526BC4111C3424535139B8A1C93906E7A799FF5346D030700FEF1A32F": "F:\\China Graduate Future Flight Vehicle Innovation Competition\\20_engineering\\F3R2_MECHANICAL_TERMINAL_CLOSURE_20260807\\03_native_cad\\B601_ARM_B51_COPY\\assembly\\B51_B601_ARTICULATED_ENGINEERING_ARM.SLDASM",
    "3693A96973CCBFE4C00B202C4D80027E44E0CB13BBEA73C6FAABD8A4D1E995B0": "F:\\China Graduate Future Flight Vehicle Innovation Competition\\20_engineering\\F3R2_MECHANICAL_TERMINAL_CLOSURE_20260807\\03_native_cad\\B601_ARM_B51_COPY\\inputs\\vendor_link_parts\\B51_REF_base_link_LINKLOCAL.SLDPRT",
    "6758B99741FFACABC31C2D629C6191F25C461AC877442212B468B141805EEECC": "F:\\China Graduate Future Flight Vehicle Innovation Competition\\20_engineering\\F3R2_MECHANICAL_TERMINAL_CLOSURE_20260807\\03_native_cad\\B601_ARM_B51_COPY\\inputs\\vendor_link_parts\\B51_REF_gripper_detail_LINKLOCAL.SLDPRT",
    "BDC68C8CC26AF2DB318F800384BBDE5659617B911FD2B64A7D10D1416AC4AEFB": "F:\\China Graduate Future Flight Vehicle Innovation Competition\\20_engineering\\F3R2_MECHANICAL_TERMINAL_CLOSURE_20260807\\03_native_cad\\B601_ARM_B51_COPY\\inputs\\vendor_link_parts\\B51_REF_link1_LINKLOCAL.SLDPRT",
    "DE6FD9A9E878585F0D7AB4476679E6A1F4CC49732D298AF4BA3AD8503381730E": "F:\\China Graduate Future Flight Vehicle Innovation Competition\\20_engineering\\F3R2_MECHANICAL_TERMINAL_CLOSURE_20260807\\03_native_cad\\B601_ARM_B51_COPY\\inputs\\vendor_link_parts\\B51_REF_link2_LINKLOCAL.SLDPRT",
    "1D8E82786F8F8D06BF75EDBCC1B0E8662D364BE08DE81E1BD3C4442811259F83": "F:\\China Graduate Future Flight Vehicle Innovation Competition\\20_engineering\\F3R2_MECHANICAL_TERMINAL_CLOSURE_20260807\\03_native_cad\\B601_ARM_B51_COPY\\inputs\\vendor_link_parts\\B51_REF_link3_LINKLOCAL.SLDPRT",
    "3E60226EAE9BBFC460C0B7DC1CF2138ABFD8B579CD962F545E2821A4DDBC0AE4": "F:\\China Graduate Future Flight Vehicle Innovation Competition\\20_engineering\\F3R2_MECHANICAL_TERMINAL_CLOSURE_20260807\\03_native_cad\\B601_ARM_B51_COPY\\inputs\\vendor_link_parts\\B51_REF_link4_LINKLOCAL.SLDPRT",
    "EE7F882445CD43603902FBA7E66FF7F0A5765BEC09EC962DC39546132274513A": "F:\\China Graduate Future Flight Vehicle Innovation Competition\\20_engineering\\F3R2_MECHANICAL_TERMINAL_CLOSURE_20260807\\03_native_cad\\B601_ARM_B51_COPY\\inputs\\vendor_link_parts\\B51_REF_link5_LINKLOCAL.SLDPRT",
    "863AEF31D7DEB964F6AF1B99DAC060EF5ED261340D2BE0F52419B1DEE775E68C": "F:\\China Graduate Future Flight Vehicle Innovation Competition\\20_engineering\\F3R2_MECHANICAL_TERMINAL_CLOSURE_20260807\\03_native_cad\\B601_ARM_B51_COPY\\inputs\\vendor_link_parts\\B51_REF_link6_LINKLOCAL.SLDPRT",
    "7AA2A808F289CECA4024FE989CFFF80131D34022B1A3D8C5A2740F6C6D55593C": "F:\\China Graduate Future Flight Vehicle Innovation Competition\\20_engineering\\F3R2_MECHANICAL_TERMINAL_CLOSURE_20260807\\03_native_cad\\B601_ARM_B51_COPY\\parts\\B51_REV_DATUM_FEMALE.SLDPRT",
    "1D05F4F1F74037F3D028E1313C221ADBB48875F513CDF343E0BCA419F3D0385F": "F:\\China Graduate Future Flight Vehicle Innovation Competition\\20_engineering\\F3R2_MECHANICAL_TERMINAL_CLOSURE_20260807\\03_native_cad\\B601_ARM_B51_COPY\\parts\\B51_REV_DATUM_MALE.SLDPRT"
  },
  "memory_gib_start": 1.458,
  "memory_gib_end": 1.674,
  "checks": {
    "failure_reproduced": true,
    "remedy_found": false,
    "all_resolved_end": false,
    "session_document_empty_after_cleanup": true
  },
  "remedy_used": null,
  "verdict": "V5_PROBE_LOOP1E_RESOLVE_LINK6_MIXED",
  "cleanup_document_count": 0,
  "protected_post_unchanged": true,
  "timestamp_end_utc": "2026-08-11T22:20:47.908217+00:00"
}
