[    0.03s] attach: begin
[   11.58s] insert PALM: ok
[   18.79s] insert LEFT: ok
[   25.94s] insert RIGHT: ok
[   90.35s] L guides+limit: ok
[  152.81s] R guides+limit: ok
[  155.31s] establish_configurations: ok (8 drive rows)
[  155.41s] set_assembly_properties: ok
[  157.36s] activate OPEN: L=0.0 R=0.0
[  158.16s] activate PREGRASP: L=-55.0 R=54.999999
[  158.96s] activate CLOSED: L=0.0 R=0.0
[  159.78s] activate HOLDING: L=-71.5 R=71.499999
[  207.66s] cleanup: session document-empty
{
  "schema": "V5_PROBE_LOOP1C1_TRUTH_TABLE_V8",
  "drive_steps": [],
  "activations": [
    {
      "active": "OPEN",
      "l_named_gets": {
        "OPEN": 0.060684759,
        "PREGRASP": 0.115684759,
        "CLOSED": 0.060684759,
        "HOLDING": 0.13218475899999999
      },
      "r_named_gets": {
        "OPEN": 0.03366132,
        "PREGRASP": 0.08866132,
        "CLOSED": 0.03366132,
        "HOLDING": 0.10516132
      },
      "left_ty_mm": 0.0,
      "right_ty_mm": 0.0
    },
    {
      "active": "PREGRASP",
      "l_named_gets": {
        "OPEN": 0.060684759,
        "PREGRASP": 0.115684759,
        "CLOSED": 0.060684759,
        "HOLDING": 0.13218475899999999
      },
      "r_named_gets": {
        "OPEN": 0.03366132,
        "PREGRASP": 0.08866132,
        "CLOSED": 0.03366132,
        "HOLDING": 0.10516132
      },
      "left_ty_mm": -55.0,
      "right_ty_mm": 54.999999
    },
    {
      "active": "CLOSED",
      "l_named_gets": {
        "OPEN": 0.060684759,
        "PREGRASP": 0.115684759,
        "CLOSED": 0.060684759,
        "HOLDING": 0.13218475899999999
      },
      "r_named_gets": {
        "OPEN": 0.03366132,
        "PREGRASP": 0.08866132,
        "CLOSED": 0.03366132,
        "HOLDING": 0.10516132
      },
      "left_ty_mm": 0.0,
      "right_ty_mm": 0.0
    },
    {
      "active": "HOLDING",
      "l_named_gets": {
        "OPEN": 0.060684759,
        "PREGRASP": 0.115684759,
        "CLOSED": 0.060684759,
        "HOLDING": 0.13218475899999999
      },
      "r_named_gets": {
        "OPEN": 0.03366132,
        "PREGRASP": 0.08866132,
        "CLOSED": 0.03366132,
        "HOLDING": 0.10516132
      },
      "left_ty_mm": -71.5,
      "right_ty_mm": 71.499999
    }
  ],
  "notes": [],
  "session": {
    "attach_only": true,
    "revision": "32.5.0",
    "major": 32,
    "pid": 87516,
    "executable": "F:/Windows_profile/solidworks/SOLIDWORKS/SLDWORKS.exe",
    "document_count": 0,
    "active_doc_is_null": true
  },
  "establish_drive_rows": 8,
  "verdict": "V5_PROBE_LOOP1C1_TRUTH_TABLE_V8_PASS",
  "cleanup": [
    {
      "title": "装配体63",
      "closed": true
    },
    {
      "title": "B601_GRIPPER_RIGHT_FINGER.SLDPRT",
      "closed": true
    },
    {
      "title": "B601_GRIPPER_LEFT_FINGER.SLDPRT",
      "closed": true
    },
    {
      "title": "B601_GRIPPER_PALM.SLDPRT",
      "closed": true
    }
  ]
}
