[    0.29s] attach ok pid=83860 docs_before=1
[   11.40s] resolve B51_REF_link1_LINKLOCAL-1: LIGHTWEIGHT -> RESOLVED
[   11.87s] resolve B51_REF_base_link_LINKLOCAL-1: LIGHTWEIGHT -> RESOLVED
[   12.35s] resolve B51_REF_gripper_detail_LINKLOCAL-1: LIGHTWEIGHT -> RESOLVED
[   12.80s] resolve B51_REV_DATUM_FEMALE-3: LIGHTWEIGHT -> RESOLVED
[   13.29s] resolve B51_REF_link2_LINKLOCAL-1: LIGHTWEIGHT -> RESOLVED
[   13.75s] resolve B51_REF_link6_LINKLOCAL-1: LIGHTWEIGHT -> RESOLVED
[   14.18s] resolve B51_REV_DATUM_MALE-1: LIGHTWEIGHT -> RESOLVED
[   14.19s] resolve B51_REV_DATUM_FEMALE-2: RESOLVED -> RESOLVED
[   14.19s] resolve B51_REV_DATUM_MALE-2: RESOLVED -> RESOLVED
[   14.66s] resolve B51_REF_link3_LINKLOCAL-1: LIGHTWEIGHT -> RESOLVED
[   14.67s] resolve B51_REV_DATUM_MALE-6: RESOLVED -> RESOLVED
[   15.14s] resolve B51_REF_link4_LINKLOCAL-1: LIGHTWEIGHT -> RESOLVED
[   15.63s] resolve B51_REF_link5_LINKLOCAL-1: LIGHTWEIGHT -> RESOLVED
[   15.63s] resolve B51_REV_DATUM_FEMALE-1: RESOLVED -> RESOLVED
[   15.63s] resolve B51_REV_DATUM_MALE-4: RESOLVED -> RESOLVED
[   15.64s] resolve B51_REV_DATUM_MALE-3: RESOLVED -> RESOLVED
[   15.65s] resolve B51_REV_DATUM_FEMALE-4: RESOLVED -> RESOLVED
[   15.66s] resolve B51_REV_DATUM_FEMALE-5: RESOLVED -> RESOLVED
[   15.66s] resolve B51_REV_DATUM_MALE-5: RESOLVED -> RESOLVED
[   16.53s] resolve B51_REV_DATUM_FEMALE-6: RESOLVED -> RESOLVED
[   19.06s] replace B51_REF_gripper_detail_LINKLOCAL-1: True (resolve_drive=None)
[   22.70s] replace B51_REF_base_link_LINKLOCAL-1: True (resolve_drive=None)
[   25.62s] P4 cleanup remaining=1
{
  "schema": "V5_PROBE_LOOP1E_PER_COMPONENT_RESOLVE_V1",
  "timestamp_start_utc": "2026-08-11T21:15:45.983994+00:00",
  "phases": {
    "P0_initial": [
      {
        "name2": "B51_REF_base_link_LINKLOCAL-1",
        "path": "F:/China Graduate Future Flight Vehicle Innovation Competition/20_engineering/F3R1_MECHANICAL_INTEGRATION_RECOVERY_20260806/03_native_cad/B601_ARM_B51_COPY/inputs/vendor_link_parts/B51_REF_base_link_LINKLOCAL.SLDPRT",
        "suppression": 2,
        "suppression_label": "LIGHTWEIGHT"
      },
      {
        "name2": "B51_REF_gripper_detail_LINKLOCAL-1",
        "path": "F:/China Graduate Future Flight Vehicle Innovation Competition/20_engineering/F3R1_MECHANICAL_INTEGRATION_RECOVERY_20260806/03_native_cad/B601_ARM_B51_COPY/inputs/vendor_link_parts/B51_REF_gripper_detail_LINKLOCAL.SLDPRT",
        "suppression": 2,
        "suppression_label": "LIGHTWEIGHT"
      },
      {
        "name2": "B51_REF_link1_LINKLOCAL-1",
        "path": "F:/China Graduate Future Flight Vehicle Innovation Competition/20_engineering/F3R2_V5_NATIVE_MECHANICAL_RELEASE_20260810T000300_V5NATIVE/03_top_assembly/_native_donor_local/B51_ARTICULATED_20260728T008/inputs/vendor_link_parts/B51_REF_link1_LINKLOCAL.SLDPRT",
        "suppression": 2,
        "suppression_label": "LIGHTWEIGHT"
      },
      {
        "name2": "B51_REF_link2_LINKLOCAL-1",
        "path": "F:/China Graduate Future Flight Vehicle Innovation Competition/20_engineering/F3R2_V5_NATIVE_MECHANICAL_RELEASE_20260810T000300_V5NATIVE/03_top_assembly/_native_donor_local/B51_ARTICULATED_20260728T008/inputs/vendor_link_parts/B51_REF_link2_LINKLOCAL.SLDPRT",
        "suppression": 2,
        "suppression_label": "LIGHTWEIGHT"
      },
      {
        "name2": "B51_REF_link3_LINKLOCAL-1",
        "path": "F:/China Graduate Future Flight Vehicle Innovation Competition/20_engineering/F3R2_V5_NATIVE_MECHANICAL_RELEASE_20260810T000300_V5NATIVE/03_top_assembly/_native_donor_local/B51_ARTICULATED_20260728T008/inputs/vendor_link_parts/B51_REF_link3_LINKLOCAL.SLDPRT",
        "suppression": 2,
        "suppression_label": "LIGHTWEIGHT"
      },
      {
        "name2": "B51_REF_link4_LINKLOCAL-1",
        "path": "F:/China Graduate Future Flight Vehicle Innovation Competition/20_engineering/F3R2_V5_NATIVE_MECHANICAL_RELEASE_20260810T000300_V5NATIVE/03_top_assembly/_native_donor_local/B51_ARTICULATED_20260728T008/inputs/vendor_link_parts/B51_REF_link4_LINKLOCAL.SLDPRT",
        "suppression": 2,
        "suppression_label": "LIGHTWEIGHT"
      },
      {
        "name2": "B51_REF_link5_LINKLOCAL-1",
        "path": "F:/China Graduate Future Flight Vehicle Innovation Competition/20_engineering/F3R2_V5_NATIVE_MECHANICAL_RELEASE_20260810T000300_V5NATIVE/03_top_assembly/_native_donor_local/B51_ARTICULATED_20260728T008/inputs/vendor_link_parts/B51_REF_link5_LINKLOCAL.SLDPRT",
        "suppression": 2,
        "suppression_label": "LIGHTWEIGHT"
      },
      {
        "name2": "B51_REF_link6_LINKLOCAL-1",
        "path": "F:/China Graduate Future Flight Vehicle Innovation Competition/20_engineering/F3R2_V5_NATIVE_MECHANICAL_RELEASE_20260810T000300_V5NATIVE/03_top_assembly/_native_donor_local/B51_ARTICULATED_20260728T008/inputs/vendor_link_parts/B51_REF_link6_LINKLOCAL.SLDPRT",
        "suppression": 2,
        "suppression_label": "LIGHTWEIGHT"
      },
      {
        "name2": "B51_REV_DATUM_FEMALE-1",
        "path": "F:/China Graduate Future Flight Vehicle Innovation Competition/20_engineering/F3R2_V5_NATIVE_MECHANICAL_RELEASE_20260810T000300_V5NATIVE/03_top_assembly/_native_donor_local/B51_ARTICULATED_20260728T008/parts/B51_REV_DATUM_FEMALE.SLDPRT",
        "suppression": 2,
        "suppression_label": "LIGHTWEIGHT"
      },
      {
        "name2": "B51_REV_DATUM_FEMALE-2",
        "path": "F:/China Graduate Future Flight Vehicle Innovation Competition/20_engineering/F3R2_V5_NATIVE_MECHANICAL_RELEASE_20260810T000300_V5NATIVE/03_top_assembly/_native_donor_local/B51_ARTICULATED_20260728T008/parts/B51_REV_DATUM_FEMALE.SLDPRT",
        "suppression": 2,
        "suppression_label": "LIGHTWEIGHT"
      },
      {
        "name2": "B51_REV_DATUM_FEMALE-3",
        "path": "F:/China Graduate Future Flight Vehicle Innovation Competition/20_engineering/F3R2_V5_NATIVE_MECHANICAL_RELEASE_20260810T000300_V5NATIVE/03_top_assembly/_native_donor_local/B51_ARTICULATED_20260728T008/parts/B51_REV_DATUM_FEMALE.SLDPRT",
        "suppression": 2,
        "suppression_label": "LIGHTWEIGHT"
      },
      {
        "name2": "B51_REV_DATUM_FEMALE-4",
        "path": "F:/China Graduate Future Flight Vehicle Innovation Competition/20_engineering/F3R2_V5_NATIVE_MECHANICAL_RELEASE_20260810T000300_V5NATIVE/03_top_assembly/_native_donor_local/B51_ARTICULATED_20260728T008/parts/B51_REV_DATUM_FEMALE.SLDPRT",
        "suppression": 2,
        "suppression_label": "LIGHTWEIGHT"
      },
      {
        "name2": "B51_REV_DATUM_FEMALE-5",
        "path": "F:/China Graduate Future Flight Vehicle Innovation Competition/20_engineering/F3R2_V5_NATIVE_MECHANICAL_RELEASE_20260810T000300_V5NATIVE/03_top_assembly/_native_donor_local/B51_ARTICULATED_20260728T008/parts/B51_REV_DATUM_FEMALE.SLDPRT",
        "suppression": 2,
        "suppression_label": "LIGHTWEIGHT"
      },
      {
        "name2": "B51_REV_DATUM_FEMALE-6",
        "path": "F:/China Graduate Future Flight Vehicle Innovation Competition/20_engineering/F3R2_V5_NATIVE_MECHANICAL_RELEASE_20260810T000300_V5NATIVE/03_top_assembly/_native_donor_local/B51_ARTICULATED_20260728T008/parts/B51_REV_DATUM_FEMALE.SLDPRT",
        "suppression": 2,
        "suppression_label": "LIGHTWEIGHT"
      },
      {
        "name2": "B51_REV_DATUM_MALE-1",
        "path": "F:/China Graduate Future Flight Vehicle Innovation Competition/20_engineering/F3R2_V5_NATIVE_MECHANICAL_RELEASE_20260810T000300_V5NATIVE/03_top_assembly/_native_donor_local/B51_ARTICULATED_20260728T008/parts/B51_REV_DATUM_MALE.SLDPRT",
        "suppression": 2,
        "suppression_label": "LIGHTWEIGHT"
      },
      {
        "name2": "B51_REV_DATUM_MALE-2",
        "path": "F:/China Graduate Future Flight Vehicle Innovation Competition/20_engineering/F3R2_V5_NATIVE_MECHANICAL_RELEASE_20260810T000300_V5NATIVE/03_top_assembly/_native_donor_local/B51_ARTICULATED_20260728T008/parts/B51_REV_DATUM_MALE.SLDPRT",
        "suppression": 2,
        "suppression_label": "LIGHTWEIGHT"
      },
      {
        "name2": "B51_REV_DATUM_MALE-3",
        "path": "F:/China Graduate Future Flight Vehicle Innovation Competition/20_engineering/F3R2_V5_NATIVE_MECHANICAL_RELEASE_20260810T000300_V5NATIVE/03_top_assembly/_native_donor_local/B51_ARTICULATED_20260728T008/parts/B51_REV_DATUM_MALE.SLDPRT",
        "suppression": 2,
        "suppression_label": "LIGHTWEIGHT"
      },
      {
        "name2": "B51_REV_DATUM_MALE-4",
        "path": "F:/China Graduate Future Flight Vehicle Innovation Competition/20_engineering/F3R2_V5_NATIVE_MECHANICAL_RELEASE_20260810T000300_V5NATIVE/03_top_assembly/_native_donor_local/B51_ARTICULATED_20260728T008/parts/B51_REV_DATUM_MALE.SLDPRT",
        "suppression": 2,
        "suppression_label": "LIGHTWEIGHT"
      },
      {
        "name2": "B51_REV_DATUM_MALE-5",
        "path": "F:/China Graduate Future Flight Vehicle Innovation Competition/20_engineering/F3R2_V5_NATIVE_MECHANICAL_RELEASE_20260810T000300_V5NATIVE/03_top_assembly/_native_donor_local/B51_ARTICULATED_20260728T008/parts/B51_REV_DATUM_MALE.SLDPRT",
        "suppression": 2,
        "suppression_label": "LIGHTWEIGHT"
      },
      {
        "name2": "B51_REV_DATUM_MALE-6",
        "path": "F:/China Graduate Future Flight Vehicle Innovation Competition/20_engineering/F3R2_V5_NATIVE_MECHANICAL_RELEASE_20260810T000300_V5NATIVE/03_top_assembly/_native_donor_local/B51_ARTICULATED_20260728T008/parts/B51_REV_DATUM_MALE.SLDPRT",
        "suppression": 2,
        "suppression_label": "LIGHTWEIGHT"
      }
    ],
    "P1_per_component_resolve": [
      {
        "name2": "B51_REF_link1_LINKLOCAL-1",
        "pre": 2,
        "pre_label": "LIGHTWEIGHT",
        "returned": 2,
        "post": 1,
        "post_label": "RESOLVED",
        "resolved": true
      },
      {
        "name2": "B51_REF_base_link_LINKLOCAL-1",
        "pre": 2,
        "pre_label": "LIGHTWEIGHT",
        "returned": 2,
        "post": 1,
        "post_label": "RESOLVED",
        "resolved": true
      },
      {
        "name2": "B51_REF_gripper_detail_LINKLOCAL-1",
        "pre": 2,
        "pre_label": "LIGHTWEIGHT",
        "returned": 2,
        "post": 1,
        "post_label": "RESOLVED",
        "resolved": true
      },
      {
        "name2": "B51_REV_DATUM_FEMALE-3",
        "pre": 2,
        "pre_label": "LIGHTWEIGHT",
        "returned": 2,
        "post": 1,
        "post_label": "RESOLVED",
        "resolved": true
      },
      {
        "name2": "B51_REF_link2_LINKLOCAL-1",
        "pre": 2,
        "pre_label": "LIGHTWEIGHT",
        "returned": 2,
        "post": 1,
        "post_label": "RESOLVED",
        "resolved": true
      },
      {
        "name2": "B51_REF_link6_LINKLOCAL-1",
        "pre": 2,
        "pre_label": "LIGHTWEIGHT",
        "returned": 2,
        "post": 1,
        "post_label": "RESOLVED",
        "resolved": true
      },
      {
        "name2": "B51_REV_DATUM_MALE-1",
        "pre": 2,
        "pre_label": "LIGHTWEIGHT",
        "returned": 2,
        "post": 1,
        "post_label": "RESOLVED",
        "resolved": true
      },
      {
        "name2": "B51_REV_DATUM_FEMALE-2",
        "pre": 1,
        "pre_label": "RESOLVED",
        "resolved": true
      },
      {
        "name2": "B51_REV_DATUM_MALE-2",
        "pre": 1,
        "pre_label": "RESOLVED",
        "resolved": true
      },
      {
        "name2": "B51_REF_link3_LINKLOCAL-1",
        "pre": 2,
        "pre_label": "LIGHTWEIGHT",
        "returned": 2,
        "post": 1,
        "post_label": "RESOLVED",
        "resolved": true
      },
      {
        "name2": "B51_REV_DATUM_MALE-6",
        "pre": 1,
        "pre_label": "RESOLVED",
        "resolved": true
      },
      {
        "name2": "B51_REF_link4_LINKLOCAL-1",
        "pre": 2,
        "pre_label": "LIGHTWEIGHT",
        "returned": 2,
        "post": 1,
        "post_label": "RESOLVED",
        "resolved": true
      },
      {
        "name2": "B51_REF_link5_LINKLOCAL-1",
        "pre": 2,
        "pre_label": "LIGHTWEIGHT",
        "returned": 2,
        "post": 1,
        "post_label": "RESOLVED",
        "resolved": true
      },
      {
        "name2": "B51_REV_DATUM_FEMALE-1",
        "pre": 1,
        "pre_label": "RESOLVED",
        "resolved": true
      },
      {
        "name2": "B51_REV_DATUM_MALE-4",
        "pre": 1,
        "pre_label": "RESOLVED",
        "resolved": true
      },
      {
        "name2": "B51_REV_DATUM_MALE-3",
        "pre": 1,
        "pre_label": "RESOLVED",
        "resolved": true
      },
      {
        "name2": "B51_REV_DATUM_FEMALE-4",
        "pre": 1,
        "pre_label": "RESOLVED",
        "resolved": true
      },
      {
        "name2": "B51_REV_DATUM_FEMALE-5",
        "pre": 1,
        "pre_label": "RESOLVED",
        "resolved": true
      },
      {
        "name2": "B51_REV_DATUM_MALE-5",
        "pre": 1,
        "pre_label": "RESOLVED",
        "resolved": true
      },
      {
        "name2": "B51_REV_DATUM_FEMALE-6",
        "pre": 1,
        "pre_label": "RESOLVED",
        "resolved": true
      }
    ],
    "P2P3_replaces": {
      "B51_REF_gripper_detail_LINKLOCAL-1": {
        "name2": "B51_REF_gripper_detail_LINKLOCAL-1",
        "pre_suppression": 1,
        "target": "F:/China Graduate Future Flight Vehicle Innovation Competition/20_engineering/F3R2_V5_NATIVE_MECHANICAL_RELEASE_20260810T000300_V5NATIVE/03_top_assembly/_native_donor_local/B51_ARTICULATED_20260728T008/inputs/vendor_link_parts/B51_REF_gripper_detail_LINKLOCAL.SLDPRT",
        "select": true,
        "replace": true,
        "doc_count": {
          "pre": 1,
          "post": 2
        },
        "post_row": {
          "name2": "B51_REF_gripper_detail_LINKLOCAL-1",
          "path": "F:/China Graduate Future Flight Vehicle Innovation Competition/20_engineering/F3R1_MECHANICAL_INTEGRATION_RECOVERY_20260806/03_native_cad/B601_ARM_B51_COPY/inputs/vendor_link_parts/B51_REF_gripper_detail_LINKLOCAL.SLDPRT",
          "suppression": 2,
          "suppression_label": "LIGHTWEIGHT"
        },
        "current": "F:/China Graduate Future Flight Vehicle Innovation Competition/20_engineering/F3R1_MECHANICAL_INTEGRATION_RECOVERY_20260806/03_native_cad/B601_ARM_B51_COPY/inputs/vendor_link_parts/B51_REF_gripper_detail_LINKLOCAL.SLDPRT"
      },
      "B51_REF_base_link_LINKLOCAL-1": {
        "name2": "B51_REF_base_link_LINKLOCAL-1",
        "pre_suppression": 1,
        "target": "F:/China Graduate Future Flight Vehicle Innovation Competition/20_engineering/F3R2_V5_NATIVE_MECHANICAL_RELEASE_20260810T000300_V5NATIVE/03_top_assembly/_native_donor_local/B51_ARTICULATED_20260728T008/inputs/vendor_link_parts/B51_REF_base_link_LINKLOCAL.SLDPRT",
        "select": true,
        "replace": true,
        "doc_count": {
          "pre": 2,
          "post": 3
        },
        "post_row": {
          "name2": "B51_REF_base_link_LINKLOCAL-1",
          "path": "F:/China Graduate Future Flight Vehicle Innovation Competition/20_engineering/F3R1_MECHANICAL_INTEGRATION_RECOVERY_20260806/03_native_cad/B601_ARM_B51_COPY/inputs/vendor_link_parts/B51_REF_base_link_LINKLOCAL.SLDPRT",
          "suppression": 2,
          "suppression_label": "LIGHTWEIGHT"
        },
        "current": "F:/China Graduate Future Flight Vehicle Innovation Competition/20_engineering/F3R1_MECHANICAL_INTEGRATION_RECOVERY_20260806/03_native_cad/B601_ARM_B51_COPY/inputs/vendor_link_parts/B51_REF_base_link_LINKLOCAL.SLDPRT"
      }
    },
    "P3_docs_after": [
      {
        "title": "B51_REF_gripper_detail_LINKLOCAL.SLDPRT",
        "path": "F:/China Graduate Future Flight Vehicle Innovation Competition/20_engineering/F3R1_MECHANICAL_INTEGRATION_RECOVERY_20260806/03_native_cad/B601_ARM_B51_COPY/inputs/vendor_link_parts/B51_REF_gripper_detail_LINKLOCAL.SLDPRT"
      },
      {
        "title": "B51_REF_base_link_LINKLOCAL.SLDPRT",
        "path": "F:/China Graduate Future Flight Vehicle Innovation Competition/20_engineering/F3R1_MECHANICAL_INTEGRATION_RECOVERY_20260806/03_native_cad/B601_ARM_B51_COPY/inputs/vendor_link_parts/B51_REF_base_link_LINKLOCAL.SLDPRT"
      },
      {
        "title": "B51_B601_ARTICULATED_ENGINEERING_ARM.SLDASM",
        "path": "F:/China Graduate Future Flight Vehicle Innovation Competition/20_engineering/F3R2_V5_NATIVE_MECHANICAL_RELEASE_20260810T000300_V5NATIVE/03_top_assembly/_native_donor_local/B51_ARTICULATED_20260728T008/assembly/B51_B601_ARTICULATED_ENGINEERING_ARM.SLDASM"
      }
    ],
    "P4_cleanup": {
      "remaining": 1,
      "remaining_docs": [
        {
          "title": "B51_REF_base_link_LINKLOCAL.SLDPRT",
          "path": "F:/China Graduate Future Flight Vehicle Innovation Competition/20_engineering/F3R1_MECHANICAL_INTEGRATION_RECOVERY_20260806/03_native_cad/B601_ARM_B51_COPY/inputs/vendor_link_parts/B51_REF_base_link_LINKLOCAL.SLDPRT"
        }
      ]
    }
  },
  "session": {
    "pid": 83860,
    "revision": "32.5.0"
  },
  "protected_pre": {
    "597C297526BC4111C3424535139B8A1C93906E7A799FF5346D030700FEF1A32F": "F:\\China Graduate Future Flight Vehicle Innovation Competition\\20_engineering\\F3R2_MECHANICAL_TERMINAL_CLOSURE_20260807\\03_native_cad\\B601_ARM_B51_COPY\\assembly\\B51_B601_ARTICULATED_ENGINEERING_ARM.SLDASM",
    "3693A96973CCBFE4C00B202C4D80027E44E0CB13BBEA73C6FAABD8A4D1E995B0": "F:\\China Graduate Future Flight Vehicle Innovation Competition\\20_engineering\\F3R2_MECHANICAL_TERMINAL_CLOSURE_20260807\\03_native_cad\\B601_ARM_B51_COPY\\inputs\\vendor_link_parts\\B51_REF_base_link_LINKLOCAL.SLDPRT",
    "6758B99741FFACABC31C2D629C6191F25C461AC877442212B468B141805EEECC": "F:\\China Graduate Future Flight Vehicle Innovation Competition\\20_engineering\\F3R2_MECHANICAL_TERMINAL_CLOSURE_20260807\\03_native_cad\\B601_ARM_B51_COPY\\inputs\\vendor_link_parts\\B51_REF_gripper_detail_LINKLOCAL.SLDPRT",
    "BDC68C8CC26AF2DB318F800384BBDE5659617B911FD2B64A7D10D1416AC4AEFB": "F:\\China Graduate Future Flight Vehicle Innovation Competition\\20_engineering\\F3R2_MECHANICAL_TERMINAL_CLOSURE_20260807\\03_native_cad\\B601_ARM_B51_COPY\\inputs\\vendor_link_parts\\B51_REF_link1_LINKLOCAL.SLDPRT",
    "DE6FD9A9E878585F0D7AB4476679E6A1F4CC49732D298AF4BA3AD8503381730E": "F:\\China Graduate Future Flight Vehicle Innovation Competition\\20_engineering\\F3R2_MECHANICAL_TERMINAL_CLOSURE_20260807\\03_native_cad\\B601_ARM_B51_COPY\\inputs\\vendor_link_parts\\B51_REF_link2_LINKLOCAL.SLDPRT",
    "1D8E82786F8F8D06BF75EDBCC1B0E8662D364BE08DE81E1BD3C4442811259F83": "F:\\China Graduate Future Flight Vehicle Innovation Competition\\20_engineering\\F3R2_MECHANICAL_TERMINAL_CLOSURE_20260807\\03_native_cad\\B601_ARM_B51_COPY\\inputs\\vendor_link_parts\\B51_REF_link3_LINKLOCAL.SLDPRT",
    "3E60226EAE9BBFC460C0B7DC1CF2138ABFD8B579CD962F545E2821A4DDBC0AE4": "F:\\China Graduate Future Flight Vehicle Innovation Competition\\20_engineering\\F3R2_MECHANICAL_TERMINAL_CLOSURE_20260807\\03_native_cad\\B601_ARM_B51_COPY\\inputs\\vendor_link_parts\\B51_REF_link4_LINKLOCAL.SLDPRT",
    "EE7F882445CD43603902FBA7E66FF7F0A5765BEC09EC962DC39546132274513A": "F:\\China Graduate Future Flight Vehicle Innovation Competition\\20_engineering\\F3R2_MECHANICAL_TERMINAL_CLOSURE_20260807\\03_native_cad\\B601_ARM_B51_COPY\\inputs\\vendor_link_parts\\B51_REF_link5_LINKLOCAL.SLDPRT",
    "863AEF31D7DEB964F6AF1B99DAC060EF5ED261340D2BE0F52419B1DEE775E68C": "F:\\China Graduate Future Flight Vehicle Innovation Competition\\20_engineering\\F3R2_MECHANICAL_TERMINAL_CLOSURE_20260807\\03_native_cad\\B601_ARM_B51_COPY\\inputs\\vendor_link_parts\\B51_REF_link6_LINKLOCAL.SLDPRT",
    "7AA2A808F289CECA4024FE989CFFF80131D34022B1A3D8C5A2740F6C6D55593C": "F:\\China Graduate Future Flight Vehicle Innovation Competition\\20_engineering\\F3R2_MECHANICAL_TERMINAL_CLOSURE_20260807\\03_native_cad\\B601_ARM_B51_COPY\\parts\\B51_REV_DATUM_FEMALE.SLDPRT",
    "1D05F4F1F74037F3D028E1313C221ADBB48875F513CDF343E0BCA419F3D0385F": "F:\\China Graduate Future Flight Vehicle Innovation Competition\\20_engineering\\F3R2_MECHANICAL_TERMINAL_CLOSURE_20260807\\03_native_cad\\B601_ARM_B51_COPY\\parts\\B51_REV_DATUM_MALE.SLDPRT"
  },
  "docs_before": [
    {
      "title": "B51_REF_base_link_LINKLOCAL.SLDPRT",
      "path": "F:/China Graduate Future Flight Vehicle Innovation Competition/20_engineering/F3R1_MECHANICAL_INTEGRATION_RECOVERY_20260806/03_native_cad/B601_ARM_B51_COPY/inputs/vendor_link_parts/B51_REF_base_link_LINKLOCAL.SLDPRT"
    }
  ],
  "checks": {
    "v5_local_components_resolvable": true,
    "gripper_resolve_first_replace_succeeded": true,
    "base_link_blocked_by_wedge_as_expected": false,
    "session_document_empty_after_cleanup": false
  },
  "verdict": "V5_PROBE_LOOP1E_PER_COMPONENT_RESOLVE_PASS",
  "cleanup_document_count": 1,
  "cleanup_leftover_docs": [
    {
      "title": "B51_REF_base_link_LINKLOCAL.SLDPRT",
      "path": "F:/China Graduate Future Flight Vehicle Innovation Competition/20_engineering/F3R1_MECHANICAL_INTEGRATION_RECOVERY_20260806/03_native_cad/B601_ARM_B51_COPY/inputs/vendor_link_parts/B51_REF_base_link_LINKLOCAL.SLDPRT"
    }
  ],
  "protected_post_unchanged": true,
  "timestamp_end_utc": "2026-08-11T21:16:11.961782+00:00"
}
