[    0.24s] attach ok pid=43264
[   38.29s] A: 20 features, suppression=LIGHTWEIGHT
[   42.04s] B: 20 features, suppression=LIGHTWEIGHT
[   46.61s] C/默认: 3 features, suppression=RESOLVED
[   48.48s] C/STOWED_O13V3: 3 features, suppression=RESOLVED
[   63.20s] cleanup remaining=0
{
  "schema": "V5_PROBE_LOOP1E_DATUM_FEATURES_V1",
  "timestamp_start_utc": "2026-08-11T22:47:45.955558+00:00",
  "phases": {
    "A_stowed_prebound": {
      "suppression": "LIGHTWEIGHT",
      "features": [
        {
          "name": "收藏",
          "type": "FavoriteFolder"
        },
        {
          "name": "历史记录",
          "type": "HistoryFolder"
        },
        {
          "name": "选择集",
          "type": "SelectionSetFolder"
        },
        {
          "name": "传感器",
          "type": "SensorFolder"
        },
        {
          "name": "设计活页夹",
          "type": "DocsFolder"
        },
        {
          "name": "注解",
          "type": "DetailCabinet"
        },
        {
          "name": "标注",
          "type": "InkMarkupFolder"
        },
        {
          "name": "光源与相机",
          "type": "EnvFolder"
        },
        {
          "name": "实体",
          "type": "SolidBodyFolder"
        },
        {
          "name": "曲面实体",
          "type": "SurfaceBodyFolder"
        },
        {
          "name": "备注",
          "type": "CommentsFolder"
        },
        {
          "name": "方程式",
          "type": "EqnFolder"
        },
        {
          "name": "材质 <未指定>",
          "type": "MaterialFolder"
        },
        {
          "name": "前视基准面",
          "type": "RefPlane"
        },
        {
          "name": "上视基准面",
          "type": "RefPlane"
        },
        {
          "name": "右视基准面",
          "type": "RefPlane"
        },
        {
          "name": "原点",
          "type": "OriginProfileFeature"
        },
        {
          "name": "Tables",
          "type": "ConfigTableFolder"
        },
        {
          "name": "草图1",
          "type": "ProfileFeature"
        },
        {
          "name": "REV_DATUM_FEMALE_ANNULUS",
          "type": "Extrusion"
        }
      ]
    },
    "B_default_prebound": {
      "suppression": "LIGHTWEIGHT",
      "features": [
        {
          "name": "收藏",
          "type": "FavoriteFolder"
        },
        {
          "name": "历史记录",
          "type": "HistoryFolder"
        },
        {
          "name": "选择集",
          "type": "SelectionSetFolder"
        },
        {
          "name": "传感器",
          "type": "SensorFolder"
        },
        {
          "name": "设计活页夹",
          "type": "DocsFolder"
        },
        {
          "name": "注解",
          "type": "DetailCabinet"
        },
        {
          "name": "标注",
          "type": "InkMarkupFolder"
        },
        {
          "name": "光源与相机",
          "type": "EnvFolder"
        },
        {
          "name": "实体",
          "type": "SolidBodyFolder"
        },
        {
          "name": "曲面实体",
          "type": "SurfaceBodyFolder"
        },
        {
          "name": "备注",
          "type": "CommentsFolder"
        },
        {
          "name": "方程式",
          "type": "EqnFolder"
        },
        {
          "name": "材质 <未指定>",
          "type": "MaterialFolder"
        },
        {
          "name": "前视基准面",
          "type": "RefPlane"
        },
        {
          "name": "上视基准面",
          "type": "RefPlane"
        },
        {
          "name": "右视基准面",
          "type": "RefPlane"
        },
        {
          "name": "原点",
          "type": "OriginProfileFeature"
        },
        {
          "name": "Tables",
          "type": "ConfigTableFolder"
        },
        {
          "name": "草图1",
          "type": "ProfileFeature"
        },
        {
          "name": "REV_DATUM_FEMALE_ANNULUS",
          "type": "Extrusion"
        }
      ]
    },
    "C_reload_drive": {
      "returned": 2,
      "rebuilt": true,
      "readback": "RESOLVED"
    },
    "C_resolved_默认": {
      "suppression": "RESOLVED",
      "features": [
        {
          "name": "前视基准面",
          "type": "RefPlane"
        },
        {
          "name": "上视基准面",
          "type": "RefPlane"
        },
        {
          "name": "右视基准面",
          "type": "RefPlane"
        }
      ]
    },
    "C_resolved_STOWED_O13V3": {
      "suppression": "RESOLVED",
      "features": [
        {
          "name": "前视基准面",
          "type": "RefPlane"
        },
        {
          "name": "上视基准面",
          "type": "RefPlane"
        },
        {
          "name": "右视基准面",
          "type": "RefPlane"
        }
      ]
    },
    "D_doc_open": false
  },
  "session": {
    "pid": 43264,
    "revision": "32.5.0"
  },
  "protected_pre": {
    "597C297526BC4111C3424535139B8A1C93906E7A799FF5346D030700FEF1A32F": "F:\\China Graduate Future Flight Vehicle Innovation Competition\\20_engineering\\F3R2_MECHANICAL_TERMINAL_CLOSURE_20260807\\03_native_cad\\B601_ARM_B51_COPY\\assembly\\B51_B601_ARTICULATED_ENGINEERING_ARM.SLDASM",
    "3693A96973CCBFE4C00B202C4D80027E44E0CB13BBEA73C6FAABD8A4D1E995B0": "F:\\China Graduate Future Flight Vehicle Innovation Competition\\20_engineering\\F3R2_MECHANICAL_TERMINAL_CLOSURE_20260807\\03_native_cad\\B601_ARM_B51_COPY\\inputs\\vendor_link_parts\\B51_REF_base_link_LINKLOCAL.SLDPRT",
    "6758B99741FFACABC31C2D629C6191F25C461AC877442212B468B141805EEECC": "F:\\China Graduate Future Flight Vehicle Innovation Competition\\20_engineering\\F3R2_MECHANICAL_TERMINAL_CLOSURE_20260807\\03_native_cad\\B601_ARM_B51_COPY\\inputs\\vendor_link_parts\\B51_REF_gripper_detail_LINKLOCAL.SLDPRT",
    "BDC68C8CC26AF2DB318F800384BBDE5659617B911FD2B64A7D10D1416AC4AEFB": "F:\\China Graduate Future Flight Vehicle Innovation Competition\\20_engineering\\F3R2_MECHANICAL_TERMINAL_CLOSURE_20260807\\03_native_cad\\B601_ARM_B51_COPY\\inputs\\vendor_link_parts\\B51_REF_link1_LINKLOCAL.SLDPRT",
    "DE6FD9A9E878585F0D7AB4476679E6A1F4CC49732D298AF4BA3AD8503381730E": "F:\\China Graduate Future Flight Vehicle Innovation Competition\\20_engineering\\F3R2_MECHANICAL_TERMINAL_CLOSURE_20260807\\03_native_cad\\B601_ARM_B51_COPY\\inputs\\vendor_link_parts\\B51_REF_link2_LINKLOCAL.SLDPRT",
    "1D8E82786F8F8D06BF75EDBCC1B0E8662D364BE08DE81E1BD3C4442811259F83": "F:\\China Graduate Future Flight Vehicle Innovation Competition\\20_engineering\\F3R2_MECHANICAL_TERMINAL_CLOSURE_20260807\\03_native_cad\\B601_ARM_B51_COPY\\inputs\\vendor_link_parts\\B51_REF_link3_LINKLOCAL.SLDPRT",
    "3E60226EAE9BBFC460C0B7DC1CF2138ABFD8B579CD962F545E2821A4DDBC0AE4": "F:\\China Graduate Future Flight Vehicle Innovation Competition\\20_engineering\\F3R2_MECHANICAL_TERMINAL_CLOSURE_20260807\\03_native_cad\\B601_ARM_B51_COPY\\inputs\\vendor_link_parts\\B51_REF_link4_LINKLOCAL.SLDPRT",
    "EE7F882445CD43603902FBA7E66FF7F0A5765BEC09EC962DC39546132274513A": "F:\\China Graduate Future Flight Vehicle Innovation Competition\\20_engineering\\F3R2_MECHANICAL_TERMINAL_CLOSURE_20260807\\03_native_cad\\B601_ARM_B51_COPY\\inputs\\vendor_link_parts\\B51_REF_link5_LINKLOCAL.SLDPRT",
    "863AEF31D7DEB964F6AF1B99DAC060EF5ED261340D2BE0F52419B1DEE775E68C": "F:\\China Graduate Future Flight Vehicle Innovation Competition\\20_engineering\\F3R2_MECHANICAL_TERMINAL_CLOSURE_20260807\\03_native_cad\\B601_ARM_B51_COPY\\inputs\\vendor_link_parts\\B51_REF_link6_LINKLOCAL.SLDPRT",
    "7AA2A808F289CECA4024FE989CFFF80131D34022B1A3D8C5A2740F6C6D55593C": "F:\\China Graduate Future Flight Vehicle Innovation Competition\\20_engineering\\F3R2_MECHANICAL_TERMINAL_CLOSURE_20260807\\03_native_cad\\B601_ARM_B51_COPY\\parts\\B51_REV_DATUM_FEMALE.SLDPRT",
    "1D05F4F1F74037F3D028E1313C221ADBB48875F513CDF343E0BCA419F3D0385F": "F:\\China Graduate Future Flight Vehicle Innovation Competition\\20_engineering\\F3R2_MECHANICAL_TERMINAL_CLOSURE_20260807\\03_native_cad\\B601_ARM_B51_COPY\\parts\\B51_REV_DATUM_MALE.SLDPRT"
  },
  "cleanup_remaining": 0,
  "plane_counts": {
    "A_stowed": 3,
    "B_default": 3,
    "C_resolved": {
      "默认": 3,
      "STOWED_O13V3": 3
    },
    "D_doc": 0
  },
  "verdict": "V5_PROBE_LOOP1E_DATUM_FEATURES_PASS",
  "cleanup_document_count": 0,
  "protected_post_unchanged": true,
  "timestamp_end_utc": "2026-08-11T22:48:49.266346+00:00"
}
