[    0.19s] attach: ok pid=87516 rev=32.5.0 docs=0
[   67.99s] cold open (no resolver): V5_PROBE_LOOP1D_MATE_SUPPRESS_20260811T060726.584979Z.SLDASM
[   70.81s] C1: STATE_A show=False force=True
[   72.85s] C2: STATE_B show=True force=True
[   74.78s] C3: STATE_A show=True edit=True
[   76.34s] C4: STATE_B show=True edit=True
[   95.45s] closed first cold document
[  160.53s] cold open (with resolver): V5_PROBE_LOOP1D_MATE_SUPPRESS_20260811T060726.584979Z.SLDASM
[  163.63s] C5: resolve=False A show=False force=True B show=True force=True
[  312.49s] cleanup: document_count=0
{
  "schema": "V5_PROBE_LOOP1D_COLD_REOPEN_DIAG_V1",
  "timestamp_start_utc": "2026-08-11T06:31:26.444999+00:00",
  "target": "C:\\Users\\stude\\AppData\\Local\\Temp\\V5_PROBE_LOOP1D_MATE_SUPPRESS_20260811T060726.584979Z.SLDASM",
  "target_exists": true,
  "phases": {
    "C0_as_opened": {
      "configuration_names": [
        "STATE_B",
        "STATE_A"
      ],
      "active": "STATE_A",
      "components": [
        {
          "name2": "ARM_HDRM_LATCH_SLIDER-1",
          "suppression": 2,
          "fixed": false
        },
        {
          "name2": "ARM_HDRM_LATCH_SLIDER-2",
          "suppression": 0,
          "fixed": false
        },
        {
          "name2": "ARM_HDRM_LOAD_TRANSFER_BASE-1",
          "suppression": 2,
          "fixed": true
        }
      ],
      "ledger": [
        {
          "feature_name": "锁定1",
          "suppressed": false,
          "error_code": 0,
          "endpoints": [
            "ARM_HDRM_LOAD_TRANSFER_BASE-1",
            "ARM_HDRM_LATCH_SLIDER-1"
          ]
        },
        {
          "feature_name": "锁定2",
          "suppressed": true,
          "error_code": 0,
          "endpoints": [
            "ARM_HDRM_LOAD_TRANSFER_BASE-1",
            "ARM_HDRM_LATCH_SLIDER-2"
          ]
        }
      ]
    },
    "C1_state_a_show_force_rebuild": {
      "config": "STATE_A",
      "show_returned": false,
      "active_after_show": "STATE_A",
      "force_rebuild3_returned": true,
      "ledger": [
        {
          "feature_name": "锁定1",
          "suppressed": false,
          "error_code": 0,
          "endpoints": [
            "ARM_HDRM_LOAD_TRANSFER_BASE-1",
            "ARM_HDRM_LATCH_SLIDER-1"
          ]
        },
        {
          "feature_name": "锁定2",
          "suppressed": true,
          "error_code": 0,
          "endpoints": [
            "ARM_HDRM_LOAD_TRANSFER_BASE-1",
            "ARM_HDRM_LATCH_SLIDER-2"
          ]
        }
      ]
    },
    "C2_state_b_show_force_rebuild": {
      "config": "STATE_B",
      "show_returned": true,
      "active_after_show": "STATE_B",
      "force_rebuild3_returned": true,
      "components": [
        {
          "name2": "ARM_HDRM_LATCH_SLIDER-1",
          "suppression": 2,
          "fixed": false
        },
        {
          "name2": "ARM_HDRM_LATCH_SLIDER-2",
          "suppression": 2,
          "fixed": false
        },
        {
          "name2": "ARM_HDRM_LOAD_TRANSFER_BASE-1",
          "suppression": 2,
          "fixed": true
        }
      ],
      "ledger": [
        {
          "feature_name": "锁定1",
          "suppressed": true,
          "error_code": 0,
          "endpoints": [
            "ARM_HDRM_LOAD_TRANSFER_BASE-1",
            "ARM_HDRM_LATCH_SLIDER-1"
          ]
        },
        {
          "feature_name": "锁定2",
          "suppressed": false,
          "error_code": 0,
          "endpoints": [
            "ARM_HDRM_LOAD_TRANSFER_BASE-1",
            "ARM_HDRM_LATCH_SLIDER-2"
          ]
        }
      ]
    },
    "C3_state_a_show_edit_rebuild": {
      "config": "STATE_A",
      "show_returned": true,
      "active_after_show": "STATE_A",
      "edit_rebuild3_returned": true,
      "ledger": [
        {
          "feature_name": "锁定1",
          "suppressed": false,
          "error_code": 0,
          "endpoints": [
            "ARM_HDRM_LOAD_TRANSFER_BASE-1",
            "ARM_HDRM_LATCH_SLIDER-1"
          ]
        },
        {
          "feature_name": "锁定2",
          "suppressed": true,
          "error_code": 0,
          "endpoints": [
            "ARM_HDRM_LOAD_TRANSFER_BASE-1",
            "ARM_HDRM_LATCH_SLIDER-2"
          ]
        }
      ]
    },
    "C4_state_b_show_edit_rebuild": {
      "config": "STATE_B",
      "show_returned": true,
      "active_after_show": "STATE_B",
      "edit_rebuild3_returned": true,
      "ledger": [
        {
          "feature_name": "锁定1",
          "suppressed": true,
          "error_code": 0,
          "endpoints": [
            "ARM_HDRM_LOAD_TRANSFER_BASE-1",
            "ARM_HDRM_LATCH_SLIDER-1"
          ]
        },
        {
          "feature_name": "锁定2",
          "suppressed": false,
          "error_code": 0,
          "endpoints": [
            "ARM_HDRM_LOAD_TRANSFER_BASE-1",
            "ARM_HDRM_LATCH_SLIDER-2"
          ]
        }
      ]
    },
    "C5_with_resolver": {
      "resolve": {
        "resolve_all_returned": false
      },
      "state_a": {
        "config": "STATE_A",
        "show_returned": false,
        "active_after_show": "STATE_A",
        "force_rebuild3_returned": true,
        "ledger": [
          {
            "feature_name": "锁定1",
            "suppressed": false,
            "error_code": 0,
            "endpoints": [
              "ARM_HDRM_LOAD_TRANSFER_BASE-1",
              "ARM_HDRM_LATCH_SLIDER-1"
            ]
          },
          {
            "feature_name": "锁定2",
            "suppressed": true,
            "error_code": 0,
            "endpoints": [
              "ARM_HDRM_LOAD_TRANSFER_BASE-1",
              "ARM_HDRM_LATCH_SLIDER-2"
            ]
          }
        ]
      },
      "state_b": {
        "config": "STATE_B",
        "show_returned": true,
        "active_after_show": "STATE_B",
        "force_rebuild3_returned": true,
        "components": [
          {
            "name2": "ARM_HDRM_LATCH_SLIDER-1",
            "suppression": 2,
            "fixed": false
          },
          {
            "name2": "ARM_HDRM_LATCH_SLIDER-2",
            "suppression": 2,
            "fixed": false
          },
          {
            "name2": "ARM_HDRM_LOAD_TRANSFER_BASE-1",
            "suppression": 2,
            "fixed": true
          }
        ],
        "ledger": [
          {
            "feature_name": "锁定1",
            "suppressed": true,
            "error_code": 0,
            "endpoints": [
              "ARM_HDRM_LOAD_TRANSFER_BASE-1",
              "ARM_HDRM_LATCH_SLIDER-1"
            ]
          },
          {
            "feature_name": "锁定2",
            "suppressed": false,
            "error_code": 0,
            "endpoints": [
              "ARM_HDRM_LOAD_TRANSFER_BASE-1",
              "ARM_HDRM_LATCH_SLIDER-2"
            ]
          }
        ]
      }
    }
  },
  "session": {
    "attach_only": true,
    "revision": "32.5.0",
    "major": 32,
    "pid": 87516,
    "executable": "F:/Windows_profile/solidworks/SOLIDWORKS/SLDWORKS.exe",
    "document_count": 0,
    "active_doc_is_null": true
  },
  "memory_available_gib_start": 2.158,
  "checks": {
    "C1_show_state_a_ok": false,
    "C1_force_rebuild_ok": true,
    "C1_state_a_m2_suppressed_persisted": true,
    "C1_state_a_m1_resolved_persisted": true,
    "C2_show_state_b_ok": true,
    "C2_force_rebuild_ok": true,
    "C2_state_b_m1_suppressed_persisted": true,
    "C2_state_b_m2_resolved_persisted": true,
    "C5_show_state_a_ok": false,
    "C5_force_rebuild_state_a_ok": true
  },
  "verdict": "V5_PROBE_LOOP1D_COLD_REOPEN_DIAG_MIXED",
  "cleanup_document_count": 0,
  "memory_available_gib_end": 2.364,
  "timestamp_end_utc": "2026-08-11T06:36:38.934663+00:00"
}
