[    0.22s] attach ok pid=43264
[   36.11s] S0 census escaped=0
[   39.06s] S1 transforms: {'B51_REF_base_link_LINKLOCAL-1': {'suppression': 'LIGHTWEIGHT', 'GetTotalTransform': {'count': 16, 'finite': True}, 'Transform2': {'count': 16, 'finite': True}}, 'B51_REF_link6_LINKLOCAL-1': {'suppression': 'LIGHTWEIGHT', 'GetTotalTransform': {'count': 16, 'finite': True}, 'Transform2': {'count': 16, 'finite': True}}}
[   40.56s] resolve B51_REV_DATUM_FEMALE-1: LIGHTWEIGHT -> LIGHTWEIGHT
[   40.99s] resolve B51_REF_link1_LINKLOCAL-1: LIGHTWEIGHT -> LIGHTWEIGHT
[   41.40s] resolve B51_REF_link5_LINKLOCAL-1: LIGHTWEIGHT -> LIGHTWEIGHT
[   41.84s] resolve B51_REF_link2_LINKLOCAL-1: LIGHTWEIGHT -> LIGHTWEIGHT
[   42.26s] resolve B51_REF_link4_LINKLOCAL-1: LIGHTWEIGHT -> LIGHTWEIGHT
[   42.70s] resolve B51_REF_link3_LINKLOCAL-1: LIGHTWEIGHT -> LIGHTWEIGHT
[   43.14s] resolve B51_REF_base_link_LINKLOCAL-1: LIGHTWEIGHT -> LIGHTWEIGHT
[   43.54s] resolve B51_REF_link6_LINKLOCAL-1: LIGHTWEIGHT -> LIGHTWEIGHT
[   43.92s] resolve B51_REV_DATUM_FEMALE-2: LIGHTWEIGHT -> LIGHTWEIGHT
[   44.32s] resolve B51_REV_DATUM_FEMALE-3: LIGHTWEIGHT -> LIGHTWEIGHT
[   44.72s] resolve B51_REV_DATUM_MALE-2: LIGHTWEIGHT -> LIGHTWEIGHT
[   45.08s] resolve B51_REV_DATUM_MALE-6: LIGHTWEIGHT -> LIGHTWEIGHT
[   45.46s] resolve B51_REV_DATUM_MALE-1: LIGHTWEIGHT -> LIGHTWEIGHT
[   45.85s] resolve B51_REV_DATUM_FEMALE-4: LIGHTWEIGHT -> LIGHTWEIGHT
[   46.23s] resolve B51_REV_DATUM_FEMALE-5: LIGHTWEIGHT -> LIGHTWEIGHT
[   46.61s] resolve B51_REV_DATUM_MALE-5: LIGHTWEIGHT -> LIGHTWEIGHT
[   46.99s] resolve B51_REV_DATUM_MALE-3: LIGHTWEIGHT -> LIGHTWEIGHT
[   47.37s] resolve B51_REV_DATUM_FEMALE-6: LIGHTWEIGHT -> LIGHTWEIGHT
[   47.74s] resolve B51_REV_DATUM_MALE-4: LIGHTWEIGHT -> LIGHTWEIGHT
[   52.86s] S3 dependent-reload: RESOLVED path_v5local=False
[   55.98s] S4 gripper: LIGHTWEIGHT -> suppress ok=True -> restore ok=True
[   69.42s] S5 cleanup remaining=0
{
  "schema": "V5_PROBE_LOOP1E_TRANSFORM_OR_RESOLVE_V1",
  "timestamp_start_utc": "2026-08-11T22:24:30.845392+00:00",
  "phases": {
    "S0_census": {
      "escaped": [],
      "count": 40
    },
    "S1_lightweight_transforms": {
      "B51_REF_base_link_LINKLOCAL-1": {
        "suppression": "LIGHTWEIGHT",
        "GetTotalTransform": {
          "count": 16,
          "finite": true
        },
        "Transform2": {
          "count": 16,
          "finite": true
        }
      },
      "B51_REF_link6_LINKLOCAL-1": {
        "suppression": "LIGHTWEIGHT",
        "GetTotalTransform": {
          "count": 16,
          "finite": true
        },
        "Transform2": {
          "count": 16,
          "finite": true
        }
      }
    },
    "S2_resolve": [
      {
        "name2": "B51_REV_DATUM_FEMALE-1",
        "pre": "LIGHTWEIGHT",
        "wanted": 1,
        "returned": 2,
        "rebuilt": true,
        "readback": 2,
        "readback_label": "LIGHTWEIGHT",
        "ok": false
      },
      {
        "name2": "B51_REF_link1_LINKLOCAL-1",
        "pre": "LIGHTWEIGHT",
        "wanted": 1,
        "returned": 2,
        "rebuilt": true,
        "readback": 2,
        "readback_label": "LIGHTWEIGHT",
        "ok": false
      },
      {
        "name2": "B51_REF_link5_LINKLOCAL-1",
        "pre": "LIGHTWEIGHT",
        "wanted": 1,
        "returned": 2,
        "rebuilt": true,
        "readback": 2,
        "readback_label": "LIGHTWEIGHT",
        "ok": false
      },
      {
        "name2": "B51_REF_link2_LINKLOCAL-1",
        "pre": "LIGHTWEIGHT",
        "wanted": 1,
        "returned": 2,
        "rebuilt": true,
        "readback": 2,
        "readback_label": "LIGHTWEIGHT",
        "ok": false
      },
      {
        "name2": "B51_REF_link4_LINKLOCAL-1",
        "pre": "LIGHTWEIGHT",
        "wanted": 1,
        "returned": 2,
        "rebuilt": true,
        "readback": 2,
        "readback_label": "LIGHTWEIGHT",
        "ok": false
      },
      {
        "name2": "B51_REF_link3_LINKLOCAL-1",
        "pre": "LIGHTWEIGHT",
        "wanted": 1,
        "returned": 2,
        "rebuilt": true,
        "readback": 2,
        "readback_label": "LIGHTWEIGHT",
        "ok": false
      },
      {
        "name2": "B51_REF_base_link_LINKLOCAL-1",
        "pre": "LIGHTWEIGHT",
        "wanted": 1,
        "returned": 2,
        "rebuilt": true,
        "readback": 2,
        "readback_label": "LIGHTWEIGHT",
        "ok": false
      },
      {
        "name2": "B51_REF_link6_LINKLOCAL-1",
        "pre": "LIGHTWEIGHT",
        "wanted": 1,
        "returned": 2,
        "rebuilt": true,
        "readback": 2,
        "readback_label": "LIGHTWEIGHT",
        "ok": false
      },
      {
        "name2": "B51_REV_DATUM_FEMALE-2",
        "pre": "LIGHTWEIGHT",
        "wanted": 1,
        "returned": 2,
        "rebuilt": true,
        "readback": 2,
        "readback_label": "LIGHTWEIGHT",
        "ok": false
      },
      {
        "name2": "B51_REV_DATUM_FEMALE-3",
        "pre": "LIGHTWEIGHT",
        "wanted": 1,
        "returned": 2,
        "rebuilt": true,
        "readback": 2,
        "readback_label": "LIGHTWEIGHT",
        "ok": false
      },
      {
        "name2": "B51_REV_DATUM_MALE-2",
        "pre": "LIGHTWEIGHT",
        "wanted": 1,
        "returned": 2,
        "rebuilt": true,
        "readback": 2,
        "readback_label": "LIGHTWEIGHT",
        "ok": false
      },
      {
        "name2": "B51_REV_DATUM_MALE-6",
        "pre": "LIGHTWEIGHT",
        "wanted": 1,
        "returned": 2,
        "rebuilt": true,
        "readback": 2,
        "readback_label": "LIGHTWEIGHT",
        "ok": false
      },
      {
        "name2": "B51_REV_DATUM_MALE-1",
        "pre": "LIGHTWEIGHT",
        "wanted": 1,
        "returned": 2,
        "rebuilt": true,
        "readback": 2,
        "readback_label": "LIGHTWEIGHT",
        "ok": false
      },
      {
        "name2": "B51_REV_DATUM_FEMALE-4",
        "pre": "LIGHTWEIGHT",
        "wanted": 1,
        "returned": 2,
        "rebuilt": true,
        "readback": 2,
        "readback_label": "LIGHTWEIGHT",
        "ok": false
      },
      {
        "name2": "B51_REV_DATUM_FEMALE-5",
        "pre": "LIGHTWEIGHT",
        "wanted": 1,
        "returned": 2,
        "rebuilt": true,
        "readback": 2,
        "readback_label": "LIGHTWEIGHT",
        "ok": false
      },
      {
        "name2": "B51_REV_DATUM_MALE-5",
        "pre": "LIGHTWEIGHT",
        "wanted": 1,
        "returned": 2,
        "rebuilt": true,
        "readback": 2,
        "readback_label": "LIGHTWEIGHT",
        "ok": false
      },
      {
        "name2": "B51_REV_DATUM_MALE-3",
        "pre": "LIGHTWEIGHT",
        "wanted": 1,
        "returned": 2,
        "rebuilt": true,
        "readback": 2,
        "readback_label": "LIGHTWEIGHT",
        "ok": false
      },
      {
        "name2": "B51_REV_DATUM_FEMALE-6",
        "pre": "LIGHTWEIGHT",
        "wanted": 1,
        "returned": 2,
        "rebuilt": true,
        "readback": 2,
        "readback_label": "LIGHTWEIGHT",
        "ok": false
      },
      {
        "name2": "B51_REV_DATUM_MALE-4",
        "pre": "LIGHTWEIGHT",
        "wanted": 1,
        "returned": 2,
        "rebuilt": true,
        "readback": 2,
        "readback_label": "LIGHTWEIGHT",
        "ok": false
      }
    ],
    "S3_dependent_reload": {
      "ro_doc_found": true,
      "ro_doc_closed_count": 11,
      "reload_resolve": {
        "wanted": 1,
        "returned": 2,
        "rebuilt": true,
        "readback": 1,
        "readback_label": "RESOLVED",
        "ok": true
      },
      "path_after": "F:/CHINAG~1/20_ENG~1/F3R2_V~2/03_TOP~1/_NATIV~1/B51_AR~1/inputs/VENDOR~1/B51_REF_base_link_LINKLOCAL.SLDPRT",
      "transform2_after": {
        "count": 16,
        "finite": true
      }
    },
    "S4_gripper": {
      "pre": "LIGHTWEIGHT",
      "suppress": {
        "wanted": 0,
        "returned": 2,
        "rebuilt": true,
        "readback": 0,
        "readback_label": "SUPPRESSED",
        "ok": true
      },
      "restore": {
        "wanted": 2,
        "returned": 2,
        "rebuilt": true,
        "readback": 2,
        "readback_label": "LIGHTWEIGHT",
        "ok": true
      }
    },
    "S5_cleanup_remaining": 0
  },
  "session": {
    "pid": 43264,
    "revision": "32.5.0"
  },
  "protected_pre": {
    "597C297526BC4111C3424535139B8A1C93906E7A799FF5346D030700FEF1A32F": "F:\\China Graduate Future Flight Vehicle Innovation Competition\\20_engineering\\F3R2_MECHANICAL_TERMINAL_CLOSURE_20260807\\03_native_cad\\B601_ARM_B51_COPY\\assembly\\B51_B601_ARTICULATED_ENGINEERING_ARM.SLDASM",
    "3693A96973CCBFE4C00B202C4D80027E44E0CB13BBEA73C6FAABD8A4D1E995B0": "F:\\China Graduate Future Flight Vehicle Innovation Competition\\20_engineering\\F3R2_MECHANICAL_TERMINAL_CLOSURE_20260807\\03_native_cad\\B601_ARM_B51_COPY\\inputs\\vendor_link_parts\\B51_REF_base_link_LINKLOCAL.SLDPRT",
    "6758B99741FFACABC31C2D629C6191F25C461AC877442212B468B141805EEECC": "F:\\China Graduate Future Flight Vehicle Innovation Competition\\20_engineering\\F3R2_MECHANICAL_TERMINAL_CLOSURE_20260807\\03_native_cad\\B601_ARM_B51_COPY\\inputs\\vendor_link_parts\\B51_REF_gripper_detail_LINKLOCAL.SLDPRT",
    "BDC68C8CC26AF2DB318F800384BBDE5659617B911FD2B64A7D10D1416AC4AEFB": "F:\\China Graduate Future Flight Vehicle Innovation Competition\\20_engineering\\F3R2_MECHANICAL_TERMINAL_CLOSURE_20260807\\03_native_cad\\B601_ARM_B51_COPY\\inputs\\vendor_link_parts\\B51_REF_link1_LINKLOCAL.SLDPRT",
    "DE6FD9A9E878585F0D7AB4476679E6A1F4CC49732D298AF4BA3AD8503381730E": "F:\\China Graduate Future Flight Vehicle Innovation Competition\\20_engineering\\F3R2_MECHANICAL_TERMINAL_CLOSURE_20260807\\03_native_cad\\B601_ARM_B51_COPY\\inputs\\vendor_link_parts\\B51_REF_link2_LINKLOCAL.SLDPRT",
    "1D8E82786F8F8D06BF75EDBCC1B0E8662D364BE08DE81E1BD3C4442811259F83": "F:\\China Graduate Future Flight Vehicle Innovation Competition\\20_engineering\\F3R2_MECHANICAL_TERMINAL_CLOSURE_20260807\\03_native_cad\\B601_ARM_B51_COPY\\inputs\\vendor_link_parts\\B51_REF_link3_LINKLOCAL.SLDPRT",
    "3E60226EAE9BBFC460C0B7DC1CF2138ABFD8B579CD962F545E2821A4DDBC0AE4": "F:\\China Graduate Future Flight Vehicle Innovation Competition\\20_engineering\\F3R2_MECHANICAL_TERMINAL_CLOSURE_20260807\\03_native_cad\\B601_ARM_B51_COPY\\inputs\\vendor_link_parts\\B51_REF_link4_LINKLOCAL.SLDPRT",
    "EE7F882445CD43603902FBA7E66FF7F0A5765BEC09EC962DC39546132274513A": "F:\\China Graduate Future Flight Vehicle Innovation Competition\\20_engineering\\F3R2_MECHANICAL_TERMINAL_CLOSURE_20260807\\03_native_cad\\B601_ARM_B51_COPY\\inputs\\vendor_link_parts\\B51_REF_link5_LINKLOCAL.SLDPRT",
    "863AEF31D7DEB964F6AF1B99DAC060EF5ED261340D2BE0F52419B1DEE775E68C": "F:\\China Graduate Future Flight Vehicle Innovation Competition\\20_engineering\\F3R2_MECHANICAL_TERMINAL_CLOSURE_20260807\\03_native_cad\\B601_ARM_B51_COPY\\inputs\\vendor_link_parts\\B51_REF_link6_LINKLOCAL.SLDPRT",
    "7AA2A808F289CECA4024FE989CFFF80131D34022B1A3D8C5A2740F6C6D55593C": "F:\\China Graduate Future Flight Vehicle Innovation Competition\\20_engineering\\F3R2_MECHANICAL_TERMINAL_CLOSURE_20260807\\03_native_cad\\B601_ARM_B51_COPY\\parts\\B51_REV_DATUM_FEMALE.SLDPRT",
    "1D05F4F1F74037F3D028E1313C221ADBB48875F513CDF343E0BCA419F3D0385F": "F:\\China Graduate Future Flight Vehicle Innovation Competition\\20_engineering\\F3R2_MECHANICAL_TERMINAL_CLOSURE_20260807\\03_native_cad\\B601_ARM_B51_COPY\\parts\\B51_REV_DATUM_MALE.SLDPRT"
  },
  "checks": {
    "census_all_local": true,
    "lightweight_gettotaltransform_works": true,
    "rw_prebound_resolve_works": false,
    "base_link_resolved_somehow": true,
    "dependent_reload_kept_v5_local": false,
    "gripper_suppress_restore_ok": true,
    "session_document_empty_after_cleanup": true
  },
  "verdict": "V5_PROBE_LOOP1E_TRANSFORM_OR_RESOLVE_PASS",
  "cleanup_document_count": 0,
  "protected_post_unchanged": true,
  "timestamp_end_utc": "2026-08-11T22:25:40.376563+00:00"
}
