[    0.00s] attach: begin
[    9.54s] donor open: B51_REF_gripper_detail_LINKLOCAL.SLDPRT
[   14.18s] donor inserted: 57 bodies
[   24.92s] donor internal positive-volume interferences: 81
[   30.09s] cleanup: session document-empty
{
  "schema": "V5_PROBE_LOOP1C1_DONOR_INHERITANCE_V10",
  "rows": [
    {
      "volume_mm3": 79.527907,
      "bbox_mm": [
        -11.2047,
        -0.0277,
        -19.5939,
        53.584,
        0.0277,
        19.5939
      ]
    },
    {
      "volume_mm3": 24.98606,
      "bbox_mm": [
        -22.1966,
        12.971,
        -9.3277,
        -17.5479,
        16.6296,
        -5.6737
      ]
    },
    {
      "volume_mm3": 24.98606,
      "bbox_mm": [
        -22.1966,
        -16.6296,
        5.6737,
        -17.5479,
        -12.971,
        9.3277
      ]
    },
    {
      "volume_mm3": 24.982624,
      "bbox_mm": [
        -22.1967,
        -26.6291,
        5.6734,
        -17.5481,
        -22.9708,
        9.327
      ]
    },
    {
      "volume_mm3": 24.982606,
      "bbox_mm": [
        -22.1967,
        22.9708,
        -9.327,
        -17.5481,
        26.6291,
        -5.6734
      ]
    },
    {
      "volume_mm3": 24.981212,
      "bbox_mm": [
        -22.1966,
        -16.629,
        -9.3263,
        -17.5481,
        -12.9708,
        -5.6728
      ]
    },
    {
      "volume_mm3": 24.981179,
      "bbox_mm": [
        -22.1966,
        12.9708,
        5.6728,
        -17.5481,
        16.629,
        9.3263
      ]
    },
    {
      "volume_mm3": 24.979424,
      "bbox_mm": [
        -22.1966,
        -26.6291,
        -9.3264,
        -17.5482,
        -22.9708,
        -5.6729
      ]
    },
    {
      "volume_mm3": 24.979424,
      "bbox_mm": [
        -22.1966,
        22.9708,
        5.6729,
        -17.5482,
        26.6291,
        9.3264
      ]
    },
    {
      "volume_mm3": 22.809645,
      "bbox_mm": [
        -21.2867,
        -26.3509,
        -8.9802,
        -17.45,
        -23.3509,
        -5.9802
      ]
    },
    {
      "volume_mm3": 22.809645,
      "bbox_mm": [
        -21.2867,
        -26.351,
        6.0198,
        -17.45,
        -23.351,
        9.0198
      ]
    },
    {
      "volume_mm3": 22.809645,
      "bbox_mm": [
        -21.2867,
        -16.3509,
        -8.9801,
        -17.45,
        -13.3509,
        -5.9801
      ]
    },
    {
      "volume_mm3": 22.809645,
      "bbox_mm": [
        -21.2867,
        -16.351,
        6.0199,
        -17.45,
        -13.351,
        9.0199
      ]
    },
    {
      "volume_mm3": 22.809602,
      "bbox_mm": [
        -21.2867,
        13.3509,
        5.9801,
        -17.45,
        16.3509,
        8.9801
      ]
    },
    {
      "volume_mm3": 22.80959,
      "bbox_mm": [
        -21.2867,
        23.3509,
        5.9802,
        -17.45,
        26.3509,
        8.9802
      ]
    },
    {
      "volume_mm3": 22.80959,
      "bbox_mm": [
        -21.2867,
        23.351,
        -9.0198,
        -17.45,
        26.351,
        -6.0198
      ]
    },
    {
      "volume_mm3": 22.80959,
      "bbox_mm": [
        -21.2867,
        13.351,
        -9.0199,
        -17.45,
        16.351,
        -6.0199
      ]
    },
    {
      "volume_mm3": 21.831806,
      "bbox_mm": [
        -21.3766,
        -26.6272,
        -9.3247,
        -17.5557,
        -22.9725,
        -5.6747
      ]
    },
    {
      "volume_mm3": 21.831805,
      "bbox_mm": [
        -21.3766,
        22.9725,
        5.6747,
        -17.5557,
        26.6272,
        9.3247
      ]
    },
    {
      "volume_mm3": 21.831255,
      "bbox_mm": [
        -21.3766,
        -16.6272,
        -9.3246,
        -17.5556,
        -12.9725,
        -5.6746
      ]
    },
    {
      "volume_mm3": 21.831255,
      "bbox_mm": [
        -21.3766,
        12.9725,
        5.6746,
        -17.5556,
        16.6272,
        9.3246
      ]
    },
    {
      "volume_mm3": 21.831079,
      "bbox_mm": [
        -21.3766,
        -16.6274,
        5.6753,
        -17.5556,
        -12.9725,
        9.3255
      ]
    },
    {
      "volume_mm3": 21.831079,
      "bbox_mm": [
        -21.3766,
        12.9725,
        -9.3255,
        -17.5556,
        16.6274,
        -5.6753
      ]
    },
    {
      "volume_mm3": 21.830083,
      "bbox_mm": [
        -21.3765,
        -26.6273,
        5.6753,
        -17.5556,
        -22.9727,
        9.3253
      ]
    },
    {
      "volume_mm3": 21.830082,
      "bbox_mm": [
        -21.3765,
        22.9727,
        -9.3253,
        -17.5556,
        26.6273,
        -5.6753
      ]
    },
    {
      "volume_mm3": 19.579117,
      "bbox_mm": [
        -44.2249,
        -2.1173,
        -6.5,
        -40.005,
        2.11,
        -3.3645
      ]
    },
    {
      "volume_mm3": 17.3475,
      "bbox_mm": [
        -44.225,
        -6.5,
        -2.1154,
        -39.9978,
        -3.4688,
        2.1132
      ]
    },
    {
      "volume_mm3": 12.06477,
      "bbox_mm": [
        -7.2867,
        11.851,
        -10.5199,
        -5.2867,
        17.851,
        -4.5199
      ]
    },
    {
      "volume_mm3": 12.06477,
      "bbox_mm": [
        -7.2867,
        11.8509,
        4.4801,
        -5.2867,
        17.8509,
        10.4801
      ]
    },
    {
      "volume_mm3": 12.06477,
      "bbox_mm": [
        -7.2867,
        21.8509,
        4.4802,
        -5.2867,
        27.8509,
        10.4802
      ]
    },
    {
      "volume_mm3": 12.06477,
      "bbox_mm": [
        -7.2867,
        21.851,
        -10.5198,
        -5.2867,
        27.851,
        -4.5198
      ]
    },
    {
      "volume_mm3": 12.064764,
      "bbox_mm": [
        -7.2867,
        -17.851,
        4.5199,
        -5.2867,
        -11.851,
        10.5199
      ]
    },
    {
      "volume_mm3": 12.064764,
      "bbox_mm": [
        -7.2867,
        -27.851,
        4.5198,
        -5.2867,
        -21.851,
        10.5198
      ]
    },
    {
      "volume_mm3": 12.064764,
      "bbox_mm": [
        -7.2867,
        -17.8509,
        -10.4801,
        -5.2867,
        -11.8509,
        -4.4801
      ]
    },
    {
      "volume_mm3": 12.064764,
      "bbox_mm": [
        -7.2867,
        -27.8509,
        -10.4802,
        -5.2867,
        -21.8509,
        -4.4802
      ]
    },
    {
      "volume_mm3": 12.055338,
      "bbox_mm": [
        -48.6047,
        -24.6507,
        9.4998,
        -46.6047,
        -18.6507,
        15.4998
      ]
    },
    {
      "volume_mm3": 12.055338,
      "bbox_mm": [
        -48.6047,
        -24.6505,
        -15.5002,
        -46.6047,
        -18.6505,
        -9.5002
      ]
    },
    {
      "volume_mm3": 12.055338,
      "bbox_mm": [
        -48.6047,
        18.6507,
        -15.4998,
        -46.6047,
        24.6507,
        -9.4998
      ]
    },
    {
      "volume_mm3": 12.055338,
      "bbox_mm": [
        -48.6047,
        -2.9998,
        -28.0,
        -46.6047,
        3.0002,
        -22.0
      ]
    },
    {
      "volume_mm3": 12.055338,
      "bbox_mm": [
        -48.6047,
        -3.0002,
        22.0,
        -46.6047,
        2.9998,
        28.0
      ]
    },
    {
      "volume_mm3": 12.055338,
      "bbox_mm": [
        -48.6047,
        18.6505,
        9.5002,
        -46.6047,
        24.6505,
        15.5002
      ]
    },
    {
      "volume_mm3": 12.055338,
      "bbox_mm": [
        -48.1047,
        3.7499,
        8.6914,
        -46.1047,
        9.7499,
        14.6914
      ]
    },
    {
      "volume_mm3": 12.055338,
      "bbox_mm": [
        -48.1047,
        -9.7499,
        -14.6914,
        -46.1047,
        -3.7499,
        -8.6914
      ]
    },
    {
      "volume_mm3": 12.055338,
      "bbox_mm": [
        -48.1047,
        10.5,
        -2.9999,
        -46.1047,
        16.5,
        3.0001
      ]
    },
    {
      "volume_mm3": 12.055338,
      "bbox_mm": [
        -48.1047,
        3.7501,
        -14.6913,
        -46.1047,
        9.7501,
        -8.6913
      ]
    },
    {
      "volume_mm3": 12.055338,
      "bbox_mm": [
        -48.1047,
        -16.5,
        -3.0001,
        -46.1047,
        -10.5,
        2.9999
      ]
    },
    {
      "volume_mm3": 12.055338,
      "bbox_mm": [
        -48.1047,
        -9.7501,
        8.6913,
        -46.1047,
        -3.7501,
        14.6913
      ]
    },
    {
      "volume_mm3": 12.055338,
      "bbox_mm": [
        -49.6047,
        8.0002,
        -32.9999,
        -47.6047,
        14.0002,
        -26.9999
      ]
    },
    {
      "volume_mm3": 12.055338,
      "bbox_mm": [
        -49.6047,
        7.9998,
        27.0001,
        -47.6047,
        13.9998,
        33.0001
      ]
    },
    {
      "volume_mm3": 12.055338,
      "bbox_mm": [
        -49.6047,
        -14.0002,
        26.9999,
        -47.6047,
        -8.0002,
        32.9999
      ]
    },
    {
      "volume_mm3": 12.055338,
      "bbox_mm": [
        -49.6047,
        -13.9998,
        -33.0001,
        -47.6047,
        -7.9998,
        -27.0001
      ]
    },
    {
      "volume_mm3": 11.917273,
      "bbox_mm": [
        -35.0047,
        -0.4976,
        7.2105,
        -29.0046,
        1.0215,
        9.0008
      ]
    },
    {
      "volume_mm3": 11.917183,
      "bbox_mm": [
        -35.0047,
        -1.0269,
        -9.0008,
        -29.0046,
        0.4976,
        -7.2105
      ]
    },
    {
      "volume_mm3": 8.429286,
      "bbox_mm": [
        -46.6047,
        9.5002,
        -31.4999,
        -40.0422,
        12.5002,
        -28.4999
      ]
    },
    {
      "volume_mm3": 8.429286,
      "bbox_mm": [
        -46.6047,
        9.4998,
        28.5001,
        -40.0422,
        12.4998,
        31.5001
      ]
    },
    {
      "volume_mm3": 8.429286,
      "bbox_mm": [
        -46.6047,
        -12.4998,
        -31.5001,
        -40.0422,
        -9.4998,
        -28.5001
      ]
    },
    {
      "volume_mm3": 8.429286,
      "bbox_mm": [
        -46.6047,
        -12.5002,
        28.4999,
        -40.0422,
        -9.5002,
        31.4999
      ]
    },
    {
      "volume_mm3": 7.670688,
      "bbox_mm": [
        -35.0047,
        2.2719,
        -8.4968,
        -29.0046,
        3.6517,
        -7.2112
      ]
    },
    {
      "volume_mm3": 7.670685,
      "bbox_mm": [
        -35.0047,
        -3.6516,
        7.2112,
        -29.0046,
        -2.2719,
        8.4968
      ]
    },
    {
      "volume_mm3": 6.474975,
      "bbox_mm": [
        -44.1047,
        -2.1005,
        -3.5509,
        -40.1047,
        2.1005,
        -2.5
      ]
    },
    {
      "volume_mm3": 5.263453,
      "bbox_mm": [
        -35.0047,
        2.9303,
        7.2041,
        -29.0046,
        3.9435,
        8.3819
      ]
    },
    {
      "volume_mm3": 5.263453,
      "bbox_mm": [
        -35.0047,
        -3.9435,
        -8.3819,
        -29.0046,
        -2.9304,
        -7.2041
      ]
    },
    {
      "volume_mm3": 5.068174,
      "bbox_mm": [
        -29.0047,
        -10.7621,
        -16.8077,
        -25.1547,
        -7.7621,
        -13.8077
      ]
    },
    {
      "volume_mm3": 5.068174,
      "bbox_mm": [
        -29.0047,
        -28.7377,
        -16.8079,
        -25.1547,
        -25.7377,
        -13.8079
      ]
    },
    {
      "volume_mm3": 5.068174,
      "bbox_mm": [
        -29.0047,
        25.7377,
        13.8079,
        -25.1547,
        28.7377,
        16.8079
      ]
    },
    {
      "volume_mm3": 5.068174,
      "bbox_mm": [
        -29.0047,
        7.7621,
        13.8077,
        -25.1547,
        10.7621,
        16.8077
      ]
    },
    {
      "volume_mm3": 4.62295,
      "bbox_mm": [
        -44.1945,
        -3.95,
        -1.8248,
        -40.0149,
        -3.3583,
        1.8248
      ]
    },
    {
      "volume_mm3": 2.919325,
      "bbox_mm": [
        -48.8547,
        78.5,
        -1.4994,
        -46.6047,
        81.5,
        1.5006
      ]
    },
    {
      "volume_mm3": 2.919325,
      "bbox_mm": [
        -48.8547,
        -41.5,
        -1.5003,
        -46.6047,
        -38.5,
        1.4997
      ]
    },
    {
      "volume_mm3": 2.919325,
      "bbox_mm": [
        -48.8547,
        -81.5,
        -1.5006,
        -46.6047,
        -78.5,
        1.4994
      ]
    },
    {
      "volume_mm3": 2.919325,
      "bbox_mm": [
        -48.8547,
        58.5,
        -1.4996,
        -46.6047,
        61.5,
        1.5004
      ]
    },
    {
      "volume_mm3": 2.919325,
      "bbox_mm": [
        -48.8547,
        38.5,
        -1.4997,
        -46.6047,
        41.5,
        1.5003
      ]
    },
    {
      "volume_mm3": 2.919325,
      "bbox_mm": [
        -48.8547,
        -61.5,
        -1.5004,
        -46.6047,
        -58.5,
        1.4996
      ]
    },
    {
      "volume_mm3": 0.120711,
      "bbox_mm": [
        -22.5547,
        5.35,
        3.1318,
        -22.0547,
        6.25,
        3.4
      ]
    },
    {
      "volume_mm3": 0.120711,
      "bbox_mm": [
        -22.5547,
        -6.25,
        3.1317,
        -22.0547,
        -5.35,
        3.4
      ]
    },
    {
      "volume_mm3": 0.120711,
      "bbox_mm": [
        -22.5547,
        -34.25,
        -3.4003,
        -22.0547,
        -33.35,
        -3.132
      ]
    },
    {
      "volume_mm3": 0.120711,
      "bbox_mm": [
        -22.5547,
        33.35,
        -3.3998,
        -22.0547,
        34.25,
        -3.1315
      ]
    },
    {
      "volume_mm3": 0.120711,
      "bbox_mm": [
        -22.5547,
        33.35,
        3.132,
        -22.0547,
        34.25,
        3.4003
      ]
    },
    {
      "volume_mm3": 0.120711,
      "bbox_mm": [
        -22.5547,
        -34.25,
        3.1315,
        -22.0547,
        -33.35,
        3.3998
      ]
    },
    {
      "volume_mm3": 0.120711,
      "bbox_mm": [
        -22.5547,
        -6.25,
        -3.4,
        -22.0547,
        -5.35,
        -3.1318
      ]
    },
    {
      "volume_mm3": 0.120711,
      "bbox_mm": [
        -22.5547,
        5.35,
        -3.4,
        -22.0547,
        6.25,
        -3.1317
      ]
    }
  ],
  "notes": [],
  "session": {
    "attach_only": true,
    "revision": "32.5.0",
    "major": 32,
    "pid": 87516,
    "executable": "F:/Windows_profile/solidworks/SOLIDWORKS/SLDWORKS.exe",
    "document_count": 0,
    "active_doc_is_null": true
  },
  "donor_body_count": 57,
  "positive_volume_count": 81,
  "verdict": "V5_PROBE_LOOP1C1_DONOR_INHERITANCE_PASS",
  "cleanup": [
    {
      "title": "装配体70",
      "closed": true
    },
    {
      "title": "B51_REF_gripper_detail_LINKLOCAL.SLDPRT",
      "closed": true
    }
  ]
}
