[    0.36s] attach ok pid=83860 rev=32.5.0
[   18.50s] P1 donor census done; gripper rows={'默认': 1, 'STOWED_O13V3': 1}
[   37.73s] P2 staged initial externals=2
[   39.12s] replace attempt 1: B51_REF_base_link_LINKLOCAL-1 -> {'select': True, 'replace': False}
[   43.47s] P2 per-config gripper rows={'默认': [('LIGHTWEIGHT', 'B51_REF_gripper_detail_LINKLOCAL.SLDPRT')], 'STOWED_O13V3': [('LIGHTWEIGHT', 'B51_REF_gripper_detail_LINKLOCAL.SLDPRT')]}
[   45.15s] exception; see payload
{
  "schema": "V5_PROBE_LOOP1E_REPLACE_DISCRIMINATOR_V1",
  "timestamp_start_utc": "2026-08-11T21:07:57.200946+00:00",
  "fail_receipt": "13_validation/V5_LOOP1E_FAIL_20260811T181148.492990Z.json",
  "phases": {
    "P1_donor_readonly": {
      "components": {
        "默认": [
          {
            "name2": "B51_REF_base_link_LINKLOCAL-1",
            "path": "F:/China Graduate Future Flight Vehicle Innovation Competition/20_engineering/F3R2_MECHANICAL_TERMINAL_CLOSURE_20260807/03_native_cad/B601_ARM_B51_COPY/inputs/vendor_link_parts/B51_REF_base_link_LINKLOCAL.SLDPRT",
            "suppression": 2,
            "suppression_label": "LIGHTWEIGHT",
            "fixed": true
          },
          {
            "name2": "B51_REF_gripper_detail_LINKLOCAL-1",
            "path": "F:/China Graduate Future Flight Vehicle Innovation Competition/20_engineering/F3R2_MECHANICAL_TERMINAL_CLOSURE_20260807/03_native_cad/B601_ARM_B51_COPY/inputs/vendor_link_parts/B51_REF_gripper_detail_LINKLOCAL.SLDPRT",
            "suppression": 2,
            "suppression_label": "LIGHTWEIGHT",
            "fixed": false
          },
          {
            "name2": "B51_REF_link1_LINKLOCAL-1",
            "path": "F:/China Graduate Future Flight Vehicle Innovation Competition/20_engineering/F3R2_MECHANICAL_TERMINAL_CLOSURE_20260807/03_native_cad/B601_ARM_B51_COPY/inputs/vendor_link_parts/B51_REF_link1_LINKLOCAL.SLDPRT",
            "suppression": 2,
            "suppression_label": "LIGHTWEIGHT",
            "fixed": false
          },
          {
            "name2": "B51_REF_link2_LINKLOCAL-1",
            "path": "F:/China Graduate Future Flight Vehicle Innovation Competition/20_engineering/F3R2_MECHANICAL_TERMINAL_CLOSURE_20260807/03_native_cad/B601_ARM_B51_COPY/inputs/vendor_link_parts/B51_REF_link2_LINKLOCAL.SLDPRT",
            "suppression": 2,
            "suppression_label": "LIGHTWEIGHT",
            "fixed": false
          },
          {
            "name2": "B51_REF_link3_LINKLOCAL-1",
            "path": "F:/China Graduate Future Flight Vehicle Innovation Competition/20_engineering/F3R2_MECHANICAL_TERMINAL_CLOSURE_20260807/03_native_cad/B601_ARM_B51_COPY/inputs/vendor_link_parts/B51_REF_link3_LINKLOCAL.SLDPRT",
            "suppression": 2,
            "suppression_label": "LIGHTWEIGHT",
            "fixed": false
          },
          {
            "name2": "B51_REF_link4_LINKLOCAL-1",
            "path": "F:/China Graduate Future Flight Vehicle Innovation Competition/20_engineering/F3R2_MECHANICAL_TERMINAL_CLOSURE_20260807/03_native_cad/B601_ARM_B51_COPY/inputs/vendor_link_parts/B51_REF_link4_LINKLOCAL.SLDPRT",
            "suppression": 2,
            "suppression_label": "LIGHTWEIGHT",
            "fixed": false
          },
          {
            "name2": "B51_REF_link5_LINKLOCAL-1",
            "path": "F:/China Graduate Future Flight Vehicle Innovation Competition/20_engineering/F3R2_MECHANICAL_TERMINAL_CLOSURE_20260807/03_native_cad/B601_ARM_B51_COPY/inputs/vendor_link_parts/B51_REF_link5_LINKLOCAL.SLDPRT",
            "suppression": 2,
            "suppression_label": "LIGHTWEIGHT",
            "fixed": false
          },
          {
            "name2": "B51_REF_link6_LINKLOCAL-1",
            "path": "F:/China Graduate Future Flight Vehicle Innovation Competition/20_engineering/F3R2_MECHANICAL_TERMINAL_CLOSURE_20260807/03_native_cad/B601_ARM_B51_COPY/inputs/vendor_link_parts/B51_REF_link6_LINKLOCAL.SLDPRT",
            "suppression": 2,
            "suppression_label": "LIGHTWEIGHT",
            "fixed": false
          },
          {
            "name2": "B51_REV_DATUM_FEMALE-1",
            "path": "F:/China Graduate Future Flight Vehicle Innovation Competition/20_engineering/F3R2_MECHANICAL_TERMINAL_CLOSURE_20260807/03_native_cad/B601_ARM_B51_COPY/parts/B51_REV_DATUM_FEMALE.SLDPRT",
            "suppression": 2,
            "suppression_label": "LIGHTWEIGHT",
            "fixed": false
          },
          {
            "name2": "B51_REV_DATUM_FEMALE-2",
            "path": "F:/China Graduate Future Flight Vehicle Innovation Competition/20_engineering/F3R2_MECHANICAL_TERMINAL_CLOSURE_20260807/03_native_cad/B601_ARM_B51_COPY/parts/B51_REV_DATUM_FEMALE.SLDPRT",
            "suppression": 2,
            "suppression_label": "LIGHTWEIGHT",
            "fixed": false
          },
          {
            "name2": "B51_REV_DATUM_FEMALE-3",
            "path": "F:/China Graduate Future Flight Vehicle Innovation Competition/20_engineering/F3R2_MECHANICAL_TERMINAL_CLOSURE_20260807/03_native_cad/B601_ARM_B51_COPY/parts/B51_REV_DATUM_FEMALE.SLDPRT",
            "suppression": 2,
            "suppression_label": "LIGHTWEIGHT",
            "fixed": false
          },
          {
            "name2": "B51_REV_DATUM_FEMALE-4",
            "path": "F:/China Graduate Future Flight Vehicle Innovation Competition/20_engineering/F3R2_MECHANICAL_TERMINAL_CLOSURE_20260807/03_native_cad/B601_ARM_B51_COPY/parts/B51_REV_DATUM_FEMALE.SLDPRT",
            "suppression": 2,
            "suppression_label": "LIGHTWEIGHT",
            "fixed": false
          },
          {
            "name2": "B51_REV_DATUM_FEMALE-5",
            "path": "F:/China Graduate Future Flight Vehicle Innovation Competition/20_engineering/F3R2_MECHANICAL_TERMINAL_CLOSURE_20260807/03_native_cad/B601_ARM_B51_COPY/parts/B51_REV_DATUM_FEMALE.SLDPRT",
            "suppression": 2,
            "suppression_label": "LIGHTWEIGHT",
            "fixed": false
          },
          {
            "name2": "B51_REV_DATUM_FEMALE-6",
            "path": "F:/China Graduate Future Flight Vehicle Innovation Competition/20_engineering/F3R2_MECHANICAL_TERMINAL_CLOSURE_20260807/03_native_cad/B601_ARM_B51_COPY/parts/B51_REV_DATUM_FEMALE.SLDPRT",
            "suppression": 2,
            "suppression_label": "LIGHTWEIGHT",
            "fixed": false
          },
          {
            "name2": "B51_REV_DATUM_MALE-1",
            "path": "F:/China Graduate Future Flight Vehicle Innovation Competition/20_engineering/F3R2_MECHANICAL_TERMINAL_CLOSURE_20260807/03_native_cad/B601_ARM_B51_COPY/parts/B51_REV_DATUM_MALE.SLDPRT",
            "suppression": 2,
            "suppression_label": "LIGHTWEIGHT",
            "fixed": false
          },
          {
            "name2": "B51_REV_DATUM_MALE-2",
            "path": "F:/China Graduate Future Flight Vehicle Innovation Competition/20_engineering/F3R2_MECHANICAL_TERMINAL_CLOSURE_20260807/03_native_cad/B601_ARM_B51_COPY/parts/B51_REV_DATUM_MALE.SLDPRT",
            "suppression": 2,
            "suppression_label": "LIGHTWEIGHT",
            "fixed": false
          },
          {
            "name2": "B51_REV_DATUM_MALE-3",
            "path": "F:/China Graduate Future Flight Vehicle Innovation Competition/20_engineering/F3R2_MECHANICAL_TERMINAL_CLOSURE_20260807/03_native_cad/B601_ARM_B51_COPY/parts/B51_REV_DATUM_MALE.SLDPRT",
            "suppression": 2,
            "suppression_label": "LIGHTWEIGHT",
            "fixed": false
          },
          {
            "name2": "B51_REV_DATUM_MALE-4",
            "path": "F:/China Graduate Future Flight Vehicle Innovation Competition/20_engineering/F3R2_MECHANICAL_TERMINAL_CLOSURE_20260807/03_native_cad/B601_ARM_B51_COPY/parts/B51_REV_DATUM_MALE.SLDPRT",
            "suppression": 2,
            "suppression_label": "LIGHTWEIGHT",
            "fixed": false
          },
          {
            "name2": "B51_REV_DATUM_MALE-5",
            "path": "F:/China Graduate Future Flight Vehicle Innovation Competition/20_engineering/F3R2_MECHANICAL_TERMINAL_CLOSURE_20260807/03_native_cad/B601_ARM_B51_COPY/parts/B51_REV_DATUM_MALE.SLDPRT",
            "suppression": 2,
            "suppression_label": "LIGHTWEIGHT",
            "fixed": false
          },
          {
            "name2": "B51_REV_DATUM_MALE-6",
            "path": "F:/China Graduate Future Flight Vehicle Innovation Competition/20_engineering/F3R2_MECHANICAL_TERMINAL_CLOSURE_20260807/03_native_cad/B601_ARM_B51_COPY/parts/B51_REV_DATUM_MALE.SLDPRT",
            "suppression": 2,
            "suppression_label": "LIGHTWEIGHT",
            "fixed": false
          }
        ],
        "STOWED_O13V3": [
          {
            "name2": "B51_REF_base_link_LINKLOCAL-1",
            "path": "F:/China Graduate Future Flight Vehicle Innovation Competition/20_engineering/F3R2_MECHANICAL_TERMINAL_CLOSURE_20260807/03_native_cad/B601_ARM_B51_COPY/inputs/vendor_link_parts/B51_REF_base_link_LINKLOCAL.SLDPRT",
            "suppression": 2,
            "suppression_label": "LIGHTWEIGHT",
            "fixed": true
          },
          {
            "name2": "B51_REF_gripper_detail_LINKLOCAL-1",
            "path": "F:/China Graduate Future Flight Vehicle Innovation Competition/20_engineering/F3R2_MECHANICAL_TERMINAL_CLOSURE_20260807/03_native_cad/B601_ARM_B51_COPY/inputs/vendor_link_parts/B51_REF_gripper_detail_LINKLOCAL.SLDPRT",
            "suppression": 2,
            "suppression_label": "LIGHTWEIGHT",
            "fixed": false
          },
          {
            "name2": "B51_REF_link1_LINKLOCAL-1",
            "path": "F:/China Graduate Future Flight Vehicle Innovation Competition/20_engineering/F3R2_MECHANICAL_TERMINAL_CLOSURE_20260807/03_native_cad/B601_ARM_B51_COPY/inputs/vendor_link_parts/B51_REF_link1_LINKLOCAL.SLDPRT",
            "suppression": 2,
            "suppression_label": "LIGHTWEIGHT",
            "fixed": false
          },
          {
            "name2": "B51_REF_link2_LINKLOCAL-1",
            "path": "F:/China Graduate Future Flight Vehicle Innovation Competition/20_engineering/F3R2_MECHANICAL_TERMINAL_CLOSURE_20260807/03_native_cad/B601_ARM_B51_COPY/inputs/vendor_link_parts/B51_REF_link2_LINKLOCAL.SLDPRT",
            "suppression": 2,
            "suppression_label": "LIGHTWEIGHT",
            "fixed": false
          },
          {
            "name2": "B51_REF_link3_LINKLOCAL-1",
            "path": "F:/China Graduate Future Flight Vehicle Innovation Competition/20_engineering/F3R2_MECHANICAL_TERMINAL_CLOSURE_20260807/03_native_cad/B601_ARM_B51_COPY/inputs/vendor_link_parts/B51_REF_link3_LINKLOCAL.SLDPRT",
            "suppression": 2,
            "suppression_label": "LIGHTWEIGHT",
            "fixed": false
          },
          {
            "name2": "B51_REF_link4_LINKLOCAL-1",
            "path": "F:/China Graduate Future Flight Vehicle Innovation Competition/20_engineering/F3R2_MECHANICAL_TERMINAL_CLOSURE_20260807/03_native_cad/B601_ARM_B51_COPY/inputs/vendor_link_parts/B51_REF_link4_LINKLOCAL.SLDPRT",
            "suppression": 2,
            "suppression_label": "LIGHTWEIGHT",
            "fixed": false
          },
          {
            "name2": "B51_REF_link5_LINKLOCAL-1",
            "path": "F:/China Graduate Future Flight Vehicle Innovation Competition/20_engineering/F3R2_MECHANICAL_TERMINAL_CLOSURE_20260807/03_native_cad/B601_ARM_B51_COPY/inputs/vendor_link_parts/B51_REF_link5_LINKLOCAL.SLDPRT",
            "suppression": 2,
            "suppression_label": "LIGHTWEIGHT",
            "fixed": false
          },
          {
            "name2": "B51_REF_link6_LINKLOCAL-1",
            "path": "F:/China Graduate Future Flight Vehicle Innovation Competition/20_engineering/F3R2_MECHANICAL_TERMINAL_CLOSURE_20260807/03_native_cad/B601_ARM_B51_COPY/inputs/vendor_link_parts/B51_REF_link6_LINKLOCAL.SLDPRT",
            "suppression": 2,
            "suppression_label": "LIGHTWEIGHT",
            "fixed": false
          },
          {
            "name2": "B51_REV_DATUM_FEMALE-1",
            "path": "F:/China Graduate Future Flight Vehicle Innovation Competition/20_engineering/F3R2_MECHANICAL_TERMINAL_CLOSURE_20260807/03_native_cad/B601_ARM_B51_COPY/parts/B51_REV_DATUM_FEMALE.SLDPRT",
            "suppression": 2,
            "suppression_label": "LIGHTWEIGHT",
            "fixed": false
          },
          {
            "name2": "B51_REV_DATUM_FEMALE-2",
            "path": "F:/China Graduate Future Flight Vehicle Innovation Competition/20_engineering/F3R2_MECHANICAL_TERMINAL_CLOSURE_20260807/03_native_cad/B601_ARM_B51_COPY/parts/B51_REV_DATUM_FEMALE.SLDPRT",
            "suppression": 2,
            "suppression_label": "LIGHTWEIGHT",
            "fixed": false
          },
          {
            "name2": "B51_REV_DATUM_FEMALE-3",
            "path": "F:/China Graduate Future Flight Vehicle Innovation Competition/20_engineering/F3R2_MECHANICAL_TERMINAL_CLOSURE_20260807/03_native_cad/B601_ARM_B51_COPY/parts/B51_REV_DATUM_FEMALE.SLDPRT",
            "suppression": 2,
            "suppression_label": "LIGHTWEIGHT",
            "fixed": false
          },
          {
            "name2": "B51_REV_DATUM_FEMALE-4",
            "path": "F:/China Graduate Future Flight Vehicle Innovation Competition/20_engineering/F3R2_MECHANICAL_TERMINAL_CLOSURE_20260807/03_native_cad/B601_ARM_B51_COPY/parts/B51_REV_DATUM_FEMALE.SLDPRT",
            "suppression": 2,
            "suppression_label": "LIGHTWEIGHT",
            "fixed": false
          },
          {
            "name2": "B51_REV_DATUM_FEMALE-5",
            "path": "F:/China Graduate Future Flight Vehicle Innovation Competition/20_engineering/F3R2_MECHANICAL_TERMINAL_CLOSURE_20260807/03_native_cad/B601_ARM_B51_COPY/parts/B51_REV_DATUM_FEMALE.SLDPRT",
            "suppression": 2,
            "suppression_label": "LIGHTWEIGHT",
            "fixed": false
          },
          {
            "name2": "B51_REV_DATUM_FEMALE-6",
            "path": "F:/China Graduate Future Flight Vehicle Innovation Competition/20_engineering/F3R2_MECHANICAL_TERMINAL_CLOSURE_20260807/03_native_cad/B601_ARM_B51_COPY/parts/B51_REV_DATUM_FEMALE.SLDPRT",
            "suppression": 2,
            "suppression_label": "LIGHTWEIGHT",
            "fixed": false
          },
          {
            "name2": "B51_REV_DATUM_MALE-1",
            "path": "F:/China Graduate Future Flight Vehicle Innovation Competition/20_engineering/F3R2_MECHANICAL_TERMINAL_CLOSURE_20260807/03_native_cad/B601_ARM_B51_COPY/parts/B51_REV_DATUM_MALE.SLDPRT",
            "suppression": 2,
            "suppression_label": "LIGHTWEIGHT",
            "fixed": false
          },
          {
            "name2": "B51_REV_DATUM_MALE-2",
            "path": "F:/China Graduate Future Flight Vehicle Innovation Competition/20_engineering/F3R2_MECHANICAL_TERMINAL_CLOSURE_20260807/03_native_cad/B601_ARM_B51_COPY/parts/B51_REV_DATUM_MALE.SLDPRT",
            "suppression": 2,
            "suppression_label": "LIGHTWEIGHT",
            "fixed": false
          },
          {
            "name2": "B51_REV_DATUM_MALE-3",
            "path": "F:/China Graduate Future Flight Vehicle Innovation Competition/20_engineering/F3R2_MECHANICAL_TERMINAL_CLOSURE_20260807/03_native_cad/B601_ARM_B51_COPY/parts/B51_REV_DATUM_MALE.SLDPRT",
            "suppression": 2,
            "suppression_label": "LIGHTWEIGHT",
            "fixed": false
          },
          {
            "name2": "B51_REV_DATUM_MALE-4",
            "path": "F:/China Graduate Future Flight Vehicle Innovation Competition/20_engineering/F3R2_MECHANICAL_TERMINAL_CLOSURE_20260807/03_native_cad/B601_ARM_B51_COPY/parts/B51_REV_DATUM_MALE.SLDPRT",
            "suppression": 2,
            "suppression_label": "LIGHTWEIGHT",
            "fixed": false
          },
          {
            "name2": "B51_REV_DATUM_MALE-5",
            "path": "F:/China Graduate Future Flight Vehicle Innovation Competition/20_engineering/F3R2_MECHANICAL_TERMINAL_CLOSURE_20260807/03_native_cad/B601_ARM_B51_COPY/parts/B51_REV_DATUM_MALE.SLDPRT",
            "suppression": 2,
            "suppression_label": "LIGHTWEIGHT",
            "fixed": false
          },
          {
            "name2": "B51_REV_DATUM_MALE-6",
            "path": "F:/China Graduate Future Flight Vehicle Innovation Competition/20_engineering/F3R2_MECHANICAL_TERMINAL_CLOSURE_20260807/03_native_cad/B601_ARM_B51_COPY/parts/B51_REV_DATUM_MALE.SLDPRT",
            "suppression": 2,
            "suppression_label": "LIGHTWEIGHT",
            "fixed": false
          }
        ]
      },
      "mate_census": {
        "mate_total": 25,
        "mates_involving_leaf": 0,
        "leaf": "B51_REF_gripper_detail_LINKLOCAL-1",
        "involving": []
      }
    },
    "P1_donor_gripper": {
      "默认": [
        {
          "name2": "B51_REF_gripper_detail_LINKLOCAL-1",
          "path": "F:/China Graduate Future Flight Vehicle Innovation Competition/20_engineering/F3R2_MECHANICAL_TERMINAL_CLOSURE_20260807/03_native_cad/B601_ARM_B51_COPY/inputs/vendor_link_parts/B51_REF_gripper_detail_LINKLOCAL.SLDPRT",
          "suppression": 2,
          "suppression_label": "LIGHTWEIGHT",
          "fixed": false
        }
      ],
      "STOWED_O13V3": [
        {
          "name2": "B51_REF_gripper_detail_LINKLOCAL-1",
          "path": "F:/China Graduate Future Flight Vehicle Innovation Competition/20_engineering/F3R2_MECHANICAL_TERMINAL_CLOSURE_20260807/03_native_cad/B601_ARM_B51_COPY/inputs/vendor_link_parts/B51_REF_gripper_detail_LINKLOCAL.SLDPRT",
          "suppression": 2,
          "suppression_label": "LIGHTWEIGHT",
          "fixed": false
        }
      ]
    },
    "P2_staged_initial_components": [
      {
        "name2": "B51_REF_base_link_LINKLOCAL-1",
        "path": "F:/China Graduate Future Flight Vehicle Innovation Competition/20_engineering/F3R1_MECHANICAL_INTEGRATION_RECOVERY_20260806/03_native_cad/B601_ARM_B51_COPY/inputs/vendor_link_parts/B51_REF_base_link_LINKLOCAL.SLDPRT",
        "suppression": 2,
        "suppression_label": "LIGHTWEIGHT",
        "fixed": true
      },
      {
        "name2": "B51_REF_gripper_detail_LINKLOCAL-1",
        "path": "F:/China Graduate Future Flight Vehicle Innovation Competition/20_engineering/F3R1_MECHANICAL_INTEGRATION_RECOVERY_20260806/03_native_cad/B601_ARM_B51_COPY/inputs/vendor_link_parts/B51_REF_gripper_detail_LINKLOCAL.SLDPRT",
        "suppression": 2,
        "suppression_label": "LIGHTWEIGHT",
        "fixed": false
      },
      {
        "name2": "B51_REF_link1_LINKLOCAL-1",
        "path": "F:/China Graduate Future Flight Vehicle Innovation Competition/20_engineering/F3R2_V5_NATIVE_MECHANICAL_RELEASE_20260810T000300_V5NATIVE/03_top_assembly/_native_donor_local/B51_ARTICULATED_20260728T008/inputs/vendor_link_parts/B51_REF_link1_LINKLOCAL.SLDPRT",
        "suppression": 2,
        "suppression_label": "LIGHTWEIGHT",
        "fixed": false
      },
      {
        "name2": "B51_REF_link2_LINKLOCAL-1",
        "path": "F:/China Graduate Future Flight Vehicle Innovation Competition/20_engineering/F3R2_V5_NATIVE_MECHANICAL_RELEASE_20260810T000300_V5NATIVE/03_top_assembly/_native_donor_local/B51_ARTICULATED_20260728T008/inputs/vendor_link_parts/B51_REF_link2_LINKLOCAL.SLDPRT",
        "suppression": 2,
        "suppression_label": "LIGHTWEIGHT",
        "fixed": false
      },
      {
        "name2": "B51_REF_link3_LINKLOCAL-1",
        "path": "F:/China Graduate Future Flight Vehicle Innovation Competition/20_engineering/F3R2_V5_NATIVE_MECHANICAL_RELEASE_20260810T000300_V5NATIVE/03_top_assembly/_native_donor_local/B51_ARTICULATED_20260728T008/inputs/vendor_link_parts/B51_REF_link3_LINKLOCAL.SLDPRT",
        "suppression": 2,
        "suppression_label": "LIGHTWEIGHT",
        "fixed": false
      },
      {
        "name2": "B51_REF_link4_LINKLOCAL-1",
        "path": "F:/China Graduate Future Flight Vehicle Innovation Competition/20_engineering/F3R2_V5_NATIVE_MECHANICAL_RELEASE_20260810T000300_V5NATIVE/03_top_assembly/_native_donor_local/B51_ARTICULATED_20260728T008/inputs/vendor_link_parts/B51_REF_link4_LINKLOCAL.SLDPRT",
        "suppression": 2,
        "suppression_label": "LIGHTWEIGHT",
        "fixed": false
      },
      {
        "name2": "B51_REF_link5_LINKLOCAL-1",
        "path": "F:/China Graduate Future Flight Vehicle Innovation Competition/20_engineering/F3R2_V5_NATIVE_MECHANICAL_RELEASE_20260810T000300_V5NATIVE/03_top_assembly/_native_donor_local/B51_ARTICULATED_20260728T008/inputs/vendor_link_parts/B51_REF_link5_LINKLOCAL.SLDPRT",
        "suppression": 2,
        "suppression_label": "LIGHTWEIGHT",
        "fixed": false
      },
      {
        "name2": "B51_REF_link6_LINKLOCAL-1",
        "path": "F:/China Graduate Future Flight Vehicle Innovation Competition/20_engineering/F3R2_V5_NATIVE_MECHANICAL_RELEASE_20260810T000300_V5NATIVE/03_top_assembly/_native_donor_local/B51_ARTICULATED_20260728T008/inputs/vendor_link_parts/B51_REF_link6_LINKLOCAL.SLDPRT",
        "suppression": 2,
        "suppression_label": "LIGHTWEIGHT",
        "fixed": false
      },
      {
        "name2": "B51_REV_DATUM_FEMALE-1",
        "path": "F:/China Graduate Future Flight Vehicle Innovation Competition/20_engineering/F3R2_V5_NATIVE_MECHANICAL_RELEASE_20260810T000300_V5NATIVE/03_top_assembly/_native_donor_local/B51_ARTICULATED_20260728T008/parts/B51_REV_DATUM_FEMALE.SLDPRT",
        "suppression": 2,
        "suppression_label": "LIGHTWEIGHT",
        "fixed": false
      },
      {
        "name2": "B51_REV_DATUM_FEMALE-2",
        "path": "F:/China Graduate Future Flight Vehicle Innovation Competition/20_engineering/F3R2_V5_NATIVE_MECHANICAL_RELEASE_20260810T000300_V5NATIVE/03_top_assembly/_native_donor_local/B51_ARTICULATED_20260728T008/parts/B51_REV_DATUM_FEMALE.SLDPRT",
        "suppression": 2,
        "suppression_label": "LIGHTWEIGHT",
        "fixed": false
      },
      {
        "name2": "B51_REV_DATUM_FEMALE-3",
        "path": "F:/China Graduate Future Flight Vehicle Innovation Competition/20_engineering/F3R2_V5_NATIVE_MECHANICAL_RELEASE_20260810T000300_V5NATIVE/03_top_assembly/_native_donor_local/B51_ARTICULATED_20260728T008/parts/B51_REV_DATUM_FEMALE.SLDPRT",
        "suppression": 2,
        "suppression_label": "LIGHTWEIGHT",
        "fixed": false
      },
      {
        "name2": "B51_REV_DATUM_FEMALE-4",
        "path": "F:/China Graduate Future Flight Vehicle Innovation Competition/20_engineering/F3R2_V5_NATIVE_MECHANICAL_RELEASE_20260810T000300_V5NATIVE/03_top_assembly/_native_donor_local/B51_ARTICULATED_20260728T008/parts/B51_REV_DATUM_FEMALE.SLDPRT",
        "suppression": 2,
        "suppression_label": "LIGHTWEIGHT",
        "fixed": false
      },
      {
        "name2": "B51_REV_DATUM_FEMALE-5",
        "path": "F:/China Graduate Future Flight Vehicle Innovation Competition/20_engineering/F3R2_V5_NATIVE_MECHANICAL_RELEASE_20260810T000300_V5NATIVE/03_top_assembly/_native_donor_local/B51_ARTICULATED_20260728T008/parts/B51_REV_DATUM_FEMALE.SLDPRT",
        "suppression": 2,
        "suppression_label": "LIGHTWEIGHT",
        "fixed": false
      },
      {
        "name2": "B51_REV_DATUM_FEMALE-6",
        "path": "F:/China Graduate Future Flight Vehicle Innovation Competition/20_engineering/F3R2_V5_NATIVE_MECHANICAL_RELEASE_20260810T000300_V5NATIVE/03_top_assembly/_native_donor_local/B51_ARTICULATED_20260728T008/parts/B51_REV_DATUM_FEMALE.SLDPRT",
        "suppression": 2,
        "suppression_label": "LIGHTWEIGHT",
        "fixed": false
      },
      {
        "name2": "B51_REV_DATUM_MALE-1",
        "path": "F:/China Graduate Future Flight Vehicle Innovation Competition/20_engineering/F3R2_V5_NATIVE_MECHANICAL_RELEASE_20260810T000300_V5NATIVE/03_top_assembly/_native_donor_local/B51_ARTICULATED_20260728T008/parts/B51_REV_DATUM_MALE.SLDPRT",
        "suppression": 2,
        "suppression_label": "LIGHTWEIGHT",
        "fixed": false
      },
      {
        "name2": "B51_REV_DATUM_MALE-2",
        "path": "F:/China Graduate Future Flight Vehicle Innovation Competition/20_engineering/F3R2_V5_NATIVE_MECHANICAL_RELEASE_20260810T000300_V5NATIVE/03_top_assembly/_native_donor_local/B51_ARTICULATED_20260728T008/parts/B51_REV_DATUM_MALE.SLDPRT",
        "suppression": 2,
        "suppression_label": "LIGHTWEIGHT",
        "fixed": false
      },
      {
        "name2": "B51_REV_DATUM_MALE-3",
        "path": "F:/China Graduate Future Flight Vehicle Innovation Competition/20_engineering/F3R2_V5_NATIVE_MECHANICAL_RELEASE_20260810T000300_V5NATIVE/03_top_assembly/_native_donor_local/B51_ARTICULATED_20260728T008/parts/B51_REV_DATUM_MALE.SLDPRT",
        "suppression": 2,
        "suppression_label": "LIGHTWEIGHT",
        "fixed": false
      },
      {
        "name2": "B51_REV_DATUM_MALE-4",
        "path": "F:/China Graduate Future Flight Vehicle Innovation Competition/20_engineering/F3R2_V5_NATIVE_MECHANICAL_RELEASE_20260810T000300_V5NATIVE/03_top_assembly/_native_donor_local/B51_ARTICULATED_20260728T008/parts/B51_REV_DATUM_MALE.SLDPRT",
        "suppression": 2,
        "suppression_label": "LIGHTWEIGHT",
        "fixed": false
      },
      {
        "name2": "B51_REV_DATUM_MALE-5",
        "path": "F:/China Graduate Future Flight Vehicle Innovation Competition/20_engineering/F3R2_V5_NATIVE_MECHANICAL_RELEASE_20260810T000300_V5NATIVE/03_top_assembly/_native_donor_local/B51_ARTICULATED_20260728T008/parts/B51_REV_DATUM_MALE.SLDPRT",
        "suppression": 2,
        "suppression_label": "LIGHTWEIGHT",
        "fixed": false
      },
      {
        "name2": "B51_REV_DATUM_MALE-6",
        "path": "F:/China Graduate Future Flight Vehicle Innovation Competition/20_engineering/F3R2_V5_NATIVE_MECHANICAL_RELEASE_20260810T000300_V5NATIVE/03_top_assembly/_native_donor_local/B51_ARTICULATED_20260728T008/parts/B51_REV_DATUM_MALE.SLDPRT",
        "suppression": 2,
        "suppression_label": "LIGHTWEIGHT",
        "fixed": false
      }
    ],
    "P2_staged_initial_mate_census": {
      "mate_total": 25,
      "mates_involving_leaf": 0,
      "leaf": "B51_REF_gripper_detail_LINKLOCAL-1",
      "involving": []
    },
    "P2_production_attempts": [
      {
        "order": 1,
        "name2": "B51_REF_base_link_LINKLOCAL-1",
        "leaf": "B51_REF_base_link_LINKLOCAL-1",
        "current": "F:/China Graduate Future Flight Vehicle Innovation Competition/20_engineering/F3R1_MECHANICAL_INTEGRATION_RECOVERY_20260806/03_native_cad/B601_ARM_B51_COPY/inputs/vendor_link_parts/B51_REF_base_link_LINKLOCAL.SLDPRT",
        "target": "F:/China Graduate Future Flight Vehicle Innovation Competition/20_engineering/F3R2_V5_NATIVE_MECHANICAL_RELEASE_20260810T000300_V5NATIVE/03_top_assembly/_native_donor_local/B51_ARTICULATED_20260728T008/inputs/vendor_link_parts/B51_REF_base_link_LINKLOCAL.SLDPRT",
        "is_gripper": false,
        "pre_state": {
          "suppression": 2,
          "suppression_label": "LIGHTWEIGHT"
        },
        "outcome": {
          "select": true,
          "replace": false
        }
      }
    ],
    "P2_first_failure": {
      "order": 1,
      "name2": "B51_REF_base_link_LINKLOCAL-1",
      "leaf": "B51_REF_base_link_LINKLOCAL-1",
      "current": "F:/China Graduate Future Flight Vehicle Innovation Competition/20_engineering/F3R1_MECHANICAL_INTEGRATION_RECOVERY_20260806/03_native_cad/B601_ARM_B51_COPY/inputs/vendor_link_parts/B51_REF_base_link_LINKLOCAL.SLDPRT",
      "target": "F:/China Graduate Future Flight Vehicle Innovation Competition/20_engineering/F3R2_V5_NATIVE_MECHANICAL_RELEASE_20260810T000300_V5NATIVE/03_top_assembly/_native_donor_local/B51_ARTICULATED_20260728T008/inputs/vendor_link_parts/B51_REF_base_link_LINKLOCAL.SLDPRT",
      "is_gripper": false,
      "pre_state": {
        "suppression": 2,
        "suppression_label": "LIGHTWEIGHT"
      },
      "outcome": {
        "select": true,
        "replace": false
      }
    },
    "P2_failure_diagnostics": {},
    "P2_staged_gripper_per_config": {
      "默认": [
        {
          "name2": "B51_REF_gripper_detail_LINKLOCAL-1",
          "path": "F:/China Graduate Future Flight Vehicle Innovation Competition/20_engineering/F3R1_MECHANICAL_INTEGRATION_RECOVERY_20260806/03_native_cad/B601_ARM_B51_COPY/inputs/vendor_link_parts/B51_REF_gripper_detail_LINKLOCAL.SLDPRT",
          "suppression": 2,
          "suppression_label": "LIGHTWEIGHT",
          "fixed": false
        }
      ],
      "STOWED_O13V3": [
        {
          "name2": "B51_REF_gripper_detail_LINKLOCAL-1",
          "path": "F:/China Graduate Future Flight Vehicle Innovation Competition/20_engineering/F3R1_MECHANICAL_INTEGRATION_RECOVERY_20260806/03_native_cad/B601_ARM_B51_COPY/inputs/vendor_link_parts/B51_REF_gripper_detail_LINKLOCAL.SLDPRT",
          "suppression": 2,
          "suppression_label": "LIGHTWEIGHT",
          "fixed": false
        }
      ]
    }
  },
  "session": {
    "attach_only": true,
    "revision": "32.5.0",
    "major": 32,
    "pid": 83860,
    "executable": "F:/Windows_profile/solidworks/SOLIDWORKS/SLDWORKS.exe",
    "document_count": 0,
    "active_doc_is_null": true
  },
  "memory_available_gib_start": 2.424,
  "protected_pre": {
    "597C297526BC4111C3424535139B8A1C93906E7A799FF5346D030700FEF1A32F": "F:\\China Graduate Future Flight Vehicle Innovation Competition\\20_engineering\\F3R2_MECHANICAL_TERMINAL_CLOSURE_20260807\\03_native_cad\\B601_ARM_B51_COPY\\assembly\\B51_B601_ARTICULATED_ENGINEERING_ARM.SLDASM",
    "3693A96973CCBFE4C00B202C4D80027E44E0CB13BBEA73C6FAABD8A4D1E995B0": "F:\\China Graduate Future Flight Vehicle Innovation Competition\\20_engineering\\F3R2_MECHANICAL_TERMINAL_CLOSURE_20260807\\03_native_cad\\B601_ARM_B51_COPY\\inputs\\vendor_link_parts\\B51_REF_base_link_LINKLOCAL.SLDPRT",
    "6758B99741FFACABC31C2D629C6191F25C461AC877442212B468B141805EEECC": "F:\\China Graduate Future Flight Vehicle Innovation Competition\\20_engineering\\F3R2_MECHANICAL_TERMINAL_CLOSURE_20260807\\03_native_cad\\B601_ARM_B51_COPY\\inputs\\vendor_link_parts\\B51_REF_gripper_detail_LINKLOCAL.SLDPRT",
    "BDC68C8CC26AF2DB318F800384BBDE5659617B911FD2B64A7D10D1416AC4AEFB": "F:\\China Graduate Future Flight Vehicle Innovation Competition\\20_engineering\\F3R2_MECHANICAL_TERMINAL_CLOSURE_20260807\\03_native_cad\\B601_ARM_B51_COPY\\inputs\\vendor_link_parts\\B51_REF_link1_LINKLOCAL.SLDPRT",
    "DE6FD9A9E878585F0D7AB4476679E6A1F4CC49732D298AF4BA3AD8503381730E": "F:\\China Graduate Future Flight Vehicle Innovation Competition\\20_engineering\\F3R2_MECHANICAL_TERMINAL_CLOSURE_20260807\\03_native_cad\\B601_ARM_B51_COPY\\inputs\\vendor_link_parts\\B51_REF_link2_LINKLOCAL.SLDPRT",
    "1D8E82786F8F8D06BF75EDBCC1B0E8662D364BE08DE81E1BD3C4442811259F83": "F:\\China Graduate Future Flight Vehicle Innovation Competition\\20_engineering\\F3R2_MECHANICAL_TERMINAL_CLOSURE_20260807\\03_native_cad\\B601_ARM_B51_COPY\\inputs\\vendor_link_parts\\B51_REF_link3_LINKLOCAL.SLDPRT",
    "3E60226EAE9BBFC460C0B7DC1CF2138ABFD8B579CD962F545E2821A4DDBC0AE4": "F:\\China Graduate Future Flight Vehicle Innovation Competition\\20_engineering\\F3R2_MECHANICAL_TERMINAL_CLOSURE_20260807\\03_native_cad\\B601_ARM_B51_COPY\\inputs\\vendor_link_parts\\B51_REF_link4_LINKLOCAL.SLDPRT",
    "EE7F882445CD43603902FBA7E66FF7F0A5765BEC09EC962DC39546132274513A": "F:\\China Graduate Future Flight Vehicle Innovation Competition\\20_engineering\\F3R2_MECHANICAL_TERMINAL_CLOSURE_20260807\\03_native_cad\\B601_ARM_B51_COPY\\inputs\\vendor_link_parts\\B51_REF_link5_LINKLOCAL.SLDPRT",
    "863AEF31D7DEB964F6AF1B99DAC060EF5ED261340D2BE0F52419B1DEE775E68C": "F:\\China Graduate Future Flight Vehicle Innovation Competition\\20_engineering\\F3R2_MECHANICAL_TERMINAL_CLOSURE_20260807\\03_native_cad\\B601_ARM_B51_COPY\\inputs\\vendor_link_parts\\B51_REF_link6_LINKLOCAL.SLDPRT",
    "7AA2A808F289CECA4024FE989CFFF80131D34022B1A3D8C5A2740F6C6D55593C": "F:\\China Graduate Future Flight Vehicle Innovation Competition\\20_engineering\\F3R2_MECHANICAL_TERMINAL_CLOSURE_20260807\\03_native_cad\\B601_ARM_B51_COPY\\parts\\B51_REV_DATUM_FEMALE.SLDPRT",
    "1D05F4F1F74037F3D028E1313C221ADBB48875F513CDF343E0BCA419F3D0385F": "F:\\China Graduate Future Flight Vehicle Innovation Competition\\20_engineering\\F3R2_MECHANICAL_TERMINAL_CLOSURE_20260807\\03_native_cad\\B601_ARM_B51_COPY\\parts\\B51_REV_DATUM_MALE.SLDPRT"
  },
  "exception": "Traceback (most recent call last):\n  File \"F:\\China Graduate Future Flight Vehicle Innovation Competition\\20_engineering\\F3R2_V5_NATIVE_MECHANICAL_RELEASE_20260810T000300_V5NATIVE\\99_tools\\V5_PROBE_LOOP1E_REPLACE_DISCRIMINATOR.py\", line 315, in main\n    raise RuntimeError(\"staged close left documents open\")\nRuntimeError: staged close left documents open\n",
  "verdict": "V5_PROBE_LOOP1E_DISCRIMINATOR_FAIL",
  "cleanup_document_count": 1,
  "protected_post_unchanged": true,
  "memory_available_gib_end": 2.183,
  "timestamp_end_utc": "2026-08-11T21:08:42.610168+00:00"
}
