[    0.18s] attach: ok pid=87516 rev=32.5.0 docs=0
[  148.74s] insert BASE: ok name2=ARM_HDRM_LOAD_TRANSFER_BASE-1
[  301.32s] insert LATCH_A: ok name2=ARM_HDRM_LATCH_SLIDER-1
[  301.79s] insert LATCH_B: ok name2=ARM_HDRM_LATCH_SLIDER-2
[  301.95s] lock mate BASExLATCH_A: ok
[  302.12s] lock mate BASExLATCH_B: ok
[  310.64s] R3: patched configure_document returned per-config snapshots
[  311.31s] R4: saved -> C:\Users\stude\AppData\Local\Temp\V5_PROBE_LOOP1D_DRESS_REHEARSAL_20260811T065052.107926Z.SLDASM
[  413.55s] R4: session document-empty
[  717.11s] exception; see payload
[  717.12s] cleanup: document_count=0
{
  "schema": "V5_PROBE_LOOP1D_DRESS_REHEARSAL_V1",
  "timestamp_start_utc": "2026-08-11T06:50:52.111515+00:00",
  "target": "C:\\Users\\stude\\AppData\\Local\\Temp\\V5_PROBE_LOOP1D_DRESS_REHEARSAL_20260811T065052.107926Z.SLDASM",
  "phases": {
    "R1_inserts": {
      "name_contract": {
        "BASE": "ARM_HDRM_LOAD_TRANSFER_BASE-1",
        "LATCH_A": "ARM_HDRM_LATCH_SLIDER-1",
        "LATCH_B": "ARM_HDRM_LATCH_SLIDER-2"
      },
      "actual_names": {
        "BASE": "ARM_HDRM_LOAD_TRANSFER_BASE-1",
        "LATCH_A": "ARM_HDRM_LATCH_SLIDER-1",
        "LATCH_B": "ARM_HDRM_LATCH_SLIDER-2"
      },
      "name_contract_ok": true
    },
    "R2_mates": {
      "created": [
        {
          "mate_type": 16,
          "align": 2,
          "error_status": 1,
          "selected_count": 2
        },
        {
          "mate_type": 16,
          "align": 2,
          "error_status": 1,
          "selected_count": 2
        }
      ]
    },
    "R3_configure_document": {
      "snapshots": [
        {
          "configuration": "STATE_A",
          "active_roles": [
            "BASE",
            "LATCH_A"
          ],
          "mate_ledger": [
            {
              "feature_name": "锁定1",
              "suppressed": false,
              "error": 0,
              "endpoints": [
                "ARM_HDRM_LATCH_SLIDER-1",
                "ARM_HDRM_LOAD_TRANSFER_BASE-1"
              ]
            },
            {
              "feature_name": "锁定2",
              "suppressed": true,
              "error": 0,
              "endpoints": [
                "ARM_HDRM_LATCH_SLIDER-2",
                "ARM_HDRM_LOAD_TRANSFER_BASE-1"
              ]
            }
          ]
        },
        {
          "configuration": "STATE_B",
          "active_roles": [
            "BASE",
            "LATCH_B"
          ],
          "mate_ledger": [
            {
              "feature_name": "锁定1",
              "suppressed": true,
              "error": 0,
              "endpoints": [
                "ARM_HDRM_LATCH_SLIDER-1",
                "ARM_HDRM_LOAD_TRANSFER_BASE-1"
              ]
            },
            {
              "feature_name": "锁定2",
              "suppressed": false,
              "error": 0,
              "endpoints": [
                "ARM_HDRM_LATCH_SLIDER-2",
                "ARM_HDRM_LOAD_TRANSFER_BASE-1"
              ]
            }
          ]
        }
      ]
    },
    "R4_save": {
      "save": {
        "path": "C:/Users/stude/AppData/Local/Temp/V5_PROBE_LOOP1D_DRESS_REHEARSAL_20260811T065052.107926Z.SLDASM",
        "bytes": 127890,
        "sha256": "6BC3698562E70E03B4CA00061FB9B3AE946332681E025407856B54E2C0680F0E",
        "errors": 0,
        "warnings": 0
      }
    }
  },
  "session": {
    "attach_only": true,
    "revision": "32.5.0",
    "major": 32,
    "pid": 87516,
    "executable": "F:/Windows_profile/solidworks/SOLIDWORKS/SLDWORKS.exe",
    "document_count": 0,
    "active_doc_is_null": true
  },
  "memory_available_gib_start": 2.483,
  "exception": "Traceback (most recent call last):\n  File \"F:\\China Graduate Future Flight Vehicle Innovation Competition\\20_engineering\\F3R2_V5_NATIVE_MECHANICAL_RELEASE_20260810T000300_V5NATIVE\\99_tools\\V5_PROBE_LOOP1D_DRESS_REHEARSAL.py\", line 176, in main\n    cold = m.verify_assembly_cold(sw, types, pythoncom, \"PROBE_DRESS_REHEARSAL\", PROBE_SPEC, live_rows)\n  File \"F:\\China Graduate Future Flight Vehicle Innovation Competition\\20_engineering\\F3R2_V5_NATIVE_MECHANICAL_RELEASE_20260810T000300_V5NATIVE\\99_tools\\F3R2_V5_NATIVE_LOOP1D_HDRM_CAMERA_HARNESS_ATTACH_ONLY.py\", line 1456, in verify_assembly_cold\n    snapshots.append(configuration_snapshot(cold, spec, config, types, pythoncom, live_components_by_role(cold, spec, types, pythoncom)))\n                     ~~~~~~~~~~~~~~~~~~~~~~^^^^^^^^^^^^^^^^^^^^^^^^^^^^^^^^^^^^^^^^^^^^^^^^^^^^^^^^^^^^^^^^^^^^^^^^^^^^^^^^^^^^^^^^^^^^^\n  File \"F:\\China Graduate Future Flight Vehicle Innovation Competition\\20_engineering\\F3R2_V5_NATIVE_MECHANICAL_RELEASE_20260810T000300_V5NATIVE\\99_tools\\F3R2_V5_NATIVE_LOOP1D_HDRM_CAMERA_HARNESS_ATTACH_ONLY.py\", line 1242, in configuration_snapshot\n    raise GateError(\"CONFIG_COMPONENT_STATE_FAIL\", \"component fixed/suppression state drifted\", {\"config\": config, \"state\": row, \"wanted_suppression\": wanted_suppression, \"wanted_fixed\": bool(contract[\"fixed\"])})\nF3R2_V5_NATIVE_LOOP1D_HDRM_CAMERA_HARNESS_ATTACH_ONLY.GateError: component fixed/suppression state drifted\n",
  "verdict": "V5_PROBE_LOOP1D_DRESS_REHEARSAL_FAIL",
  "cleanup_document_count": 0,
  "memory_available_gib_end": 2.202,
  "timestamp_end_utc": "2026-08-11T07:02:49.230990+00:00"
}
