[    0.00s] attach: begin
[    0.18s] attach: ok pid=87516
[  118.92s] new assembly document: ok
[  276.84s] insert PALM: ok
[  327.35s] insert LEFT: ok
[  558.97s] insert RIGHT: ok
[  576.36s] guide L_A: ok
[  593.57s] guide L_B: ok
[  610.74s] guide R_A: ok
[  628.06s] guide R_B: ok
[  628.14s] post-guide poses: {"RIGHT": {"translation_mm": [-0.0, 71.5, 0.000525], "rotation_diag": [1.0, 1.0, 1.0]}, "LEFT": {"translation_mm": [0.0, -71.5, -0.000525], "rotation_diag": [1.0, 1.0, 1.0]}, "PALM": {"translation_mm": [0.0, 0.0, 0.0], "rotation_diag": [1.0, 1.0, 1.0]}}
[  653.84s] case R4_fingerfirst: error=1
[  681.06s] case R5_flip: error=1
[  708.20s] case L4_fingerfirst: error=1
[  710.62s] drive R OPEN: target=105.16132 ty=71.499999
[  710.70s] drive R PREGRASP: target=88.66132 ty=54.999999
[  710.77s] drive R CLOSED: target=33.66132 ty=0.0
[  710.84s] drive R OPEN_AGAIN: target=105.16132 ty=71.499999
[  712.21s] drive L OPEN: target=132.184759 ty=-71.5
[  712.28s] drive L PREGRASP: target=115.684759 ty=-55.0
[  712.35s] drive L CLOSED: target=60.684759 ty=0.0
[  712.42s] drive L OPEN_AGAIN: target=132.184759 ty=-71.5
[  941.88s] cleanup: session document-empty
{
  "schema": "V5_PROBE_LOOP1C1_DRIVE_V5",
  "cases": [
    {
      "label": "R4_fingerfirst",
      "side": "R",
      "align": 1,
      "flip": false,
      "swap": true,
      "dist_m": 0.10516132,
      "upper_m": 0.0,
      "lower_m": 0.0,
      "selected": true,
      "error": 1,
      "mate_raw_is_none": false,
      "stored_distance_mm": 105.16132,
      "stored_alignment": 1,
      "is_advanced": false,
      "finger_pose_after": {
        "translation_mm": [
          -0.0,
          -138.822641,
          -0.00102
        ],
        "rotation_diag": [
          1.0,
          1.0,
          1.0
        ]
      },
      "feature_name": "R4_fingerfirst"
    },
    {
      "label": "R5_flip",
      "side": "R",
      "align": 1,
      "flip": true,
      "swap": false,
      "dist_m": 0.10516132,
      "upper_m": 0.0,
      "lower_m": 0.0,
      "selected": true,
      "error": 1,
      "mate_raw_is_none": false,
      "stored_distance_mm": 105.16132,
      "stored_alignment": 1,
      "is_advanced": false,
      "finger_pose_after": {
        "translation_mm": [
          -0.0,
          71.499999,
          0.000525
        ],
        "rotation_diag": [
          1.0,
          1.0,
          1.0
        ]
      },
      "feature_name": "R5_flip"
    },
    {
      "label": "L4_fingerfirst",
      "side": "L",
      "align": 0,
      "flip": false,
      "swap": true,
      "dist_m": 0.13218475899999999,
      "upper_m": 0.0,
      "lower_m": 0.0,
      "selected": true,
      "error": 1,
      "mate_raw_is_none": false,
      "stored_distance_mm": 132.18475899999999,
      "stored_alignment": 0,
      "is_advanced": false,
      "finger_pose_after": {
        "translation_mm": [
          -0.0,
          -71.5,
          -0.000525
        ],
        "rotation_diag": [
          1.0,
          1.0,
          1.0
        ]
      },
      "feature_name": "L4_fingerfirst"
    }
  ],
  "drive_tests": [
    {
      "side": "R",
      "rows": [
        {
          "state": "OPEN",
          "target_mm": 105.16132,
          "status": 0,
          "readback_mm": [
            105.16132
          ],
          "finger_ty_mm": 71.499999
        },
        {
          "state": "PREGRASP",
          "target_mm": 88.66132,
          "status": 0,
          "readback_mm": [
            88.66132
          ],
          "finger_ty_mm": 54.999999
        },
        {
          "state": "CLOSED",
          "target_mm": 33.66132,
          "status": 0,
          "readback_mm": [
            33.66132
          ],
          "finger_ty_mm": 0.0
        },
        {
          "state": "OPEN_AGAIN",
          "target_mm": 105.16132,
          "status": 0,
          "readback_mm": [
            105.16132
          ],
          "finger_ty_mm": 71.499999
        }
      ]
    },
    {
      "side": "L",
      "rows": [
        {
          "state": "OPEN",
          "target_mm": 132.184759,
          "status": 0,
          "readback_mm": [
            132.184759
          ],
          "finger_ty_mm": -71.5
        },
        {
          "state": "PREGRASP",
          "target_mm": 115.684759,
          "status": 0,
          "readback_mm": [
            115.684759
          ],
          "finger_ty_mm": -55.0
        },
        {
          "state": "CLOSED",
          "target_mm": 60.684759,
          "status": 0,
          "readback_mm": [
            60.684759
          ],
          "finger_ty_mm": 0.0
        },
        {
          "state": "OPEN_AGAIN",
          "target_mm": 132.184759,
          "status": 0,
          "readback_mm": [
            132.184759
          ],
          "finger_ty_mm": -71.5
        }
      ]
    }
  ],
  "notes": [
    "winners: ['L', 'R']"
  ],
  "session": {
    "attach_only": true,
    "revision": "32.5.0",
    "major": 32,
    "pid": 87516,
    "executable": "F:/Windows_profile/solidworks/SOLIDWORKS/SLDWORKS.exe",
    "document_count": 0,
    "active_doc_is_null": true
  },
  "post_guide_poses": {
    "RIGHT": {
      "translation_mm": [
        -0.0,
        71.5,
        0.000525
      ],
      "rotation_diag": [
        1.0,
        1.0,
        1.0
      ]
    },
    "LEFT": {
      "translation_mm": [
        0.0,
        -71.5,
        -0.000525
      ],
      "rotation_diag": [
        1.0,
        1.0,
        1.0
      ]
    },
    "PALM": {
      "translation_mm": [
        0.0,
        0.0,
        0.0
      ],
      "rotation_diag": [
        1.0,
        1.0,
        1.0
      ]
    }
  },
  "conversions": [
    {
      "side": "R",
      "stored_distance_mm": 105.16132,
      "align": 1,
      "flip": true,
      "swap": false,
      "modify_definition_ok": true,
      "rebuild_ok": true,
      "readback": {
        "is_advanced": true,
        "distance_mm": 105.16132,
        "min_mm": 0.0,
        "max_mm": 105.16132
      },
      "finger_pose_after_conversion": {
        "translation_mm": [
          -0.0,
          71.499999,
          0.000525
        ],
        "rotation_diag": [
          1.0,
          1.0,
          1.0
        ]
      }
    },
    {
      "side": "L",
      "stored_distance_mm": 132.18475899999999,
      "align": 0,
      "flip": false,
      "swap": true,
      "modify_definition_ok": true,
      "rebuild_ok": true,
      "readback": {
        "is_advanced": true,
        "distance_mm": 132.18475899999999,
        "min_mm": 0.0,
        "max_mm": 132.18475899999999
      },
      "finger_pose_after_conversion": {
        "translation_mm": [
          -0.0,
          -71.5,
          -0.000525
        ],
        "rotation_diag": [
          1.0,
          1.0,
          1.0
        ]
      }
    }
  ],
  "verdict": "V5_PROBE_LOOP1C1_DRIVE_PASS",
  "cleanup": [
    {
      "title": "装配体55",
      "closed": true
    },
    {
      "title": "B601_GRIPPER_RIGHT_FINGER.SLDPRT",
      "closed": true
    },
    {
      "title": "B601_GRIPPER_LEFT_FINGER.SLDPRT",
      "closed": true
    },
    {
      "title": "B601_GRIPPER_PALM.SLDPRT",
      "closed": true
    }
  ]
}
