[    0.00s] attach: begin
[    0.17s] attach: ok pid=87516
[  137.37s] insert PALM: ok
[  329.16s] insert LEFT: ok
[  453.34s] insert RIGHT: ok
[  514.68s] L guides+limit: ok
[  577.37s] R guides+limit: ok
[  578.60s] configurations created: OPEN/PREGRASP/CLOSED/HOLDING
[  580.21s] pregrasp before: {"G1_this": [0.0], "G2_named": 0.0, "G3_list": [], "G4_variant": [0.0], "left_ty_mm": -71.5}
[  580.42s] S1_set3_this: status=0 after={"G1_this": [0.13218475899999999], "G2_named": 0.13218475899999999, "G3_list": [], "G4_variant": [0.13218475899999999], "left_ty_mm": -71.5}
[  580.61s] S2_set2_this: status=0 after={"G1_this": [0.13218475899999999], "G2_named": 0.13218475899999999, "G3_list": [], "G4_variant": [0.13218475899999999], "left_ty_mm": -71.5}
[  580.81s] S3_set3_list: status=0 after={"G1_this": [0.13218475899999999], "G2_named": 0.13218475899999999, "G3_list": [], "G4_variant": [0.13218475899999999], "left_ty_mm": -71.5}
[  581.00s] S4_set3_bstr_array: status=0 after={"G1_this": [0.1154], "G2_named": 0.1154, "G3_list": [], "G4_variant": [0.1154], "left_ty_mm": -71.5}
[  637.48s] cleanup: session document-empty
{
  "schema": "V5_PROBE_LOOP1C1_CONFIG_DRIVE_V6",
  "sets": [
    {
      "label": "S1_set3_this",
      "requested_m": 0.1157,
      "status": 0,
      "after": {
        "G1_this": [
          0.13218475899999999
        ],
        "G2_named": 0.13218475899999999,
        "G3_list": [],
        "G4_variant": [
          0.13218475899999999
        ],
        "left_ty_mm": -71.5
      }
    },
    {
      "label": "S2_set2_this",
      "requested_m": 0.1156,
      "status": 0,
      "after": {
        "G1_this": [
          0.13218475899999999
        ],
        "G2_named": 0.13218475899999999,
        "G3_list": [],
        "G4_variant": [
          0.13218475899999999
        ],
        "left_ty_mm": -71.5
      }
    },
    {
      "label": "S3_set3_list",
      "requested_m": 0.1155,
      "status": 0,
      "after": {
        "G1_this": [
          0.13218475899999999
        ],
        "G2_named": 0.13218475899999999,
        "G3_list": [],
        "G4_variant": [
          0.13218475899999999
        ],
        "left_ty_mm": -71.5
      }
    },
    {
      "label": "S4_set3_bstr_array",
      "requested_m": 0.1154,
      "status": 0,
      "after": {
        "G1_this": [
          0.1154
        ],
        "G2_named": 0.1154,
        "G3_list": [],
        "G4_variant": [
          0.1154
        ],
        "left_ty_mm": -71.5
      }
    }
  ],
  "notes": [],
  "session": {
    "attach_only": true,
    "revision": "32.5.0",
    "major": 32,
    "pid": 87516,
    "executable": "F:/Windows_profile/solidworks/SOLIDWORKS/SLDWORKS.exe",
    "document_count": 0,
    "active_doc_is_null": true
  },
  "pregrasp_before": {
    "G1_this": [
      0.0
    ],
    "G2_named": 0.0,
    "G3_list": [],
    "G4_variant": [
      0.0
    ],
    "left_ty_mm": -71.5
  },
  "verdict": "V5_PROBE_LOOP1C1_CONFIG_DRIVE_PASS",
  "cleanup": [
    {
      "title": "装配体59",
      "closed": true
    },
    {
      "title": "B601_GRIPPER_RIGHT_FINGER.SLDPRT",
      "closed": true
    },
    {
      "title": "B601_GRIPPER_LEFT_FINGER.SLDPRT",
      "closed": true
    },
    {
      "title": "B601_GRIPPER_PALM.SLDPRT",
      "closed": true
    }
  ]
}
