[    0.26s] attach ok pid=83860 docs_before=1
[   16.25s] P1 gripper: replace=True new=[{'name2': 'B51_REF_gripper_detail_LINKLOCAL-1', 'path': 'F:/China Graduate Future Flight Vehicle Innovation Competition/20_engineering/F3R1_MECHANICAL_INTEGRATION_RECOVERY_20260806/03_native_cad/B601_ARM_B51_COPY/inputs/vendor_link_parts/B51_REF_gripper_detail_LINKLOCAL.SLDPRT', 'suppression': 0, 'suppression_label': 'SUPPRESSED'}]
[   24.96s] P2 base_link: replace=True final=[{'name2': 'B51_REF_base_link_LINKLOCAL-1', 'path': 'F:/China Graduate Future Flight Vehicle Innovation Competition/20_engineering/F3R1_MECHANICAL_INTEGRATION_RECOVERY_20260806/03_native_cad/B601_ARM_B51_COPY/inputs/vendor_link_parts/B51_REF_base_link_LINKLOCAL.SLDPRT', 'suppression': 2, 'suppression_label': 'LIGHTWEIGHT'}]
[   26.94s] P3 cleanup remaining=1
{
  "schema": "V5_PROBE_LOOP1E_SUPPRESS_FIRST_REPLACE_V1",
  "timestamp_start_utc": "2026-08-11T21:25:34.990971+00:00",
  "phases": {
    "P0_initial": [
      {
        "name2": "B51_REF_base_link_LINKLOCAL-1",
        "path": "F:/China Graduate Future Flight Vehicle Innovation Competition/20_engineering/F3R1_MECHANICAL_INTEGRATION_RECOVERY_20260806/03_native_cad/B601_ARM_B51_COPY/inputs/vendor_link_parts/B51_REF_base_link_LINKLOCAL.SLDPRT",
        "suppression": 2,
        "suppression_label": "LIGHTWEIGHT"
      },
      {
        "name2": "B51_REF_gripper_detail_LINKLOCAL-1",
        "path": "F:/China Graduate Future Flight Vehicle Innovation Competition/20_engineering/F3R1_MECHANICAL_INTEGRATION_RECOVERY_20260806/03_native_cad/B601_ARM_B51_COPY/inputs/vendor_link_parts/B51_REF_gripper_detail_LINKLOCAL.SLDPRT",
        "suppression": 2,
        "suppression_label": "LIGHTWEIGHT"
      },
      {
        "name2": "B51_REF_link1_LINKLOCAL-1",
        "path": "F:/China Graduate Future Flight Vehicle Innovation Competition/20_engineering/F3R2_V5_NATIVE_MECHANICAL_RELEASE_20260810T000300_V5NATIVE/03_top_assembly/_native_donor_local/B51_ARTICULATED_20260728T008/inputs/vendor_link_parts/B51_REF_link1_LINKLOCAL.SLDPRT",
        "suppression": 2,
        "suppression_label": "LIGHTWEIGHT"
      },
      {
        "name2": "B51_REF_link2_LINKLOCAL-1",
        "path": "F:/China Graduate Future Flight Vehicle Innovation Competition/20_engineering/F3R2_V5_NATIVE_MECHANICAL_RELEASE_20260810T000300_V5NATIVE/03_top_assembly/_native_donor_local/B51_ARTICULATED_20260728T008/inputs/vendor_link_parts/B51_REF_link2_LINKLOCAL.SLDPRT",
        "suppression": 2,
        "suppression_label": "LIGHTWEIGHT"
      },
      {
        "name2": "B51_REF_link3_LINKLOCAL-1",
        "path": "F:/China Graduate Future Flight Vehicle Innovation Competition/20_engineering/F3R2_V5_NATIVE_MECHANICAL_RELEASE_20260810T000300_V5NATIVE/03_top_assembly/_native_donor_local/B51_ARTICULATED_20260728T008/inputs/vendor_link_parts/B51_REF_link3_LINKLOCAL.SLDPRT",
        "suppression": 2,
        "suppression_label": "LIGHTWEIGHT"
      },
      {
        "name2": "B51_REF_link4_LINKLOCAL-1",
        "path": "F:/China Graduate Future Flight Vehicle Innovation Competition/20_engineering/F3R2_V5_NATIVE_MECHANICAL_RELEASE_20260810T000300_V5NATIVE/03_top_assembly/_native_donor_local/B51_ARTICULATED_20260728T008/inputs/vendor_link_parts/B51_REF_link4_LINKLOCAL.SLDPRT",
        "suppression": 2,
        "suppression_label": "LIGHTWEIGHT"
      },
      {
        "name2": "B51_REF_link5_LINKLOCAL-1",
        "path": "F:/China Graduate Future Flight Vehicle Innovation Competition/20_engineering/F3R2_V5_NATIVE_MECHANICAL_RELEASE_20260810T000300_V5NATIVE/03_top_assembly/_native_donor_local/B51_ARTICULATED_20260728T008/inputs/vendor_link_parts/B51_REF_link5_LINKLOCAL.SLDPRT",
        "suppression": 2,
        "suppression_label": "LIGHTWEIGHT"
      },
      {
        "name2": "B51_REF_link6_LINKLOCAL-1",
        "path": "F:/China Graduate Future Flight Vehicle Innovation Competition/20_engineering/F3R2_V5_NATIVE_MECHANICAL_RELEASE_20260810T000300_V5NATIVE/03_top_assembly/_native_donor_local/B51_ARTICULATED_20260728T008/inputs/vendor_link_parts/B51_REF_link6_LINKLOCAL.SLDPRT",
        "suppression": 2,
        "suppression_label": "LIGHTWEIGHT"
      },
      {
        "name2": "B51_REV_DATUM_FEMALE-1",
        "path": "F:/China Graduate Future Flight Vehicle Innovation Competition/20_engineering/F3R2_V5_NATIVE_MECHANICAL_RELEASE_20260810T000300_V5NATIVE/03_top_assembly/_native_donor_local/B51_ARTICULATED_20260728T008/parts/B51_REV_DATUM_FEMALE.SLDPRT",
        "suppression": 2,
        "suppression_label": "LIGHTWEIGHT"
      },
      {
        "name2": "B51_REV_DATUM_FEMALE-2",
        "path": "F:/China Graduate Future Flight Vehicle Innovation Competition/20_engineering/F3R2_V5_NATIVE_MECHANICAL_RELEASE_20260810T000300_V5NATIVE/03_top_assembly/_native_donor_local/B51_ARTICULATED_20260728T008/parts/B51_REV_DATUM_FEMALE.SLDPRT",
        "suppression": 2,
        "suppression_label": "LIGHTWEIGHT"
      },
      {
        "name2": "B51_REV_DATUM_FEMALE-3",
        "path": "F:/China Graduate Future Flight Vehicle Innovation Competition/20_engineering/F3R2_V5_NATIVE_MECHANICAL_RELEASE_20260810T000300_V5NATIVE/03_top_assembly/_native_donor_local/B51_ARTICULATED_20260728T008/parts/B51_REV_DATUM_FEMALE.SLDPRT",
        "suppression": 2,
        "suppression_label": "LIGHTWEIGHT"
      },
      {
        "name2": "B51_REV_DATUM_FEMALE-4",
        "path": "F:/China Graduate Future Flight Vehicle Innovation Competition/20_engineering/F3R2_V5_NATIVE_MECHANICAL_RELEASE_20260810T000300_V5NATIVE/03_top_assembly/_native_donor_local/B51_ARTICULATED_20260728T008/parts/B51_REV_DATUM_FEMALE.SLDPRT",
        "suppression": 2,
        "suppression_label": "LIGHTWEIGHT"
      },
      {
        "name2": "B51_REV_DATUM_FEMALE-5",
        "path": "F:/China Graduate Future Flight Vehicle Innovation Competition/20_engineering/F3R2_V5_NATIVE_MECHANICAL_RELEASE_20260810T000300_V5NATIVE/03_top_assembly/_native_donor_local/B51_ARTICULATED_20260728T008/parts/B51_REV_DATUM_FEMALE.SLDPRT",
        "suppression": 2,
        "suppression_label": "LIGHTWEIGHT"
      },
      {
        "name2": "B51_REV_DATUM_FEMALE-6",
        "path": "F:/China Graduate Future Flight Vehicle Innovation Competition/20_engineering/F3R2_V5_NATIVE_MECHANICAL_RELEASE_20260810T000300_V5NATIVE/03_top_assembly/_native_donor_local/B51_ARTICULATED_20260728T008/parts/B51_REV_DATUM_FEMALE.SLDPRT",
        "suppression": 2,
        "suppression_label": "LIGHTWEIGHT"
      },
      {
        "name2": "B51_REV_DATUM_MALE-1",
        "path": "F:/China Graduate Future Flight Vehicle Innovation Competition/20_engineering/F3R2_V5_NATIVE_MECHANICAL_RELEASE_20260810T000300_V5NATIVE/03_top_assembly/_native_donor_local/B51_ARTICULATED_20260728T008/parts/B51_REV_DATUM_MALE.SLDPRT",
        "suppression": 2,
        "suppression_label": "LIGHTWEIGHT"
      },
      {
        "name2": "B51_REV_DATUM_MALE-2",
        "path": "F:/China Graduate Future Flight Vehicle Innovation Competition/20_engineering/F3R2_V5_NATIVE_MECHANICAL_RELEASE_20260810T000300_V5NATIVE/03_top_assembly/_native_donor_local/B51_ARTICULATED_20260728T008/parts/B51_REV_DATUM_MALE.SLDPRT",
        "suppression": 2,
        "suppression_label": "LIGHTWEIGHT"
      },
      {
        "name2": "B51_REV_DATUM_MALE-3",
        "path": "F:/China Graduate Future Flight Vehicle Innovation Competition/20_engineering/F3R2_V5_NATIVE_MECHANICAL_RELEASE_20260810T000300_V5NATIVE/03_top_assembly/_native_donor_local/B51_ARTICULATED_20260728T008/parts/B51_REV_DATUM_MALE.SLDPRT",
        "suppression": 2,
        "suppression_label": "LIGHTWEIGHT"
      },
      {
        "name2": "B51_REV_DATUM_MALE-4",
        "path": "F:/China Graduate Future Flight Vehicle Innovation Competition/20_engineering/F3R2_V5_NATIVE_MECHANICAL_RELEASE_20260810T000300_V5NATIVE/03_top_assembly/_native_donor_local/B51_ARTICULATED_20260728T008/parts/B51_REV_DATUM_MALE.SLDPRT",
        "suppression": 2,
        "suppression_label": "LIGHTWEIGHT"
      },
      {
        "name2": "B51_REV_DATUM_MALE-5",
        "path": "F:/China Graduate Future Flight Vehicle Innovation Competition/20_engineering/F3R2_V5_NATIVE_MECHANICAL_RELEASE_20260810T000300_V5NATIVE/03_top_assembly/_native_donor_local/B51_ARTICULATED_20260728T008/parts/B51_REV_DATUM_MALE.SLDPRT",
        "suppression": 2,
        "suppression_label": "LIGHTWEIGHT"
      },
      {
        "name2": "B51_REV_DATUM_MALE-6",
        "path": "F:/China Graduate Future Flight Vehicle Innovation Competition/20_engineering/F3R2_V5_NATIVE_MECHANICAL_RELEASE_20260810T000300_V5NATIVE/03_top_assembly/_native_donor_local/B51_ARTICULATED_20260728T008/parts/B51_REV_DATUM_MALE.SLDPRT",
        "suppression": 2,
        "suppression_label": "LIGHTWEIGHT"
      }
    ],
    "P1_gripper": {
      "leaf": "B51_REF_gripper_detail_LINKLOCAL-1",
      "current": "F:/China Graduate Future Flight Vehicle Innovation Competition/20_engineering/F3R1_MECHANICAL_INTEGRATION_RECOVERY_20260806/03_native_cad/B601_ARM_B51_COPY/inputs/vendor_link_parts/B51_REF_gripper_detail_LINKLOCAL.SLDPRT",
      "target": "F:/China Graduate Future Flight Vehicle Innovation Competition/20_engineering/F3R2_V5_NATIVE_MECHANICAL_RELEASE_20260810T000300_V5NATIVE/03_top_assembly/_native_donor_local/B51_ARTICULATED_20260728T008/inputs/vendor_link_parts/B51_REF_gripper_detail_LINKLOCAL.SLDPRT",
      "pre_suppression": 2,
      "suppress_drive": {
        "returned": 2,
        "readback": 0,
        "readback_label": "SUPPRESSED"
      },
      "docs_after_suppress": [
        {
          "title": "B51_REF_base_link_LINKLOCAL.SLDPRT",
          "path": "F:/China Graduate Future Flight Vehicle Innovation Competition/20_engineering/F3R1_MECHANICAL_INTEGRATION_RECOVERY_20260806/03_native_cad/B601_ARM_B51_COPY/inputs/vendor_link_parts/B51_REF_base_link_LINKLOCAL.SLDPRT"
        },
        {
          "title": "B51_REF_link1_LINKLOCAL.SLDPRT",
          "path": "F:/China Graduate Future Flight Vehicle Innovation Competition/20_engineering/F3R2_V5_NATIVE_MECHANICAL_RELEASE_20260810T000300_V5NATIVE/03_top_assembly/_native_donor_local/B51_ARTICULATED_20260728T008/inputs/vendor_link_parts/B51_REF_link1_LINKLOCAL.SLDPRT"
        },
        {
          "title": "B51_REF_link2_LINKLOCAL.SLDPRT",
          "path": "F:/China Graduate Future Flight Vehicle Innovation Competition/20_engineering/F3R2_V5_NATIVE_MECHANICAL_RELEASE_20260810T000300_V5NATIVE/03_top_assembly/_native_donor_local/B51_ARTICULATED_20260728T008/inputs/vendor_link_parts/B51_REF_link2_LINKLOCAL.SLDPRT"
        },
        {
          "title": "B51_REF_link3_LINKLOCAL.SLDPRT",
          "path": "F:/China Graduate Future Flight Vehicle Innovation Competition/20_engineering/F3R2_V5_NATIVE_MECHANICAL_RELEASE_20260810T000300_V5NATIVE/03_top_assembly/_native_donor_local/B51_ARTICULATED_20260728T008/inputs/vendor_link_parts/B51_REF_link3_LINKLOCAL.SLDPRT"
        },
        {
          "title": "B51_REF_link4_LINKLOCAL.SLDPRT",
          "path": "F:/China Graduate Future Flight Vehicle Innovation Competition/20_engineering/F3R2_V5_NATIVE_MECHANICAL_RELEASE_20260810T000300_V5NATIVE/03_top_assembly/_native_donor_local/B51_ARTICULATED_20260728T008/inputs/vendor_link_parts/B51_REF_link4_LINKLOCAL.SLDPRT"
        },
        {
          "title": "B51_REF_link5_LINKLOCAL.SLDPRT",
          "path": "F:/China Graduate Future Flight Vehicle Innovation Competition/20_engineering/F3R2_V5_NATIVE_MECHANICAL_RELEASE_20260810T000300_V5NATIVE/03_top_assembly/_native_donor_local/B51_ARTICULATED_20260728T008/inputs/vendor_link_parts/B51_REF_link5_LINKLOCAL.SLDPRT"
        },
        {
          "title": "B51_REF_link6_LINKLOCAL.SLDPRT",
          "path": "F:/China Graduate Future Flight Vehicle Innovation Competition/20_engineering/F3R2_V5_NATIVE_MECHANICAL_RELEASE_20260810T000300_V5NATIVE/03_top_assembly/_native_donor_local/B51_ARTICULATED_20260728T008/inputs/vendor_link_parts/B51_REF_link6_LINKLOCAL.SLDPRT"
        },
        {
          "title": "B51_REV_DATUM_FEMALE.SLDPRT",
          "path": "F:/China Graduate Future Flight Vehicle Innovation Competition/20_engineering/F3R2_V5_NATIVE_MECHANICAL_RELEASE_20260810T000300_V5NATIVE/03_top_assembly/_native_donor_local/B51_ARTICULATED_20260728T008/parts/B51_REV_DATUM_FEMALE.SLDPRT"
        },
        {
          "title": "B51_REV_DATUM_MALE.SLDPRT",
          "path": "F:/China Graduate Future Flight Vehicle Innovation Competition/20_engineering/F3R2_V5_NATIVE_MECHANICAL_RELEASE_20260810T000300_V5NATIVE/03_top_assembly/_native_donor_local/B51_ARTICULATED_20260728T008/parts/B51_REV_DATUM_MALE.SLDPRT"
        },
        {
          "title": "B51_B601_ARTICULATED_ENGINEERING_ARM.SLDASM",
          "path": "F:/China Graduate Future Flight Vehicle Innovation Competition/20_engineering/F3R2_V5_NATIVE_MECHANICAL_RELEASE_20260810T000300_V5NATIVE/03_top_assembly/_native_donor_local/B51_ARTICULATED_20260728T008/assembly/B51_B601_ARTICULATED_ENGINEERING_ARM.SLDASM"
        }
      ],
      "select": true,
      "replace": true,
      "new_instance": [
        {
          "name2": "B51_REF_gripper_detail_LINKLOCAL-1",
          "path": "F:/China Graduate Future Flight Vehicle Innovation Competition/20_engineering/F3R1_MECHANICAL_INTEGRATION_RECOVERY_20260806/03_native_cad/B601_ARM_B51_COPY/inputs/vendor_link_parts/B51_REF_gripper_detail_LINKLOCAL.SLDPRT",
          "suppression": 0,
          "suppression_label": "SUPPRESSED"
        }
      ],
      "docs_after_replace": [
        {
          "title": "B51_REF_base_link_LINKLOCAL.SLDPRT",
          "path": "F:/China Graduate Future Flight Vehicle Innovation Competition/20_engineering/F3R1_MECHANICAL_INTEGRATION_RECOVERY_20260806/03_native_cad/B601_ARM_B51_COPY/inputs/vendor_link_parts/B51_REF_base_link_LINKLOCAL.SLDPRT"
        },
        {
          "title": "B51_REF_link1_LINKLOCAL.SLDPRT",
          "path": "F:/China Graduate Future Flight Vehicle Innovation Competition/20_engineering/F3R2_V5_NATIVE_MECHANICAL_RELEASE_20260810T000300_V5NATIVE/03_top_assembly/_native_donor_local/B51_ARTICULATED_20260728T008/inputs/vendor_link_parts/B51_REF_link1_LINKLOCAL.SLDPRT"
        },
        {
          "title": "B51_REF_link2_LINKLOCAL.SLDPRT",
          "path": "F:/China Graduate Future Flight Vehicle Innovation Competition/20_engineering/F3R2_V5_NATIVE_MECHANICAL_RELEASE_20260810T000300_V5NATIVE/03_top_assembly/_native_donor_local/B51_ARTICULATED_20260728T008/inputs/vendor_link_parts/B51_REF_link2_LINKLOCAL.SLDPRT"
        },
        {
          "title": "B51_REF_link3_LINKLOCAL.SLDPRT",
          "path": "F:/China Graduate Future Flight Vehicle Innovation Competition/20_engineering/F3R2_V5_NATIVE_MECHANICAL_RELEASE_20260810T000300_V5NATIVE/03_top_assembly/_native_donor_local/B51_ARTICULATED_20260728T008/inputs/vendor_link_parts/B51_REF_link3_LINKLOCAL.SLDPRT"
        },
        {
          "title": "B51_REF_link4_LINKLOCAL.SLDPRT",
          "path": "F:/China Graduate Future Flight Vehicle Innovation Competition/20_engineering/F3R2_V5_NATIVE_MECHANICAL_RELEASE_20260810T000300_V5NATIVE/03_top_assembly/_native_donor_local/B51_ARTICULATED_20260728T008/inputs/vendor_link_parts/B51_REF_link4_LINKLOCAL.SLDPRT"
        },
        {
          "title": "B51_REF_link5_LINKLOCAL.SLDPRT",
          "path": "F:/China Graduate Future Flight Vehicle Innovation Competition/20_engineering/F3R2_V5_NATIVE_MECHANICAL_RELEASE_20260810T000300_V5NATIVE/03_top_assembly/_native_donor_local/B51_ARTICULATED_20260728T008/inputs/vendor_link_parts/B51_REF_link5_LINKLOCAL.SLDPRT"
        },
        {
          "title": "B51_REF_link6_LINKLOCAL.SLDPRT",
          "path": "F:/China Graduate Future Flight Vehicle Innovation Competition/20_engineering/F3R2_V5_NATIVE_MECHANICAL_RELEASE_20260810T000300_V5NATIVE/03_top_assembly/_native_donor_local/B51_ARTICULATED_20260728T008/inputs/vendor_link_parts/B51_REF_link6_LINKLOCAL.SLDPRT"
        },
        {
          "title": "B51_REV_DATUM_FEMALE.SLDPRT",
          "path": "F:/China Graduate Future Flight Vehicle Innovation Competition/20_engineering/F3R2_V5_NATIVE_MECHANICAL_RELEASE_20260810T000300_V5NATIVE/03_top_assembly/_native_donor_local/B51_ARTICULATED_20260728T008/parts/B51_REV_DATUM_FEMALE.SLDPRT"
        },
        {
          "title": "B51_REV_DATUM_MALE.SLDPRT",
          "path": "F:/China Graduate Future Flight Vehicle Innovation Competition/20_engineering/F3R2_V5_NATIVE_MECHANICAL_RELEASE_20260810T000300_V5NATIVE/03_top_assembly/_native_donor_local/B51_ARTICULATED_20260728T008/parts/B51_REV_DATUM_MALE.SLDPRT"
        },
        {
          "title": "B51_B601_ARTICULATED_ENGINEERING_ARM.SLDASM",
          "path": "F:/China Graduate Future Flight Vehicle Innovation Competition/20_engineering/F3R2_V5_NATIVE_MECHANICAL_RELEASE_20260810T000300_V5NATIVE/03_top_assembly/_native_donor_local/B51_ARTICULATED_20260728T008/assembly/B51_B601_ARTICULATED_ENGINEERING_ARM.SLDASM"
        }
      ]
    },
    "P2_base_link": {
      "leaf": "B51_REF_base_link_LINKLOCAL-1",
      "current": "F:/China Graduate Future Flight Vehicle Innovation Competition/20_engineering/F3R1_MECHANICAL_INTEGRATION_RECOVERY_20260806/03_native_cad/B601_ARM_B51_COPY/inputs/vendor_link_parts/B51_REF_base_link_LINKLOCAL.SLDPRT",
      "target": "F:/China Graduate Future Flight Vehicle Innovation Competition/20_engineering/F3R2_V5_NATIVE_MECHANICAL_RELEASE_20260810T000300_V5NATIVE/03_top_assembly/_native_donor_local/B51_ARTICULATED_20260728T008/inputs/vendor_link_parts/B51_REF_base_link_LINKLOCAL.SLDPRT",
      "pre_suppression": 2,
      "suppress_drive": {
        "returned": 2,
        "readback": 0,
        "readback_label": "SUPPRESSED"
      },
      "docs_after_suppress": [
        {
          "title": "B51_REF_base_link_LINKLOCAL.SLDPRT",
          "path": "F:/China Graduate Future Flight Vehicle Innovation Competition/20_engineering/F3R1_MECHANICAL_INTEGRATION_RECOVERY_20260806/03_native_cad/B601_ARM_B51_COPY/inputs/vendor_link_parts/B51_REF_base_link_LINKLOCAL.SLDPRT"
        },
        {
          "title": "B51_REF_link1_LINKLOCAL.SLDPRT",
          "path": "F:/China Graduate Future Flight Vehicle Innovation Competition/20_engineering/F3R2_V5_NATIVE_MECHANICAL_RELEASE_20260810T000300_V5NATIVE/03_top_assembly/_native_donor_local/B51_ARTICULATED_20260728T008/inputs/vendor_link_parts/B51_REF_link1_LINKLOCAL.SLDPRT"
        },
        {
          "title": "B51_REF_link2_LINKLOCAL.SLDPRT",
          "path": "F:/China Graduate Future Flight Vehicle Innovation Competition/20_engineering/F3R2_V5_NATIVE_MECHANICAL_RELEASE_20260810T000300_V5NATIVE/03_top_assembly/_native_donor_local/B51_ARTICULATED_20260728T008/inputs/vendor_link_parts/B51_REF_link2_LINKLOCAL.SLDPRT"
        },
        {
          "title": "B51_REF_link3_LINKLOCAL.SLDPRT",
          "path": "F:/China Graduate Future Flight Vehicle Innovation Competition/20_engineering/F3R2_V5_NATIVE_MECHANICAL_RELEASE_20260810T000300_V5NATIVE/03_top_assembly/_native_donor_local/B51_ARTICULATED_20260728T008/inputs/vendor_link_parts/B51_REF_link3_LINKLOCAL.SLDPRT"
        },
        {
          "title": "B51_REF_link4_LINKLOCAL.SLDPRT",
          "path": "F:/China Graduate Future Flight Vehicle Innovation Competition/20_engineering/F3R2_V5_NATIVE_MECHANICAL_RELEASE_20260810T000300_V5NATIVE/03_top_assembly/_native_donor_local/B51_ARTICULATED_20260728T008/inputs/vendor_link_parts/B51_REF_link4_LINKLOCAL.SLDPRT"
        },
        {
          "title": "B51_REF_link5_LINKLOCAL.SLDPRT",
          "path": "F:/China Graduate Future Flight Vehicle Innovation Competition/20_engineering/F3R2_V5_NATIVE_MECHANICAL_RELEASE_20260810T000300_V5NATIVE/03_top_assembly/_native_donor_local/B51_ARTICULATED_20260728T008/inputs/vendor_link_parts/B51_REF_link5_LINKLOCAL.SLDPRT"
        },
        {
          "title": "B51_REF_link6_LINKLOCAL.SLDPRT",
          "path": "F:/China Graduate Future Flight Vehicle Innovation Competition/20_engineering/F3R2_V5_NATIVE_MECHANICAL_RELEASE_20260810T000300_V5NATIVE/03_top_assembly/_native_donor_local/B51_ARTICULATED_20260728T008/inputs/vendor_link_parts/B51_REF_link6_LINKLOCAL.SLDPRT"
        },
        {
          "title": "B51_REV_DATUM_FEMALE.SLDPRT",
          "path": "F:/China Graduate Future Flight Vehicle Innovation Competition/20_engineering/F3R2_V5_NATIVE_MECHANICAL_RELEASE_20260810T000300_V5NATIVE/03_top_assembly/_native_donor_local/B51_ARTICULATED_20260728T008/parts/B51_REV_DATUM_FEMALE.SLDPRT"
        },
        {
          "title": "B51_REV_DATUM_MALE.SLDPRT",
          "path": "F:/China Graduate Future Flight Vehicle Innovation Competition/20_engineering/F3R2_V5_NATIVE_MECHANICAL_RELEASE_20260810T000300_V5NATIVE/03_top_assembly/_native_donor_local/B51_ARTICULATED_20260728T008/parts/B51_REV_DATUM_MALE.SLDPRT"
        },
        {
          "title": "B51_B601_ARTICULATED_ENGINEERING_ARM.SLDASM",
          "path": "F:/China Graduate Future Flight Vehicle Innovation Competition/20_engineering/F3R2_V5_NATIVE_MECHANICAL_RELEASE_20260810T000300_V5NATIVE/03_top_assembly/_native_donor_local/B51_ARTICULATED_20260728T008/assembly/B51_B601_ARTICULATED_ENGINEERING_ARM.SLDASM"
        }
      ],
      "select": true,
      "replace": true,
      "new_instance": [
        {
          "name2": "B51_REF_base_link_LINKLOCAL-1",
          "path": "F:/China Graduate Future Flight Vehicle Innovation Competition/20_engineering/F3R1_MECHANICAL_INTEGRATION_RECOVERY_20260806/03_native_cad/B601_ARM_B51_COPY/inputs/vendor_link_parts/B51_REF_base_link_LINKLOCAL.SLDPRT",
          "suppression": 0,
          "suppression_label": "SUPPRESSED"
        }
      ],
      "docs_after_replace": [
        {
          "title": "B51_REF_base_link_LINKLOCAL.SLDPRT",
          "path": "F:/China Graduate Future Flight Vehicle Innovation Competition/20_engineering/F3R1_MECHANICAL_INTEGRATION_RECOVERY_20260806/03_native_cad/B601_ARM_B51_COPY/inputs/vendor_link_parts/B51_REF_base_link_LINKLOCAL.SLDPRT"
        },
        {
          "title": "B51_REF_link1_LINKLOCAL.SLDPRT",
          "path": "F:/China Graduate Future Flight Vehicle Innovation Competition/20_engineering/F3R2_V5_NATIVE_MECHANICAL_RELEASE_20260810T000300_V5NATIVE/03_top_assembly/_native_donor_local/B51_ARTICULATED_20260728T008/inputs/vendor_link_parts/B51_REF_link1_LINKLOCAL.SLDPRT"
        },
        {
          "title": "B51_REF_link2_LINKLOCAL.SLDPRT",
          "path": "F:/China Graduate Future Flight Vehicle Innovation Competition/20_engineering/F3R2_V5_NATIVE_MECHANICAL_RELEASE_20260810T000300_V5NATIVE/03_top_assembly/_native_donor_local/B51_ARTICULATED_20260728T008/inputs/vendor_link_parts/B51_REF_link2_LINKLOCAL.SLDPRT"
        },
        {
          "title": "B51_REF_link3_LINKLOCAL.SLDPRT",
          "path": "F:/China Graduate Future Flight Vehicle Innovation Competition/20_engineering/F3R2_V5_NATIVE_MECHANICAL_RELEASE_20260810T000300_V5NATIVE/03_top_assembly/_native_donor_local/B51_ARTICULATED_20260728T008/inputs/vendor_link_parts/B51_REF_link3_LINKLOCAL.SLDPRT"
        },
        {
          "title": "B51_REF_link4_LINKLOCAL.SLDPRT",
          "path": "F:/China Graduate Future Flight Vehicle Innovation Competition/20_engineering/F3R2_V5_NATIVE_MECHANICAL_RELEASE_20260810T000300_V5NATIVE/03_top_assembly/_native_donor_local/B51_ARTICULATED_20260728T008/inputs/vendor_link_parts/B51_REF_link4_LINKLOCAL.SLDPRT"
        },
        {
          "title": "B51_REF_link5_LINKLOCAL.SLDPRT",
          "path": "F:/China Graduate Future Flight Vehicle Innovation Competition/20_engineering/F3R2_V5_NATIVE_MECHANICAL_RELEASE_20260810T000300_V5NATIVE/03_top_assembly/_native_donor_local/B51_ARTICULATED_20260728T008/inputs/vendor_link_parts/B51_REF_link5_LINKLOCAL.SLDPRT"
        },
        {
          "title": "B51_REF_link6_LINKLOCAL.SLDPRT",
          "path": "F:/China Graduate Future Flight Vehicle Innovation Competition/20_engineering/F3R2_V5_NATIVE_MECHANICAL_RELEASE_20260810T000300_V5NATIVE/03_top_assembly/_native_donor_local/B51_ARTICULATED_20260728T008/inputs/vendor_link_parts/B51_REF_link6_LINKLOCAL.SLDPRT"
        },
        {
          "title": "B51_REV_DATUM_FEMALE.SLDPRT",
          "path": "F:/China Graduate Future Flight Vehicle Innovation Competition/20_engineering/F3R2_V5_NATIVE_MECHANICAL_RELEASE_20260810T000300_V5NATIVE/03_top_assembly/_native_donor_local/B51_ARTICULATED_20260728T008/parts/B51_REV_DATUM_FEMALE.SLDPRT"
        },
        {
          "title": "B51_REV_DATUM_MALE.SLDPRT",
          "path": "F:/China Graduate Future Flight Vehicle Innovation Competition/20_engineering/F3R2_V5_NATIVE_MECHANICAL_RELEASE_20260810T000300_V5NATIVE/03_top_assembly/_native_donor_local/B51_ARTICULATED_20260728T008/parts/B51_REV_DATUM_MALE.SLDPRT"
        },
        {
          "title": "B51_B601_ARTICULATED_ENGINEERING_ARM.SLDASM",
          "path": "F:/China Graduate Future Flight Vehicle Innovation Competition/20_engineering/F3R2_V5_NATIVE_MECHANICAL_RELEASE_20260810T000300_V5NATIVE/03_top_assembly/_native_donor_local/B51_ARTICULATED_20260728T008/assembly/B51_B601_ARTICULATED_ENGINEERING_ARM.SLDASM"
        }
      ],
      "restore_lightweight_drive": {
        "returned": 2,
        "readback": 2,
        "readback_label": "LIGHTWEIGHT"
      },
      "final_instance": [
        {
          "name2": "B51_REF_base_link_LINKLOCAL-1",
          "path": "F:/China Graduate Future Flight Vehicle Innovation Competition/20_engineering/F3R1_MECHANICAL_INTEGRATION_RECOVERY_20260806/03_native_cad/B601_ARM_B51_COPY/inputs/vendor_link_parts/B51_REF_base_link_LINKLOCAL.SLDPRT",
          "suppression": 2,
          "suppression_label": "LIGHTWEIGHT"
        }
      ]
    },
    "P3_cleanup": {
      "remaining": 1,
      "remaining_docs": [
        {
          "title": "B51_REF_base_link_LINKLOCAL.SLDPRT",
          "path": "F:/China Graduate Future Flight Vehicle Innovation Competition/20_engineering/F3R1_MECHANICAL_INTEGRATION_RECOVERY_20260806/03_native_cad/B601_ARM_B51_COPY/inputs/vendor_link_parts/B51_REF_base_link_LINKLOCAL.SLDPRT"
        }
      ]
    }
  },
  "session": {
    "pid": 83860,
    "revision": "32.5.0"
  },
  "protected_pre": {
    "597C297526BC4111C3424535139B8A1C93906E7A799FF5346D030700FEF1A32F": "F:\\China Graduate Future Flight Vehicle Innovation Competition\\20_engineering\\F3R2_MECHANICAL_TERMINAL_CLOSURE_20260807\\03_native_cad\\B601_ARM_B51_COPY\\assembly\\B51_B601_ARTICULATED_ENGINEERING_ARM.SLDASM",
    "3693A96973CCBFE4C00B202C4D80027E44E0CB13BBEA73C6FAABD8A4D1E995B0": "F:\\China Graduate Future Flight Vehicle Innovation Competition\\20_engineering\\F3R2_MECHANICAL_TERMINAL_CLOSURE_20260807\\03_native_cad\\B601_ARM_B51_COPY\\inputs\\vendor_link_parts\\B51_REF_base_link_LINKLOCAL.SLDPRT",
    "6758B99741FFACABC31C2D629C6191F25C461AC877442212B468B141805EEECC": "F:\\China Graduate Future Flight Vehicle Innovation Competition\\20_engineering\\F3R2_MECHANICAL_TERMINAL_CLOSURE_20260807\\03_native_cad\\B601_ARM_B51_COPY\\inputs\\vendor_link_parts\\B51_REF_gripper_detail_LINKLOCAL.SLDPRT",
    "BDC68C8CC26AF2DB318F800384BBDE5659617B911FD2B64A7D10D1416AC4AEFB": "F:\\China Graduate Future Flight Vehicle Innovation Competition\\20_engineering\\F3R2_MECHANICAL_TERMINAL_CLOSURE_20260807\\03_native_cad\\B601_ARM_B51_COPY\\inputs\\vendor_link_parts\\B51_REF_link1_LINKLOCAL.SLDPRT",
    "DE6FD9A9E878585F0D7AB4476679E6A1F4CC49732D298AF4BA3AD8503381730E": "F:\\China Graduate Future Flight Vehicle Innovation Competition\\20_engineering\\F3R2_MECHANICAL_TERMINAL_CLOSURE_20260807\\03_native_cad\\B601_ARM_B51_COPY\\inputs\\vendor_link_parts\\B51_REF_link2_LINKLOCAL.SLDPRT",
    "1D8E82786F8F8D06BF75EDBCC1B0E8662D364BE08DE81E1BD3C4442811259F83": "F:\\China Graduate Future Flight Vehicle Innovation Competition\\20_engineering\\F3R2_MECHANICAL_TERMINAL_CLOSURE_20260807\\03_native_cad\\B601_ARM_B51_COPY\\inputs\\vendor_link_parts\\B51_REF_link3_LINKLOCAL.SLDPRT",
    "3E60226EAE9BBFC460C0B7DC1CF2138ABFD8B579CD962F545E2821A4DDBC0AE4": "F:\\China Graduate Future Flight Vehicle Innovation Competition\\20_engineering\\F3R2_MECHANICAL_TERMINAL_CLOSURE_20260807\\03_native_cad\\B601_ARM_B51_COPY\\inputs\\vendor_link_parts\\B51_REF_link4_LINKLOCAL.SLDPRT",
    "EE7F882445CD43603902FBA7E66FF7F0A5765BEC09EC962DC39546132274513A": "F:\\China Graduate Future Flight Vehicle Innovation Competition\\20_engineering\\F3R2_MECHANICAL_TERMINAL_CLOSURE_20260807\\03_native_cad\\B601_ARM_B51_COPY\\inputs\\vendor_link_parts\\B51_REF_link5_LINKLOCAL.SLDPRT",
    "863AEF31D7DEB964F6AF1B99DAC060EF5ED261340D2BE0F52419B1DEE775E68C": "F:\\China Graduate Future Flight Vehicle Innovation Competition\\20_engineering\\F3R2_MECHANICAL_TERMINAL_CLOSURE_20260807\\03_native_cad\\B601_ARM_B51_COPY\\inputs\\vendor_link_parts\\B51_REF_link6_LINKLOCAL.SLDPRT",
    "7AA2A808F289CECA4024FE989CFFF80131D34022B1A3D8C5A2740F6C6D55593C": "F:\\China Graduate Future Flight Vehicle Innovation Competition\\20_engineering\\F3R2_MECHANICAL_TERMINAL_CLOSURE_20260807\\03_native_cad\\B601_ARM_B51_COPY\\parts\\B51_REV_DATUM_FEMALE.SLDPRT",
    "1D05F4F1F74037F3D028E1313C221ADBB48875F513CDF343E0BCA419F3D0385F": "F:\\China Graduate Future Flight Vehicle Innovation Competition\\20_engineering\\F3R2_MECHANICAL_TERMINAL_CLOSURE_20260807\\03_native_cad\\B601_ARM_B51_COPY\\parts\\B51_REV_DATUM_MALE.SLDPRT"
  },
  "docs_before": [
    {
      "title": "B51_REF_base_link_LINKLOCAL.SLDPRT",
      "path": "F:/China Graduate Future Flight Vehicle Innovation Competition/20_engineering/F3R1_MECHANICAL_INTEGRATION_RECOVERY_20260806/03_native_cad/B601_ARM_B51_COPY/inputs/vendor_link_parts/B51_REF_base_link_LINKLOCAL.SLDPRT"
    }
  ],
  "checks": {
    "gripper_replace_true": true,
    "gripper_rebound_v5_local": false,
    "gripper_end_suppressed": true,
    "gripper_f3r1_doc_unloaded_after_suppress": true,
    "base_link_replace_true": true,
    "base_link_rebound_v5_local": false,
    "base_link_restored_lightweight": true
  },
  "verdict": "V5_PROBE_LOOP1E_SUPPRESS_FIRST_REPLACE_MIXED",
  "cleanup_document_count": 1,
  "cleanup_leftover_docs": [
    {
      "title": "B51_REF_base_link_LINKLOCAL.SLDPRT",
      "path": "F:/China Graduate Future Flight Vehicle Innovation Competition/20_engineering/F3R1_MECHANICAL_INTEGRATION_RECOVERY_20260806/03_native_cad/B601_ARM_B51_COPY/inputs/vendor_link_parts/B51_REF_base_link_LINKLOCAL.SLDPRT"
    }
  ],
  "protected_post_unchanged": true,
  "timestamp_end_utc": "2026-08-11T21:26:02.326578+00:00"
}
