{
 "默认": {
  "B51_REF_base_link_LINKLOCAL-1": 2,
  "B51_REF_gripper_detail_LINKLOCAL-1": 2,
  "B51_REF_link1_LINKLOCAL-1": 2,
  "B51_REF_link2_LINKLOCAL-1": 2,
  "B51_REF_link3_LINKLOCAL-1": 2,
  "B51_REF_link4_LINKLOCAL-1": 2,
  "B51_REF_link5_LINKLOCAL-1": 2,
  "B51_REF_link6_LINKLOCAL-1": 2,
  "B51_REV_DATUM_FEMALE-1": 2,
  "B51_REV_DATUM_FEMALE-2": 2,
  "B51_REV_DATUM_FEMALE-3": 2,
  "B51_REV_DATUM_FEMALE-4": 2,
  "B51_REV_DATUM_FEMALE-5": 2,
  "B51_REV_DATUM_FEMALE-6": 2,
  "B51_REV_DATUM_MALE-1": 2,
  "B51_REV_DATUM_MALE-2": 2,
  "B51_REV_DATUM_MALE-3": 2,
  "B51_REV_DATUM_MALE-4": 2,
  "B51_REV_DATUM_MALE-5": 2,
  "B51_REV_DATUM_MALE-6": 2
 },
 "STOWED_O13V3": {
  "B51_REF_base_link_LINKLOCAL-1": 2,
  "B51_REF_gripper_detail_LINKLOCAL-1": 2,
  "B51_REF_link1_LINKLOCAL-1": 2,
  "B51_REF_link2_LINKLOCAL-1": 2,
  "B51_REF_link3_LINKLOCAL-1": 2,
  "B51_REF_link4_LINKLOCAL-1": 2,
  "B51_REF_link5_LINKLOCAL-1": 2,
  "B51_REF_link6_LINKLOCAL-1": 2,
  "B51_REV_DATUM_FEMALE-1": 2,
  "B51_REV_DATUM_FEMALE-2": 2,
  "B51_REV_DATUM_FEMALE-3": 2,
  "B51_REV_DATUM_FEMALE-4": 2,
  "B51_REV_DATUM_FEMALE-5": 2,
  "B51_REV_DATUM_FEMALE-6": 2,
  "B51_REV_DATUM_MALE-1": 2,
  "B51_REV_DATUM_MALE-2": 2,
  "B51_REV_DATUM_MALE-3": 2,
  "B51_REV_DATUM_MALE-4": 2,
  "B51_REV_DATUM_MALE-5": 2,
  "B51_REV_DATUM_MALE-6": 2
 }
}
docs end= 0
