[    0.27s] attach ok pid=37100
[   52.99s] state ready
[   59.98s] joint1: measured=+2.5407 authorized=+2.5407 transverse=0.00000 sign_match=True
[   66.96s] joint2: measured=-2.9322 authorized=-2.9322 transverse=0.00000 sign_match=True
[   73.59s] joint3: measured=-0.9948 authorized=-0.9948 transverse=0.00000 sign_match=True
[   80.16s] joint4: measured=-0.7181 authorized=-0.7181 transverse=0.00000 sign_match=True
[   86.98s] joint5: measured=-0.3657 authorized=-0.3657 transverse=0.00000 sign_match=True
[   93.63s] joint6: measured=-0.0524 authorized=-0.0524 transverse=0.00000 sign_match=True
{
  "schema": "V5_PROBE_LOOP1E_AXIS_CONVENTION_V1",
  "timestamp_start_utc": "2026-08-12T08:12:52.187010+00:00",
  "phases": {
    "convention": [
      {
        "joint": "joint1",
        "expected_axis_parent": [
          0.0,
          0.0,
          1.0
        ],
        "measured_delta_rad": 2.5407106987131853,
        "transverse_rad": 0.0,
        "authorized_delta_rad": 2.5407106987131853,
        "sign_match": true,
        "magnitude_error_rad": 0.0
      },
      {
        "joint": "joint2",
        "expected_axis_parent": [
          0.0,
          -0.9999999999932538,
          3.6732051033465744e-06
        ],
        "measured_delta_rad": -2.9321531433504813,
        "transverse_rad": 0.0,
        "authorized_delta_rad": -2.9321531433504737,
        "sign_match": true,
        "magnitude_error_rad": 7.549516567451064e-15
      },
      {
        "joint": "joint3",
        "expected_axis_parent": [
          0.0,
          0.0,
          1.0
        ],
        "measured_delta_rad": -0.994837673636768,
        "transverse_rad": 0.0,
        "authorized_delta_rad": -0.9948376736367679,
        "sign_match": true,
        "magnitude_error_rad": 1.1102230246251565e-16
      },
      {
        "joint": "joint4",
        "expected_axis_parent": [
          0.0,
          0.0,
          1.0
        ],
        "measured_delta_rad": -0.7180808141480273,
        "transverse_rad": 0.0,
        "authorized_delta_rad": -0.718080814148027,
        "sign_match": true,
        "magnitude_error_rad": 2.220446049250313e-16
      },
      {
        "joint": "joint5",
        "expected_axis_parent": [
          0.0,
          0.9999999999932538,
          -3.6732051033465744e-06
        ],
        "measured_delta_rad": -0.365716291462892,
        "transverse_rad": 0.0,
        "authorized_delta_rad": -0.3657162914628918,
        "sign_match": true,
        "magnitude_error_rad": 1.6653345369377348e-16
      },
      {
        "joint": "joint6",
        "expected_axis_parent": [
          0.9999999999932538,
          0.0,
          -3.6732051033465744e-06
        ],
        "measured_delta_rad": -0.05235987755982989,
        "transverse_rad": 6.585445079827193e-10,
        "authorized_delta_rad": -0.05235987755982989,
        "sign_match": true,
        "magnitude_error_rad": 0.0
      }
    ]
  },
  "session": {
    "pid": 37100,
    "revision": "32.5.0"
  },
  "protected_pre": {
    "597C297526BC4111C3424535139B8A1C93906E7A799FF5346D030700FEF1A32F": "F:\\China Graduate Future Flight Vehicle Innovation Competition\\20_engineering\\F3R2_MECHANICAL_TERMINAL_CLOSURE_20260807\\03_native_cad\\B601_ARM_B51_COPY\\assembly\\B51_B601_ARTICULATED_ENGINEERING_ARM.SLDASM",
    "3693A96973CCBFE4C00B202C4D80027E44E0CB13BBEA73C6FAABD8A4D1E995B0": "F:\\China Graduate Future Flight Vehicle Innovation Competition\\20_engineering\\F3R2_MECHANICAL_TERMINAL_CLOSURE_20260807\\03_native_cad\\B601_ARM_B51_COPY\\inputs\\vendor_link_parts\\B51_REF_base_link_LINKLOCAL.SLDPRT",
    "6758B99741FFACABC31C2D629C6191F25C461AC877442212B468B141805EEECC": "F:\\China Graduate Future Flight Vehicle Innovation Competition\\20_engineering\\F3R2_MECHANICAL_TERMINAL_CLOSURE_20260807\\03_native_cad\\B601_ARM_B51_COPY\\inputs\\vendor_link_parts\\B51_REF_gripper_detail_LINKLOCAL.SLDPRT",
    "BDC68C8CC26AF2DB318F800384BBDE5659617B911FD2B64A7D10D1416AC4AEFB": "F:\\China Graduate Future Flight Vehicle Innovation Competition\\20_engineering\\F3R2_MECHANICAL_TERMINAL_CLOSURE_20260807\\03_native_cad\\B601_ARM_B51_COPY\\inputs\\vendor_link_parts\\B51_REF_link1_LINKLOCAL.SLDPRT",
    "DE6FD9A9E878585F0D7AB4476679E6A1F4CC49732D298AF4BA3AD8503381730E": "F:\\China Graduate Future Flight Vehicle Innovation Competition\\20_engineering\\F3R2_MECHANICAL_TERMINAL_CLOSURE_20260807\\03_native_cad\\B601_ARM_B51_COPY\\inputs\\vendor_link_parts\\B51_REF_link2_LINKLOCAL.SLDPRT",
    "1D8E82786F8F8D06BF75EDBCC1B0E8662D364BE08DE81E1BD3C4442811259F83": "F:\\China Graduate Future Flight Vehicle Innovation Competition\\20_engineering\\F3R2_MECHANICAL_TERMINAL_CLOSURE_20260807\\03_native_cad\\B601_ARM_B51_COPY\\inputs\\vendor_link_parts\\B51_REF_link3_LINKLOCAL.SLDPRT",
    "3E60226EAE9BBFC460C0B7DC1CF2138ABFD8B579CD962F545E2821A4DDBC0AE4": "F:\\China Graduate Future Flight Vehicle Innovation Competition\\20_engineering\\F3R2_MECHANICAL_TERMINAL_CLOSURE_20260807\\03_native_cad\\B601_ARM_B51_COPY\\inputs\\vendor_link_parts\\B51_REF_link4_LINKLOCAL.SLDPRT",
    "EE7F882445CD43603902FBA7E66FF7F0A5765BEC09EC962DC39546132274513A": "F:\\China Graduate Future Flight Vehicle Innovation Competition\\20_engineering\\F3R2_MECHANICAL_TERMINAL_CLOSURE_20260807\\03_native_cad\\B601_ARM_B51_COPY\\inputs\\vendor_link_parts\\B51_REF_link5_LINKLOCAL.SLDPRT",
    "863AEF31D7DEB964F6AF1B99DAC060EF5ED261340D2BE0F52419B1DEE775E68C": "F:\\China Graduate Future Flight Vehicle Innovation Competition\\20_engineering\\F3R2_MECHANICAL_TERMINAL_CLOSURE_20260807\\03_native_cad\\B601_ARM_B51_COPY\\inputs\\vendor_link_parts\\B51_REF_link6_LINKLOCAL.SLDPRT",
    "7AA2A808F289CECA4024FE989CFFF80131D34022B1A3D8C5A2740F6C6D55593C": "F:\\China Graduate Future Flight Vehicle Innovation Competition\\20_engineering\\F3R2_MECHANICAL_TERMINAL_CLOSURE_20260807\\03_native_cad\\B601_ARM_B51_COPY\\parts\\B51_REV_DATUM_FEMALE.SLDPRT",
    "1D05F4F1F74037F3D028E1313C221ADBB48875F513CDF343E0BCA419F3D0385F": "F:\\China Graduate Future Flight Vehicle Innovation Competition\\20_engineering\\F3R2_MECHANICAL_TERMINAL_CLOSURE_20260807\\03_native_cad\\B601_ARM_B51_COPY\\parts\\B51_REV_DATUM_MALE.SLDPRT"
  },
  "verdict": "V5_PROBE_LOOP1E_AXIS_CONVENTION_PASS",
  "cleanup_document_count": 0,
  "protected_post_unchanged": true,
  "timestamp_end_utc": "2026-08-12T08:14:29.011478+00:00"
}
