[    0.03s] attach: begin
[  357.86s] insert PALM: ok
[  477.28s] insert LEFT: ok
[  579.78s] insert RIGHT: ok
[  641.77s] L guides+limit: ok
[  704.57s] R guides+limit: ok
[  705.80s] active after config creation: HOLDING
[  706.81s] set OPEN=0.132184759: active=HOLDING gets={"OPEN": 0.0, "PREGRASP": 0.0, "CLOSED": 0.0, "HOLDING": 0.13218475899999999}
[  706.87s] set PREGRASP=0.115684759: active=HOLDING gets={"OPEN": 0.13218475899999999, "PREGRASP": 0.115684759, "CLOSED": 0.13218475899999999, "HOLDING": 0.13218475899999999}
[  706.92s] set CLOSED=0.060684759: active=HOLDING gets={"OPEN": 0.13218475899999999, "PREGRASP": 0.115684759, "CLOSED": 0.060684759, "HOLDING": 0.13218475899999999}
[  706.97s] set HOLDING=0.060684759: active=HOLDING gets={"OPEN": 0.13218475899999999, "PREGRASP": 0.115684759, "CLOSED": 0.060684759, "HOLDING": 0.060684759}
[  707.69s] activate OPEN: left_ty=-71.5 gets={"OPEN": 0.13218475899999999, "PREGRASP": 0.115684759, "CLOSED": 0.060684759, "HOLDING": 0.060684759}
[  708.16s] activate PREGRASP: left_ty=-55.0 gets={"OPEN": 0.13218475899999999, "PREGRASP": 0.115684759, "CLOSED": 0.060684759, "HOLDING": 0.060684759}
[  708.92s] activate CLOSED: left_ty=0.0 gets={"OPEN": 0.13218475899999999, "PREGRASP": 0.115684759, "CLOSED": 0.060684759, "HOLDING": 0.060684759}
[  709.69s] activate HOLDING: left_ty=0.0 gets={"OPEN": 0.13218475899999999, "PREGRASP": 0.115684759, "CLOSED": 0.060684759, "HOLDING": 0.060684759}
[  740.75s] cleanup: session document-empty
{
  "schema": "V5_PROBE_LOOP1C1_TRUTH_TABLE_V7",
  "drive_steps": [
    {
      "set_name": "OPEN",
      "value_m": 0.132184759,
      "status": 2,
      "active": "HOLDING",
      "named_gets": {
        "OPEN": 0.0,
        "PREGRASP": 0.0,
        "CLOSED": 0.0,
        "HOLDING": 0.13218475899999999
      }
    },
    {
      "set_name": "PREGRASP",
      "value_m": 0.115684759,
      "status": 0,
      "active": "HOLDING",
      "named_gets": {
        "OPEN": 0.13218475899999999,
        "PREGRASP": 0.115684759,
        "CLOSED": 0.13218475899999999,
        "HOLDING": 0.13218475899999999
      }
    },
    {
      "set_name": "CLOSED",
      "value_m": 0.060684759,
      "status": 0,
      "active": "HOLDING",
      "named_gets": {
        "OPEN": 0.13218475899999999,
        "PREGRASP": 0.115684759,
        "CLOSED": 0.060684759,
        "HOLDING": 0.13218475899999999
      }
    },
    {
      "set_name": "HOLDING",
      "value_m": 0.060684759,
      "status": 0,
      "active": "HOLDING",
      "named_gets": {
        "OPEN": 0.13218475899999999,
        "PREGRASP": 0.115684759,
        "CLOSED": 0.060684759,
        "HOLDING": 0.060684759
      }
    }
  ],
  "activations": [
    {
      "active": "OPEN",
      "named_gets": {
        "OPEN": 0.13218475899999999,
        "PREGRASP": 0.115684759,
        "CLOSED": 0.060684759,
        "HOLDING": 0.060684759
      },
      "left_ty_mm": -71.5,
      "right_ty_mm": 71.499999
    },
    {
      "active": "PREGRASP",
      "named_gets": {
        "OPEN": 0.13218475899999999,
        "PREGRASP": 0.115684759,
        "CLOSED": 0.060684759,
        "HOLDING": 0.060684759
      },
      "left_ty_mm": -55.0,
      "right_ty_mm": 71.499999
    },
    {
      "active": "CLOSED",
      "named_gets": {
        "OPEN": 0.13218475899999999,
        "PREGRASP": 0.115684759,
        "CLOSED": 0.060684759,
        "HOLDING": 0.060684759
      },
      "left_ty_mm": 0.0,
      "right_ty_mm": 71.499999
    },
    {
      "active": "HOLDING",
      "named_gets": {
        "OPEN": 0.13218475899999999,
        "PREGRASP": 0.115684759,
        "CLOSED": 0.060684759,
        "HOLDING": 0.060684759
      },
      "left_ty_mm": 0.0,
      "right_ty_mm": 71.499999
    }
  ],
  "notes": [],
  "session": {
    "attach_only": true,
    "revision": "32.5.0",
    "major": 32,
    "pid": 87516,
    "executable": "F:/Windows_profile/solidworks/SOLIDWORKS/SLDWORKS.exe",
    "document_count": 0,
    "active_doc_is_null": true
  },
  "active_after_config_creation": "HOLDING",
  "verdict": "V5_PROBE_LOOP1C1_TRUTH_TABLE_PASS",
  "cleanup": [
    {
      "title": "装配体62",
      "closed": true
    },
    {
      "title": "B601_GRIPPER_RIGHT_FINGER.SLDPRT",
      "closed": true
    },
    {
      "title": "B601_GRIPPER_LEFT_FINGER.SLDPRT",
      "closed": true
    },
    {
      "title": "B601_GRIPPER_PALM.SLDPRT",
      "closed": true
    }
  ]
}
