[    0.00s] attach: begin
[  144.38s] insert PALM: ok
[  201.34s] insert LEFT: ok
[  500.38s] insert RIGHT: ok
[  568.44s] L guides+limit: ok
[  635.92s] R guides+limit: ok
[  639.72s] establish_configurations: ok
[  653.54s] OPEN: cross-component interferences=28
[  665.26s] PREGRASP: cross-component interferences=16
[  680.42s] CLOSED: cross-component interferences=39
[  695.49s] HOLDING: cross-component interferences=39
[  770.68s] cleanup: session document-empty
{
  "schema": "V5_PROBE_LOOP1C1_INTERFERENCE_V9",
  "states": [
    {
      "configuration": "OPEN",
      "rows": [
        {
          "components": [
            "B601_GRIPPER_PALM.SLDPRT",
            "B601_GRIPPER_RIGHT_FINGER.SLDPRT"
          ],
          "volume_mm3": 435.914602,
          "interference_bbox_mm": [
            -78.564,
            85.2074,
            -9.9623,
            -73.164,
            92.0423,
            10.0377
          ]
        },
        {
          "components": [
            "B601_GRIPPER_LEFT_FINGER.SLDPRT",
            "B601_GRIPPER_PALM.SLDPRT"
          ],
          "volume_mm3": 435.914602,
          "interference_bbox_mm": [
            -78.564,
            -92.0274,
            -9.9637,
            -73.164,
            -85.1925,
            10.0364
          ]
        },
        {
          "components": [
            "B601_GRIPPER_LEFT_FINGER.SLDPRT",
            "B601_GRIPPER_PALM.SLDPRT"
          ],
          "volume_mm3": 80.509012,
          "interference_bbox_mm": [
            -88.564,
            -92.0274,
            7.2502,
            -82.564,
            -85.1926,
            10.3364
          ]
        },
        {
          "components": [
            "B601_GRIPPER_PALM.SLDPRT",
            "B601_GRIPPER_RIGHT_FINGER.SLDPRT"
          ],
          "volume_mm3": 80.509009,
          "interference_bbox_mm": [
            -88.564,
            85.2075,
            -10.2623,
            -82.564,
            92.0423,
            -7.1762
          ]
        },
        {
          "components": [
            "B601_GRIPPER_LEFT_FINGER.SLDPRT",
            "B601_GRIPPER_PALM.SLDPRT"
          ],
          "volume_mm3": 33.937541,
          "interference_bbox_mm": [
            -103.164,
            -87.9176,
            -2.8886,
            -100.164,
            -82.0676,
            2.9614
          ]
        },
        {
          "components": [
            "B601_GRIPPER_PALM.SLDPRT",
            "B601_GRIPPER_RIGHT_FINGER.SLDPRT"
          ],
          "volume_mm3": 33.937541,
          "interference_bbox_mm": [
            -103.164,
            82.0824,
            -2.8874,
            -100.164,
            87.9324,
            2.9626
          ]
        },
        {
          "components": [
            "B601_GRIPPER_LEFT_FINGER.SLDPRT",
            "B601_GRIPPER_PALM.SLDPRT"
          ],
          "volume_mm3": 14.276249,
          "interference_bbox_mm": [
            -75.7385,
            -88.1195,
            -9.286,
            -72.9976,
            -84.9201,
            -5.6407
          ]
        },
        {
          "components": [
            "B601_GRIPPER_PALM.SLDPRT",
            "B601_GRIPPER_RIGHT_FINGER.SLDPRT"
          ],
          "volume_mm3": 14.276235,
          "interference_bbox_mm": [
            -75.7385,
            84.9349,
            5.7148,
            -72.9976,
            88.1343,
            9.36
          ]
        },
        {
          "components": [
            "B601_GRIPPER_LEFT_FINGER.SLDPRT",
            "B601_GRIPPER_PALM.SLDPRT"
          ],
          "volume_mm3": 14.275761,
          "interference_bbox_mm": [
            -75.7298,
            -88.1199,
            5.7141,
            -72.9976,
            -84.9202,
            9.3593
          ]
        },
        {
          "components": [
            "B601_GRIPPER_PALM.SLDPRT",
            "B601_GRIPPER_RIGHT_FINGER.SLDPRT"
          ],
          "volume_mm3": 14.275726,
          "interference_bbox_mm": [
            -75.7298,
            84.935,
            -9.2853,
            -72.9976,
            88.1348,
            -5.64
          ]
        },
        {
          "components": [
            "B601_GRIPPER_PALM.SLDPRT",
            "B601_GRIPPER_RIGHT_FINGER.SLDPRT"
          ],
          "volume_mm3": 12.849347,
          "interference_bbox_mm": [
            -82.564,
            85.2074,
            10.1377,
            -73.164,
            92.0421,
            10.3377
          ]
        },
        {
          "components": [
            "B601_GRIPPER_LEFT_FINGER.SLDPRT",
            "B601_GRIPPER_PALM.SLDPRT"
          ],
          "volume_mm3": 12.849347,
          "interference_bbox_mm": [
            -82.564,
            -92.0273,
            -10.2637,
            -73.164,
            -85.1925,
            -10.0636
          ]
        },
        {
          "components": [
            "B601_GRIPPER_LEFT_FINGER.SLDPRT",
            "B601_GRIPPER_PALM.SLDPRT"
          ],
          "volume_mm3": 12.335019,
          "interference_bbox_mm": [
            -100.164,
            -87.9926,
            -2.9636,
            -99.664,
            -81.9926,
            3.0364
          ]
        },
        {
          "components": [
            "B601_GRIPPER_PALM.SLDPRT",
            "B601_GRIPPER_RIGHT_FINGER.SLDPRT"
          ],
          "volume_mm3": 12.335019,
          "interference_bbox_mm": [
            -100.164,
            82.0074,
            -2.9624,
            -99.664,
            88.0074,
            3.0376
          ]
        },
        {
          "components": [
            "B601_GRIPPER_LEFT_FINGER.SLDPRT",
            "B601_GRIPPER_PALM.SLDPRT"
          ],
          "volume_mm3": 10.796625,
          "interference_bbox_mm": [
            -74.846,
            -87.8435,
            6.0564,
            -73.164,
            -84.9742,
            9.0564
          ]
        },
        {
          "components": [
            "B601_GRIPPER_LEFT_FINGER.SLDPRT",
            "B601_GRIPPER_PALM.SLDPRT"
          ],
          "volume_mm3": 10.796625,
          "interference_bbox_mm": [
            -74.846,
            -87.8434,
            -8.9436,
            -73.164,
            -84.9741,
            -5.9436
          ]
        },
        {
          "components": [
            "B601_GRIPPER_PALM.SLDPRT",
            "B601_GRIPPER_RIGHT_FINGER.SLDPRT"
          ],
          "volume_mm3": 10.796622,
          "interference_bbox_mm": [
            -74.846,
            84.9891,
            -8.9823,
            -73.164,
            87.8584,
            -5.9823
          ]
        },
        {
          "components": [
            "B601_GRIPPER_PALM.SLDPRT",
            "B601_GRIPPER_RIGHT_FINGER.SLDPRT"
          ],
          "volume_mm3": 10.796622,
          "interference_bbox_mm": [
            -74.846,
            84.989,
            6.0177,
            -73.164,
            87.8583,
            9.0177
          ]
        },
        {
          "components": [
            "B601_GRIPPER_LEFT_FINGER.SLDPRT",
            "B601_GRIPPER_PALM.SLDPRT"
          ],
          "volume_mm3": 7.38154,
          "interference_bbox_mm": [
            -78.564,
            -92.0274,
            10.1363,
            -73.164,
            -85.1926,
            10.3364
          ]
        },
        {
          "components": [
            "B601_GRIPPER_PALM.SLDPRT",
            "B601_GRIPPER_RIGHT_FINGER.SLDPRT"
          ],
          "volume_mm3": 7.38154,
          "interference_bbox_mm": [
            -78.564,
            85.2075,
            -10.2623,
            -73.164,
            92.0423,
            -10.0623
          ]
        },
        {
          "components": [
            "B601_GRIPPER_PALM.SLDPRT",
            "B601_GRIPPER_RIGHT_FINGER.SLDPRT"
          ],
          "volume_mm3": 0.197313,
          "interference_bbox_mm": [
            -101.2749,
            91.1185,
            -10.394,
            -100.164,
            92.0523,
            -9.6776
          ]
        },
        {
          "components": [
            "B601_GRIPPER_PALM.SLDPRT",
            "B601_GRIPPER_RIGHT_FINGER.SLDPRT"
          ],
          "volume_mm3": 0.197313,
          "interference_bbox_mm": [
            -101.2749,
            91.1184,
            9.753,
            -100.164,
            92.0521,
            10.3738
          ]
        },
        {
          "components": [
            "B601_GRIPPER_LEFT_FINGER.SLDPRT",
            "B601_GRIPPER_PALM.SLDPRT"
          ],
          "volume_mm3": 0.197313,
          "interference_bbox_mm": [
            -101.2749,
            -92.0374,
            9.7516,
            -100.164,
            -91.1037,
            10.468
          ]
        },
        {
          "components": [
            "B601_GRIPPER_LEFT_FINGER.SLDPRT",
            "B601_GRIPPER_PALM.SLDPRT"
          ],
          "volume_mm3": 0.197313,
          "interference_bbox_mm": [
            -101.2749,
            -92.0373,
            -10.2998,
            -100.164,
            -91.1035,
            -9.6789
          ]
        },
        {
          "components": [
            "B601_GRIPPER_PALM.SLDPRT",
            "B601_GRIPPER_RIGHT_FINGER.SLDPRT"
          ],
          "volume_mm3": 0.120711,
          "interference_bbox_mm": [
            -76.114,
            76.8575,
            -3.3624,
            -75.614,
            77.7575,
            -3.0942
          ]
        },
        {
          "components": [
            "B601_GRIPPER_LEFT_FINGER.SLDPRT",
            "B601_GRIPPER_PALM.SLDPRT"
          ],
          "volume_mm3": 0.120711,
          "interference_bbox_mm": [
            -76.114,
            -77.7426,
            3.1682,
            -75.614,
            -76.8426,
            3.4365
          ]
        },
        {
          "components": [
            "B601_GRIPPER_LEFT_FINGER.SLDPRT",
            "B601_GRIPPER_PALM.SLDPRT"
          ],
          "volume_mm3": 0.120711,
          "interference_bbox_mm": [
            -76.114,
            -77.7425,
            -3.3635,
            -75.614,
            -76.8425,
            -3.0953
          ]
        },
        {
          "components": [
            "B601_GRIPPER_PALM.SLDPRT",
            "B601_GRIPPER_RIGHT_FINGER.SLDPRT"
          ],
          "volume_mm3": 0.120711,
          "interference_bbox_mm": [
            -76.114,
            76.8574,
            3.1693,
            -75.614,
            77.7574,
            3.4376
          ]
        }
      ],
      "cross_component_count": 28
    },
    {
      "configuration": "PREGRASP",
      "rows": [
        {
          "components": [
            "B601_GRIPPER_LEFT_FINGER.SLDPRT",
            "B601_GRIPPER_PALM.SLDPRT"
          ],
          "volume_mm3": 259.384721,
          "interference_bbox_mm": [
            -78.564,
            -89.2426,
            -9.9636,
            -73.164,
            -85.1925,
            10.0364
          ]
        },
        {
          "components": [
            "B601_GRIPPER_PALM.SLDPRT",
            "B601_GRIPPER_RIGHT_FINGER.SLDPRT"
          ],
          "volume_mm3": 259.384662,
          "interference_bbox_mm": [
            -78.564,
            85.2074,
            -9.9623,
            -73.164,
            89.2575,
            10.0377
          ]
        },
        {
          "components": [
            "B601_GRIPPER_LEFT_FINGER.SLDPRT",
            "B601_GRIPPER_PALM.SLDPRT"
          ],
          "volume_mm3": 80.751989,
          "interference_bbox_mm": [
            -88.564,
            -92.0274,
            7.2536,
            -82.564,
            -85.1926,
            10.3364
          ]
        },
        {
          "components": [
            "B601_GRIPPER_PALM.SLDPRT",
            "B601_GRIPPER_RIGHT_FINGER.SLDPRT"
          ],
          "volume_mm3": 80.751986,
          "interference_bbox_mm": [
            -88.564,
            85.2075,
            -10.2623,
            -82.564,
            92.0423,
            -7.1795
          ]
        },
        {
          "components": [
            "B601_GRIPPER_LEFT_FINGER.SLDPRT",
            "B601_GRIPPER_PALM.SLDPRT"
          ],
          "volume_mm3": 33.937541,
          "interference_bbox_mm": [
            -103.164,
            -71.4176,
            -2.8885,
            -100.164,
            -65.5676,
            2.9615
          ]
        },
        {
          "components": [
            "B601_GRIPPER_PALM.SLDPRT",
            "B601_GRIPPER_RIGHT_FINGER.SLDPRT"
          ],
          "volume_mm3": 33.937541,
          "interference_bbox_mm": [
            -103.164,
            65.5824,
            -2.8875,
            -100.164,
            71.4324,
            2.9625
          ]
        },
        {
          "components": [
            "B601_GRIPPER_LEFT_FINGER.SLDPRT",
            "B601_GRIPPER_PALM.SLDPRT"
          ],
          "volume_mm3": 12.335019,
          "interference_bbox_mm": [
            -100.164,
            -71.4926,
            -2.9635,
            -99.664,
            -65.4926,
            3.0365
          ]
        },
        {
          "components": [
            "B601_GRIPPER_PALM.SLDPRT",
            "B601_GRIPPER_RIGHT_FINGER.SLDPRT"
          ],
          "volume_mm3": 12.335019,
          "interference_bbox_mm": [
            -100.164,
            65.5074,
            -2.9625,
            -99.664,
            71.5074,
            3.0375
          ]
        },
        {
          "components": [
            "B601_GRIPPER_LEFT_FINGER.SLDPRT",
            "B601_GRIPPER_PALM.SLDPRT"
          ],
          "volume_mm3": 2.162,
          "interference_bbox_mm": [
            -82.564,
            -86.3425,
            -10.2636,
            -73.164,
            -85.1925,
            -10.0636
          ]
        },
        {
          "components": [
            "B601_GRIPPER_PALM.SLDPRT",
            "B601_GRIPPER_RIGHT_FINGER.SLDPRT"
          ],
          "volume_mm3": 2.161999,
          "interference_bbox_mm": [
            -82.564,
            85.2074,
            10.1377,
            -73.164,
            86.3574,
            10.3377
          ]
        },
        {
          "components": [
            "B601_GRIPPER_LEFT_FINGER.SLDPRT",
            "B601_GRIPPER_PALM.SLDPRT"
          ],
          "volume_mm3": 1.242,
          "interference_bbox_mm": [
            -78.564,
            -86.3426,
            10.1364,
            -73.164,
            -85.1926,
            10.3364
          ]
        },
        {
          "components": [
            "B601_GRIPPER_PALM.SLDPRT",
            "B601_GRIPPER_RIGHT_FINGER.SLDPRT"
          ],
          "volume_mm3": 1.241999,
          "interference_bbox_mm": [
            -78.564,
            85.2075,
            -10.2623,
            -73.164,
            86.3575,
            -10.0623
          ]
        },
        {
          "components": [
            "B601_GRIPPER_PALM.SLDPRT",
            "B601_GRIPPER_RIGHT_FINGER.SLDPRT"
          ],
          "volume_mm3": 0.120711,
          "interference_bbox_mm": [
            -76.114,
            60.3575,
            -3.3625,
            -75.614,
            61.2575,
            -3.0943
          ]
        },
        {
          "components": [
            "B601_GRIPPER_LEFT_FINGER.SLDPRT",
            "B601_GRIPPER_PALM.SLDPRT"
          ],
          "volume_mm3": 0.120711,
          "interference_bbox_mm": [
            -76.114,
            -61.2426,
            3.1683,
            -75.614,
            -60.3426,
            3.4366
          ]
        },
        {
          "components": [
            "B601_GRIPPER_LEFT_FINGER.SLDPRT",
            "B601_GRIPPER_PALM.SLDPRT"
          ],
          "volume_mm3": 0.120711,
          "interference_bbox_mm": [
            -76.114,
            -61.2425,
            -3.3634,
            -75.614,
            -60.3425,
            -3.0952
          ]
        },
        {
          "components": [
            "B601_GRIPPER_PALM.SLDPRT",
            "B601_GRIPPER_RIGHT_FINGER.SLDPRT"
          ],
          "volume_mm3": 0.120711,
          "interference_bbox_mm": [
            -76.114,
            60.3574,
            3.1692,
            -75.614,
            61.2574,
            3.4375
          ]
        }
      ],
      "cross_component_count": 16
    },
    {
      "configuration": "CLOSED",
      "rows": [
        {
          "components": [
            "B601_GRIPPER_LEFT_FINGER.SLDPRT",
            "B601_GRIPPER_RIGHT_FINGER.SLDPRT"
          ],
          "volume_mm3": 79.527907,
          "interference_bbox_mm": [
            -64.764,
            -0.0202,
            -19.5569,
            0.0246,
            0.0351,
            19.631
          ]
        },
        {
          "components": [
            "B601_GRIPPER_PALM.SLDPRT",
            "B601_GRIPPER_RIGHT_FINGER.SLDPRT"
          ],
          "volume_mm3": 12.055338,
          "interference_bbox_mm": [
            -102.164,
            18.6582,
            -15.4628,
            -100.164,
            24.6582,
            -9.4628
          ]
        },
        {
          "components": [
            "B601_GRIPPER_PALM.SLDPRT",
            "B601_GRIPPER_RIGHT_FINGER.SLDPRT"
          ],
          "volume_mm3": 12.055338,
          "interference_bbox_mm": [
            -102.164,
            18.658,
            9.5372,
            -100.164,
            24.658,
            15.5372
          ]
        },
        {
          "components": [
            "B601_GRIPPER_LEFT_FINGER.SLDPRT",
            "B601_GRIPPER_PALM.SLDPRT"
          ],
          "volume_mm3": 12.055338,
          "interference_bbox_mm": [
            -102.164,
            -24.6431,
            -15.4631,
            -100.164,
            -18.6431,
            -9.4631
          ]
        },
        {
          "components": [
            "B601_GRIPPER_LEFT_FINGER.SLDPRT",
            "B601_GRIPPER_PALM.SLDPRT"
          ],
          "volume_mm3": 12.055338,
          "interference_bbox_mm": [
            -102.164,
            -24.6433,
            9.5369,
            -100.164,
            -18.6433,
            15.5369
          ]
        },
        {
          "components": [
            "B601_GRIPPER_PALM.SLDPRT",
            "B601_GRIPPER_RIGHT_FINGER.SLDPRT"
          ],
          "volume_mm3": 12.055338,
          "interference_bbox_mm": [
            -101.664,
            3.7573,
            8.7284,
            -99.664,
            9.7573,
            14.7284
          ]
        },
        {
          "components": [
            "B601_GRIPPER_PALM.SLDPRT",
            "B601_GRIPPER_RIGHT_FINGER.SLDPRT"
          ],
          "volume_mm3": 12.055338,
          "interference_bbox_mm": [
            -101.664,
            3.7575,
            -14.6543,
            -99.664,
            9.7575,
            -8.6543
          ]
        },
        {
          "components": [
            "B601_GRIPPER_LEFT_FINGER.SLDPRT",
            "B601_GRIPPER_PALM.SLDPRT"
          ],
          "volume_mm3": 12.055338,
          "interference_bbox_mm": [
            -101.664,
            -9.7425,
            -14.6544,
            -99.664,
            -3.7425,
            -8.6544
          ]
        },
        {
          "components": [
            "B601_GRIPPER_PALM.SLDPRT",
            "B601_GRIPPER_RIGHT_FINGER.SLDPRT"
          ],
          "volume_mm3": 12.055338,
          "interference_bbox_mm": [
            -101.664,
            10.5074,
            -2.9629,
            -99.664,
            16.5074,
            3.0371
          ]
        },
        {
          "components": [
            "B601_GRIPPER_LEFT_FINGER.SLDPRT",
            "B601_GRIPPER_PALM.SLDPRT"
          ],
          "volume_mm3": 12.055338,
          "interference_bbox_mm": [
            -101.664,
            -16.4926,
            -2.9631,
            -99.664,
            -10.4926,
            3.0369
          ]
        },
        {
          "components": [
            "B601_GRIPPER_LEFT_FINGER.SLDPRT",
            "B601_GRIPPER_PALM.SLDPRT"
          ],
          "volume_mm3": 12.055338,
          "interference_bbox_mm": [
            -103.164,
            -13.9928,
            27.0369,
            -101.164,
            -7.9928,
            33.0369
          ]
        },
        {
          "components": [
            "B601_GRIPPER_LEFT_FINGER.SLDPRT",
            "B601_GRIPPER_PALM.SLDPRT"
          ],
          "volume_mm3": 12.055338,
          "interference_bbox_mm": [
            -103.164,
            -13.9923,
            -32.9631,
            -101.164,
            -7.9923,
            -26.9631
          ]
        },
        {
          "components": [
            "B601_GRIPPER_PALM.SLDPRT",
            "B601_GRIPPER_RIGHT_FINGER.SLDPRT"
          ],
          "volume_mm3": 12.055338,
          "interference_bbox_mm": [
            -103.164,
            8.0072,
            27.0371,
            -101.164,
            14.0072,
            33.0371
          ]
        },
        {
          "components": [
            "B601_GRIPPER_PALM.SLDPRT",
            "B601_GRIPPER_RIGHT_FINGER.SLDPRT"
          ],
          "volume_mm3": 12.055338,
          "interference_bbox_mm": [
            -103.164,
            8.0077,
            -32.9629,
            -101.164,
            14.0077,
            -26.9629
          ]
        },
        {
          "components": [
            "B601_GRIPPER_LEFT_FINGER.SLDPRT",
            "B601_GRIPPER_PALM.SLDPRT"
          ],
          "volume_mm3": 12.055338,
          "interference_bbox_mm": [
            -101.664,
            -9.7427,
            8.7283,
            -99.664,
            -3.7427,
            14.7283
          ]
        },
        {
          "components": [
            "B601_GRIPPER_LEFT_FINGER.SLDPRT",
            "B601_GRIPPER_PALM.SLDPRT"
          ],
          "volume_mm3": 11.917273,
          "interference_bbox_mm": [
            -88.564,
            -0.4902,
            7.2475,
            -82.564,
            1.029,
            9.0379
          ]
        },
        {
          "components": [
            "B601_GRIPPER_PALM.SLDPRT",
            "B601_GRIPPER_RIGHT_FINGER.SLDPRT"
          ],
          "volume_mm3": 11.917183,
          "interference_bbox_mm": [
            -88.564,
            -1.0195,
            -8.9638,
            -82.564,
            0.505,
            -7.1735
          ]
        },
        {
          "components": [
            "B601_GRIPPER_LEFT_FINGER.SLDPRT",
            "B601_GRIPPER_PALM.SLDPRT"
          ],
          "volume_mm3": 8.429286,
          "interference_bbox_mm": [
            -100.164,
            -12.4923,
            -31.4631,
            -93.6015,
            -9.4923,
            -28.4631
          ]
        },
        {
          "components": [
            "B601_GRIPPER_PALM.SLDPRT",
            "B601_GRIPPER_RIGHT_FINGER.SLDPRT"
          ],
          "volume_mm3": 8.429286,
          "interference_bbox_mm": [
            -100.164,
            9.5077,
            -31.4629,
            -93.6015,
            12.5077,
            -28.4629
          ]
        },
        {
          "components": [
            "B601_GRIPPER_LEFT_FINGER.SLDPRT",
            "B601_GRIPPER_PALM.SLDPRT"
          ],
          "volume_mm3": 8.429286,
          "interference_bbox_mm": [
            -100.164,
            -12.4928,
            28.5369,
            -93.6015,
            -9.4928,
            31.5369
          ]
        },
        {
          "components": [
            "B601_GRIPPER_PALM.SLDPRT",
            "B601_GRIPPER_RIGHT_FINGER.SLDPRT"
          ],
          "volume_mm3": 8.429286,
          "interference_bbox_mm": [
            -100.164,
            9.5072,
            28.5371,
            -93.6015,
            12.5072,
            31.5371
          ]
        },
        {
          "components": [
            "B601_GRIPPER_PALM.SLDPRT",
            "B601_GRIPPER_RIGHT_FINGER.SLDPRT"
          ],
          "volume_mm3": 7.670688,
          "interference_bbox_mm": [
            -88.564,
            2.2794,
            -8.4598,
            -82.564,
            3.6591,
            -7.1741
          ]
        },
        {
          "components": [
            "B601_GRIPPER_LEFT_FINGER.SLDPRT",
            "B601_GRIPPER_PALM.SLDPRT"
          ],
          "volume_mm3": 7.670685,
          "interference_bbox_mm": [
            -88.564,
            -3.6442,
            7.2482,
            -82.564,
            -2.2645,
            8.5338
          ]
        },
        {
          "components": [
            "B601_GRIPPER_LEFT_FINGER.SLDPRT",
            "B601_GRIPPER_PALM.SLDPRT"
          ],
          "volume_mm3": 5.263453,
          "interference_bbox_mm": [
            -88.564,
            2.9378,
            7.2411,
            -82.564,
            3.9509,
            8.4189
          ]
        },
        {
          "components": [
            "B601_GRIPPER_PALM.SLDPRT",
            "B601_GRIPPER_RIGHT_FINGER.SLDPRT"
          ],
          "volume_mm3": 5.263453,
          "interference_bbox_mm": [
            -88.564,
            -3.9361,
            -8.3449,
            -82.564,
            -2.9229,
            -7.1671
          ]
        },
        {
          "components": [
            "B601_GRIPPER_PALM.SLDPRT",
            "B601_GRIPPER_RIGHT_FINGER.SLDPRT"
          ],
          "volume_mm3": 2.919325,
          "interference_bbox_mm": [
            -102.414,
            38.5074,
            -1.4627,
            -100.164,
            41.5074,
            1.5373
          ]
        },
        {
          "components": [
            "B601_GRIPPER_PALM.SLDPRT",
            "B601_GRIPPER_RIGHT_FINGER.SLDPRT"
          ],
          "volume_mm3": 2.919325,
          "interference_bbox_mm": [
            -102.414,
            58.5074,
            -1.4625,
            -100.164,
            61.5074,
            1.5375
          ]
        },
        {
          "components": [
            "B601_GRIPPER_LEFT_FINGER.SLDPRT",
            "B601_GRIPPER_PALM.SLDPRT"
          ],
          "volume_mm3": 2.919325,
          "interference_bbox_mm": [
            -102.414,
            -41.4926,
            -1.4633,
            -100.164,
            -38.4926,
            1.5367
          ]
        },
        {
          "components": [
            "B601_GRIPPER_LEFT_FINGER.SLDPRT",
            "B601_GRIPPER_PALM.SLDPRT"
          ],
          "volume_mm3": 2.919325,
          "interference_bbox_mm": [
            -102.414,
            -81.4926,
            -1.4636,
            -100.164,
            -78.4926,
            1.5364
          ]
        },
        {
          "components": [
            "B601_GRIPPER_PALM.SLDPRT",
            "B601_GRIPPER_RIGHT_FINGER.SLDPRT"
          ],
          "volume_mm3": 2.919325,
          "interference_bbox_mm": [
            -102.414,
            78.5074,
            -1.4624,
            -100.164,
            81.5074,
            1.5376
          ]
        },
        {
          "components": [
            "B601_GRIPPER_LEFT_FINGER.SLDPRT",
            "B601_GRIPPER_PALM.SLDPRT"
          ],
          "volume_mm3": 2.919325,
          "interference_bbox_mm": [
            -102.414,
            -61.4926,
            -1.4634,
            -100.164,
            -58.4926,
            1.5366
          ]
        },
        {
          "components": [
            "B601_GRIPPER_LEFT_FINGER.SLDPRT",
            "B601_GRIPPER_PALM.SLDPRT"
          ],
          "volume_mm3": 0.120711,
          "interference_bbox_mm": [
            -76.114,
            -34.2426,
            3.1685,
            -75.614,
            -33.3426,
            3.4368
          ]
        },
        {
          "components": [
            "B601_GRIPPER_PALM.SLDPRT",
            "B601_GRIPPER_RIGHT_FINGER.SLDPRT"
          ],
          "volume_mm3": 0.120711,
          "interference_bbox_mm": [
            -76.114,
            5.3575,
            -3.3629,
            -75.614,
            6.2575,
            -3.0947
          ]
        },
        {
          "components": [
            "B601_GRIPPER_LEFT_FINGER.SLDPRT",
            "B601_GRIPPER_PALM.SLDPRT"
          ],
          "volume_mm3": 0.120711,
          "interference_bbox_mm": [
            -76.114,
            -6.2426,
            3.1687,
            -75.614,
            -5.3426,
            3.437
          ]
        },
        {
          "components": [
            "B601_GRIPPER_PALM.SLDPRT",
            "B601_GRIPPER_RIGHT_FINGER.SLDPRT"
          ],
          "volume_mm3": 0.120711,
          "interference_bbox_mm": [
            -76.114,
            33.3575,
            -3.3627,
            -75.614,
            34.2575,
            -3.0945
          ]
        },
        {
          "components": [
            "B601_GRIPPER_PALM.SLDPRT",
            "B601_GRIPPER_RIGHT_FINGER.SLDPRT"
          ],
          "volume_mm3": 0.120711,
          "interference_bbox_mm": [
            -76.114,
            33.3574,
            3.169,
            -75.614,
            34.2574,
            3.4373
          ]
        },
        {
          "components": [
            "B601_GRIPPER_LEFT_FINGER.SLDPRT",
            "B601_GRIPPER_PALM.SLDPRT"
          ],
          "volume_mm3": 0.120711,
          "interference_bbox_mm": [
            -76.114,
            -6.2425,
            -3.363,
            -75.614,
            -5.3425,
            -3.0948
          ]
        },
        {
          "components": [
            "B601_GRIPPER_PALM.SLDPRT",
            "B601_GRIPPER_RIGHT_FINGER.SLDPRT"
          ],
          "volume_mm3": 0.120711,
          "interference_bbox_mm": [
            -76.114,
            5.3574,
            3.1688,
            -75.614,
            6.2574,
            3.4371
          ]
        },
        {
          "components": [
            "B601_GRIPPER_LEFT_FINGER.SLDPRT",
            "B601_GRIPPER_PALM.SLDPRT"
          ],
          "volume_mm3": 0.120711,
          "interference_bbox_mm": [
            -76.114,
            -34.2425,
            -3.3632,
            -75.614,
            -33.3425,
            -3.095
          ]
        }
      ],
      "cross_component_count": 39
    },
    {
      "configuration": "HOLDING",
      "rows": [
        {
          "components": [
            "B601_GRIPPER_LEFT_FINGER.SLDPRT",
            "B601_GRIPPER_RIGHT_FINGER.SLDPRT"
          ],
          "volume_mm3": 79.527907,
          "interference_bbox_mm": [
            -64.764,
            -0.0202,
            -19.5569,
            0.0246,
            0.0351,
            19.631
          ]
        },
        {
          "components": [
            "B601_GRIPPER_LEFT_FINGER.SLDPRT",
            "B601_GRIPPER_PALM.SLDPRT"
          ],
          "volume_mm3": 12.055338,
          "interference_bbox_mm": [
            -102.164,
            -24.6433,
            9.5369,
            -100.164,
            -18.6433,
            15.5369
          ]
        },
        {
          "components": [
            "B601_GRIPPER_PALM.SLDPRT",
            "B601_GRIPPER_RIGHT_FINGER.SLDPRT"
          ],
          "volume_mm3": 12.055338,
          "interference_bbox_mm": [
            -102.164,
            18.6582,
            -15.4628,
            -100.164,
            24.6582,
            -9.4628
          ]
        },
        {
          "components": [
            "B601_GRIPPER_PALM.SLDPRT",
            "B601_GRIPPER_RIGHT_FINGER.SLDPRT"
          ],
          "volume_mm3": 12.055338,
          "interference_bbox_mm": [
            -102.164,
            18.658,
            9.5372,
            -100.164,
            24.658,
            15.5372
          ]
        },
        {
          "components": [
            "B601_GRIPPER_LEFT_FINGER.SLDPRT",
            "B601_GRIPPER_PALM.SLDPRT"
          ],
          "volume_mm3": 12.055338,
          "interference_bbox_mm": [
            -102.164,
            -24.6431,
            -15.4631,
            -100.164,
            -18.6431,
            -9.4631
          ]
        },
        {
          "components": [
            "B601_GRIPPER_PALM.SLDPRT",
            "B601_GRIPPER_RIGHT_FINGER.SLDPRT"
          ],
          "volume_mm3": 12.055338,
          "interference_bbox_mm": [
            -101.664,
            3.7573,
            8.7284,
            -99.664,
            9.7573,
            14.7284
          ]
        },
        {
          "components": [
            "B601_GRIPPER_PALM.SLDPRT",
            "B601_GRIPPER_RIGHT_FINGER.SLDPRT"
          ],
          "volume_mm3": 12.055338,
          "interference_bbox_mm": [
            -101.664,
            3.7575,
            -14.6543,
            -99.664,
            9.7575,
            -8.6543
          ]
        },
        {
          "components": [
            "B601_GRIPPER_PALM.SLDPRT",
            "B601_GRIPPER_RIGHT_FINGER.SLDPRT"
          ],
          "volume_mm3": 12.055338,
          "interference_bbox_mm": [
            -101.664,
            10.5074,
            -2.9629,
            -99.664,
            16.5074,
            3.0371
          ]
        },
        {
          "components": [
            "B601_GRIPPER_LEFT_FINGER.SLDPRT",
            "B601_GRIPPER_PALM.SLDPRT"
          ],
          "volume_mm3": 12.055338,
          "interference_bbox_mm": [
            -101.664,
            -9.7425,
            -14.6544,
            -99.664,
            -3.7425,
            -8.6544
          ]
        },
        {
          "components": [
            "B601_GRIPPER_LEFT_FINGER.SLDPRT",
            "B601_GRIPPER_PALM.SLDPRT"
          ],
          "volume_mm3": 12.055338,
          "interference_bbox_mm": [
            -101.664,
            -16.4926,
            -2.9631,
            -99.664,
            -10.4926,
            3.0369
          ]
        },
        {
          "components": [
            "B601_GRIPPER_PALM.SLDPRT",
            "B601_GRIPPER_RIGHT_FINGER.SLDPRT"
          ],
          "volume_mm3": 12.055338,
          "interference_bbox_mm": [
            -103.164,
            8.0077,
            -32.9629,
            -101.164,
            14.0077,
            -26.9629
          ]
        },
        {
          "components": [
            "B601_GRIPPER_LEFT_FINGER.SLDPRT",
            "B601_GRIPPER_PALM.SLDPRT"
          ],
          "volume_mm3": 12.055338,
          "interference_bbox_mm": [
            -103.164,
            -13.9923,
            -32.9631,
            -101.164,
            -7.9923,
            -26.9631
          ]
        },
        {
          "components": [
            "B601_GRIPPER_LEFT_FINGER.SLDPRT",
            "B601_GRIPPER_PALM.SLDPRT"
          ],
          "volume_mm3": 12.055338,
          "interference_bbox_mm": [
            -103.164,
            -13.9928,
            27.0369,
            -101.164,
            -7.9928,
            33.0369
          ]
        },
        {
          "components": [
            "B601_GRIPPER_PALM.SLDPRT",
            "B601_GRIPPER_RIGHT_FINGER.SLDPRT"
          ],
          "volume_mm3": 12.055338,
          "interference_bbox_mm": [
            -103.164,
            8.0072,
            27.0371,
            -101.164,
            14.0072,
            33.0371
          ]
        },
        {
          "components": [
            "B601_GRIPPER_LEFT_FINGER.SLDPRT",
            "B601_GRIPPER_PALM.SLDPRT"
          ],
          "volume_mm3": 12.055338,
          "interference_bbox_mm": [
            -101.664,
            -9.7427,
            8.7283,
            -99.664,
            -3.7427,
            14.7283
          ]
        },
        {
          "components": [
            "B601_GRIPPER_LEFT_FINGER.SLDPRT",
            "B601_GRIPPER_PALM.SLDPRT"
          ],
          "volume_mm3": 11.917273,
          "interference_bbox_mm": [
            -88.564,
            -0.4902,
            7.2475,
            -82.564,
            1.029,
            9.0379
          ]
        },
        {
          "components": [
            "B601_GRIPPER_PALM.SLDPRT",
            "B601_GRIPPER_RIGHT_FINGER.SLDPRT"
          ],
          "volume_mm3": 11.917183,
          "interference_bbox_mm": [
            -88.564,
            -1.0195,
            -8.9638,
            -82.564,
            0.505,
            -7.1735
          ]
        },
        {
          "components": [
            "B601_GRIPPER_LEFT_FINGER.SLDPRT",
            "B601_GRIPPER_PALM.SLDPRT"
          ],
          "volume_mm3": 8.429286,
          "interference_bbox_mm": [
            -100.164,
            -12.4928,
            28.5369,
            -93.6015,
            -9.4928,
            31.5369
          ]
        },
        {
          "components": [
            "B601_GRIPPER_LEFT_FINGER.SLDPRT",
            "B601_GRIPPER_PALM.SLDPRT"
          ],
          "volume_mm3": 8.429286,
          "interference_bbox_mm": [
            -100.164,
            -12.4923,
            -31.4631,
            -93.6015,
            -9.4923,
            -28.4631
          ]
        },
        {
          "components": [
            "B601_GRIPPER_PALM.SLDPRT",
            "B601_GRIPPER_RIGHT_FINGER.SLDPRT"
          ],
          "volume_mm3": 8.429286,
          "interference_bbox_mm": [
            -100.164,
            9.5077,
            -31.4629,
            -93.6015,
            12.5077,
            -28.4629
          ]
        },
        {
          "components": [
            "B601_GRIPPER_PALM.SLDPRT",
            "B601_GRIPPER_RIGHT_FINGER.SLDPRT"
          ],
          "volume_mm3": 8.429286,
          "interference_bbox_mm": [
            -100.164,
            9.5072,
            28.5371,
            -93.6015,
            12.5072,
            31.5371
          ]
        },
        {
          "components": [
            "B601_GRIPPER_PALM.SLDPRT",
            "B601_GRIPPER_RIGHT_FINGER.SLDPRT"
          ],
          "volume_mm3": 7.670688,
          "interference_bbox_mm": [
            -88.564,
            2.2794,
            -8.4598,
            -82.564,
            3.6591,
            -7.1741
          ]
        },
        {
          "components": [
            "B601_GRIPPER_LEFT_FINGER.SLDPRT",
            "B601_GRIPPER_PALM.SLDPRT"
          ],
          "volume_mm3": 7.670685,
          "interference_bbox_mm": [
            -88.564,
            -3.6442,
            7.2482,
            -82.564,
            -2.2645,
            8.5338
          ]
        },
        {
          "components": [
            "B601_GRIPPER_LEFT_FINGER.SLDPRT",
            "B601_GRIPPER_PALM.SLDPRT"
          ],
          "volume_mm3": 5.263453,
          "interference_bbox_mm": [
            -88.564,
            2.9378,
            7.2411,
            -82.564,
            3.9509,
            8.4189
          ]
        },
        {
          "components": [
            "B601_GRIPPER_PALM.SLDPRT",
            "B601_GRIPPER_RIGHT_FINGER.SLDPRT"
          ],
          "volume_mm3": 5.263453,
          "interference_bbox_mm": [
            -88.564,
            -3.9361,
            -8.3449,
            -82.564,
            -2.9229,
            -7.1671
          ]
        },
        {
          "components": [
            "B601_GRIPPER_LEFT_FINGER.SLDPRT",
            "B601_GRIPPER_PALM.SLDPRT"
          ],
          "volume_mm3": 2.919325,
          "interference_bbox_mm": [
            -102.414,
            -61.4926,
            -1.4634,
            -100.164,
            -58.4926,
            1.5366
          ]
        },
        {
          "components": [
            "B601_GRIPPER_LEFT_FINGER.SLDPRT",
            "B601_GRIPPER_PALM.SLDPRT"
          ],
          "volume_mm3": 2.919325,
          "interference_bbox_mm": [
            -102.414,
            -81.4926,
            -1.4636,
            -100.164,
            -78.4926,
            1.5364
          ]
        },
        {
          "components": [
            "B601_GRIPPER_PALM.SLDPRT",
            "B601_GRIPPER_RIGHT_FINGER.SLDPRT"
          ],
          "volume_mm3": 2.919325,
          "interference_bbox_mm": [
            -102.414,
            58.5074,
            -1.4625,
            -100.164,
            61.5074,
            1.5375
          ]
        },
        {
          "components": [
            "B601_GRIPPER_PALM.SLDPRT",
            "B601_GRIPPER_RIGHT_FINGER.SLDPRT"
          ],
          "volume_mm3": 2.919325,
          "interference_bbox_mm": [
            -102.414,
            78.5074,
            -1.4624,
            -100.164,
            81.5074,
            1.5376
          ]
        },
        {
          "components": [
            "B601_GRIPPER_PALM.SLDPRT",
            "B601_GRIPPER_RIGHT_FINGER.SLDPRT"
          ],
          "volume_mm3": 2.919325,
          "interference_bbox_mm": [
            -102.414,
            38.5074,
            -1.4627,
            -100.164,
            41.5074,
            1.5373
          ]
        },
        {
          "components": [
            "B601_GRIPPER_LEFT_FINGER.SLDPRT",
            "B601_GRIPPER_PALM.SLDPRT"
          ],
          "volume_mm3": 2.919325,
          "interference_bbox_mm": [
            -102.414,
            -41.4926,
            -1.4633,
            -100.164,
            -38.4926,
            1.5367
          ]
        },
        {
          "components": [
            "B601_GRIPPER_LEFT_FINGER.SLDPRT",
            "B601_GRIPPER_PALM.SLDPRT"
          ],
          "volume_mm3": 0.120711,
          "interference_bbox_mm": [
            -76.114,
            -34.2426,
            3.1685,
            -75.614,
            -33.3426,
            3.4368
          ]
        },
        {
          "components": [
            "B601_GRIPPER_PALM.SLDPRT",
            "B601_GRIPPER_RIGHT_FINGER.SLDPRT"
          ],
          "volume_mm3": 0.120711,
          "interference_bbox_mm": [
            -76.114,
            5.3575,
            -3.3629,
            -75.614,
            6.2575,
            -3.0947
          ]
        },
        {
          "components": [
            "B601_GRIPPER_LEFT_FINGER.SLDPRT",
            "B601_GRIPPER_PALM.SLDPRT"
          ],
          "volume_mm3": 0.120711,
          "interference_bbox_mm": [
            -76.114,
            -6.2426,
            3.1687,
            -75.614,
            -5.3426,
            3.437
          ]
        },
        {
          "components": [
            "B601_GRIPPER_PALM.SLDPRT",
            "B601_GRIPPER_RIGHT_FINGER.SLDPRT"
          ],
          "volume_mm3": 0.120711,
          "interference_bbox_mm": [
            -76.114,
            33.3575,
            -3.3627,
            -75.614,
            34.2575,
            -3.0945
          ]
        },
        {
          "components": [
            "B601_GRIPPER_PALM.SLDPRT",
            "B601_GRIPPER_RIGHT_FINGER.SLDPRT"
          ],
          "volume_mm3": 0.120711,
          "interference_bbox_mm": [
            -76.114,
            33.3574,
            3.169,
            -75.614,
            34.2574,
            3.4373
          ]
        },
        {
          "components": [
            "B601_GRIPPER_LEFT_FINGER.SLDPRT",
            "B601_GRIPPER_PALM.SLDPRT"
          ],
          "volume_mm3": 0.120711,
          "interference_bbox_mm": [
            -76.114,
            -6.2425,
            -3.363,
            -75.614,
            -5.3425,
            -3.0948
          ]
        },
        {
          "components": [
            "B601_GRIPPER_PALM.SLDPRT",
            "B601_GRIPPER_RIGHT_FINGER.SLDPRT"
          ],
          "volume_mm3": 0.120711,
          "interference_bbox_mm": [
            -76.114,
            5.3574,
            3.1688,
            -75.614,
            6.2574,
            3.4371
          ]
        },
        {
          "components": [
            "B601_GRIPPER_LEFT_FINGER.SLDPRT",
            "B601_GRIPPER_PALM.SLDPRT"
          ],
          "volume_mm3": 0.120711,
          "interference_bbox_mm": [
            -76.114,
            -34.2425,
            -3.3632,
            -75.614,
            -33.3425,
            -3.095
          ]
        }
      ],
      "cross_component_count": 39
    }
  ],
  "notes": [],
  "session": {
    "attach_only": true,
    "revision": "32.5.0",
    "major": 32,
    "pid": 87516,
    "executable": "F:/Windows_profile/solidworks/SOLIDWORKS/SLDWORKS.exe",
    "document_count": 0,
    "active_doc_is_null": true
  },
  "verdict": "V5_PROBE_LOOP1C1_INTERFERENCE_PASS",
  "cleanup": [
    {
      "title": "装配体69",
      "closed": true
    },
    {
      "title": "B601_GRIPPER_RIGHT_FINGER.SLDPRT",
      "closed": true
    },
    {
      "title": "B601_GRIPPER_LEFT_FINGER.SLDPRT",
      "closed": true
    },
    {
      "title": "B601_GRIPPER_PALM.SLDPRT",
      "closed": true
    }
  ]
}
