[    0.00s] attach: begin
[  202.70s] insert PALM: ok
[  296.37s] insert LEFT: ok
[  406.81s] insert RIGHT: ok
[  472.39s] L guides+limit: ok
[  538.39s] R guides+limit: ok
[  542.37s] establish_configurations: ok
[  559.38s] OPEN: rows=28 (top pairs named)
[  577.63s] CLOSED: rows=39 (top pairs named)
[  601.73s] cleanup: session document-empty
{
  "schema": "V5_PROBE_LOOP1C1_INTERFERENCE_BODIES_V11",
  "states": [
    {
      "configuration": "OPEN",
      "rows": [
        {
          "components": [
            "B601_GRIPPER_PALM.SLDPRT",
            "B601_GRIPPER_RIGHT_FINGER.SLDPRT"
          ],
          "volume_mm3": 435.914602,
          "bbox_mm": [
            -78.564,
            85.2074,
            -9.9623,
            -73.164,
            92.0423,
            10.0377
          ],
          "body_pairs": [
            [
              "PALM_SOLID_09__B51_REF_gripper_detail_LINKLOCAL054",
              "RIGHT_FINGER_SOLID_01__B51_REF_gripper_detail_LINKLOCAL"
            ],
            [
              "PALM_SOLID_09__B51_REF_gripper_detail_LINKLOCAL054",
              "RIGHT_FINGER_SOLID_06__B51_REF_gripper_detail_LINKLOCAL016"
            ],
            [
              "PALM_SOLID_09__B51_REF_gripper_detail_LINKLOCAL054",
              "RIGHT_FINGER_SOLID_04__B51_REF_gripper_detail_LINKLOCAL003"
            ],
            [
              "PALM_SOLID_09__B51_REF_gripper_detail_LINKLOCAL054",
              "RIGHT_FINGER_SOLID_07__B51_REF_gripper_detail_LINKLOCAL017"
            ]
          ]
        },
        {
          "components": [
            "B601_GRIPPER_LEFT_FINGER.SLDPRT",
            "B601_GRIPPER_PALM.SLDPRT"
          ],
          "volume_mm3": 435.914602,
          "bbox_mm": [
            -78.564,
            -92.0274,
            -9.9637,
            -73.164,
            -85.1925,
            10.0364
          ],
          "body_pairs": [
            [
              "PALM_SOLID_09__B51_REF_gripper_detail_LINKLOCAL054",
              "LEFT_FINGER_SOLID_13__B51_REF_gripper_detail_LINKLOCAL026"
            ],
            [
              "PALM_SOLID_09__B51_REF_gripper_detail_LINKLOCAL054",
              "LEFT_FINGER_SOLID_05__B51_REF_gripper_detail_LINKLOCAL009"
            ],
            [
              "PALM_SOLID_09__B51_REF_gripper_detail_LINKLOCAL054",
              "LEFT_FINGER_SOLID_09__B51_REF_gripper_detail_LINKLOCAL019"
            ],
            [
              "PALM_SOLID_09__B51_REF_gripper_detail_LINKLOCAL054",
              "LEFT_FINGER_SOLID_23__B51_REF_gripper_detail_LINKLOCAL052"
            ]
          ]
        },
        {
          "components": [
            "B601_GRIPPER_LEFT_FINGER.SLDPRT",
            "B601_GRIPPER_PALM.SLDPRT"
          ],
          "volume_mm3": 80.509012,
          "bbox_mm": [
            -88.564,
            -92.0274,
            7.2502,
            -82.564,
            -85.1926,
            10.3364
          ],
          "body_pairs": [
            [
              "PALM_SOLID_09__B51_REF_gripper_detail_LINKLOCAL054",
              "LEFT_FINGER_SOLID_23__B51_REF_gripper_detail_LINKLOCAL052"
            ],
            [
              "PALM_SOLID_09__B51_REF_gripper_detail_LINKLOCAL054",
              "LEFT_FINGER_SOLID_22__B51_REF_gripper_detail_LINKLOCAL049"
            ]
          ]
        },
        {
          "components": [
            "B601_GRIPPER_PALM.SLDPRT",
            "B601_GRIPPER_RIGHT_FINGER.SLDPRT"
          ],
          "volume_mm3": 80.509009,
          "bbox_mm": [
            -88.564,
            85.2075,
            -10.2623,
            -82.564,
            92.0423,
            -7.1762
          ],
          "body_pairs": [
            [
              "PALM_SOLID_09__B51_REF_gripper_detail_LINKLOCAL054",
              "RIGHT_FINGER_SOLID_23__B51_REF_gripper_detail_LINKLOCAL053"
            ],
            [
              "PALM_SOLID_09__B51_REF_gripper_detail_LINKLOCAL054",
              "RIGHT_FINGER_SOLID_22__B51_REF_gripper_detail_LINKLOCAL048"
            ]
          ]
        },
        {
          "components": [
            "B601_GRIPPER_LEFT_FINGER.SLDPRT",
            "B601_GRIPPER_PALM.SLDPRT"
          ],
          "volume_mm3": 33.937541,
          "bbox_mm": [
            -103.164,
            -87.9176,
            -2.8886,
            -100.164,
            -82.0676,
            2.9614
          ],
          "body_pairs": [
            [
              "PALM_SOLID_09__B51_REF_gripper_detail_LINKLOCAL054",
              "LEFT_FINGER_SOLID_17__B51_REF_gripper_detail_LINKLOCAL034"
            ],
            [
              "PALM_SOLID_07__B51_REF_gripper_detail_LINKLOCAL050",
              "LEFT_FINGER_SOLID_17__B51_REF_gripper_detail_LINKLOCAL034"
            ]
          ]
        },
        {
          "components": [
            "B601_GRIPPER_PALM.SLDPRT",
            "B601_GRIPPER_RIGHT_FINGER.SLDPRT"
          ],
          "volume_mm3": 33.937541,
          "bbox_mm": [
            -103.164,
            82.0824,
            -2.8874,
            -100.164,
            87.9324,
            2.9626
          ],
          "body_pairs": [
            [
              "PALM_SOLID_09__B51_REF_gripper_detail_LINKLOCAL054",
              "RIGHT_FINGER_SOLID_17__B51_REF_gripper_detail_LINKLOCAL042"
            ],
            [
              "PALM_SOLID_07__B51_REF_gripper_detail_LINKLOCAL050",
              "RIGHT_FINGER_SOLID_17__B51_REF_gripper_detail_LINKLOCAL042"
            ]
          ]
        },
        {
          "components": [
            "B601_GRIPPER_LEFT_FINGER.SLDPRT",
            "B601_GRIPPER_PALM.SLDPRT"
          ],
          "volume_mm3": 14.276249,
          "bbox_mm": [
            -75.7385,
            -88.1195,
            -9.286,
            -72.9976,
            -84.9201,
            -5.6407
          ]
        },
        {
          "components": [
            "B601_GRIPPER_PALM.SLDPRT",
            "B601_GRIPPER_RIGHT_FINGER.SLDPRT"
          ],
          "volume_mm3": 14.276235,
          "bbox_mm": [
            -75.7385,
            84.9349,
            5.7148,
            -72.9976,
            88.1343,
            9.36
          ]
        },
        {
          "components": [
            "B601_GRIPPER_LEFT_FINGER.SLDPRT",
            "B601_GRIPPER_PALM.SLDPRT"
          ],
          "volume_mm3": 14.275761,
          "bbox_mm": [
            -75.7298,
            -88.1199,
            5.7141,
            -72.9976,
            -84.9202,
            9.3593
          ]
        },
        {
          "components": [
            "B601_GRIPPER_PALM.SLDPRT",
            "B601_GRIPPER_RIGHT_FINGER.SLDPRT"
          ],
          "volume_mm3": 14.275726,
          "bbox_mm": [
            -75.7298,
            84.935,
            -9.2853,
            -72.9976,
            88.1348,
            -5.64
          ]
        },
        {
          "components": [
            "B601_GRIPPER_PALM.SLDPRT",
            "B601_GRIPPER_RIGHT_FINGER.SLDPRT"
          ],
          "volume_mm3": 12.849347,
          "bbox_mm": [
            -82.564,
            85.2074,
            10.1377,
            -73.164,
            92.0421,
            10.3377
          ]
        },
        {
          "components": [
            "B601_GRIPPER_LEFT_FINGER.SLDPRT",
            "B601_GRIPPER_PALM.SLDPRT"
          ],
          "volume_mm3": 12.849347,
          "bbox_mm": [
            -82.564,
            -92.0273,
            -10.2637,
            -73.164,
            -85.1925,
            -10.0636
          ]
        }
      ],
      "cross_component_count": 28
    },
    {
      "configuration": "CLOSED",
      "rows": [
        {
          "components": [
            "B601_GRIPPER_LEFT_FINGER.SLDPRT",
            "B601_GRIPPER_RIGHT_FINGER.SLDPRT"
          ],
          "volume_mm3": 79.527907,
          "bbox_mm": [
            -64.764,
            -0.0202,
            -19.5569,
            0.0246,
            0.0351,
            19.631
          ],
          "body_pairs": []
        },
        {
          "components": [
            "B601_GRIPPER_LEFT_FINGER.SLDPRT",
            "B601_GRIPPER_PALM.SLDPRT"
          ],
          "volume_mm3": 12.055338,
          "bbox_mm": [
            -102.164,
            -24.6433,
            9.5369,
            -100.164,
            -18.6433,
            15.5369
          ],
          "body_pairs": [
            [
              "PALM_SOLID_09__B51_REF_gripper_detail_LINKLOCAL054",
              "LEFT_FINGER_SOLID_16__B51_REF_gripper_detail_LINKLOCAL033"
            ],
            [
              "PALM_SOLID_07__B51_REF_gripper_detail_LINKLOCAL050",
              "LEFT_FINGER_SOLID_16__B51_REF_gripper_detail_LINKLOCAL033"
            ]
          ]
        },
        {
          "components": [
            "B601_GRIPPER_LEFT_FINGER.SLDPRT",
            "B601_GRIPPER_PALM.SLDPRT"
          ],
          "volume_mm3": 12.055338,
          "bbox_mm": [
            -102.164,
            -24.6431,
            -15.4631,
            -100.164,
            -18.6431,
            -9.4631
          ],
          "body_pairs": [
            [
              "PALM_SOLID_09__B51_REF_gripper_detail_LINKLOCAL054",
              "LEFT_FINGER_SOLID_14__B51_REF_gripper_detail_LINKLOCAL028"
            ],
            [
              "PALM_SOLID_07__B51_REF_gripper_detail_LINKLOCAL050",
              "LEFT_FINGER_SOLID_14__B51_REF_gripper_detail_LINKLOCAL028"
            ]
          ]
        },
        {
          "components": [
            "B601_GRIPPER_PALM.SLDPRT",
            "B601_GRIPPER_RIGHT_FINGER.SLDPRT"
          ],
          "volume_mm3": 12.055338,
          "bbox_mm": [
            -102.164,
            18.6582,
            -15.4628,
            -100.164,
            24.6582,
            -9.4628
          ],
          "body_pairs": [
            [
              "PALM_SOLID_09__B51_REF_gripper_detail_LINKLOCAL054",
              "RIGHT_FINGER_SOLID_19__B51_REF_gripper_detail_LINKLOCAL044"
            ],
            [
              "PALM_SOLID_07__B51_REF_gripper_detail_LINKLOCAL050",
              "RIGHT_FINGER_SOLID_19__B51_REF_gripper_detail_LINKLOCAL044"
            ]
          ]
        },
        {
          "components": [
            "B601_GRIPPER_PALM.SLDPRT",
            "B601_GRIPPER_RIGHT_FINGER.SLDPRT"
          ],
          "volume_mm3": 12.055338,
          "bbox_mm": [
            -102.164,
            18.658,
            9.5372,
            -100.164,
            24.658,
            15.5372
          ],
          "body_pairs": [
            [
              "PALM_SOLID_09__B51_REF_gripper_detail_LINKLOCAL054",
              "RIGHT_FINGER_SOLID_20__B51_REF_gripper_detail_LINKLOCAL046"
            ],
            [
              "PALM_SOLID_07__B51_REF_gripper_detail_LINKLOCAL050",
              "RIGHT_FINGER_SOLID_20__B51_REF_gripper_detail_LINKLOCAL046"
            ]
          ]
        },
        {
          "components": [
            "B601_GRIPPER_PALM.SLDPRT",
            "B601_GRIPPER_RIGHT_FINGER.SLDPRT"
          ],
          "volume_mm3": 12.055338,
          "bbox_mm": [
            -101.664,
            3.7573,
            8.7284,
            -99.664,
            9.7573,
            14.7284
          ],
          "body_pairs": [
            [
              "PALM_SOLID_08__B51_REF_gripper_detail_LINKLOCAL051",
              "RIGHT_FINGER_SOLID_18__B51_REF_gripper_detail_LINKLOCAL043"
            ]
          ]
        },
        {
          "components": [
            "B601_GRIPPER_LEFT_FINGER.SLDPRT",
            "B601_GRIPPER_PALM.SLDPRT"
          ],
          "volume_mm3": 12.055338,
          "bbox_mm": [
            -101.664,
            -9.7425,
            -14.6544,
            -99.664,
            -3.7425,
            -8.6544
          ]
        },
        {
          "components": [
            "B601_GRIPPER_PALM.SLDPRT",
            "B601_GRIPPER_RIGHT_FINGER.SLDPRT"
          ],
          "volume_mm3": 12.055338,
          "bbox_mm": [
            -101.664,
            3.7575,
            -14.6543,
            -99.664,
            9.7575,
            -8.6543
          ]
        },
        {
          "components": [
            "B601_GRIPPER_PALM.SLDPRT",
            "B601_GRIPPER_RIGHT_FINGER.SLDPRT"
          ],
          "volume_mm3": 12.055338,
          "bbox_mm": [
            -101.664,
            10.5074,
            -2.9629,
            -99.664,
            16.5074,
            3.0371
          ]
        },
        {
          "components": [
            "B601_GRIPPER_LEFT_FINGER.SLDPRT",
            "B601_GRIPPER_PALM.SLDPRT"
          ],
          "volume_mm3": 12.055338,
          "bbox_mm": [
            -101.664,
            -16.4926,
            -2.9631,
            -99.664,
            -10.4926,
            3.0369
          ]
        },
        {
          "components": [
            "B601_GRIPPER_LEFT_FINGER.SLDPRT",
            "B601_GRIPPER_PALM.SLDPRT"
          ],
          "volume_mm3": 12.055338,
          "bbox_mm": [
            -103.164,
            -13.9923,
            -32.9631,
            -101.164,
            -7.9923,
            -26.9631
          ]
        },
        {
          "components": [
            "B601_GRIPPER_LEFT_FINGER.SLDPRT",
            "B601_GRIPPER_PALM.SLDPRT"
          ],
          "volume_mm3": 12.055338,
          "bbox_mm": [
            -103.164,
            -13.9928,
            27.0369,
            -101.164,
            -7.9928,
            33.0369
          ]
        }
      ],
      "cross_component_count": 39
    }
  ],
  "notes": [],
  "session": {
    "attach_only": true,
    "revision": "32.5.0",
    "major": 32,
    "pid": 87516,
    "executable": "F:/Windows_profile/solidworks/SOLIDWORKS/SLDWORKS.exe",
    "document_count": 0,
    "active_doc_is_null": true
  },
  "verdict": "V5_PROBE_LOOP1C1_INTERFERENCE_BODIES_PASS",
  "cleanup": [
    {
      "title": "装配体71",
      "closed": true
    },
    {
      "title": "B601_GRIPPER_RIGHT_FINGER.SLDPRT",
      "closed": true
    },
    {
      "title": "B601_GRIPPER_LEFT_FINGER.SLDPRT",
      "closed": true
    },
    {
      "title": "B601_GRIPPER_PALM.SLDPRT",
      "closed": true
    }
  ]
}
