[    0.00s] attach: begin
[    0.16s] attach: ok pid=87516 rev=32.5.0
[  110.30s] new assembly document: ok
[  285.51s] insert PALM: ok
[  518.40s] insert LEFT: ok
[  802.28s] insert RIGHT: ok
[  819.82s] guide MATE_L_GUIDE_A_COINCIDENT: ok
[  837.09s] guide MATE_L_GUIDE_B_COINCIDENT: ok
[  854.62s] guide MATE_R_GUIDE_A_COINCIDENT: ok
[  872.04s] guide MATE_R_GUIDE_B_COINCIDENT: ok
[  899.42s] L advanced limit mate: ok
[  925.95s] R limit faces resolved
[  925.95s] case C1_control_limit_current: select+call
[  927.07s] case C1_control_limit_current: error=5
[  928.18s] case C1_control_limit_current: deleted LimitDistance3 -> True
[  928.32s] case C2_plain_anti: select+call
[  929.50s] case C2_plain_anti: error=5
[  930.74s] case C2_plain_anti: deleted 距离1 -> True
[  930.89s] case C3_limit_strict_upper: select+call
[  932.16s] case C3_limit_strict_upper: error=5
[  933.33s] case C3_limit_strict_upper: deleted LimitDistance4 -> True
[  933.46s] case C5_limit_aligned: select+call
[  934.62s] case C5_limit_aligned: error=1
[  935.67s] case C5_limit_aligned: deleted LimitDistance5 -> True
[  935.81s] case C6_plain_aligned: select+call
[  936.95s] case C6_plain_aligned: error=1
[  938.00s] case C6_plain_aligned: deleted 距离2 -> True
[  938.13s] case C9_plain_anti_finger_first: select+call
[  939.30s] case C9_plain_anti_finger_first: error=5
[  940.37s] case C9_plain_anti_finger_first: deleted 距离3 -> True
[  940.50s] case C4_limit_wide: select+call
[  941.71s] case C4_limit_wide: error=5
[  942.85s] case C4_limit_wide: deleted LimitDistance6 -> True
[  943.00s] case C8_plain_anti_flip: select+call
[  944.27s] case C8_plain_anti_flip: error=5
[  945.53s] case C8_plain_anti_flip: deleted 距离4 -> True
[ 1100.29s] cleanup: session document-empty
{
  "schema": "V5_PROBE_LOOP1C1_R_LIMIT_MATRIX_V2",
  "cases": [
    {
      "label": "C1_control_limit_current",
      "selected": true,
      "error": 5,
      "mate_raw_is_none": false,
      "right_translation_before_mm": [
        -148.128029,
        106.95583,
        0.000786
      ],
      "right_translation_after_mm": [
        -148.128029,
        76.643045,
        0.000563
      ],
      "added_mates": [
        "LimitDistance3"
      ],
      "deleted": {
        "LimitDistance3": true
      },
      "restored": true
    },
    {
      "label": "C2_plain_anti",
      "selected": true,
      "error": 5,
      "mate_raw_is_none": false,
      "right_translation_before_mm": [
        -148.128029,
        106.95583,
        0.000786
      ],
      "right_translation_after_mm": [
        -148.128029,
        106.95583,
        0.000786
      ],
      "added_mates": [
        "距离1"
      ],
      "deleted": {
        "距离1": true
      },
      "restored": true
    },
    {
      "label": "C3_limit_strict_upper",
      "selected": true,
      "error": 5,
      "mate_raw_is_none": false,
      "right_translation_before_mm": [
        -148.128029,
        106.95583,
        0.000786
      ],
      "right_translation_after_mm": [
        -148.128029,
        76.582072,
        0.000563
      ],
      "added_mates": [
        "LimitDistance4"
      ],
      "deleted": {
        "LimitDistance4": true
      },
      "restored": true
    },
    {
      "label": "C5_limit_aligned",
      "selected": true,
      "error": 1,
      "mate_raw_is_none": false,
      "right_translation_before_mm": [
        -148.128029,
        106.95583,
        0.000786
      ],
      "right_translation_after_mm": [
        -148.128029,
        -21.509114,
        -0.000158
      ],
      "added_mates": [
        "LimitDistance5"
      ],
      "deleted": {
        "LimitDistance5": true
      },
      "restored": true
    },
    {
      "label": "C6_plain_aligned",
      "selected": true,
      "error": 1,
      "mate_raw_is_none": false,
      "right_translation_before_mm": [
        -148.128029,
        106.95583,
        0.000786
      ],
      "right_translation_after_mm": [
        -148.128029,
        -21.509114,
        -0.000158
      ],
      "added_mates": [
        "距离2"
      ],
      "deleted": {
        "距离2": true
      },
      "restored": true
    },
    {
      "label": "C9_plain_anti_finger_first",
      "selected": true,
      "error": 5,
      "mate_raw_is_none": false,
      "right_translation_before_mm": [
        -148.128029,
        106.95583,
        0.000786
      ],
      "right_translation_after_mm": [
        -148.128029,
        106.95583,
        0.000786
      ],
      "added_mates": [
        "距离3"
      ],
      "deleted": {
        "距离3": true
      },
      "restored": true
    },
    {
      "label": "C4_limit_wide",
      "selected": true,
      "error": 5,
      "mate_raw_is_none": false,
      "right_translation_before_mm": [
        -148.128029,
        106.95583,
        0.000786
      ],
      "right_translation_after_mm": [
        -148.128029,
        106.95583,
        0.000786
      ],
      "added_mates": [
        "LimitDistance6"
      ],
      "deleted": {
        "LimitDistance6": true
      },
      "restored": true
    },
    {
      "label": "C8_plain_anti_flip",
      "selected": true,
      "error": 5,
      "mate_raw_is_none": false,
      "right_translation_before_mm": [
        -148.128029,
        106.95583,
        0.000786
      ],
      "right_translation_after_mm": [
        -148.128029,
        106.95583,
        0.000786
      ],
      "added_mates": [
        "距离4"
      ],
      "deleted": {
        "距离4": true
      },
      "restored": true
    }
  ],
  "notes": [],
  "session": {
    "attach_only": true,
    "revision": "32.5.0",
    "major": 32,
    "pid": 87516,
    "executable": "F:/Windows_profile/solidworks/SOLIDWORKS/SLDWORKS.exe",
    "document_count": 0,
    "active_doc_is_null": true
  },
  "state_after_guides_and_l_limit": {
    "RIGHT": {
      "translation_mm": [
        -148.128029,
        106.95583,
        0.000786
      ],
      "rotation_diag": [
        -1.0,
        -1.0,
        1.0
      ]
    },
    "LEFT": {
      "translation_mm": [
        -148.128029,
        192.869451,
        9.075467
      ],
      "rotation_diag": [
        -1.0,
        1.0,
        -1.0
      ]
    },
    "PALM": {
      "translation_mm": [
        0.0,
        0.0,
        0.0
      ],
      "rotation_diag": [
        1.0,
        1.0,
        1.0
      ]
    }
  },
  "mate_names": [
    "MATE_L_GUIDE_A_COINCIDENT",
    "MATE_L_GUIDE_B_COINCIDENT",
    "MATE_R_GUIDE_A_COINCIDENT",
    "MATE_R_GUIDE_B_COINCIDENT",
    "MATE_L_TRAVEL_LIMIT_DISTANCE_ADVANCED"
  ],
  "r_limit_faces": {
    "palm_offset_mm": -24.995442566109247,
    "finger_offset_mm": 58.65676341325472
  },
  "verdict": "V5_PROBE_LOOP1C1_R_LIMIT_MATRIX_PASS",
  "cleanup": [
    {
      "title": "装配体52",
      "closed": true
    },
    {
      "title": "B601_GRIPPER_RIGHT_FINGER.SLDPRT",
      "closed": true
    },
    {
      "title": "B601_GRIPPER_LEFT_FINGER.SLDPRT",
      "closed": true
    },
    {
      "title": "B601_GRIPPER_PALM.SLDPRT",
      "closed": true
    }
  ]
}
