[    0.00s] attach: begin
[    0.16s] attach: ok pid=87516
[   34.48s] new assembly document: ok
[  179.26s] insert PALM: ok
[  342.42s] insert LEFT: ok
[  536.34s] insert RIGHT: ok
[  554.00s] guide MATE_L_GUIDE_A_COINCIDENT: align=1 (production 0) ok
[  571.70s] guide MATE_L_GUIDE_B_COINCIDENT: align=1 (production 0) ok
[  589.41s] guide MATE_R_GUIDE_A_COINCIDENT: align=1 (production 0) ok
[  607.43s] guide MATE_R_GUIDE_B_COINCIDENT: align=1 (production 1) ok
[  607.50s] post-guide poses: {"RIGHT": {"translation_mm": [-0.0, 71.5, 0.000525], "rotation_diag": [1.0, 1.0, 1.0]}, "LEFT": {"translation_mm": [0.0, -71.5, -0.000525], "rotation_diag": [1.0, 1.0, 1.0]}, "PALM": {"translation_mm": [0.0, 0.0, 0.0], "rotation_diag": [1.0, 1.0, 1.0]}}
[  657.98s] limit true normals: {"L": {"palm_true_normal": [0.0, 1.0, 7.346e-06], "finger_true_normal": [0.0, 1.0, 7.346e-06]}, "R": {"palm_true_normal": [0.0, -1.0, -7.346e-06], "finger_true_normal": [0.0, 1.0, 7.346e-06]}}
[  684.42s] case R1_anti_pos_plain: error=1
[  712.06s] case R2_aligned_pos_plain: error=5
[  739.44s] case L1_aligned_pos_plain: error=1
[  766.57s] case L2_aligned_neg_plain: error=0
[  898.08s] cleanup: session document-empty
{
  "schema": "V5_PROBE_LOOP1C1_ALIGN_SIGN_V4",
  "guides": [
    {
      "mate": "MATE_L_GUIDE_A_COINCIDENT",
      "palm_true_normal": [
        1.0,
        0.0,
        0.0
      ],
      "finger_true_normal": [
        1.0,
        0.0,
        0.0
      ],
      "chosen_alignment": 1,
      "production_alignment": 0
    },
    {
      "mate": "MATE_L_GUIDE_B_COINCIDENT",
      "palm_true_normal": [
        -0.0,
        7.346e-06,
        -1.0
      ],
      "finger_true_normal": [
        -0.0,
        7.346e-06,
        -1.0
      ],
      "chosen_alignment": 1,
      "production_alignment": 0
    },
    {
      "mate": "MATE_R_GUIDE_A_COINCIDENT",
      "palm_true_normal": [
        1.0,
        0.0,
        0.0
      ],
      "finger_true_normal": [
        1.0,
        0.0,
        0.0
      ],
      "chosen_alignment": 1,
      "production_alignment": 0
    },
    {
      "mate": "MATE_R_GUIDE_B_COINCIDENT",
      "palm_true_normal": [
        -0.0,
        7.346e-06,
        -1.0
      ],
      "finger_true_normal": [
        -0.0,
        -7.346e-06,
        1.0
      ],
      "chosen_alignment": 1,
      "production_alignment": 1
    }
  ],
  "distance_cases": [
    {
      "label": "R1_anti_pos_plain",
      "side": "R",
      "align": 1,
      "dist_m": 0.10516132,
      "upper_m": 0.0,
      "lower_m": 0.0,
      "selected": true,
      "error": 1,
      "mate_raw_is_none": false,
      "stored_distance_mm": 105.16132,
      "stored_alignment": 1,
      "is_advanced": false,
      "stored_min_mm": 105.16132,
      "stored_max_mm": 105.16132,
      "finger_pose_after": {
        "translation_mm": [
          -0.0,
          -138.822641,
          -0.00102
        ],
        "rotation_diag": [
          1.0,
          1.0,
          1.0
        ]
      },
      "deleted": true,
      "restored": true
    },
    {
      "label": "R2_aligned_pos_plain",
      "side": "R",
      "align": 0,
      "dist_m": 0.10516132,
      "upper_m": 0.0,
      "lower_m": 0.0,
      "selected": true,
      "error": 5,
      "mate_raw_is_none": false,
      "stored_distance_mm": 105.16132,
      "stored_alignment": 0,
      "is_advanced": false,
      "stored_min_mm": 105.16132,
      "stored_max_mm": 105.16132,
      "finger_pose_after": {
        "translation_mm": [
          -0.0,
          71.5,
          0.000525
        ],
        "rotation_diag": [
          1.0,
          1.0,
          1.0
        ]
      },
      "deleted": true,
      "restored": true
    },
    {
      "label": "L1_aligned_pos_plain",
      "side": "L",
      "align": 0,
      "dist_m": 0.13218475899999999,
      "upper_m": 0.0,
      "lower_m": 0.0,
      "selected": true,
      "error": 1,
      "mate_raw_is_none": false,
      "stored_distance_mm": 132.18475899999999,
      "stored_alignment": 0,
      "is_advanced": false,
      "stored_min_mm": 132.18475899999999,
      "stored_max_mm": 132.18475899999999,
      "finger_pose_after": {
        "translation_mm": [
          -0.0,
          192.869518,
          0.001417
        ],
        "rotation_diag": [
          1.0,
          1.0,
          1.0
        ]
      },
      "deleted": true,
      "restored": true
    },
    {
      "label": "L2_aligned_neg_plain",
      "side": "L",
      "align": 0,
      "dist_m": -0.13218475899999999,
      "upper_m": 0.0,
      "lower_m": 0.0,
      "selected": true,
      "error": 0,
      "mate_raw_is_none": true,
      "restored": true
    }
  ],
  "notes": [
    "R winner at design pose: NONE",
    "L winner at design pose: NONE"
  ],
  "session": {
    "attach_only": true,
    "revision": "32.5.0",
    "major": 32,
    "pid": 87516,
    "executable": "F:/Windows_profile/solidworks/SOLIDWORKS/SLDWORKS.exe",
    "document_count": 0,
    "active_doc_is_null": true
  },
  "post_guide_poses": {
    "RIGHT": {
      "translation_mm": [
        -0.0,
        71.5,
        0.000525
      ],
      "rotation_diag": [
        1.0,
        1.0,
        1.0
      ]
    },
    "LEFT": {
      "translation_mm": [
        0.0,
        -71.5,
        -0.000525
      ],
      "rotation_diag": [
        1.0,
        1.0,
        1.0
      ]
    },
    "PALM": {
      "translation_mm": [
        0.0,
        0.0,
        0.0
      ],
      "rotation_diag": [
        1.0,
        1.0,
        1.0
      ]
    }
  },
  "right_branch_attempts": [],
  "poses_for_distance_tests": {
    "RIGHT": {
      "translation_mm": [
        -0.0,
        71.5,
        0.000525
      ],
      "rotation_diag": [
        1.0,
        1.0,
        1.0
      ]
    },
    "LEFT": {
      "translation_mm": [
        0.0,
        -71.5,
        -0.000525
      ],
      "rotation_diag": [
        1.0,
        1.0,
        1.0
      ]
    },
    "PALM": {
      "translation_mm": [
        0.0,
        0.0,
        0.0
      ],
      "rotation_diag": [
        1.0,
        1.0,
        1.0
      ]
    }
  },
  "limit_face_true_normals": {
    "L": {
      "palm_true_normal": [
        0.0,
        1.0,
        7.346e-06
      ],
      "finger_true_normal": [
        0.0,
        1.0,
        7.346e-06
      ]
    },
    "R": {
      "palm_true_normal": [
        0.0,
        -1.0,
        -7.346e-06
      ],
      "finger_true_normal": [
        0.0,
        1.0,
        7.346e-06
      ]
    }
  },
  "verdict": "V5_PROBE_LOOP1C1_ALIGN_SIGN_V4_PASS",
  "cleanup": [
    {
      "title": "装配体54",
      "closed": true
    },
    {
      "title": "B601_GRIPPER_RIGHT_FINGER.SLDPRT",
      "closed": true
    },
    {
      "title": "B601_GRIPPER_LEFT_FINGER.SLDPRT",
      "closed": true
    },
    {
      "title": "B601_GRIPPER_PALM.SLDPRT",
      "closed": true
    }
  ]
}
