[    0.00s] attach: begin
[    0.17s] attach: ok pid=87516
[   62.77s] new assembly document: ok
[  143.27s] insert PALM: ok
[  391.89s] insert LEFT: ok
[  468.90s] insert RIGHT: ok
[  486.71s] guide MATE_L_GUIDE_A_COINCIDENT: align=1 (production 0) ok
[  504.09s] guide MATE_L_GUIDE_B_COINCIDENT: align=1 (production 0) ok
[  521.83s] guide MATE_R_GUIDE_A_COINCIDENT: align=1 (production 0) ok
[  539.81s] guide MATE_R_GUIDE_B_COINCIDENT: align=0 (production 1) ok
[  539.88s] post-guide poses: {"RIGHT": {"translation_mm": [-0.0, 111.114799, 9.074867], "rotation_diag": [1.0, -1.0, -1.0]}, "LEFT": {"translation_mm": [0.0, -71.5, -0.000525], "rotation_diag": [1.0, 1.0, 1.0]}, "PALM": {"translation_mm": [0.0, 0.0, 0.0], "rotation_diag": [1.0, 1.0, 1.0]}}
[  546.28s] exception; see payload
[  780.28s] cleanup: session document-empty
{
  "schema": "V5_PROBE_LOOP1C1_ALIGN_SIGN_V3",
  "guides": [
    {
      "mate": "MATE_L_GUIDE_A_COINCIDENT",
      "palm_true_normal": [
        1.0,
        0.0,
        0.0
      ],
      "finger_true_normal": [
        1.0,
        0.0,
        0.0
      ],
      "chosen_alignment": 1,
      "production_alignment": 0
    },
    {
      "mate": "MATE_L_GUIDE_B_COINCIDENT",
      "palm_true_normal": [
        -0.0,
        7.346e-06,
        -1.0
      ],
      "finger_true_normal": [
        -0.0,
        7.346e-06,
        -1.0
      ],
      "chosen_alignment": 1,
      "production_alignment": 0
    },
    {
      "mate": "MATE_R_GUIDE_A_COINCIDENT",
      "palm_true_normal": [
        1.0,
        0.0,
        0.0
      ],
      "finger_true_normal": [
        1.0,
        0.0,
        0.0
      ],
      "chosen_alignment": 1,
      "production_alignment": 0
    },
    {
      "mate": "MATE_R_GUIDE_B_COINCIDENT",
      "palm_true_normal": [
        -0.0,
        7.346e-06,
        -1.0
      ],
      "finger_true_normal": [
        -0.0,
        -7.346e-06,
        1.0
      ],
      "chosen_alignment": 0,
      "production_alignment": 1
    }
  ],
  "distance_cases": [],
  "notes": [],
  "session": {
    "attach_only": true,
    "revision": "32.5.0",
    "major": 32,
    "pid": 87516,
    "executable": "F:/Windows_profile/solidworks/SOLIDWORKS/SLDWORKS.exe",
    "document_count": 0,
    "active_doc_is_null": true
  },
  "post_guide_poses": {
    "RIGHT": {
      "translation_mm": [
        -0.0,
        111.114799,
        9.074867
      ],
      "rotation_diag": [
        1.0,
        -1.0,
        -1.0
      ]
    },
    "LEFT": {
      "translation_mm": [
        0.0,
        -71.5,
        -0.000525
      ],
      "rotation_diag": [
        1.0,
        1.0,
        1.0
      ]
    },
    "PALM": {
      "translation_mm": [
        0.0,
        0.0,
        0.0
      ],
      "rotation_diag": [
        1.0,
        1.0,
        1.0
      ]
    }
  },
  "exception": "Traceback (most recent call last):\n  File \"F:\\China Graduate Future Flight Vehicle Innovation Competition\\20_engineering\\F3R2_V5_NATIVE_MECHANICAL_RELEASE_20260810T000300_V5NATIVE\\99_tools\\V5_PROBE_LOOP1C1_ALIGN_SIGN.py\", line 126, in main\n    finger_ent, _ff = m.limit_face(model, components[side], role, side, \"finger\", types, pythoncom)\n                                          ~~~~~~~~~~^^^^^^\nKeyError: 'L'\n",
  "verdict": "V5_PROBE_LOOP1C1_ALIGN_SIGN_FAIL",
  "cleanup": [
    {
      "title": "装配体53",
      "closed": true
    },
    {
      "title": "B601_GRIPPER_RIGHT_FINGER.SLDPRT",
      "closed": true
    },
    {
      "title": "B601_GRIPPER_LEFT_FINGER.SLDPRT",
      "closed": true
    },
    {
      "title": "B601_GRIPPER_PALM.SLDPRT",
      "closed": true
    }
  ]
}
