[    0.00s] attach: begin
[    0.19s] attach: ok pid=87516 rev=32.5.0
[  169.51s] insert BASE: ok name2=ARM_HDRM_LOAD_TRANSFER_BASE-1
[  454.70s] insert LATCH_A: ok name2=ARM_HDRM_LATCH_SLIDER-1
[  455.09s] insert LATCH_B: ok name2=ARM_HDRM_LATCH_SLIDER-2
[  455.21s] lock mate BASExLATCH_A: ok
[  455.34s] lock mate BASExLATCH_B: ok
[  457.05s] configs: ['STATE_B', 'STATE_A']
[  458.56s] P2: auto-cascade suppressed M2? False
[  460.79s] P3: explicit M2 suppress readback=True
[  464.38s] P4: STATE_B M2 suppressed=False error=0 (want False/0)
[  466.02s] P5: STATE_A M1 suppressed=False M2 suppressed=True (want False/True)
[  466.62s] P6: saved probe assembly -> C:\Users\stude\AppData\Local\Temp\V5_PROBE_LOOP1D_MATE_SUPPRESS_20260811T060726.584979Z.SLDASM
[  618.26s] exception; see payload
[  618.26s] cleanup: document_count=0
{
  "schema": "V5_PROBE_LOOP1D_MATE_SUPPRESSION_V1",
  "timestamp_start_utc": "2026-08-11T05:59:40.560679+00:00",
  "phases": {
    "P0_build": {
      "mates_created": [
        {
          "mate_type": 16,
          "align": 2,
          "error_status": 1,
          "selected_count": 2
        },
        {
          "mate_type": 16,
          "align": 2,
          "error_status": 1,
          "selected_count": 2
        }
      ],
      "components": {
        "BASE": {
          "name2": "ARM_HDRM_LOAD_TRANSFER_BASE-1",
          "suppression": 2,
          "fixed": true
        },
        "LATCH_A": {
          "name2": "ARM_HDRM_LATCH_SLIDER-1",
          "suppression": 2,
          "fixed": false
        },
        "LATCH_B": {
          "name2": "ARM_HDRM_LATCH_SLIDER-2",
          "suppression": 2,
          "fixed": false
        }
      },
      "ledger": [
        {
          "feature_name": "锁定1",
          "suppressed": false,
          "error_code": 0,
          "mate_type": 16,
          "alignment": 2,
          "flipped": false,
          "endpoints": [
            "ARM_HDRM_LOAD_TRANSFER_BASE-1",
            "ARM_HDRM_LATCH_SLIDER-1"
          ]
        },
        {
          "feature_name": "锁定2",
          "suppressed": false,
          "error_code": 0,
          "mate_type": 16,
          "alignment": 2,
          "flipped": false,
          "endpoints": [
            "ARM_HDRM_LOAD_TRANSFER_BASE-1",
            "ARM_HDRM_LATCH_SLIDER-2"
          ]
        }
      ]
    },
    "P1_configs": {
      "configuration_names": [
        "STATE_B",
        "STATE_A"
      ],
      "active": "STATE_A"
    },
    "P2_state_a_component_suppress_only": {
      "drive_first": {
        "BASE": {
          "wanted": 1,
          "returned": 2,
          "readback": 1,
          "ok": true
        },
        "LATCH_A": {
          "wanted": 1,
          "returned": 2,
          "readback": 1,
          "ok": true
        },
        "LATCH_B": {
          "wanted": 0,
          "returned": 2,
          "readback": 0,
          "ok": true
        }
      },
      "drive_reapply": {
        "BASE": {
          "wanted": 1,
          "returned": 2,
          "readback": 1,
          "ok": true
        },
        "LATCH_A": {
          "wanted": 1,
          "returned": 2,
          "readback": 1,
          "ok": true
        },
        "LATCH_B": {
          "wanted": 0,
          "returned": 2,
          "readback": 0,
          "ok": true
        }
      },
      "live_components": [
        {
          "name2": "ARM_HDRM_LATCH_SLIDER-1",
          "suppression": 1,
          "fixed": false
        },
        {
          "name2": "ARM_HDRM_LATCH_SLIDER-2",
          "suppression": 0,
          "fixed": false
        },
        {
          "name2": "ARM_HDRM_LOAD_TRANSFER_BASE-1",
          "suppression": 1,
          "fixed": true
        }
      ],
      "ledger": [
        {
          "feature_name": "锁定1",
          "suppressed": false,
          "error_code": 0,
          "mate_type": 16,
          "alignment": 2,
          "flipped": false,
          "endpoints": [
            "ARM_HDRM_LOAD_TRANSFER_BASE-1",
            "ARM_HDRM_LATCH_SLIDER-1"
          ]
        },
        {
          "feature_name": "锁定2",
          "suppressed": false,
          "error_code": 0,
          "mate_type": 16,
          "alignment": 2,
          "flipped": false,
          "endpoints": [
            "ARM_HDRM_LOAD_TRANSFER_BASE-1",
            "ARM_HDRM_LATCH_SLIDER-2"
          ]
        }
      ],
      "auto_cascade_suppressed_m2": false
    },
    "P3_state_a_explicit_mate_suppress": {
      "drive": {
        "feature_name": "锁定2",
        "endpoints": [
          "ARM_HDRM_LATCH_SLIDER-2",
          "ARM_HDRM_LOAD_TRANSFER_BASE-1"
        ],
        "state_arg": 0,
        "option_arg": 1,
        "returned": "True",
        "readback_suppressed": true,
        "ok": true
      },
      "ledger": [
        {
          "feature_name": "锁定1",
          "suppressed": false,
          "error_code": 0,
          "mate_type": 16,
          "alignment": 2,
          "flipped": false,
          "endpoints": [
            "ARM_HDRM_LOAD_TRANSFER_BASE-1",
            "ARM_HDRM_LATCH_SLIDER-1"
          ]
        },
        {
          "feature_name": "锁定2",
          "suppressed": true,
          "error_code": 0,
          "mate_type": 16,
          "alignment": 2,
          "flipped": false,
          "endpoints": [
            "ARM_HDRM_LOAD_TRANSFER_BASE-1",
            "ARM_HDRM_LATCH_SLIDER-2"
          ]
        }
      ]
    },
    "P4_state_b_explicit_drive": {
      "drive_first": {
        "BASE": {
          "wanted": 1,
          "returned": 0,
          "readback": -1,
          "ok": false
        },
        "LATCH_A": {
          "wanted": 0,
          "returned": 0,
          "readback": -1,
          "ok": false
        },
        "LATCH_B": {
          "wanted": 1,
          "returned": 0,
          "readback": -1,
          "ok": false
        }
      },
      "drive_reapply": {
        "BASE": {
          "wanted": 1,
          "returned": 0,
          "readback": -1,
          "ok": false
        },
        "LATCH_A": {
          "wanted": 0,
          "returned": 0,
          "readback": -1,
          "ok": false
        },
        "LATCH_B": {
          "wanted": 1,
          "returned": 0,
          "readback": -1,
          "ok": false
        }
      },
      "drive_m1_suppress": {
        "feature_name": "锁定1",
        "endpoints": [
          "ARM_HDRM_LATCH_SLIDER-1",
          "ARM_HDRM_LOAD_TRANSFER_BASE-1"
        ],
        "state_arg": 0,
        "option_arg": 1,
        "returned": "True",
        "readback_suppressed": true,
        "ok": true
      },
      "drive_m2_unsuppress": {
        "feature_name": "锁定2",
        "endpoints": [
          "ARM_HDRM_LATCH_SLIDER-2",
          "ARM_HDRM_LOAD_TRANSFER_BASE-1"
        ],
        "state_arg": 1,
        "option_arg": 1,
        "returned": "True",
        "readback_suppressed": false,
        "ok": true
      },
      "live_components": [
        {
          "name2": "ARM_HDRM_LATCH_SLIDER-1",
          "suppression": 1,
          "fixed": false
        },
        {
          "name2": "ARM_HDRM_LATCH_SLIDER-2",
          "suppression": 1,
          "fixed": false
        },
        {
          "name2": "ARM_HDRM_LOAD_TRANSFER_BASE-1",
          "suppression": 1,
          "fixed": true
        }
      ],
      "ledger": [
        {
          "feature_name": "锁定1",
          "suppressed": true,
          "error_code": 0,
          "mate_type": 16,
          "alignment": 2,
          "flipped": false,
          "endpoints": [
            "ARM_HDRM_LOAD_TRANSFER_BASE-1",
            "ARM_HDRM_LATCH_SLIDER-1"
          ]
        },
        {
          "feature_name": "锁定2",
          "suppressed": false,
          "error_code": 0,
          "mate_type": 16,
          "alignment": 2,
          "flipped": false,
          "endpoints": [
            "ARM_HDRM_LOAD_TRANSFER_BASE-1",
            "ARM_HDRM_LATCH_SLIDER-2"
          ]
        }
      ]
    },
    "P5_back_to_state_a": {
      "live_components": [
        {
          "name2": "ARM_HDRM_LATCH_SLIDER-1",
          "suppression": 1,
          "fixed": false
        },
        {
          "name2": "ARM_HDRM_LATCH_SLIDER-2",
          "suppression": 0,
          "fixed": false
        },
        {
          "name2": "ARM_HDRM_LOAD_TRANSFER_BASE-1",
          "suppression": 1,
          "fixed": true
        }
      ],
      "ledger": [
        {
          "feature_name": "锁定1",
          "suppressed": false,
          "error_code": 0,
          "mate_type": 16,
          "alignment": 2,
          "flipped": false,
          "endpoints": [
            "ARM_HDRM_LOAD_TRANSFER_BASE-1",
            "ARM_HDRM_LATCH_SLIDER-1"
          ]
        },
        {
          "feature_name": "锁定2",
          "suppressed": true,
          "error_code": 0,
          "mate_type": 16,
          "alignment": 2,
          "flipped": false,
          "endpoints": [
            "ARM_HDRM_LOAD_TRANSFER_BASE-1",
            "ARM_HDRM_LATCH_SLIDER-2"
          ]
        }
      ]
    },
    "P6_save": {
      "save": {
        "path": "C:/Users/stude/AppData/Local/Temp/V5_PROBE_LOOP1D_MATE_SUPPRESS_20260811T060726.584979Z.SLDASM",
        "bytes": 128135,
        "sha256": "A324893B6F1F78DC61A0933361B2922975C1B5D4190E31524BA6637B5A55103D",
        "errors": 0,
        "warnings": 0
      },
      "temp_target": "C:\\Users\\stude\\AppData\\Local\\Temp\\V5_PROBE_LOOP1D_MATE_SUPPRESS_20260811T060726.584979Z.SLDASM"
    }
  },
  "notes": [],
  "session": {
    "attach_only": true,
    "revision": "32.5.0",
    "major": 32,
    "pid": 87516,
    "executable": "F:/Windows_profile/solidworks/SOLIDWORKS/SLDWORKS.exe",
    "document_count": 0,
    "active_doc_is_null": true
  },
  "memory_available_gib_start": 2.896,
  "exception": "Traceback (most recent call last):\n  File \"F:\\China Graduate Future Flight Vehicle Innovation Competition\\20_engineering\\F3R2_V5_NATIVE_MECHANICAL_RELEASE_20260810T000300_V5NATIVE\\99_tools\\V5_PROBE_LOOP1D_MATE_SUPPRESSION.py\", line 343, in main\n    raise RuntimeError(f\"cold config activation/rebuild failed: {config}\")\nRuntimeError: cold config activation/rebuild failed: STATE_A\n",
  "verdict": "V5_PROBE_LOOP1D_MATE_SUPPRESSION_FAIL",
  "cleanup_document_count": 0,
  "memory_available_gib_end": 3.264,
  "timestamp_end_utc": "2026-08-11T06:09:58.822199+00:00"
}
