[    0.19s] attach: ok pid=87516 rev=32.5.0 docs=0
[    5.18s] L1: as-opened dump captured (read-only)
[    5.47s] L2: resolve drive -> [('ARM_HDRM_LATCH_SLIDER-2', 0, None), ('ARM_HDRM_LOAD_TRANSFER_BASE-1', 2, 1), ('ARM_HDRM_LATCH_SLIDER-1', 2, 1)]
[    6.58s] L3: STATE_A captured
[    7.72s] L3: STATE_B captured
[  372.34s] L4: writable-open dump captured
[  374.32s] cleanup: document_count=0
{
  "schema": "V5_PROBE_LOOP1D_LIGHTWEIGHT_RESOLVE_V1",
  "timestamp_start_utc": "2026-08-11T07:08:43.441294+00:00",
  "target": "C:\\Users\\stude\\AppData\\Local\\Temp\\V5_PROBE_LOOP1D_DRESS_REHEARSAL_20260811T065052.107926Z.SLDASM",
  "target_exists": true,
  "phases": {
    "L1_as_opened": {
      "active": null,
      "components": [
        {
          "name2": "ARM_HDRM_LATCH_SLIDER-1",
          "suppression": 2,
          "fixed": false,
          "translation_mm": [
            8.0,
            0.0,
            143.0
          ],
          "expected_translation_mm": [
            8.0,
            0.0,
            150.0
          ],
          "solid_body_count": 1
        },
        {
          "name2": "ARM_HDRM_LATCH_SLIDER-2",
          "suppression": 0,
          "fixed": false,
          "translation_mm": [
            2.0,
            0.0,
            143.0
          ],
          "expected_translation_mm": [
            2.0,
            0.0,
            150.0
          ],
          "solid_body_count": 0
        },
        {
          "name2": "ARM_HDRM_LOAD_TRANSFER_BASE-1",
          "suppression": 2,
          "fixed": true,
          "translation_mm": [
            0.0,
            0.0,
            145.0
          ],
          "expected_translation_mm": [
            0.0,
            0.0,
            150.0
          ],
          "solid_body_count": 1
        }
      ]
    },
    "L2_resolve_drive": [
      {
        "name2": "ARM_HDRM_LATCH_SLIDER-2",
        "before": 0
      },
      {
        "name2": "ARM_HDRM_LOAD_TRANSFER_BASE-1",
        "before": 2,
        "returned": 2,
        "after": 1
      },
      {
        "name2": "ARM_HDRM_LATCH_SLIDER-1",
        "before": 2,
        "returned": 2,
        "after": 1
      }
    ],
    "L2_post_rebuild": [
      {
        "name2": "ARM_HDRM_LATCH_SLIDER-1",
        "suppression": 1,
        "fixed": false,
        "translation_mm": [
          8.0,
          0.0,
          143.0
        ],
        "expected_translation_mm": [
          8.0,
          0.0,
          150.0
        ],
        "solid_body_count": 1
      },
      {
        "name2": "ARM_HDRM_LATCH_SLIDER-2",
        "suppression": 0,
        "fixed": false,
        "translation_mm": [
          2.0,
          0.0,
          143.0
        ],
        "expected_translation_mm": [
          2.0,
          0.0,
          150.0
        ],
        "solid_body_count": 0
      },
      {
        "name2": "ARM_HDRM_LOAD_TRANSFER_BASE-1",
        "suppression": 1,
        "fixed": true,
        "translation_mm": [
          0.0,
          0.0,
          145.0
        ],
        "expected_translation_mm": [
          0.0,
          0.0,
          150.0
        ],
        "solid_body_count": 1
      }
    ],
    "L3_per_config": {
      "STATE_A": {
        "resolve_drive": [
          {
            "name2": "ARM_HDRM_LATCH_SLIDER-2",
            "before": 0
          },
          {
            "name2": "ARM_HDRM_LOAD_TRANSFER_BASE-1",
            "before": 1,
            "returned": 2,
            "after": 1
          },
          {
            "name2": "ARM_HDRM_LATCH_SLIDER-1",
            "before": 1,
            "returned": 2,
            "after": 1
          }
        ],
        "components": [
          {
            "name2": "ARM_HDRM_LATCH_SLIDER-1",
            "suppression": 1,
            "fixed": false,
            "translation_mm": [
              8.0,
              0.0,
              143.0
            ],
            "expected_translation_mm": [
              8.0,
              0.0,
              150.0
            ],
            "solid_body_count": 1
          },
          {
            "name2": "ARM_HDRM_LATCH_SLIDER-2",
            "suppression": 0,
            "fixed": false,
            "translation_mm": [
              2.0,
              0.0,
              143.0
            ],
            "expected_translation_mm": [
              2.0,
              0.0,
              150.0
            ],
            "solid_body_count": 0
          },
          {
            "name2": "ARM_HDRM_LOAD_TRANSFER_BASE-1",
            "suppression": 1,
            "fixed": true,
            "translation_mm": [
              0.0,
              0.0,
              145.0
            ],
            "expected_translation_mm": [
              0.0,
              0.0,
              150.0
            ],
            "solid_body_count": 1
          }
        ],
        "extreme_points": [
          {
            "name2": "ARM_HDRM_LOAD_TRANSFER_BASE-1",
            "bodies": 1,
            "extreme_exception": "TypeError(\"float() argument must be a string or a real number, not 'VARIANT'\")"
          },
          {
            "name2": "ARM_HDRM_LATCH_SLIDER-1",
            "bodies": 1,
            "extreme_exception": "TypeError(\"float() argument must be a string or a real number, not 'VARIANT'\")"
          }
        ]
      },
      "STATE_B": {
        "resolve_drive": [
          {
            "name2": "ARM_HDRM_LOAD_TRANSFER_BASE-1",
            "before": 1,
            "returned": 2,
            "after": 1
          },
          {
            "name2": "ARM_HDRM_LATCH_SLIDER-1",
            "before": 0
          },
          {
            "name2": "ARM_HDRM_LATCH_SLIDER-2",
            "before": 1,
            "returned": 2,
            "after": 1
          }
        ],
        "components": [
          {
            "name2": "ARM_HDRM_LATCH_SLIDER-1",
            "suppression": 0,
            "fixed": false,
            "translation_mm": [
              8.0,
              0.0,
              143.0
            ],
            "expected_translation_mm": [
              8.0,
              0.0,
              150.0
            ],
            "solid_body_count": 0
          },
          {
            "name2": "ARM_HDRM_LATCH_SLIDER-2",
            "suppression": 1,
            "fixed": false,
            "translation_mm": [
              2.0,
              0.0,
              143.0
            ],
            "expected_translation_mm": [
              2.0,
              0.0,
              150.0
            ],
            "solid_body_count": 1
          },
          {
            "name2": "ARM_HDRM_LOAD_TRANSFER_BASE-1",
            "suppression": 1,
            "fixed": true,
            "translation_mm": [
              0.0,
              0.0,
              145.0
            ],
            "expected_translation_mm": [
              0.0,
              0.0,
              150.0
            ],
            "solid_body_count": 1
          }
        ],
        "extreme_points": [
          {
            "name2": "ARM_HDRM_LOAD_TRANSFER_BASE-1",
            "bodies": 1,
            "extreme_exception": "TypeError(\"float() argument must be a string or a real number, not 'VARIANT'\")"
          },
          {
            "name2": "ARM_HDRM_LATCH_SLIDER-2",
            "bodies": 1,
            "extreme_exception": "TypeError(\"float() argument must be a string or a real number, not 'VARIANT'\")"
          }
        ]
      }
    },
    "L4_writable_open": {
      "read_only": false,
      "components": [
        {
          "name2": "ARM_HDRM_LATCH_SLIDER-1",
          "suppression": 2,
          "fixed": false,
          "translation_mm": [
            8.0,
            0.0,
            143.0
          ],
          "expected_translation_mm": [
            8.0,
            0.0,
            150.0
          ],
          "solid_body_count": 1
        },
        {
          "name2": "ARM_HDRM_LATCH_SLIDER-2",
          "suppression": 0,
          "fixed": false,
          "translation_mm": [
            2.0,
            0.0,
            143.0
          ],
          "expected_translation_mm": [
            2.0,
            0.0,
            150.0
          ],
          "solid_body_count": 0
        },
        {
          "name2": "ARM_HDRM_LOAD_TRANSFER_BASE-1",
          "suppression": 2,
          "fixed": true,
          "translation_mm": [
            0.0,
            0.0,
            145.0
          ],
          "expected_translation_mm": [
            0.0,
            0.0,
            150.0
          ],
          "solid_body_count": 1
        }
      ]
    }
  },
  "session": {
    "attach_only": true,
    "revision": "32.5.0",
    "major": 32,
    "pid": 87516,
    "executable": "F:/Windows_profile/solidworks/SOLIDWORKS/SLDWORKS.exe",
    "document_count": 0,
    "active_doc_is_null": true
  },
  "memory_available_gib_start": 2.584,
  "checks": {
    "L2_set_suppression_resolves_lightweight_readonly": true,
    "L3_transforms_exact_including_suppressed": false,
    "L3_bodies_and_extreme_points_ok": false
  },
  "verdict": "V5_PROBE_LOOP1D_LIGHTWEIGHT_RESOLVE_MIXED",
  "cleanup_document_count": 0,
  "memory_available_gib_end": 2.309,
  "timestamp_end_utc": "2026-08-11T07:14:57.763201+00:00"
}
