[    0.28s] attach ok pid=83860 docs_before=1
[    0.33s] P0 mirror: 10 parts -> C:\Users\stude\AppData\Local\Temp\V5_PROBE_LOOP1E_PREOPEN_20260811T213359Z
[    0.34s] pre-open failed for B51_REF_base_link_LINKLOCAL.SLDPRT: RuntimeError('OpenDoc6 failed path=C:\\Users\\stude\\AppData\\Local\\Temp\\V5_PROBE_LOOP1E_PREOPEN_20260811T213359Z\\inputs\\vendor_link_parts\\B51_REF_base_link_LINKLOCAL.SLDPRT errors=65536 warnings=0')
[   21.01s] P1 pre-opened 9/10 parts
[   31.39s] P2 warm non-local=[('B51_REF_base_link_LINKLOCAL-1', 'F3R1_MECHANICAL_INTEGRATION_RECOVERY_20260806/03_native_cad/')]
[   59.04s] P3 cold non-local=[('B51_REF_base_link_LINKLOCAL-1', 'F3R1_MECHANICAL_INTEGRATION_RECOVERY_20260806/03_native_cad/')]
[   60.92s] P4 cleanup remaining=1
{
  "schema": "V5_PROBE_LOOP1E_PREOPEN_BINDING_V1",
  "timestamp_start_utc": "2026-08-11T21:33:59.906511+00:00",
  "phases": {
    "P0_mirror": {
      "root": "C:\\Users\\stude\\AppData\\Local\\Temp\\V5_PROBE_LOOP1E_PREOPEN_20260811T213359Z",
      "parts": 10
    },
    "P1_preopened": [
      {
        "part": "C:/Users/stude/AppData/Local/Temp/V5_PROBE_LOOP1E_PREOPEN_20260811T213359Z/inputs/vendor_link_parts/B51_REF_base_link_LINKLOCAL.SLDPRT",
        "opened": false,
        "exception": "RuntimeError('OpenDoc6 failed path=C:\\\\Users\\\\stude\\\\AppData\\\\Local\\\\Temp\\\\V5_PROBE_LOOP1E_PREOPEN_20260811T213359Z\\\\inputs\\\\vendor_link_parts\\\\B51_REF_base_link_LINKLOCAL.SLDPRT errors=65536 warnings=0')"
      },
      {
        "part": "C:/Users/stude/AppData/Local/Temp/V5_PROBE_LOOP1E_PREOPEN_20260811T213359Z/inputs/vendor_link_parts/B51_REF_gripper_detail_LINKLOCAL.SLDPRT",
        "opened": true,
        "title": "B51_REF_gripper_detail_LINKLOCAL.SLDPRT"
      },
      {
        "part": "C:/Users/stude/AppData/Local/Temp/V5_PROBE_LOOP1E_PREOPEN_20260811T213359Z/inputs/vendor_link_parts/B51_REF_link1_LINKLOCAL.SLDPRT",
        "opened": true,
        "title": "B51_REF_link1_LINKLOCAL.SLDPRT"
      },
      {
        "part": "C:/Users/stude/AppData/Local/Temp/V5_PROBE_LOOP1E_PREOPEN_20260811T213359Z/inputs/vendor_link_parts/B51_REF_link2_LINKLOCAL.SLDPRT",
        "opened": true,
        "title": "B51_REF_link2_LINKLOCAL.SLDPRT"
      },
      {
        "part": "C:/Users/stude/AppData/Local/Temp/V5_PROBE_LOOP1E_PREOPEN_20260811T213359Z/inputs/vendor_link_parts/B51_REF_link3_LINKLOCAL.SLDPRT",
        "opened": true,
        "title": "B51_REF_link3_LINKLOCAL.SLDPRT"
      },
      {
        "part": "C:/Users/stude/AppData/Local/Temp/V5_PROBE_LOOP1E_PREOPEN_20260811T213359Z/inputs/vendor_link_parts/B51_REF_link4_LINKLOCAL.SLDPRT",
        "opened": true,
        "title": "B51_REF_link4_LINKLOCAL.SLDPRT"
      },
      {
        "part": "C:/Users/stude/AppData/Local/Temp/V5_PROBE_LOOP1E_PREOPEN_20260811T213359Z/inputs/vendor_link_parts/B51_REF_link5_LINKLOCAL.SLDPRT",
        "opened": true,
        "title": "B51_REF_link5_LINKLOCAL.SLDPRT"
      },
      {
        "part": "C:/Users/stude/AppData/Local/Temp/V5_PROBE_LOOP1E_PREOPEN_20260811T213359Z/inputs/vendor_link_parts/B51_REF_link6_LINKLOCAL.SLDPRT",
        "opened": true,
        "title": "B51_REF_link6_LINKLOCAL.SLDPRT"
      },
      {
        "part": "C:/Users/stude/AppData/Local/Temp/V5_PROBE_LOOP1E_PREOPEN_20260811T213359Z/parts/B51_REV_DATUM_FEMALE.SLDPRT",
        "opened": true,
        "title": "B51_REV_DATUM_FEMALE.SLDPRT"
      },
      {
        "part": "C:/Users/stude/AppData/Local/Temp/V5_PROBE_LOOP1E_PREOPEN_20260811T213359Z/parts/B51_REV_DATUM_MALE.SLDPRT",
        "opened": true,
        "title": "B51_REV_DATUM_MALE.SLDPRT"
      }
    ],
    "P1_docs": [
      {
        "title": "B51_REF_base_link_LINKLOCAL.SLDPRT",
        "path": "F:/China Graduate Future Flight Vehicle Innovation Competition/20_engineering/F3R1_MECHANICAL_INTEGRATION_RECOVERY_20260806/03_native_cad/B601_ARM_B51_COPY/inputs/vendor_link_parts/B51_REF_base_link_LINKLOCAL.SLDPRT"
      },
      {
        "title": "B51_REF_gripper_detail_LINKLOCAL.SLDPRT",
        "path": "C:/Users/stude/AppData/Local/Temp/V5_PROBE_LOOP1E_PREOPEN_20260811T213359Z/inputs/vendor_link_parts/B51_REF_gripper_detail_LINKLOCAL.SLDPRT"
      },
      {
        "title": "B51_REF_link1_LINKLOCAL.SLDPRT",
        "path": "C:/Users/stude/AppData/Local/Temp/V5_PROBE_LOOP1E_PREOPEN_20260811T213359Z/inputs/vendor_link_parts/B51_REF_link1_LINKLOCAL.SLDPRT"
      },
      {
        "title": "B51_REF_link2_LINKLOCAL.SLDPRT",
        "path": "C:/Users/stude/AppData/Local/Temp/V5_PROBE_LOOP1E_PREOPEN_20260811T213359Z/inputs/vendor_link_parts/B51_REF_link2_LINKLOCAL.SLDPRT"
      },
      {
        "title": "B51_REF_link3_LINKLOCAL.SLDPRT",
        "path": "C:/Users/stude/AppData/Local/Temp/V5_PROBE_LOOP1E_PREOPEN_20260811T213359Z/inputs/vendor_link_parts/B51_REF_link3_LINKLOCAL.SLDPRT"
      },
      {
        "title": "B51_REF_link4_LINKLOCAL.SLDPRT",
        "path": "C:/Users/stude/AppData/Local/Temp/V5_PROBE_LOOP1E_PREOPEN_20260811T213359Z/inputs/vendor_link_parts/B51_REF_link4_LINKLOCAL.SLDPRT"
      },
      {
        "title": "B51_REF_link5_LINKLOCAL.SLDPRT",
        "path": "C:/Users/stude/AppData/Local/Temp/V5_PROBE_LOOP1E_PREOPEN_20260811T213359Z/inputs/vendor_link_parts/B51_REF_link5_LINKLOCAL.SLDPRT"
      },
      {
        "title": "B51_REF_link6_LINKLOCAL.SLDPRT",
        "path": "C:/Users/stude/AppData/Local/Temp/V5_PROBE_LOOP1E_PREOPEN_20260811T213359Z/inputs/vendor_link_parts/B51_REF_link6_LINKLOCAL.SLDPRT"
      },
      {
        "title": "B51_REV_DATUM_FEMALE.SLDPRT",
        "path": "C:/Users/stude/AppData/Local/Temp/V5_PROBE_LOOP1E_PREOPEN_20260811T213359Z/parts/B51_REV_DATUM_FEMALE.SLDPRT"
      },
      {
        "title": "B51_REV_DATUM_MALE.SLDPRT",
        "path": "C:/Users/stude/AppData/Local/Temp/V5_PROBE_LOOP1E_PREOPEN_20260811T213359Z/parts/B51_REV_DATUM_MALE.SLDPRT"
      }
    ],
    "P2_warm_rows": [
      {
        "name2": "B51_REF_base_link_LINKLOCAL-1",
        "path": "F:/China Graduate Future Flight Vehicle Innovation Competition/20_engineering/F3R1_MECHANICAL_INTEGRATION_RECOVERY_20260806/03_native_cad/B601_ARM_B51_COPY/inputs/vendor_link_parts/B51_REF_base_link_LINKLOCAL.SLDPRT",
        "suppression": 2,
        "suppression_label": "LIGHTWEIGHT"
      },
      {
        "name2": "B51_REF_gripper_detail_LINKLOCAL-1",
        "path": "C:/Users/stude/AppData/Local/Temp/V5_PROBE_LOOP1E_PREOPEN_20260811T213359Z/inputs/vendor_link_parts/B51_REF_gripper_detail_LINKLOCAL.SLDPRT",
        "suppression": 2,
        "suppression_label": "LIGHTWEIGHT"
      },
      {
        "name2": "B51_REF_link1_LINKLOCAL-1",
        "path": "C:/Users/stude/AppData/Local/Temp/V5_PROBE_LOOP1E_PREOPEN_20260811T213359Z/inputs/vendor_link_parts/B51_REF_link1_LINKLOCAL.SLDPRT",
        "suppression": 2,
        "suppression_label": "LIGHTWEIGHT"
      },
      {
        "name2": "B51_REF_link2_LINKLOCAL-1",
        "path": "C:/Users/stude/AppData/Local/Temp/V5_PROBE_LOOP1E_PREOPEN_20260811T213359Z/inputs/vendor_link_parts/B51_REF_link2_LINKLOCAL.SLDPRT",
        "suppression": 2,
        "suppression_label": "LIGHTWEIGHT"
      },
      {
        "name2": "B51_REF_link3_LINKLOCAL-1",
        "path": "C:/Users/stude/AppData/Local/Temp/V5_PROBE_LOOP1E_PREOPEN_20260811T213359Z/inputs/vendor_link_parts/B51_REF_link3_LINKLOCAL.SLDPRT",
        "suppression": 2,
        "suppression_label": "LIGHTWEIGHT"
      },
      {
        "name2": "B51_REF_link4_LINKLOCAL-1",
        "path": "C:/Users/stude/AppData/Local/Temp/V5_PROBE_LOOP1E_PREOPEN_20260811T213359Z/inputs/vendor_link_parts/B51_REF_link4_LINKLOCAL.SLDPRT",
        "suppression": 2,
        "suppression_label": "LIGHTWEIGHT"
      },
      {
        "name2": "B51_REF_link5_LINKLOCAL-1",
        "path": "C:/Users/stude/AppData/Local/Temp/V5_PROBE_LOOP1E_PREOPEN_20260811T213359Z/inputs/vendor_link_parts/B51_REF_link5_LINKLOCAL.SLDPRT",
        "suppression": 2,
        "suppression_label": "LIGHTWEIGHT"
      },
      {
        "name2": "B51_REF_link6_LINKLOCAL-1",
        "path": "C:/Users/stude/AppData/Local/Temp/V5_PROBE_LOOP1E_PREOPEN_20260811T213359Z/inputs/vendor_link_parts/B51_REF_link6_LINKLOCAL.SLDPRT",
        "suppression": 2,
        "suppression_label": "LIGHTWEIGHT"
      },
      {
        "name2": "B51_REV_DATUM_FEMALE-1",
        "path": "C:/Users/stude/AppData/Local/Temp/V5_PROBE_LOOP1E_PREOPEN_20260811T213359Z/parts/B51_REV_DATUM_FEMALE.SLDPRT",
        "suppression": 2,
        "suppression_label": "LIGHTWEIGHT"
      },
      {
        "name2": "B51_REV_DATUM_FEMALE-2",
        "path": "C:/Users/stude/AppData/Local/Temp/V5_PROBE_LOOP1E_PREOPEN_20260811T213359Z/parts/B51_REV_DATUM_FEMALE.SLDPRT",
        "suppression": 2,
        "suppression_label": "LIGHTWEIGHT"
      },
      {
        "name2": "B51_REV_DATUM_FEMALE-3",
        "path": "C:/Users/stude/AppData/Local/Temp/V5_PROBE_LOOP1E_PREOPEN_20260811T213359Z/parts/B51_REV_DATUM_FEMALE.SLDPRT",
        "suppression": 2,
        "suppression_label": "LIGHTWEIGHT"
      },
      {
        "name2": "B51_REV_DATUM_FEMALE-4",
        "path": "C:/Users/stude/AppData/Local/Temp/V5_PROBE_LOOP1E_PREOPEN_20260811T213359Z/parts/B51_REV_DATUM_FEMALE.SLDPRT",
        "suppression": 2,
        "suppression_label": "LIGHTWEIGHT"
      },
      {
        "name2": "B51_REV_DATUM_FEMALE-5",
        "path": "C:/Users/stude/AppData/Local/Temp/V5_PROBE_LOOP1E_PREOPEN_20260811T213359Z/parts/B51_REV_DATUM_FEMALE.SLDPRT",
        "suppression": 2,
        "suppression_label": "LIGHTWEIGHT"
      },
      {
        "name2": "B51_REV_DATUM_FEMALE-6",
        "path": "C:/Users/stude/AppData/Local/Temp/V5_PROBE_LOOP1E_PREOPEN_20260811T213359Z/parts/B51_REV_DATUM_FEMALE.SLDPRT",
        "suppression": 2,
        "suppression_label": "LIGHTWEIGHT"
      },
      {
        "name2": "B51_REV_DATUM_MALE-1",
        "path": "C:/Users/stude/AppData/Local/Temp/V5_PROBE_LOOP1E_PREOPEN_20260811T213359Z/parts/B51_REV_DATUM_MALE.SLDPRT",
        "suppression": 2,
        "suppression_label": "LIGHTWEIGHT"
      },
      {
        "name2": "B51_REV_DATUM_MALE-2",
        "path": "C:/Users/stude/AppData/Local/Temp/V5_PROBE_LOOP1E_PREOPEN_20260811T213359Z/parts/B51_REV_DATUM_MALE.SLDPRT",
        "suppression": 2,
        "suppression_label": "LIGHTWEIGHT"
      },
      {
        "name2": "B51_REV_DATUM_MALE-3",
        "path": "C:/Users/stude/AppData/Local/Temp/V5_PROBE_LOOP1E_PREOPEN_20260811T213359Z/parts/B51_REV_DATUM_MALE.SLDPRT",
        "suppression": 2,
        "suppression_label": "LIGHTWEIGHT"
      },
      {
        "name2": "B51_REV_DATUM_MALE-4",
        "path": "C:/Users/stude/AppData/Local/Temp/V5_PROBE_LOOP1E_PREOPEN_20260811T213359Z/parts/B51_REV_DATUM_MALE.SLDPRT",
        "suppression": 2,
        "suppression_label": "LIGHTWEIGHT"
      },
      {
        "name2": "B51_REV_DATUM_MALE-5",
        "path": "C:/Users/stude/AppData/Local/Temp/V5_PROBE_LOOP1E_PREOPEN_20260811T213359Z/parts/B51_REV_DATUM_MALE.SLDPRT",
        "suppression": 2,
        "suppression_label": "LIGHTWEIGHT"
      },
      {
        "name2": "B51_REV_DATUM_MALE-6",
        "path": "C:/Users/stude/AppData/Local/Temp/V5_PROBE_LOOP1E_PREOPEN_20260811T213359Z/parts/B51_REV_DATUM_MALE.SLDPRT",
        "suppression": 2,
        "suppression_label": "LIGHTWEIGHT"
      }
    ],
    "P3_save": {
      "ok": true,
      "outs": [
        "0",
        "0"
      ]
    },
    "P3_close_all": {
      "remaining": 1,
      "remaining_docs": [
        {
          "title": "B51_REF_base_link_LINKLOCAL.SLDPRT",
          "path": "F:/China Graduate Future Flight Vehicle Innovation Competition/20_engineering/F3R1_MECHANICAL_INTEGRATION_RECOVERY_20260806/03_native_cad/B601_ARM_B51_COPY/inputs/vendor_link_parts/B51_REF_base_link_LINKLOCAL.SLDPRT"
        }
      ]
    },
    "P3_cold_rows": [
      {
        "name2": "B51_REF_base_link_LINKLOCAL-1",
        "path": "F:/China Graduate Future Flight Vehicle Innovation Competition/20_engineering/F3R1_MECHANICAL_INTEGRATION_RECOVERY_20260806/03_native_cad/B601_ARM_B51_COPY/inputs/vendor_link_parts/B51_REF_base_link_LINKLOCAL.SLDPRT",
        "suppression": 2,
        "suppression_label": "LIGHTWEIGHT"
      },
      {
        "name2": "B51_REF_gripper_detail_LINKLOCAL-1",
        "path": "C:/Users/stude/AppData/Local/Temp/V5_PROBE_LOOP1E_PREOPEN_20260811T213359Z/inputs/vendor_link_parts/B51_REF_gripper_detail_LINKLOCAL.SLDPRT",
        "suppression": 2,
        "suppression_label": "LIGHTWEIGHT"
      },
      {
        "name2": "B51_REF_link1_LINKLOCAL-1",
        "path": "C:/Users/stude/AppData/Local/Temp/V5_PROBE_LOOP1E_PREOPEN_20260811T213359Z/inputs/vendor_link_parts/B51_REF_link1_LINKLOCAL.SLDPRT",
        "suppression": 2,
        "suppression_label": "LIGHTWEIGHT"
      },
      {
        "name2": "B51_REF_link2_LINKLOCAL-1",
        "path": "C:/Users/stude/AppData/Local/Temp/V5_PROBE_LOOP1E_PREOPEN_20260811T213359Z/inputs/vendor_link_parts/B51_REF_link2_LINKLOCAL.SLDPRT",
        "suppression": 2,
        "suppression_label": "LIGHTWEIGHT"
      },
      {
        "name2": "B51_REF_link3_LINKLOCAL-1",
        "path": "C:/Users/stude/AppData/Local/Temp/V5_PROBE_LOOP1E_PREOPEN_20260811T213359Z/inputs/vendor_link_parts/B51_REF_link3_LINKLOCAL.SLDPRT",
        "suppression": 2,
        "suppression_label": "LIGHTWEIGHT"
      },
      {
        "name2": "B51_REF_link4_LINKLOCAL-1",
        "path": "C:/Users/stude/AppData/Local/Temp/V5_PROBE_LOOP1E_PREOPEN_20260811T213359Z/inputs/vendor_link_parts/B51_REF_link4_LINKLOCAL.SLDPRT",
        "suppression": 2,
        "suppression_label": "LIGHTWEIGHT"
      },
      {
        "name2": "B51_REF_link5_LINKLOCAL-1",
        "path": "C:/Users/stude/AppData/Local/Temp/V5_PROBE_LOOP1E_PREOPEN_20260811T213359Z/inputs/vendor_link_parts/B51_REF_link5_LINKLOCAL.SLDPRT",
        "suppression": 2,
        "suppression_label": "LIGHTWEIGHT"
      },
      {
        "name2": "B51_REF_link6_LINKLOCAL-1",
        "path": "C:/Users/stude/AppData/Local/Temp/V5_PROBE_LOOP1E_PREOPEN_20260811T213359Z/inputs/vendor_link_parts/B51_REF_link6_LINKLOCAL.SLDPRT",
        "suppression": 2,
        "suppression_label": "LIGHTWEIGHT"
      },
      {
        "name2": "B51_REV_DATUM_FEMALE-1",
        "path": "C:/Users/stude/AppData/Local/Temp/V5_PROBE_LOOP1E_PREOPEN_20260811T213359Z/parts/B51_REV_DATUM_FEMALE.SLDPRT",
        "suppression": 2,
        "suppression_label": "LIGHTWEIGHT"
      },
      {
        "name2": "B51_REV_DATUM_FEMALE-2",
        "path": "C:/Users/stude/AppData/Local/Temp/V5_PROBE_LOOP1E_PREOPEN_20260811T213359Z/parts/B51_REV_DATUM_FEMALE.SLDPRT",
        "suppression": 2,
        "suppression_label": "LIGHTWEIGHT"
      },
      {
        "name2": "B51_REV_DATUM_FEMALE-3",
        "path": "C:/Users/stude/AppData/Local/Temp/V5_PROBE_LOOP1E_PREOPEN_20260811T213359Z/parts/B51_REV_DATUM_FEMALE.SLDPRT",
        "suppression": 2,
        "suppression_label": "LIGHTWEIGHT"
      },
      {
        "name2": "B51_REV_DATUM_FEMALE-4",
        "path": "C:/Users/stude/AppData/Local/Temp/V5_PROBE_LOOP1E_PREOPEN_20260811T213359Z/parts/B51_REV_DATUM_FEMALE.SLDPRT",
        "suppression": 2,
        "suppression_label": "LIGHTWEIGHT"
      },
      {
        "name2": "B51_REV_DATUM_FEMALE-5",
        "path": "C:/Users/stude/AppData/Local/Temp/V5_PROBE_LOOP1E_PREOPEN_20260811T213359Z/parts/B51_REV_DATUM_FEMALE.SLDPRT",
        "suppression": 2,
        "suppression_label": "LIGHTWEIGHT"
      },
      {
        "name2": "B51_REV_DATUM_FEMALE-6",
        "path": "C:/Users/stude/AppData/Local/Temp/V5_PROBE_LOOP1E_PREOPEN_20260811T213359Z/parts/B51_REV_DATUM_FEMALE.SLDPRT",
        "suppression": 2,
        "suppression_label": "LIGHTWEIGHT"
      },
      {
        "name2": "B51_REV_DATUM_MALE-1",
        "path": "C:/Users/stude/AppData/Local/Temp/V5_PROBE_LOOP1E_PREOPEN_20260811T213359Z/parts/B51_REV_DATUM_MALE.SLDPRT",
        "suppression": 2,
        "suppression_label": "LIGHTWEIGHT"
      },
      {
        "name2": "B51_REV_DATUM_MALE-2",
        "path": "C:/Users/stude/AppData/Local/Temp/V5_PROBE_LOOP1E_PREOPEN_20260811T213359Z/parts/B51_REV_DATUM_MALE.SLDPRT",
        "suppression": 2,
        "suppression_label": "LIGHTWEIGHT"
      },
      {
        "name2": "B51_REV_DATUM_MALE-3",
        "path": "C:/Users/stude/AppData/Local/Temp/V5_PROBE_LOOP1E_PREOPEN_20260811T213359Z/parts/B51_REV_DATUM_MALE.SLDPRT",
        "suppression": 2,
        "suppression_label": "LIGHTWEIGHT"
      },
      {
        "name2": "B51_REV_DATUM_MALE-4",
        "path": "C:/Users/stude/AppData/Local/Temp/V5_PROBE_LOOP1E_PREOPEN_20260811T213359Z/parts/B51_REV_DATUM_MALE.SLDPRT",
        "suppression": 2,
        "suppression_label": "LIGHTWEIGHT"
      },
      {
        "name2": "B51_REV_DATUM_MALE-5",
        "path": "C:/Users/stude/AppData/Local/Temp/V5_PROBE_LOOP1E_PREOPEN_20260811T213359Z/parts/B51_REV_DATUM_MALE.SLDPRT",
        "suppression": 2,
        "suppression_label": "LIGHTWEIGHT"
      },
      {
        "name2": "B51_REV_DATUM_MALE-6",
        "path": "C:/Users/stude/AppData/Local/Temp/V5_PROBE_LOOP1E_PREOPEN_20260811T213359Z/parts/B51_REV_DATUM_MALE.SLDPRT",
        "suppression": 2,
        "suppression_label": "LIGHTWEIGHT"
      }
    ],
    "P3_cold_nonlocal": [
      {
        "name2": "B51_REF_base_link_LINKLOCAL-1",
        "path": "F:/China Graduate Future Flight Vehicle Innovation Competition/20_engineering/F3R1_MECHANICAL_INTEGRATION_RECOVERY_20260806/03_native_cad/B601_ARM_B51_COPY/inputs/vendor_link_parts/B51_REF_base_link_LINKLOCAL.SLDPRT",
        "suppression": 2,
        "suppression_label": "LIGHTWEIGHT"
      }
    ],
    "P4_cleanup": {
      "remaining": 1,
      "remaining_docs": [
        {
          "title": "B51_REF_base_link_LINKLOCAL.SLDPRT",
          "path": "F:/China Graduate Future Flight Vehicle Innovation Competition/20_engineering/F3R1_MECHANICAL_INTEGRATION_RECOVERY_20260806/03_native_cad/B601_ARM_B51_COPY/inputs/vendor_link_parts/B51_REF_base_link_LINKLOCAL.SLDPRT"
        }
      ]
    }
  },
  "session": {
    "pid": 83860,
    "revision": "32.5.0"
  },
  "protected_pre": {
    "597C297526BC4111C3424535139B8A1C93906E7A799FF5346D030700FEF1A32F": "F:\\China Graduate Future Flight Vehicle Innovation Competition\\20_engineering\\F3R2_MECHANICAL_TERMINAL_CLOSURE_20260807\\03_native_cad\\B601_ARM_B51_COPY\\assembly\\B51_B601_ARTICULATED_ENGINEERING_ARM.SLDASM",
    "3693A96973CCBFE4C00B202C4D80027E44E0CB13BBEA73C6FAABD8A4D1E995B0": "F:\\China Graduate Future Flight Vehicle Innovation Competition\\20_engineering\\F3R2_MECHANICAL_TERMINAL_CLOSURE_20260807\\03_native_cad\\B601_ARM_B51_COPY\\inputs\\vendor_link_parts\\B51_REF_base_link_LINKLOCAL.SLDPRT",
    "6758B99741FFACABC31C2D629C6191F25C461AC877442212B468B141805EEECC": "F:\\China Graduate Future Flight Vehicle Innovation Competition\\20_engineering\\F3R2_MECHANICAL_TERMINAL_CLOSURE_20260807\\03_native_cad\\B601_ARM_B51_COPY\\inputs\\vendor_link_parts\\B51_REF_gripper_detail_LINKLOCAL.SLDPRT",
    "BDC68C8CC26AF2DB318F800384BBDE5659617B911FD2B64A7D10D1416AC4AEFB": "F:\\China Graduate Future Flight Vehicle Innovation Competition\\20_engineering\\F3R2_MECHANICAL_TERMINAL_CLOSURE_20260807\\03_native_cad\\B601_ARM_B51_COPY\\inputs\\vendor_link_parts\\B51_REF_link1_LINKLOCAL.SLDPRT",
    "DE6FD9A9E878585F0D7AB4476679E6A1F4CC49732D298AF4BA3AD8503381730E": "F:\\China Graduate Future Flight Vehicle Innovation Competition\\20_engineering\\F3R2_MECHANICAL_TERMINAL_CLOSURE_20260807\\03_native_cad\\B601_ARM_B51_COPY\\inputs\\vendor_link_parts\\B51_REF_link2_LINKLOCAL.SLDPRT",
    "1D8E82786F8F8D06BF75EDBCC1B0E8662D364BE08DE81E1BD3C4442811259F83": "F:\\China Graduate Future Flight Vehicle Innovation Competition\\20_engineering\\F3R2_MECHANICAL_TERMINAL_CLOSURE_20260807\\03_native_cad\\B601_ARM_B51_COPY\\inputs\\vendor_link_parts\\B51_REF_link3_LINKLOCAL.SLDPRT",
    "3E60226EAE9BBFC460C0B7DC1CF2138ABFD8B579CD962F545E2821A4DDBC0AE4": "F:\\China Graduate Future Flight Vehicle Innovation Competition\\20_engineering\\F3R2_MECHANICAL_TERMINAL_CLOSURE_20260807\\03_native_cad\\B601_ARM_B51_COPY\\inputs\\vendor_link_parts\\B51_REF_link4_LINKLOCAL.SLDPRT",
    "EE7F882445CD43603902FBA7E66FF7F0A5765BEC09EC962DC39546132274513A": "F:\\China Graduate Future Flight Vehicle Innovation Competition\\20_engineering\\F3R2_MECHANICAL_TERMINAL_CLOSURE_20260807\\03_native_cad\\B601_ARM_B51_COPY\\inputs\\vendor_link_parts\\B51_REF_link5_LINKLOCAL.SLDPRT",
    "863AEF31D7DEB964F6AF1B99DAC060EF5ED261340D2BE0F52419B1DEE775E68C": "F:\\China Graduate Future Flight Vehicle Innovation Competition\\20_engineering\\F3R2_MECHANICAL_TERMINAL_CLOSURE_20260807\\03_native_cad\\B601_ARM_B51_COPY\\inputs\\vendor_link_parts\\B51_REF_link6_LINKLOCAL.SLDPRT",
    "7AA2A808F289CECA4024FE989CFFF80131D34022B1A3D8C5A2740F6C6D55593C": "F:\\China Graduate Future Flight Vehicle Innovation Competition\\20_engineering\\F3R2_MECHANICAL_TERMINAL_CLOSURE_20260807\\03_native_cad\\B601_ARM_B51_COPY\\parts\\B51_REV_DATUM_FEMALE.SLDPRT",
    "1D05F4F1F74037F3D028E1313C221ADBB48875F513CDF343E0BCA419F3D0385F": "F:\\China Graduate Future Flight Vehicle Innovation Competition\\20_engineering\\F3R2_MECHANICAL_TERMINAL_CLOSURE_20260807\\03_native_cad\\B601_ARM_B51_COPY\\parts\\B51_REV_DATUM_MALE.SLDPRT"
  },
  "docs_before": [
    {
      "title": "B51_REF_base_link_LINKLOCAL.SLDPRT",
      "path": "F:/China Graduate Future Flight Vehicle Innovation Competition/20_engineering/F3R1_MECHANICAL_INTEGRATION_RECOVERY_20260806/03_native_cad/B601_ARM_B51_COPY/inputs/vendor_link_parts/B51_REF_base_link_LINKLOCAL.SLDPRT"
    }
  ],
  "checks": {
    "warm_all_local_except_wedge_base_link": true,
    "cold_all_local_except_wedge_base_link": true,
    "base_link_only_wedge_artifact": true,
    "gripper_bound_local_cold": true,
    "save_ok": true
  },
  "verdict": "V5_PROBE_LOOP1E_PREOPEN_BINDING_PASS",
  "cleanup_document_count": 1,
  "cleanup_leftover_docs": [
    {
      "title": "B51_REF_base_link_LINKLOCAL.SLDPRT",
      "path": "F:/China Graduate Future Flight Vehicle Innovation Competition/20_engineering/F3R1_MECHANICAL_INTEGRATION_RECOVERY_20260806/03_native_cad/B601_ARM_B51_COPY/inputs/vendor_link_parts/B51_REF_base_link_LINKLOCAL.SLDPRT"
    }
  ],
  "protected_post_unchanged": true,
  "timestamp_end_utc": "2026-08-11T21:35:01.215566+00:00"
}
