[    0.00s] attach: begin
[    0.16s] attach: ok pid=87516
[   12.13s] insert PALM: ok
[   19.23s] insert LEFT: ok
[   27.85s] insert RIGHT: ok
[   88.43s] L guides+limit: ok
[  149.99s] R guides+limit: ok
[  151.28s] configurations created: OPEN/PREGRASP/CLOSED/HOLDING
[  152.66s] exception; see payload
[  154.77s] cleanup: session document-empty
{
  "schema": "V5_PROBE_LOOP1C1_CONFIG_DRIVE_V6",
  "sets": [],
  "notes": [],
  "session": {
    "attach_only": true,
    "revision": "32.5.0",
    "major": 32,
    "pid": 87516,
    "executable": "F:/Windows_profile/solidworks/SOLIDWORKS/SLDWORKS.exe",
    "document_count": 0,
    "active_doc_is_null": true
  },
  "exception": "Traceback (most recent call last):\n  File \"F:\\China Graduate Future Flight Vehicle Innovation Competition\\20_engineering\\F3R2_V5_NATIVE_MECHANICAL_RELEASE_20260810T000300_V5NATIVE\\99_tools\\V5_PROBE_LOOP1C1_CONFIG_DRIVE.py\", line 126, in main\n    result[\"pregrasp_before\"] = getters()\n                                ~~~~~~~^^\n  File \"F:\\China Graduate Future Flight Vehicle Innovation Competition\\20_engineering\\F3R2_V5_NATIVE_MECHANICAL_RELEASE_20260810T000300_V5NATIVE\\99_tools\\V5_PROBE_LOOP1C1_CONFIG_DRIVE.py\", line 122, in getters\n    row[\"left_ty_mm\"] = ty_mm()\n                        ~~~~~^^\n  File \"F:\\China Graduate Future Flight Vehicle Innovation Competition\\20_engineering\\F3R2_V5_NATIVE_MECHANICAL_RELEASE_20260810T000300_V5NATIVE\\99_tools\\V5_PROBE_LOOP1C1_CONFIG_DRIVE.py\", line 99, in ty_mm\n    data = [float(v) for v in base.as_list(base.value(base.value(components[\"LEFT\"], \"Transform2\"), \"ArrayData\"))]\n                                           ~~~~~~~~~~^^^^^^^^^^^^^^^^^^^^^^^^^^^^^^^^^^^^^^^^^^^^^^^^^^^^^^^^^^^\n  File \"F:\\China Graduate Future Flight Vehicle Innovation Competition\\20_engineering\\F3R2_V5_NATIVE_MECHANICAL_RELEASE_20260810T000300_V5NATIVE\\99_tools\\F3R2_V5_NATIVE_LOOP1_IMPORT_ATTACH_ONLY.py\", line 305, in value\n    member = getattr(obj, name)\nAttributeError: 'NoneType' object has no attribute 'ArrayData'\n",
  "verdict": "V5_PROBE_LOOP1C1_CONFIG_DRIVE_FAIL",
  "cleanup": [
    {
      "title": "装配体58",
      "closed": true
    },
    {
      "title": "B601_GRIPPER_RIGHT_FINGER.SLDPRT",
      "closed": true
    },
    {
      "title": "B601_GRIPPER_LEFT_FINGER.SLDPRT",
      "closed": true
    },
    {
      "title": "B601_GRIPPER_PALM.SLDPRT",
      "closed": true
    }
  ]
}
