[    0.23s] attach ok pid=43264
[   53.91s] state ready
[   70.34s] driver created
[   81.08s] R3: data_angle=0.0 dim_values=[] rotvec=[0.0, 0.0, 0.0]
[   90.09s] R4: modified=True data_angle=0.008726646259971648 dim_values=[] rotvec=[0.0, 0.0, 0.008726646259971644]
[   93.44s] cleanup remaining=0
{
  "schema": "V5_PROBE_LOOP1E_DRIVE_FRESH_READS_V1",
  "timestamp_start_utc": "2026-08-11T23:25:31.415887+00:00",
  "phases": {
    "R0_creation": {
      "joint": "joint1",
      "feature_name": "V5_LOOP2_JOINT1_LIMIT_ANGLE",
      "dimension_full_name": "D1@V5_LOOP2_JOINT1_LIMIT_ANGLE@B51_B601_ARTICULATED_ENGINEERING_ARM.Assembly",
      "female_component_leaf": "B51_REV_DATUM_FEMALE-1",
      "male_component_leaf": "B51_REV_DATUM_MALE-1",
      "selected_plane_features": [
        "上视基准面",
        "上视基准面"
      ],
      "selected_owner_name2": [
        "B51_REV_DATUM_FEMALE-1",
        "B51_REV_DATUM_MALE-1"
      ],
      "add_mate_error_status": 1,
      "mate_type": 6,
      "advanced": true
    },
    "R1_baseline_rotvec": [
      0.0,
      0.0,
      0.0
    ],
    "R2_dimension_drive": {
      "status": 0,
      "rebuilt": true,
      "probe_rad": 0.008726646259971648
    },
    "R3_fresh_after_dimension_drive": {
      "mate": {
        "data_angle": 0.0,
        "advanced": true,
        "limits": [
          -2.8,
          2.8
        ],
        "dimension_full_name": "D1@V5_LOOP2_JOINT1_LIMIT_ANGLE@B51_B601_ARTICULATED_ENGINEERING_ARM.Assembly",
        "dimension_values": [],
        "feature_error_code": 0,
        "feature_suppressed": false
      },
      "rotvec": [
        0.0,
        0.0,
        0.0
      ]
    },
    "R4_modifydefinition_drive": {
      "modified": true,
      "rebuilt": true,
      "mate": {
        "data_angle": 0.008726646259971648,
        "advanced": false,
        "limits": [
          0.008726646259971648,
          0.008726646259971648
        ],
        "dimension_full_name": "D1@V5_LOOP2_JOINT1_LIMIT_ANGLE@B51_B601_ARTICULATED_ENGINEERING_ARM.Assembly",
        "dimension_values": [],
        "feature_error_code": 0,
        "feature_suppressed": false
      },
      "rotvec": [
        0.0,
        0.0,
        0.008726646259971644
      ]
    }
  },
  "session": {
    "pid": 43264,
    "revision": "32.5.0"
  },
  "protected_pre": {
    "597C297526BC4111C3424535139B8A1C93906E7A799FF5346D030700FEF1A32F": "F:\\China Graduate Future Flight Vehicle Innovation Competition\\20_engineering\\F3R2_MECHANICAL_TERMINAL_CLOSURE_20260807\\03_native_cad\\B601_ARM_B51_COPY\\assembly\\B51_B601_ARTICULATED_ENGINEERING_ARM.SLDASM",
    "3693A96973CCBFE4C00B202C4D80027E44E0CB13BBEA73C6FAABD8A4D1E995B0": "F:\\China Graduate Future Flight Vehicle Innovation Competition\\20_engineering\\F3R2_MECHANICAL_TERMINAL_CLOSURE_20260807\\03_native_cad\\B601_ARM_B51_COPY\\inputs\\vendor_link_parts\\B51_REF_base_link_LINKLOCAL.SLDPRT",
    "6758B99741FFACABC31C2D629C6191F25C461AC877442212B468B141805EEECC": "F:\\China Graduate Future Flight Vehicle Innovation Competition\\20_engineering\\F3R2_MECHANICAL_TERMINAL_CLOSURE_20260807\\03_native_cad\\B601_ARM_B51_COPY\\inputs\\vendor_link_parts\\B51_REF_gripper_detail_LINKLOCAL.SLDPRT",
    "BDC68C8CC26AF2DB318F800384BBDE5659617B911FD2B64A7D10D1416AC4AEFB": "F:\\China Graduate Future Flight Vehicle Innovation Competition\\20_engineering\\F3R2_MECHANICAL_TERMINAL_CLOSURE_20260807\\03_native_cad\\B601_ARM_B51_COPY\\inputs\\vendor_link_parts\\B51_REF_link1_LINKLOCAL.SLDPRT",
    "DE6FD9A9E878585F0D7AB4476679E6A1F4CC49732D298AF4BA3AD8503381730E": "F:\\China Graduate Future Flight Vehicle Innovation Competition\\20_engineering\\F3R2_MECHANICAL_TERMINAL_CLOSURE_20260807\\03_native_cad\\B601_ARM_B51_COPY\\inputs\\vendor_link_parts\\B51_REF_link2_LINKLOCAL.SLDPRT",
    "1D8E82786F8F8D06BF75EDBCC1B0E8662D364BE08DE81E1BD3C4442811259F83": "F:\\China Graduate Future Flight Vehicle Innovation Competition\\20_engineering\\F3R2_MECHANICAL_TERMINAL_CLOSURE_20260807\\03_native_cad\\B601_ARM_B51_COPY\\inputs\\vendor_link_parts\\B51_REF_link3_LINKLOCAL.SLDPRT",
    "3E60226EAE9BBFC460C0B7DC1CF2138ABFD8B579CD962F545E2821A4DDBC0AE4": "F:\\China Graduate Future Flight Vehicle Innovation Competition\\20_engineering\\F3R2_MECHANICAL_TERMINAL_CLOSURE_20260807\\03_native_cad\\B601_ARM_B51_COPY\\inputs\\vendor_link_parts\\B51_REF_link4_LINKLOCAL.SLDPRT",
    "EE7F882445CD43603902FBA7E66FF7F0A5765BEC09EC962DC39546132274513A": "F:\\China Graduate Future Flight Vehicle Innovation Competition\\20_engineering\\F3R2_MECHANICAL_TERMINAL_CLOSURE_20260807\\03_native_cad\\B601_ARM_B51_COPY\\inputs\\vendor_link_parts\\B51_REF_link5_LINKLOCAL.SLDPRT",
    "863AEF31D7DEB964F6AF1B99DAC060EF5ED261340D2BE0F52419B1DEE775E68C": "F:\\China Graduate Future Flight Vehicle Innovation Competition\\20_engineering\\F3R2_MECHANICAL_TERMINAL_CLOSURE_20260807\\03_native_cad\\B601_ARM_B51_COPY\\inputs\\vendor_link_parts\\B51_REF_link6_LINKLOCAL.SLDPRT",
    "7AA2A808F289CECA4024FE989CFFF80131D34022B1A3D8C5A2740F6C6D55593C": "F:\\China Graduate Future Flight Vehicle Innovation Competition\\20_engineering\\F3R2_MECHANICAL_TERMINAL_CLOSURE_20260807\\03_native_cad\\B601_ARM_B51_COPY\\parts\\B51_REV_DATUM_FEMALE.SLDPRT",
    "1D05F4F1F74037F3D028E1313C221ADBB48875F513CDF343E0BCA419F3D0385F": "F:\\China Graduate Future Flight Vehicle Innovation Competition\\20_engineering\\F3R2_MECHANICAL_TERMINAL_CLOSURE_20260807\\03_native_cad\\B601_ARM_B51_COPY\\parts\\B51_REV_DATUM_MALE.SLDPRT"
  },
  "cleanup_remaining": 0,
  "verdict": "V5_PROBE_LOOP1E_DRIVE_FRESH_READS_PASS",
  "cleanup_document_count": 0,
  "protected_post_unchanged": true,
  "timestamp_end_utc": "2026-08-11T23:27:04.983563+00:00"
}
