
*******************************************************************
******        Statistics on Transfer (Write)                 ******

*******************************************************************
******        Transfer Mode = 0  I.E.  As Is       ******
******        Transferring Shape, ShapeType = 2                      ******
** WorkSession : Sending all data
 Step File Name : F:\China Graduate Future Flight Vehicle Innovation Competition\20_engineering\SERVICE_STAR_AUX_STOP_INSTALLATION_R7_20260921\cad\source\AUX\AUX_000.step(2002 ents)  Write  Done
AUX_000 C_1210_3225Metric solids 1 bbox {'min_mm': [34.95, -18.4, 1.595], 'max_mm': [37.45, -15.2, 4.095]}

*******************************************************************
******        Statistics on Transfer (Write)                 ******

*******************************************************************
******        Transfer Mode = 0  I.E.  As Is       ******
******        Transferring Shape, ShapeType = 2                      ******
** WorkSession : Sending all data
 Step File Name : F:\China Graduate Future Flight Vehicle Innovation Competition\20_engineering\SERVICE_STAR_AUX_STOP_INSTALLATION_R7_20260921\cad\source\AUX\AUX_001.step(1862 ents)  Write  Done
AUX_001 R_0603_1608Metric solids 1 bbox {'min_mm': [22.7, -25.2, 1.595], 'max_mm': [24.3, -24.4, 2.045]}

*******************************************************************
******        Statistics on Transfer (Write)                 ******

*******************************************************************
******        Transfer Mode = 0  I.E.  As Is       ******
******        Transferring Shape, ShapeType = 2                      ******
** WorkSession : Sending all data
 Step File Name : F:\China Graduate Future Flight Vehicle Innovation Competition\20_engineering\SERVICE_STAR_AUX_STOP_INSTALLATION_R7_20260921\cad\source\AUX\AUX_002.step(2002 ents)  Write  Done
AUX_002 C_1210_3225Metric solids 1 bbox {'min_mm': [36.4, -22.75, 1.595], 'max_mm': [39.6, -20.25, 4.095]}

*******************************************************************
******        Statistics on Transfer (Write)                 ******

*******************************************************************
******        Transfer Mode = 0  I.E.  As Is       ******
******        Transferring Shape, ShapeType = 2                      ******
** WorkSession : Sending all data
 Step File Name : F:\China Graduate Future Flight Vehicle Innovation Competition\20_engineering\SERVICE_STAR_AUX_STOP_INSTALLATION_R7_20260921\cad\source\AUX\AUX_003.step(1862 ents)  Write  Done
AUX_003 R_0603_1608Metric solids 1 bbox {'min_mm': [35.9, -25.4, 1.595], 'max_mm': [37.5, -24.6, 2.045]}

*******************************************************************
******        Statistics on Transfer (Write)                 ******

*******************************************************************
******        Transfer Mode = 0  I.E.  As Is       ******
******        Transferring Shape, ShapeType = 2                      ******
** WorkSession : Sending all data
 Step File Name : F:\China Graduate Future Flight Vehicle Innovation Competition\20_engineering\SERVICE_STAR_AUX_STOP_INSTALLATION_R7_20260921\cad\source\AUX\AUX_004.step(1862 ents)  Write  Done
AUX_004 R_0603_1608Metric solids 1 bbox {'min_mm': [16.2, -49.4, 1.595], 'max_mm': [17.8, -48.6, 2.045]}

*******************************************************************
******        Statistics on Transfer (Write)                 ******

*******************************************************************
******        Transfer Mode = 0  I.E.  As Is       ******
******        Transferring Shape, ShapeType = 2                      ******
** WorkSession : Sending all data
 Step File Name : F:\China Graduate Future Flight Vehicle Innovation Competition\20_engineering\SERVICE_STAR_AUX_STOP_INSTALLATION_R7_20260921\cad\source\AUX\AUX_005.step(2002 ents)  Write  Done
AUX_005 C_1210_3225Metric solids 1 bbox {'min_mm': [22.55, -19.3, 1.595], 'max_mm': [25.05, -16.1, 4.095]}

*******************************************************************
******        Statistics on Transfer (Write)                 ******

*******************************************************************
******        Transfer Mode = 0  I.E.  As Is       ******
******        Transferring Shape, ShapeType = 2                      ******
** WorkSession : Sending all data
 Step File Name : F:\China Graduate Future Flight Vehicle Innovation Competition\20_engineering\SERVICE_STAR_AUX_STOP_INSTALLATION_R7_20260921\cad\source\AUX\AUX_006.step(1862 ents)  Write  Done
AUX_006 R_0603_1608Metric solids 1 bbox {'min_mm': [24.2, -61.4, 1.595], 'max_mm': [25.8, -60.6, 2.045]}

*******************************************************************
******        Statistics on Transfer (Write)                 ******

*******************************************************************
******        Transfer Mode = 0  I.E.  As Is       ******
******        Transferring Shape, ShapeType = 2                      ******
** WorkSession : Sending all data
 Step File Name : F:\China Graduate Future Flight Vehicle Innovation Competition\20_engineering\SERVICE_STAR_AUX_STOP_INSTALLATION_R7_20260921\cad\source\AUX\AUX_007.step(2002 ents)  Write  Done
AUX_007 C_1210_3225Metric solids 1 bbox {'min_mm': [5.4, -44.25, 1.595], 'max_mm': [8.6, -41.75, 4.095]}

*******************************************************************
******        Statistics on Transfer (Write)                 ******

*******************************************************************
******        Transfer Mode = 0  I.E.  As Is       ******
******        Transferring Shape, ShapeType = 2                      ******
** WorkSession : Sending all data
 Step File Name : F:\China Graduate Future Flight Vehicle Innovation Competition\20_engineering\SERVICE_STAR_AUX_STOP_INSTALLATION_R7_20260921\cad\source\AUX\AUX_008.step(1862 ents)  Write  Done
AUX_008 R_0603_1608Metric solids 1 bbox {'min_mm': [42.199999999999996, -46.4, 1.595], 'max_mm': [43.800000000000004, -45.6, 2.045]}

*******************************************************************
******        Statistics on Transfer (Write)                 ******

*******************************************************************
******        Transfer Mode = 0  I.E.  As Is       ******
******        Transferring Shape, ShapeType = 2                      ******
** WorkSession : Sending all data
 Step File Name : F:\China Graduate Future Flight Vehicle Innovation Competition\20_engineering\SERVICE_STAR_AUX_STOP_INSTALLATION_R7_20260921\cad\source\AUX\AUX_009.step(1862 ents)  Write  Done
AUX_009 R_0603_1608Metric solids 1 bbox {'min_mm': [16.2, -45.9, 1.595], 'max_mm': [17.8, -45.1, 2.045]}

*******************************************************************
******        Statistics on Transfer (Write)                 ******

*******************************************************************
******        Transfer Mode = 0  I.E.  As Is       ******
******        Transferring Shape, ShapeType = 2                      ******
** WorkSession : Sending all data
 Step File Name : F:\China Graduate Future Flight Vehicle Innovation Competition\20_engineering\SERVICE_STAR_AUX_STOP_INSTALLATION_R7_20260921\cad\source\AUX\AUX_010.step(2002 ents)  Write  Done
AUX_010 C_1210_3225Metric solids 1 bbox {'min_mm': [15.4, -55.25, 1.595], 'max_mm': [18.6, -52.75, 4.095]}

*******************************************************************
******        Statistics on Transfer (Write)                 ******

*******************************************************************
******        Transfer Mode = 0  I.E.  As Is       ******
******        Transferring Shape, ShapeType = 2                      ******
** WorkSession : Sending all data
 Step File Name : F:\China Graduate Future Flight Vehicle Innovation Competition\20_engineering\SERVICE_STAR_AUX_STOP_INSTALLATION_R7_20260921\cad\source\AUX\AUX_011.step(1862 ents)  Write  Done
AUX_011 R_0603_1608Metric solids 1 bbox {'min_mm': [42.199999999999996, -43.4, 1.595], 'max_mm': [43.800000000000004, -42.6, 2.045]}

*******************************************************************
******        Statistics on Transfer (Write)                 ******

*******************************************************************
******        Transfer Mode = 0  I.E.  As Is       ******
******        Transferring Shape, ShapeType = 2                      ******
** WorkSession : Sending all data
 Step File Name : F:\China Graduate Future Flight Vehicle Innovation Competition\20_engineering\SERVICE_STAR_AUX_STOP_INSTALLATION_R7_20260921\cad\source\AUX\AUX_012.step(1862 ents)  Write  Done
AUX_012 R_0603_1608Metric solids 1 bbox {'min_mm': [23.2, -50.4, 1.595], 'max_mm': [24.8, -49.6, 2.045]}

*******************************************************************
******        Statistics on Transfer (Write)                 ******

*******************************************************************
******        Transfer Mode = 0  I.E.  As Is       ******
******        Transferring Shape, ShapeType = 2                      ******
** WorkSession : Sending all data
 Step File Name : F:\China Graduate Future Flight Vehicle Innovation Competition\20_engineering\SERVICE_STAR_AUX_STOP_INSTALLATION_R7_20260921\cad\source\AUX\AUX_013.step(2586 ents)  Write  Done
AUX_013 wp10_aux_protection_PCB solids 1 bbox {'min_mm': [0.0, -70.0, 0.0], 'max_mm': [60.0, 0.0, 1.51]}
== AUX 14 components 14 solids

*******************************************************************
******        Statistics on Transfer (Write)                 ******

*******************************************************************
******        Transfer Mode = 0  I.E.  As Is       ******
******        Transferring Shape, ShapeType = 2                      ******
** WorkSession : Sending all data
 Step File Name : F:\China Graduate Future Flight Vehicle Innovation Competition\20_engineering\SERVICE_STAR_AUX_STOP_INSTALLATION_R7_20260921\cad\source\STOP\STOP_000.step(1862 ents)  Write  Done
STOP_000 R_0603_1608Metric solids 1 bbox {'min_mm': [13.2, -23.9, 1.595], 'max_mm': [14.8, -23.1, 2.045]}

*******************************************************************
******        Statistics on Transfer (Write)                 ******

*******************************************************************
******        Transfer Mode = 0  I.E.  As Is       ******
******        Transferring Shape, ShapeType = 2                      ******
** WorkSession : Sending all data
 Step File Name : F:\China Graduate Future Flight Vehicle Innovation Competition\20_engineering\SERVICE_STAR_AUX_STOP_INSTALLATION_R7_20260921\cad\source\STOP\STOP_001.step(8289 ents)  Write  Done
STOP_001 SOT-23-6 solids 1 bbox {'min_mm': [34.6, -19.4500001, 1.595], 'max_mm': [37.4, -16.5499999, 3.1450001]}

*******************************************************************
******        Statistics on Transfer (Write)                 ******

*******************************************************************
******        Transfer Mode = 0  I.E.  As Is       ******
******        Transferring Shape, ShapeType = 2                      ******
** WorkSession : Sending all data
 Step File Name : F:\China Graduate Future Flight Vehicle Innovation Competition\20_engineering\SERVICE_STAR_AUX_STOP_INSTALLATION_R7_20260921\cad\source\STOP\STOP_002.step(1862 ents)  Write  Done
STOP_002 R_0805_2012Metric solids 1 bbox {'min_mm': [13.0, -22.1, 1.595], 'max_mm': [15.0, -20.9, 2.045]}

*******************************************************************
******        Statistics on Transfer (Write)                 ******

*******************************************************************
******        Transfer Mode = 0  I.E.  As Is       ******
******        Transferring Shape, ShapeType = 2                      ******
** WorkSession : Sending all data
 Step File Name : F:\China Graduate Future Flight Vehicle Innovation Competition\20_engineering\SERVICE_STAR_AUX_STOP_INSTALLATION_R7_20260921\cad\source\STOP\STOP_003.step(1862 ents)  Write  Done
STOP_003 R_0603_1608Metric solids 1 bbox {'min_mm': [12.7, -26.9, 1.595], 'max_mm': [14.3, -26.1, 2.045]}

*******************************************************************
******        Statistics on Transfer (Write)                 ******

*******************************************************************
******        Transfer Mode = 0  I.E.  As Is       ******
******        Transferring Shape, ShapeType = 2                      ******
** WorkSession : Sending all data
 Step File Name : F:\China Graduate Future Flight Vehicle Innovation Competition\20_engineering\SERVICE_STAR_AUX_STOP_INSTALLATION_R7_20260921\cad\source\STOP\STOP_004.step(1862 ents)  Write  Done
STOP_004 R_0603_1608Metric solids 1 bbox {'min_mm': [58.699999999999996, -25.4, 1.595], 'max_mm': [60.300000000000004, -24.6, 2.045]}

*******************************************************************
******        Statistics on Transfer (Write)                 ******

*******************************************************************
******        Transfer Mode = 0  I.E.  As Is       ******
******        Transferring Shape, ShapeType = 2                      ******
** WorkSession : Sending all data
 Step File Name : F:\China Graduate Future Flight Vehicle Innovation Competition\20_engineering\SERVICE_STAR_AUX_STOP_INSTALLATION_R7_20260921\cad\source\STOP\STOP_005.step(2002 ents)  Write  Done
STOP_005 C_0603_1608Metric solids 1 bbox {'min_mm': [25.2, -25.400000000000002, 1.595], 'max_mm': [26.8, -24.599999999999998, 2.395]}

*******************************************************************
******        Statistics on Transfer (Write)                 ******

*******************************************************************
******        Transfer Mode = 0  I.E.  As Is       ******
******        Transferring Shape, ShapeType = 2                      ******
** WorkSession : Sending all data
 Step File Name : F:\China Graduate Future Flight Vehicle Innovation Competition\20_engineering\SERVICE_STAR_AUX_STOP_INSTALLATION_R7_20260921\cad\source\STOP\STOP_006.step(1862 ents)  Write  Done
STOP_006 R_0603_1608Metric solids 1 bbox {'min_mm': [39.199999999999996, -39.4, 1.595], 'max_mm': [40.800000000000004, -38.6, 2.045]}

*******************************************************************
******        Statistics on Transfer (Write)                 ******

*******************************************************************
******        Transfer Mode = 0  I.E.  As Is       ******
******        Transferring Shape, ShapeType = 2                      ******
** WorkSession : Sending all data
 Step File Name : F:\China Graduate Future Flight Vehicle Innovation Competition\20_engineering\SERVICE_STAR_AUX_STOP_INSTALLATION_R7_20260921\cad\source\STOP\STOP_007.step(7191 ents)  Write  Done
STOP_007 SOT-23-5 solids 1 bbox {'min_mm': [65.6, -30.4500001, 1.595], 'max_mm': [68.4, -27.5499999, 3.1450001]}

*******************************************************************
******        Statistics on Transfer (Write)                 ******

*******************************************************************
******        Transfer Mode = 0  I.E.  As Is       ******
******        Transferring Shape, ShapeType = 2                      ******
** WorkSession : Sending all data
 Step File Name : F:\China Graduate Future Flight Vehicle Innovation Competition\20_engineering\SERVICE_STAR_AUX_STOP_INSTALLATION_R7_20260921\cad\source\STOP\STOP_008.step(8289 ents)  Write  Done
STOP_008 SOT-23-6 solids 1 bbox {'min_mm': [38.6, -50.450000100000004, 1.595], 'max_mm': [41.4, -47.549999899999996, 3.1450001]}

*******************************************************************
******        Statistics on Transfer (Write)                 ******

*******************************************************************
******        Transfer Mode = 0  I.E.  As Is       ******
******        Transferring Shape, ShapeType = 2                      ******
** WorkSession : Sending all data
 Step File Name : F:\China Graduate Future Flight Vehicle Innovation Competition\20_engineering\SERVICE_STAR_AUX_STOP_INSTALLATION_R7_20260921\cad\source\STOP\STOP_009.step(1862 ents)  Write  Done
STOP_009 R_0603_1608Metric solids 1 bbox {'min_mm': [12.7, -30.9, 1.595], 'max_mm': [14.3, -30.1, 2.045]}

*******************************************************************
******        Statistics on Transfer (Write)                 ******

*******************************************************************
******        Transfer Mode = 0  I.E.  As Is       ******
******        Transferring Shape, ShapeType = 2                      ******
** WorkSession : Sending all data
 Step File Name : F:\China Graduate Future Flight Vehicle Innovation Competition\20_engineering\SERVICE_STAR_AUX_STOP_INSTALLATION_R7_20260921\cad\source\STOP\STOP_010.step(1862 ents)  Write  Done
STOP_010 R_0603_1608Metric solids 1 bbox {'min_mm': [76.2, -49.4, 1.595], 'max_mm': [77.8, -48.6, 2.045]}

*******************************************************************
******        Statistics on Transfer (Write)                 ******

*******************************************************************
******        Transfer Mode = 0  I.E.  As Is       ******
******        Transferring Shape, ShapeType = 2                      ******
** WorkSession : Sending all data
 Step File Name : F:\China Graduate Future Flight Vehicle Innovation Competition\20_engineering\SERVICE_STAR_AUX_STOP_INSTALLATION_R7_20260921\cad\source\STOP\STOP_011.step(1862 ents)  Write  Done
STOP_011 R_0603_1608Metric solids 1 bbox {'min_mm': [35.199999999999996, -28.4, 1.595], 'max_mm': [36.800000000000004, -27.6, 2.045]}

*******************************************************************
******        Statistics on Transfer (Write)                 ******

*******************************************************************
******        Transfer Mode = 0  I.E.  As Is       ******
******        Transferring Shape, ShapeType = 2                      ******
** WorkSession : Sending all data
 Step File Name : F:\China Graduate Future Flight Vehicle Innovation Competition\20_engineering\SERVICE_STAR_AUX_STOP_INSTALLATION_R7_20260921\cad\source\STOP\STOP_012.step(1862 ents)  Write  Done
STOP_012 R_0603_1608Metric solids 1 bbox {'min_mm': [42.199999999999996, -44.4, 1.595], 'max_mm': [43.800000000000004, -43.6, 2.045]}

*******************************************************************
******        Statistics on Transfer (Write)                 ******

*******************************************************************
******        Transfer Mode = 0  I.E.  As Is       ******
******        Transferring Shape, ShapeType = 2                      ******
** WorkSession : Sending all data
 Step File Name : F:\China Graduate Future Flight Vehicle Innovation Competition\20_engineering\SERVICE_STAR_AUX_STOP_INSTALLATION_R7_20260921\cad\source\STOP\STOP_013.step(1862 ents)  Write  Done
STOP_013 R_0603_1608Metric solids 1 bbox {'min_mm': [35.199999999999996, -47.4, 1.595], 'max_mm': [36.800000000000004, -46.6, 2.045]}

*******************************************************************
******        Statistics on Transfer (Write)                 ******

*******************************************************************
******        Transfer Mode = 0  I.E.  As Is       ******
******        Transferring Shape, ShapeType = 2                      ******
** WorkSession : Sending all data
 Step File Name : F:\China Graduate Future Flight Vehicle Innovation Competition\20_engineering\SERVICE_STAR_AUX_STOP_INSTALLATION_R7_20260921\cad\source\STOP\STOP_014.step(2002 ents)  Write  Done
STOP_014 C_0603_1608Metric solids 1 bbox {'min_mm': [35.2, -36.4, 1.595], 'max_mm': [36.8, -35.6, 2.395]}

*******************************************************************
******        Statistics on Transfer (Write)                 ******

*******************************************************************
******        Transfer Mode = 0  I.E.  As Is       ******
******        Transferring Shape, ShapeType = 2                      ******
** WorkSession : Sending all data
 Step File Name : F:\China Graduate Future Flight Vehicle Innovation Competition\20_engineering\SERVICE_STAR_AUX_STOP_INSTALLATION_R7_20260921\cad\source\STOP\STOP_015.step(2002 ents)  Write  Done
STOP_015 C_0603_1608Metric solids 1 bbox {'min_mm': [46.2, -15.4, 1.595], 'max_mm': [47.8, -14.6, 2.395]}

*******************************************************************
******        Statistics on Transfer (Write)                 ******

*******************************************************************
******        Transfer Mode = 0  I.E.  As Is       ******
******        Transferring Shape, ShapeType = 2                      ******
** WorkSession : Sending all data
 Step File Name : F:\China Graduate Future Flight Vehicle Innovation Competition\20_engineering\SERVICE_STAR_AUX_STOP_INSTALLATION_R7_20260921\cad\source\STOP\STOP_016.step(1862 ents)  Write  Done
STOP_016 R_0603_1608Metric solids 1 bbox {'min_mm': [57.199999999999996, -42.4, 1.595], 'max_mm': [58.800000000000004, -41.6, 2.045]}

*******************************************************************
******        Statistics on Transfer (Write)                 ******

*******************************************************************
******        Transfer Mode = 0  I.E.  As Is       ******
******        Transferring Shape, ShapeType = 2                      ******
** WorkSession : Sending all data
 Step File Name : F:\China Graduate Future Flight Vehicle Innovation Competition\20_engineering\SERVICE_STAR_AUX_STOP_INSTALLATION_R7_20260921\cad\source\STOP\STOP_017.step(2002 ents)  Write  Done
STOP_017 C_0603_1608Metric solids 1 bbox {'min_mm': [59.2, -46.4, 1.595], 'max_mm': [60.8, -45.6, 2.395]}

*******************************************************************
******        Statistics on Transfer (Write)                 ******

*******************************************************************
******        Transfer Mode = 0  I.E.  As Is       ******
******        Transferring Shape, ShapeType = 2                      ******
** WorkSession : Sending all data
 Step File Name : F:\China Graduate Future Flight Vehicle Innovation Competition\20_engineering\SERVICE_STAR_AUX_STOP_INSTALLATION_R7_20260921\cad\source\STOP\STOP_018.step(2002 ents)  Write  Done
STOP_018 C_0603_1608Metric solids 1 bbox {'min_mm': [18.2, -52.4, 1.595], 'max_mm': [19.8, -51.6, 2.395]}

*******************************************************************
******        Statistics on Transfer (Write)                 ******

*******************************************************************
******        Transfer Mode = 0  I.E.  As Is       ******
******        Transferring Shape, ShapeType = 2                      ******
** WorkSession : Sending all data
 Step File Name : F:\China Graduate Future Flight Vehicle Innovation Competition\20_engineering\SERVICE_STAR_AUX_STOP_INSTALLATION_R7_20260921\cad\source\STOP\STOP_019.step(2002 ents)  Write  Done
STOP_019 C_0603_1608Metric solids 1 bbox {'min_mm': [59.2, -52.4, 1.595], 'max_mm': [60.8, -51.6, 2.395]}

*******************************************************************
******        Statistics on Transfer (Write)                 ******

*******************************************************************
******        Transfer Mode = 0  I.E.  As Is       ******
******        Transferring Shape, ShapeType = 2                      ******
** WorkSession : Sending all data
 Step File Name : F:\China Graduate Future Flight Vehicle Innovation Competition\20_engineering\SERVICE_STAR_AUX_STOP_INSTALLATION_R7_20260921\cad\source\STOP\STOP_020.step(1572 ents)  Write  Done
STOP_020 Converter_DCDC_TRACO_TSR_1_THT solids 1 bbox {'min_mm': [70.69999990000001, -9.0, -2.305], 'max_mm': [82.4, -1.4, 11.895]}

*******************************************************************
******        Statistics on Transfer (Write)                 ******

*******************************************************************
******        Transfer Mode = 0  I.E.  As Is       ******
******        Transferring Shape, ShapeType = 2                      ******
** WorkSession : Sending all data
 Step File Name : F:\China Graduate Future Flight Vehicle Innovation Competition\20_engineering\SERVICE_STAR_AUX_STOP_INSTALLATION_R7_20260921\cad\source\STOP\STOP_021.step(17073 ents)  Write  Done
STOP_021 TSSOP-14_4.4x5mm_P0.65mm solids 1 bbox {'min_mm': [22.8, -31.5000001, 1.595], 'max_mm': [29.2, -26.4999999, 2.5950001]}

*******************************************************************
******        Statistics on Transfer (Write)                 ******

*******************************************************************
******        Transfer Mode = 0  I.E.  As Is       ******
******        Transferring Shape, ShapeType = 2                      ******
** WorkSession : Sending all data
 Step File Name : F:\China Graduate Future Flight Vehicle Innovation Competition\20_engineering\SERVICE_STAR_AUX_STOP_INSTALLATION_R7_20260921\cad\source\STOP\STOP_022.step(1572 ents)  Write  Done
STOP_022 Converter_DCDC_TRACO_TSR_1_THT solids 1 bbox {'min_mm': [53.699999999999996, -9.0, -2.305], 'max_mm': [65.4, -1.4, 11.895]}

*******************************************************************
******        Statistics on Transfer (Write)                 ******

*******************************************************************
******        Transfer Mode = 0  I.E.  As Is       ******
******        Transferring Shape, ShapeType = 2                      ******
** WorkSession : Sending all data
 Step File Name : F:\China Graduate Future Flight Vehicle Innovation Competition\20_engineering\SERVICE_STAR_AUX_STOP_INSTALLATION_R7_20260921\cad\source\STOP\STOP_023.step(7191 ents)  Write  Done
STOP_023 SOT-23-5 solids 1 bbox {'min_mm': [68.1, -48.450000100000004, 1.595], 'max_mm': [70.9, -45.549999899999996, 3.1450001]}

*******************************************************************
******        Statistics on Transfer (Write)                 ******

*******************************************************************
******        Transfer Mode = 0  I.E.  As Is       ******
******        Transferring Shape, ShapeType = 2                      ******
** WorkSession : Sending all data
 Step File Name : F:\China Graduate Future Flight Vehicle Innovation Competition\20_engineering\SERVICE_STAR_AUX_STOP_INSTALLATION_R7_20260921\cad\source\STOP\STOP_024.step(2002 ents)  Write  Done
STOP_024 C_0603_1608Metric solids 1 bbox {'min_mm': [57.2, -15.4, 1.595], 'max_mm': [58.8, -14.6, 2.395]}

*******************************************************************
******        Statistics on Transfer (Write)                 ******

*******************************************************************
******        Transfer Mode = 0  I.E.  As Is       ******
******        Transferring Shape, ShapeType = 2                      ******
** WorkSession : Sending all data
 Step File Name : F:\China Graduate Future Flight Vehicle Innovation Competition\20_engineering\SERVICE_STAR_AUX_STOP_INSTALLATION_R7_20260921\cad\source\STOP\STOP_025.step(7191 ents)  Write  Done
STOP_025 SOT-23-5 solids 1 bbox {'min_mm': [76.6, -19.4500001, 1.595], 'max_mm': [79.4, -16.5499999, 3.1450001]}

*******************************************************************
******        Statistics on Transfer (Write)                 ******

*******************************************************************
******        Transfer Mode = 0  I.E.  As Is       ******
******        Transferring Shape, ShapeType = 2                      ******
** WorkSession : Sending all data
 Step File Name : F:\China Graduate Future Flight Vehicle Innovation Competition\20_engineering\SERVICE_STAR_AUX_STOP_INSTALLATION_R7_20260921\cad\source\STOP\STOP_026.step(1862 ents)  Write  Done
STOP_026 R_0603_1608Metric solids 1 bbox {'min_mm': [16.7, -21.9, 1.595], 'max_mm': [18.3, -21.1, 2.045]}

*******************************************************************
******        Statistics on Transfer (Write)                 ******

*******************************************************************
******        Transfer Mode = 0  I.E.  As Is       ******
******        Transferring Shape, ShapeType = 2                      ******
** WorkSession : Sending all data
 Step File Name : F:\China Graduate Future Flight Vehicle Innovation Competition\20_engineering\SERVICE_STAR_AUX_STOP_INSTALLATION_R7_20260921\cad\source\STOP\STOP_027.step(7191 ents)  Write  Done
STOP_027 SOT-23-5 solids 1 bbox {'min_mm': [16.6, -29.450000100000004, 1.595], 'max_mm': [19.4, -26.549999899999996, 3.1450001]}

*******************************************************************
******        Statistics on Transfer (Write)                 ******

*******************************************************************
******        Transfer Mode = 0  I.E.  As Is       ******
******        Transferring Shape, ShapeType = 2                      ******
** WorkSession : Sending all data
 Step File Name : F:\China Graduate Future Flight Vehicle Innovation Competition\20_engineering\SERVICE_STAR_AUX_STOP_INSTALLATION_R7_20260921\cad\source\STOP\STOP_028.step(2002 ents)  Write  Done
STOP_028 C_0603_1608Metric solids 1 bbox {'min_mm': [18.2, -46.4, 1.595], 'max_mm': [19.8, -45.6, 2.395]}

*******************************************************************
******        Statistics on Transfer (Write)                 ******

*******************************************************************
******        Transfer Mode = 0  I.E.  As Is       ******
******        Transferring Shape, ShapeType = 2                      ******
** WorkSession : Sending all data
 Step File Name : F:\China Graduate Future Flight Vehicle Innovation Competition\20_engineering\SERVICE_STAR_AUX_STOP_INSTALLATION_R7_20260921\cad\source\STOP\STOP_029.step(2002 ents)  Write  Done
STOP_029 C_0603_1608Metric solids 1 bbox {'min_mm': [17.2, -25.400000000000002, 1.595], 'max_mm': [18.8, -24.599999999999998, 2.395]}

*******************************************************************
******        Statistics on Transfer (Write)                 ******

*******************************************************************
******        Transfer Mode = 0  I.E.  As Is       ******
******        Transferring Shape, ShapeType = 2                      ******
** WorkSession : Sending all data
 Step File Name : F:\China Graduate Future Flight Vehicle Innovation Competition\20_engineering\SERVICE_STAR_AUX_STOP_INSTALLATION_R7_20260921\cad\source\STOP\STOP_030.step(7191 ents)  Write  Done
STOP_030 SOT-23-5 solids 1 bbox {'min_mm': [56.6, -40.450000100000004, 1.595], 'max_mm': [59.4, -37.549999899999996, 3.1450001]}

*******************************************************************
******        Statistics on Transfer (Write)                 ******

*******************************************************************
******        Transfer Mode = 0  I.E.  As Is       ******
******        Transferring Shape, ShapeType = 2                      ******
** WorkSession : Sending all data
 Step File Name : F:\China Graduate Future Flight Vehicle Innovation Competition\20_engineering\SERVICE_STAR_AUX_STOP_INSTALLATION_R7_20260921\cad\source\STOP\STOP_031.step(1862 ents)  Write  Done
STOP_031 R_0603_1608Metric solids 1 bbox {'min_mm': [63.199999999999996, -49.4, 1.595], 'max_mm': [64.8, -48.6, 2.045]}

*******************************************************************
******        Statistics on Transfer (Write)                 ******

*******************************************************************
******        Transfer Mode = 0  I.E.  As Is       ******
******        Transferring Shape, ShapeType = 2                      ******
** WorkSession : Sending all data
 Step File Name : F:\China Graduate Future Flight Vehicle Innovation Competition\20_engineering\SERVICE_STAR_AUX_STOP_INSTALLATION_R7_20260921\cad\source\STOP\STOP_032.step(2002 ents)  Write  Done
STOP_032 C_0603_1608Metric solids 1 bbox {'min_mm': [35.2, -15.4, 1.595], 'max_mm': [36.8, -14.6, 2.395]}

*******************************************************************
******        Statistics on Transfer (Write)                 ******

*******************************************************************
******        Transfer Mode = 0  I.E.  As Is       ******
******        Transferring Shape, ShapeType = 2                      ******
** WorkSession : Sending all data
 Step File Name : F:\China Graduate Future Flight Vehicle Innovation Competition\20_engineering\SERVICE_STAR_AUX_STOP_INSTALLATION_R7_20260921\cad\source\STOP\STOP_033.step(2002 ents)  Write  Done
STOP_033 C_0603_1608Metric solids 1 bbox {'min_mm': [67.2, -15.4, 1.595], 'max_mm': [68.8, -14.6, 2.395]}

*******************************************************************
******        Statistics on Transfer (Write)                 ******

*******************************************************************
******        Transfer Mode = 0  I.E.  As Is       ******
******        Transferring Shape, ShapeType = 2                      ******
** WorkSession : Sending all data
 Step File Name : F:\China Graduate Future Flight Vehicle Innovation Competition\20_engineering\SERVICE_STAR_AUX_STOP_INSTALLATION_R7_20260921\cad\source\STOP\STOP_034.step(1862 ents)  Write  Done
STOP_034 R_0603_1608Metric solids 1 bbox {'min_mm': [57.199999999999996, -13.4, 1.595], 'max_mm': [58.800000000000004, -12.6, 2.045]}

*******************************************************************
******        Statistics on Transfer (Write)                 ******

*******************************************************************
******        Transfer Mode = 0  I.E.  As Is       ******
******        Transferring Shape, ShapeType = 2                      ******
** WorkSession : Sending all data
 Step File Name : F:\China Graduate Future Flight Vehicle Innovation Competition\20_engineering\SERVICE_STAR_AUX_STOP_INSTALLATION_R7_20260921\cad\source\STOP\STOP_035.step(2002 ents)  Write  Done
STOP_035 C_0603_1608Metric solids 1 bbox {'min_mm': [57.2, -36.4, 1.595], 'max_mm': [58.8, -35.6, 2.395]}

*******************************************************************
******        Statistics on Transfer (Write)                 ******

*******************************************************************
******        Transfer Mode = 0  I.E.  As Is       ******
******        Transferring Shape, ShapeType = 2                      ******
** WorkSession : Sending all data
 Step File Name : F:\China Graduate Future Flight Vehicle Innovation Competition\20_engineering\SERVICE_STAR_AUX_STOP_INSTALLATION_R7_20260921\cad\source\STOP\STOP_036.step(1862 ents)  Write  Done
STOP_036 R_0603_1608Metric solids 1 bbox {'min_mm': [35.199999999999996, -51.4, 1.595], 'max_mm': [36.800000000000004, -50.6, 2.045]}

*******************************************************************
******        Statistics on Transfer (Write)                 ******

*******************************************************************
******        Transfer Mode = 0  I.E.  As Is       ******
******        Transferring Shape, ShapeType = 2                      ******
** WorkSession : Sending all data
 Step File Name : F:\China Graduate Future Flight Vehicle Innovation Competition\20_engineering\SERVICE_STAR_AUX_STOP_INSTALLATION_R7_20260921\cad\source\STOP\STOP_037.step(1862 ents)  Write  Done
STOP_037 R_0603_1608Metric solids 1 bbox {'min_mm': [57.199999999999996, -23.4, 1.595], 'max_mm': [58.800000000000004, -22.6, 2.045]}

*******************************************************************
******        Statistics on Transfer (Write)                 ******

*******************************************************************
******        Transfer Mode = 0  I.E.  As Is       ******
******        Transferring Shape, ShapeType = 2                      ******
** WorkSession : Sending all data
 Step File Name : F:\China Graduate Future Flight Vehicle Innovation Competition\20_engineering\SERVICE_STAR_AUX_STOP_INSTALLATION_R7_20260921\cad\source\STOP\STOP_038.step(7191 ents)  Write  Done
STOP_038 SOT-23-5 solids 1 bbox {'min_mm': [12.6, -40.450000100000004, 1.595], 'max_mm': [15.4, -37.549999899999996, 3.1450001]}

*******************************************************************
******        Statistics on Transfer (Write)                 ******

*******************************************************************
******        Transfer Mode = 0  I.E.  As Is       ******
******        Transferring Shape, ShapeType = 2                      ******
** WorkSession : Sending all data
 Step File Name : F:\China Graduate Future Flight Vehicle Innovation Competition\20_engineering\SERVICE_STAR_AUX_STOP_INSTALLATION_R7_20260921\cad\source\STOP\STOP_039.step(1862 ents)  Write  Done
STOP_039 R_0603_1608Metric solids 1 bbox {'min_mm': [64.2, -39.4, 1.595], 'max_mm': [65.8, -38.6, 2.045]}

*******************************************************************
******        Statistics on Transfer (Write)                 ******

*******************************************************************
******        Transfer Mode = 0  I.E.  As Is       ******
******        Transferring Shape, ShapeType = 2                      ******
** WorkSession : Sending all data
 Step File Name : F:\China Graduate Future Flight Vehicle Innovation Competition\20_engineering\SERVICE_STAR_AUX_STOP_INSTALLATION_R7_20260921\cad\source\STOP\STOP_040.step(2002 ents)  Write  Done
STOP_040 C_0603_1608Metric solids 1 bbox {'min_mm': [9.2, -18.400000000000002, 1.595], 'max_mm': [10.8, -17.599999999999998, 2.395]}

*******************************************************************
******        Statistics on Transfer (Write)                 ******

*******************************************************************
******        Transfer Mode = 0  I.E.  As Is       ******
******        Transferring Shape, ShapeType = 2                      ******
** WorkSession : Sending all data
 Step File Name : F:\China Graduate Future Flight Vehicle Innovation Competition\20_engineering\SERVICE_STAR_AUX_STOP_INSTALLATION_R7_20260921\cad\source\STOP\STOP_041.step(7191 ents)  Write  Done
STOP_041 SOT-23-5 solids 1 bbox {'min_mm': [66.6, -19.4500001, 1.595], 'max_mm': [69.4, -16.5499999, 3.1450001]}

*******************************************************************
******        Statistics on Transfer (Write)                 ******

*******************************************************************
******        Transfer Mode = 0  I.E.  As Is       ******
******        Transferring Shape, ShapeType = 2                      ******
** WorkSession : Sending all data
 Step File Name : F:\China Graduate Future Flight Vehicle Innovation Competition\20_engineering\SERVICE_STAR_AUX_STOP_INSTALLATION_R7_20260921\cad\source\STOP\STOP_042.step(1862 ents)  Write  Done
STOP_042 R_0603_1608Metric solids 1 bbox {'min_mm': [38.699999999999996, -44.4, 1.595], 'max_mm': [40.300000000000004, -43.6, 2.045]}

*******************************************************************
******        Statistics on Transfer (Write)                 ******

*******************************************************************
******        Transfer Mode = 0  I.E.  As Is       ******
******        Transferring Shape, ShapeType = 2                      ******
** WorkSession : Sending all data
 Step File Name : F:\China Graduate Future Flight Vehicle Innovation Competition\20_engineering\SERVICE_STAR_AUX_STOP_INSTALLATION_R7_20260921\cad\source\STOP\STOP_043.step(1862 ents)  Write  Done
STOP_043 R_0603_1608Metric solids 1 bbox {'min_mm': [68.2, -42.4, 1.595], 'max_mm': [69.8, -41.6, 2.045]}

*******************************************************************
******        Statistics on Transfer (Write)                 ******

*******************************************************************
******        Transfer Mode = 0  I.E.  As Is       ******
******        Transferring Shape, ShapeType = 2                      ******
** WorkSession : Sending all data
 Step File Name : F:\China Graduate Future Flight Vehicle Innovation Competition\20_engineering\SERVICE_STAR_AUX_STOP_INSTALLATION_R7_20260921\cad\source\STOP\STOP_044.step(1862 ents)  Write  Done
STOP_044 R_0603_1608Metric solids 1 bbox {'min_mm': [35.199999999999996, -42.4, 1.595], 'max_mm': [36.800000000000004, -41.6, 2.045]}

*******************************************************************
******        Statistics on Transfer (Write)                 ******

*******************************************************************
******        Transfer Mode = 0  I.E.  As Is       ******
******        Transferring Shape, ShapeType = 2                      ******
** WorkSession : Sending all data
 Step File Name : F:\China Graduate Future Flight Vehicle Innovation Competition\20_engineering\SERVICE_STAR_AUX_STOP_INSTALLATION_R7_20260921\cad\source\STOP\STOP_045.step(2002 ents)  Write  Done
STOP_045 C_0603_1608Metric solids 1 bbox {'min_mm': [55.2, -49.4, 1.595], 'max_mm': [56.8, -48.6, 2.395]}

*******************************************************************
******        Statistics on Transfer (Write)                 ******

*******************************************************************
******        Transfer Mode = 0  I.E.  As Is       ******
******        Transferring Shape, ShapeType = 2                      ******
** WorkSession : Sending all data
 Step File Name : F:\China Graduate Future Flight Vehicle Innovation Competition\20_engineering\SERVICE_STAR_AUX_STOP_INSTALLATION_R7_20260921\cad\source\STOP\STOP_046.step(1862 ents)  Write  Done
STOP_046 R_0805_2012Metric solids 1 bbox {'min_mm': [59.0, -44.6, 1.595], 'max_mm': [61.0, -43.4, 2.045]}

*******************************************************************
******        Statistics on Transfer (Write)                 ******

*******************************************************************
******        Transfer Mode = 0  I.E.  As Is       ******
******        Transferring Shape, ShapeType = 2                      ******
** WorkSession : Sending all data
 Step File Name : F:\China Graduate Future Flight Vehicle Innovation Competition\20_engineering\SERVICE_STAR_AUX_STOP_INSTALLATION_R7_20260921\cad\source\STOP\STOP_047.step(7191 ents)  Write  Done
STOP_047 SOT-23-5 solids 1 bbox {'min_mm': [23.6, -40.450000100000004, 1.595], 'max_mm': [26.4, -37.549999899999996, 3.1450001]}

*******************************************************************
******        Statistics on Transfer (Write)                 ******

*******************************************************************
******        Transfer Mode = 0  I.E.  As Is       ******
******        Transferring Shape, ShapeType = 2                      ******
** WorkSession : Sending all data
 Step File Name : F:\China Graduate Future Flight Vehicle Innovation Competition\20_engineering\SERVICE_STAR_AUX_STOP_INSTALLATION_R7_20260921\cad\source\STOP\STOP_048.step(2002 ents)  Write  Done
STOP_048 C_0603_1608Metric solids 1 bbox {'min_mm': [14.2, -49.4, 1.595], 'max_mm': [15.8, -48.6, 2.395]}

*******************************************************************
******        Statistics on Transfer (Write)                 ******

*******************************************************************
******        Transfer Mode = 0  I.E.  As Is       ******
******        Transferring Shape, ShapeType = 2                      ******
** WorkSession : Sending all data
 Step File Name : F:\China Graduate Future Flight Vehicle Innovation Competition\20_engineering\SERVICE_STAR_AUX_STOP_INSTALLATION_R7_20260921\cad\source\STOP\STOP_049.step(2002 ents)  Write  Done
STOP_049 C_0603_1608Metric solids 1 bbox {'min_mm': [13.2, -14.9, 1.595], 'max_mm': [14.8, -14.1, 2.395]}

*******************************************************************
******        Statistics on Transfer (Write)                 ******

*******************************************************************
******        Transfer Mode = 0  I.E.  As Is       ******
******        Transferring Shape, ShapeType = 2                      ******
** WorkSession : Sending all data
 Step File Name : F:\China Graduate Future Flight Vehicle Innovation Competition\20_engineering\SERVICE_STAR_AUX_STOP_INSTALLATION_R7_20260921\cad\source\STOP\STOP_050.step(7191 ents)  Write  Done
STOP_050 SOT-23-5 solids 1 bbox {'min_mm': [45.6, -40.450000100000004, 1.595], 'max_mm': [48.4, -37.549999899999996, 3.1450001]}

*******************************************************************
******        Statistics on Transfer (Write)                 ******

*******************************************************************
******        Transfer Mode = 0  I.E.  As Is       ******
******        Transferring Shape, ShapeType = 2                      ******
** WorkSession : Sending all data
 Step File Name : F:\China Graduate Future Flight Vehicle Innovation Competition\20_engineering\SERVICE_STAR_AUX_STOP_INSTALLATION_R7_20260921\cad\source\STOP\STOP_051.step(1862 ents)  Write  Done
STOP_051 R_0603_1608Metric solids 1 bbox {'min_mm': [68.7, -52.4, 1.595], 'max_mm': [70.3, -51.6, 2.045]}

*******************************************************************
******        Statistics on Transfer (Write)                 ******

*******************************************************************
******        Transfer Mode = 0  I.E.  As Is       ******
******        Transferring Shape, ShapeType = 2                      ******
** WorkSession : Sending all data
 Step File Name : F:\China Graduate Future Flight Vehicle Innovation Competition\20_engineering\SERVICE_STAR_AUX_STOP_INSTALLATION_R7_20260921\cad\source\STOP\STOP_052.step(8289 ents)  Write  Done
STOP_052 SOT-23-6 solids 1 bbox {'min_mm': [56.6, -19.4500001, 1.595], 'max_mm': [59.4, -16.5499999, 3.1450001]}

*******************************************************************
******        Statistics on Transfer (Write)                 ******

*******************************************************************
******        Transfer Mode = 0  I.E.  As Is       ******
******        Transferring Shape, ShapeType = 2                      ******
** WorkSession : Sending all data
 Step File Name : F:\China Graduate Future Flight Vehicle Innovation Competition\20_engineering\SERVICE_STAR_AUX_STOP_INSTALLATION_R7_20260921\cad\source\STOP\STOP_053.step(1862 ents)  Write  Done
STOP_053 R_0603_1608Metric solids 1 bbox {'min_mm': [38.699999999999996, -42.4, 1.595], 'max_mm': [40.300000000000004, -41.6, 2.045]}

*******************************************************************
******        Statistics on Transfer (Write)                 ******

*******************************************************************
******        Transfer Mode = 0  I.E.  As Is       ******
******        Transferring Shape, ShapeType = 2                      ******
** WorkSession : Sending all data
 Step File Name : F:\China Graduate Future Flight Vehicle Innovation Competition\20_engineering\SERVICE_STAR_AUX_STOP_INSTALLATION_R7_20260921\cad\source\STOP\STOP_054.step(2002 ents)  Write  Done
STOP_054 C_0603_1608Metric solids 1 bbox {'min_mm': [41.2, -25.400000000000002, 1.595], 'max_mm': [42.8, -24.599999999999998, 2.395]}

*******************************************************************
******        Statistics on Transfer (Write)                 ******

*******************************************************************
******        Transfer Mode = 0  I.E.  As Is       ******
******        Transferring Shape, ShapeType = 2                      ******
** WorkSession : Sending all data
 Step File Name : F:\China Graduate Future Flight Vehicle Innovation Competition\20_engineering\SERVICE_STAR_AUX_STOP_INSTALLATION_R7_20260921\cad\source\STOP\STOP_055.step(1862 ents)  Write  Done
STOP_055 R_0603_1608Metric solids 1 bbox {'min_mm': [35.199999999999996, -44.4, 1.595], 'max_mm': [36.800000000000004, -43.6, 2.045]}

*******************************************************************
******        Statistics on Transfer (Write)                 ******

*******************************************************************
******        Transfer Mode = 0  I.E.  As Is       ******
******        Transferring Shape, ShapeType = 2                      ******
** WorkSession : Sending all data
 Step File Name : F:\China Graduate Future Flight Vehicle Innovation Competition\20_engineering\SERVICE_STAR_AUX_STOP_INSTALLATION_R7_20260921\cad\source\STOP\STOP_056.step(17073 ents)  Write  Done
STOP_056 TSSOP-14_4.4x5mm_P0.65mm solids 1 bbox {'min_mm': [38.8, -31.500000100000005, 1.595], 'max_mm': [45.2, -26.499999899999995, 2.5950001]}

*******************************************************************
******        Statistics on Transfer (Write)                 ******

*******************************************************************
******        Transfer Mode = 0  I.E.  As Is       ******
******        Transferring Shape, ShapeType = 2                      ******
** WorkSession : Sending all data
 Step File Name : F:\China Graduate Future Flight Vehicle Innovation Competition\20_engineering\SERVICE_STAR_AUX_STOP_INSTALLATION_R7_20260921\cad\source\STOP\STOP_057.step(1862 ents)  Write  Done
STOP_057 R_0603_1608Metric solids 1 bbox {'min_mm': [64.7, -47.4, 1.595], 'max_mm': [66.3, -46.6, 2.045]}

*******************************************************************
******        Statistics on Transfer (Write)                 ******

*******************************************************************
******        Transfer Mode = 0  I.E.  As Is       ******
******        Transferring Shape, ShapeType = 2                      ******
** WorkSession : Sending all data
 Step File Name : F:\China Graduate Future Flight Vehicle Innovation Competition\20_engineering\SERVICE_STAR_AUX_STOP_INSTALLATION_R7_20260921\cad\source\STOP\STOP_058.step(8289 ents)  Write  Done
STOP_058 SOT-23-6 solids 1 bbox {'min_mm': [45.6, -19.4500001, 1.595], 'max_mm': [48.4, -16.5499999, 3.1450001]}

*******************************************************************
******        Statistics on Transfer (Write)                 ******

*******************************************************************
******        Transfer Mode = 0  I.E.  As Is       ******
******        Transferring Shape, ShapeType = 2                      ******
** WorkSession : Sending all data
 Step File Name : F:\China Graduate Future Flight Vehicle Innovation Competition\20_engineering\SERVICE_STAR_AUX_STOP_INSTALLATION_R7_20260921\cad\source\STOP\STOP_059.step(2002 ents)  Write  Done
STOP_059 C_0603_1608Metric solids 1 bbox {'min_mm': [57.2, -21.400000000000002, 1.595], 'max_mm': [58.8, -20.599999999999998, 2.395]}

*******************************************************************
******        Statistics on Transfer (Write)                 ******

*******************************************************************
******        Transfer Mode = 0  I.E.  As Is       ******
******        Transferring Shape, ShapeType = 2                      ******
** WorkSession : Sending all data
 Step File Name : F:\China Graduate Future Flight Vehicle Innovation Competition\20_engineering\SERVICE_STAR_AUX_STOP_INSTALLATION_R7_20260921\cad\source\STOP\STOP_060.step(2002 ents)  Write  Done
STOP_060 C_0603_1608Metric solids 1 bbox {'min_mm': [68.7, -50.4, 1.595], 'max_mm': [70.3, -49.6, 2.395]}

*******************************************************************
******        Statistics on Transfer (Write)                 ******

*******************************************************************
******        Transfer Mode = 0  I.E.  As Is       ******
******        Transferring Shape, ShapeType = 2                      ******
** WorkSession : Sending all data
 Step File Name : F:\China Graduate Future Flight Vehicle Innovation Competition\20_engineering\SERVICE_STAR_AUX_STOP_INSTALLATION_R7_20260921\cad\source\STOP\STOP_061.step(1862 ents)  Write  Done
STOP_061 R_0603_1608Metric solids 1 bbox {'min_mm': [60.699999999999996, -21.4, 1.595], 'max_mm': [62.300000000000004, -20.6, 2.045]}

*******************************************************************
******        Statistics on Transfer (Write)                 ******

*******************************************************************
******        Transfer Mode = 0  I.E.  As Is       ******
******        Transferring Shape, ShapeType = 2                      ******
** WorkSession : Sending all data
 Step File Name : F:\China Graduate Future Flight Vehicle Innovation Competition\20_engineering\SERVICE_STAR_AUX_STOP_INSTALLATION_R7_20260921\cad\source\STOP\STOP_062.step(1862 ents)  Write  Done
STOP_062 R_0603_1608Metric solids 1 bbox {'min_mm': [55.199999999999996, -47.4, 1.595], 'max_mm': [56.800000000000004, -46.6, 2.045]}

*******************************************************************
******        Statistics on Transfer (Write)                 ******

*******************************************************************
******        Transfer Mode = 0  I.E.  As Is       ******
******        Transferring Shape, ShapeType = 2                      ******
** WorkSession : Sending all data
 Step File Name : F:\China Graduate Future Flight Vehicle Innovation Competition\20_engineering\SERVICE_STAR_AUX_STOP_INSTALLATION_R7_20260921\cad\source\STOP\STOP_063.step(7191 ents)  Write  Done
STOP_063 SOT-23-5 solids 1 bbox {'min_mm': [34.6, -40.450000100000004, 1.595], 'max_mm': [37.4, -37.549999899999996, 3.1450001]}

*******************************************************************
******        Statistics on Transfer (Write)                 ******

*******************************************************************
******        Transfer Mode = 0  I.E.  As Is       ******
******        Transferring Shape, ShapeType = 2                      ******
** WorkSession : Sending all data
 Step File Name : F:\China Graduate Future Flight Vehicle Innovation Competition\20_engineering\SERVICE_STAR_AUX_STOP_INSTALLATION_R7_20260921\cad\source\STOP\STOP_064.step(1862 ents)  Write  Done
STOP_064 R_0805_2012Metric solids 1 bbox {'min_mm': [18.0, -44.6, 1.595], 'max_mm': [20.0, -43.4, 2.045]}

*******************************************************************
******        Statistics on Transfer (Write)                 ******

*******************************************************************
******        Transfer Mode = 0  I.E.  As Is       ******
******        Transferring Shape, ShapeType = 2                      ******
** WorkSession : Sending all data
 Step File Name : F:\China Graduate Future Flight Vehicle Innovation Competition\20_engineering\SERVICE_STAR_AUX_STOP_INSTALLATION_R7_20260921\cad\source\STOP\STOP_065.step(1862 ents)  Write  Done
STOP_065 R_0603_1608Metric solids 1 bbox {'min_mm': [47.199999999999996, -29.4, 1.595], 'max_mm': [48.800000000000004, -28.6, 2.045]}

*******************************************************************
******        Statistics on Transfer (Write)                 ******

*******************************************************************
******        Transfer Mode = 0  I.E.  As Is       ******
******        Transferring Shape, ShapeType = 2                      ******
** WorkSession : Sending all data
 Step File Name : F:\China Graduate Future Flight Vehicle Innovation Competition\20_engineering\SERVICE_STAR_AUX_STOP_INSTALLATION_R7_20260921\cad\source\STOP\STOP_066.step(1862 ents)  Write  Done
STOP_066 R_0603_1608Metric solids 1 bbox {'min_mm': [14.2, -47.4, 1.595], 'max_mm': [15.8, -46.6, 2.045]}

*******************************************************************
******        Statistics on Transfer (Write)                 ******

*******************************************************************
******        Transfer Mode = 0  I.E.  As Is       ******
******        Transferring Shape, ShapeType = 2                      ******
** WorkSession : Sending all data
 Step File Name : F:\China Graduate Future Flight Vehicle Innovation Competition\20_engineering\SERVICE_STAR_AUX_STOP_INSTALLATION_R7_20260921\cad\source\STOP\STOP_067.step(8289 ents)  Write  Done
STOP_067 SOT-23-6 solids 1 bbox {'min_mm': [58.6, -50.450000100000004, 1.595], 'max_mm': [61.4, -47.549999899999996, 3.1450001]}

*******************************************************************
******        Statistics on Transfer (Write)                 ******

*******************************************************************
******        Transfer Mode = 0  I.E.  As Is       ******
******        Transferring Shape, ShapeType = 2                      ******
** WorkSession : Sending all data
 Step File Name : F:\China Graduate Future Flight Vehicle Innovation Competition\20_engineering\SERVICE_STAR_AUX_STOP_INSTALLATION_R7_20260921\cad\source\STOP\STOP_068.step(1862 ents)  Write  Done
STOP_068 R_0603_1608Metric solids 1 bbox {'min_mm': [12.7, -28.9, 1.595], 'max_mm': [14.3, -28.1, 2.045]}

*******************************************************************
******        Statistics on Transfer (Write)                 ******

*******************************************************************
******        Transfer Mode = 0  I.E.  As Is       ******
******        Transferring Shape, ShapeType = 2                      ******
** WorkSession : Sending all data
 Step File Name : F:\China Graduate Future Flight Vehicle Innovation Competition\20_engineering\SERVICE_STAR_AUX_STOP_INSTALLATION_R7_20260921\cad\source\STOP\STOP_069.step(7191 ents)  Write  Done
STOP_069 SOT-23-5 solids 1 bbox {'min_mm': [54.6, -30.4500001, 1.595], 'max_mm': [57.4, -27.5499999, 3.1450001]}

*******************************************************************
******        Statistics on Transfer (Write)                 ******

*******************************************************************
******        Transfer Mode = 0  I.E.  As Is       ******
******        Transferring Shape, ShapeType = 2                      ******
** WorkSession : Sending all data
 Step File Name : F:\China Graduate Future Flight Vehicle Innovation Competition\20_engineering\SERVICE_STAR_AUX_STOP_INSTALLATION_R7_20260921\cad\source\STOP\STOP_070.step(2002 ents)  Write  Done
STOP_070 C_0603_1608Metric solids 1 bbox {'min_mm': [66.2, -26.400000000000002, 1.595], 'max_mm': [67.8, -25.599999999999998, 2.395]}

*******************************************************************
******        Statistics on Transfer (Write)                 ******

*******************************************************************
******        Transfer Mode = 0  I.E.  As Is       ******
******        Transferring Shape, ShapeType = 2                      ******
** WorkSession : Sending all data
 Step File Name : F:\China Graduate Future Flight Vehicle Innovation Competition\20_engineering\SERVICE_STAR_AUX_STOP_INSTALLATION_R7_20260921\cad\source\STOP\STOP_071.step(1862 ents)  Write  Done
STOP_071 R_0603_1608Metric solids 1 bbox {'min_mm': [18.2, -54.4, 1.595], 'max_mm': [19.8, -53.6, 2.045]}

*******************************************************************
******        Statistics on Transfer (Write)                 ******

*******************************************************************
******        Transfer Mode = 0  I.E.  As Is       ******
******        Transferring Shape, ShapeType = 2                      ******
** WorkSession : Sending all data
 Step File Name : F:\China Graduate Future Flight Vehicle Innovation Competition\20_engineering\SERVICE_STAR_AUX_STOP_INSTALLATION_R7_20260921\cad\source\STOP\STOP_072.step(2002 ents)  Write  Done
STOP_072 C_0603_1608Metric solids 1 bbox {'min_mm': [55.2, -26.400000000000002, 1.595], 'max_mm': [56.8, -25.599999999999998, 2.395]}

*******************************************************************
******        Statistics on Transfer (Write)                 ******

*******************************************************************
******        Transfer Mode = 0  I.E.  As Is       ******
******        Transferring Shape, ShapeType = 2                      ******
** WorkSession : Sending all data
 Step File Name : F:\China Graduate Future Flight Vehicle Innovation Competition\20_engineering\SERVICE_STAR_AUX_STOP_INSTALLATION_R7_20260921\cad\source\STOP\STOP_073.step(1862 ents)  Write  Done
STOP_073 R_0603_1608Metric solids 1 bbox {'min_mm': [22.2, -49.4, 1.595], 'max_mm': [23.8, -48.6, 2.045]}

*******************************************************************
******        Statistics on Transfer (Write)                 ******

*******************************************************************
******        Transfer Mode = 0  I.E.  As Is       ******
******        Transferring Shape, ShapeType = 2                      ******
** WorkSession : Sending all data
 Step File Name : F:\China Graduate Future Flight Vehicle Innovation Competition\20_engineering\SERVICE_STAR_AUX_STOP_INSTALLATION_R7_20260921\cad\source\STOP\STOP_074.step(8289 ents)  Write  Done
STOP_074 SOT-23-6 solids 1 bbox {'min_mm': [17.6, -50.450000100000004, 1.595], 'max_mm': [20.4, -47.549999899999996, 3.1450001]}

*******************************************************************
******        Statistics on Transfer (Write)                 ******

*******************************************************************
******        Transfer Mode = 0  I.E.  As Is       ******
******        Transferring Shape, ShapeType = 2                      ******
** WorkSession : Sending all data
 Step File Name : F:\China Graduate Future Flight Vehicle Innovation Competition\20_engineering\SERVICE_STAR_AUX_STOP_INSTALLATION_R7_20260921\cad\source\STOP\STOP_075.step(8289 ents)  Write  Done
STOP_075 SOT-23-6 solids 1 bbox {'min_mm': [23.6, -19.450000100000004, 1.595], 'max_mm': [26.4, -16.549999899999996, 3.1450001]}

*******************************************************************
******        Statistics on Transfer (Write)                 ******

*******************************************************************
******        Transfer Mode = 0  I.E.  As Is       ******
******        Transferring Shape, ShapeType = 2                      ******
** WorkSession : Sending all data
 Step File Name : F:\China Graduate Future Flight Vehicle Innovation Competition\20_engineering\SERVICE_STAR_AUX_STOP_INSTALLATION_R7_20260921\cad\source\STOP\STOP_076.step(1862 ents)  Write  Done
STOP_076 R_0603_1608Metric solids 1 bbox {'min_mm': [76.2, -41.9, 1.595], 'max_mm': [77.8, -41.1, 2.045]}

*******************************************************************
******        Statistics on Transfer (Write)                 ******

*******************************************************************
******        Transfer Mode = 0  I.E.  As Is       ******
******        Transferring Shape, ShapeType = 2                      ******
** WorkSession : Sending all data
 Step File Name : F:\China Graduate Future Flight Vehicle Innovation Competition\20_engineering\SERVICE_STAR_AUX_STOP_INSTALLATION_R7_20260921\cad\source\STOP\STOP_077.step(2002 ents)  Write  Done
STOP_077 C_0603_1608Metric solids 1 bbox {'min_mm': [24.2, -36.4, 1.595], 'max_mm': [25.8, -35.6, 2.395]}

*******************************************************************
******        Statistics on Transfer (Write)                 ******

*******************************************************************
******        Transfer Mode = 0  I.E.  As Is       ******
******        Transferring Shape, ShapeType = 2                      ******
** WorkSession : Sending all data
 Step File Name : F:\China Graduate Future Flight Vehicle Innovation Competition\20_engineering\SERVICE_STAR_AUX_STOP_INSTALLATION_R7_20260921\cad\source\STOP\STOP_078.step(2002 ents)  Write  Done
STOP_078 C_0603_1608Metric solids 1 bbox {'min_mm': [35.2, -49.4, 1.595], 'max_mm': [36.8, -48.6, 2.395]}

*******************************************************************
******        Statistics on Transfer (Write)                 ******

*******************************************************************
******        Transfer Mode = 0  I.E.  As Is       ******
******        Transferring Shape, ShapeType = 2                      ******
** WorkSession : Sending all data
 Step File Name : F:\China Graduate Future Flight Vehicle Innovation Competition\20_engineering\SERVICE_STAR_AUX_STOP_INSTALLATION_R7_20260921\cad\source\STOP\STOP_079.step(2002 ents)  Write  Done
STOP_079 C_0603_1608Metric solids 1 bbox {'min_mm': [68.2, -36.4, 1.595], 'max_mm': [69.8, -35.6, 2.395]}

*******************************************************************
******        Statistics on Transfer (Write)                 ******

*******************************************************************
******        Transfer Mode = 0  I.E.  As Is       ******
******        Transferring Shape, ShapeType = 2                      ******
** WorkSession : Sending all data
 Step File Name : F:\China Graduate Future Flight Vehicle Innovation Competition\20_engineering\SERVICE_STAR_AUX_STOP_INSTALLATION_R7_20260921\cad\source\STOP\STOP_080.step(3636 ents)  Write  Done
STOP_080 TO-220-3_Vertical solids 1 bbox {'min_mm': [74.415, -47.29500000000027, -8.155000000000083], 'max_mm': [84.665, -42.84, 20.37]}

*******************************************************************
******        Statistics on Transfer (Write)                 ******

*******************************************************************
******        Transfer Mode = 0  I.E.  As Is       ******
******        Transferring Shape, ShapeType = 2                      ******
** WorkSession : Sending all data
 Step File Name : F:\China Graduate Future Flight Vehicle Innovation Competition\20_engineering\SERVICE_STAR_AUX_STOP_INSTALLATION_R7_20260921\cad\source\STOP\STOP_081.step(2002 ents)  Write  Done
STOP_081 C_0603_1608Metric solids 1 bbox {'min_mm': [77.2, -15.4, 1.595], 'max_mm': [78.8, -14.6, 2.395]}

*******************************************************************
******        Statistics on Transfer (Write)                 ******

*******************************************************************
******        Transfer Mode = 0  I.E.  As Is       ******
******        Transferring Shape, ShapeType = 2                      ******
** WorkSession : Sending all data
 Step File Name : F:\China Graduate Future Flight Vehicle Innovation Competition\20_engineering\SERVICE_STAR_AUX_STOP_INSTALLATION_R7_20260921\cad\source\STOP\STOP_082.step(1862 ents)  Write  Done
STOP_082 R_0603_1608Metric solids 1 bbox {'min_mm': [59.199999999999996, -54.4, 1.595], 'max_mm': [60.800000000000004, -53.6, 2.045]}

*******************************************************************
******        Statistics on Transfer (Write)                 ******

*******************************************************************
******        Transfer Mode = 0  I.E.  As Is       ******
******        Transferring Shape, ShapeType = 2                      ******
** WorkSession : Sending all data
 Step File Name : F:\China Graduate Future Flight Vehicle Innovation Competition\20_engineering\SERVICE_STAR_AUX_STOP_INSTALLATION_R7_20260921\cad\source\STOP\STOP_083.step(1862 ents)  Write  Done
STOP_083 R_0805_2012Metric solids 1 bbox {'min_mm': [39.0, -54.6, 1.595], 'max_mm': [41.0, -53.4, 2.045]}

*******************************************************************
******        Statistics on Transfer (Write)                 ******

*******************************************************************
******        Transfer Mode = 0  I.E.  As Is       ******
******        Transferring Shape, ShapeType = 2                      ******
** WorkSession : Sending all data
 Step File Name : F:\China Graduate Future Flight Vehicle Innovation Competition\20_engineering\SERVICE_STAR_AUX_STOP_INSTALLATION_R7_20260921\cad\source\STOP\STOP_084.step(2002 ents)  Write  Done
STOP_084 C_0603_1608Metric solids 1 bbox {'min_mm': [68.7, -44.4, 1.595], 'max_mm': [70.3, -43.6, 2.395]}

*******************************************************************
******        Statistics on Transfer (Write)                 ******

*******************************************************************
******        Transfer Mode = 0  I.E.  As Is       ******
******        Transferring Shape, ShapeType = 2                      ******
** WorkSession : Sending all data
 Step File Name : F:\China Graduate Future Flight Vehicle Innovation Competition\20_engineering\SERVICE_STAR_AUX_STOP_INSTALLATION_R7_20260921\cad\source\STOP\STOP_085.step(7191 ents)  Write  Done
STOP_085 SOT-23-5 solids 1 bbox {'min_mm': [67.6, -40.450000100000004, 1.595], 'max_mm': [70.4, -37.549999899999996, 3.1450001]}

*******************************************************************
******        Statistics on Transfer (Write)                 ******

*******************************************************************
******        Transfer Mode = 0  I.E.  As Is       ******
******        Transferring Shape, ShapeType = 2                      ******
** WorkSession : Sending all data
 Step File Name : F:\China Graduate Future Flight Vehicle Innovation Competition\20_engineering\SERVICE_STAR_AUX_STOP_INSTALLATION_R7_20260921\cad\source\STOP\STOP_086.step(2002 ents)  Write  Done
STOP_086 C_0603_1608Metric solids 1 bbox {'min_mm': [46.2, -36.4, 1.595], 'max_mm': [47.8, -35.6, 2.395]}

*******************************************************************
******        Statistics on Transfer (Write)                 ******

*******************************************************************
******        Transfer Mode = 0  I.E.  As Is       ******
******        Transferring Shape, ShapeType = 2                      ******
** WorkSession : Sending all data
 Step File Name : F:\China Graduate Future Flight Vehicle Innovation Competition\20_engineering\SERVICE_STAR_AUX_STOP_INSTALLATION_R7_20260921\cad\source\STOP\STOP_087.step(2002 ents)  Write  Done
STOP_087 C_0603_1608Metric solids 1 bbox {'min_mm': [39.2, -52.4, 1.595], 'max_mm': [40.8, -51.6, 2.395]}

*******************************************************************
******        Statistics on Transfer (Write)                 ******

*******************************************************************
******        Transfer Mode = 0  I.E.  As Is       ******
******        Transferring Shape, ShapeType = 2                      ******
** WorkSession : Sending all data
 Step File Name : F:\China Graduate Future Flight Vehicle Innovation Competition\20_engineering\SERVICE_STAR_AUX_STOP_INSTALLATION_R7_20260921\cad\source\STOP\STOP_088.step(2002 ents)  Write  Done
STOP_088 C_0603_1608Metric solids 1 bbox {'min_mm': [24.2, -15.4, 1.595], 'max_mm': [25.8, -14.6, 2.395]}

*******************************************************************
******        Statistics on Transfer (Write)                 ******

*******************************************************************
******        Transfer Mode = 0  I.E.  As Is       ******
******        Transferring Shape, ShapeType = 2                      ******
** WorkSession : Sending all data
 Step File Name : F:\China Graduate Future Flight Vehicle Innovation Competition\20_engineering\SERVICE_STAR_AUX_STOP_INSTALLATION_R7_20260921\cad\source\STOP\STOP_089.step(2002 ents)  Write  Done
STOP_089 C_0603_1608Metric solids 1 bbox {'min_mm': [13.2, -36.4, 1.595], 'max_mm': [14.8, -35.6, 2.395]}

*******************************************************************
******        Statistics on Transfer (Write)                 ******

*******************************************************************
******        Transfer Mode = 0  I.E.  As Is       ******
******        Transferring Shape, ShapeType = 2                      ******
** WorkSession : Sending all data
 Step File Name : F:\China Graduate Future Flight Vehicle Innovation Competition\20_engineering\SERVICE_STAR_AUX_STOP_INSTALLATION_R7_20260921\cad\source\STOP\STOP_090.step(1862 ents)  Write  Done
STOP_090 R_0603_1608Metric solids 1 bbox {'min_mm': [43.199999999999996, -49.4, 1.595], 'max_mm': [44.800000000000004, -48.6, 2.045]}

*******************************************************************
******        Statistics on Transfer (Write)                 ******

*******************************************************************
******        Transfer Mode = 0  I.E.  As Is       ******
******        Transferring Shape, ShapeType = 2                      ******
** WorkSession : Sending all data
 Step File Name : F:\China Graduate Future Flight Vehicle Innovation Competition\20_engineering\SERVICE_STAR_AUX_STOP_INSTALLATION_R7_20260921\cad\source\STOP\STOP_091.step(1862 ents)  Write  Done
STOP_091 R_0603_1608Metric solids 1 bbox {'min_mm': [42.199999999999996, -42.4, 1.595], 'max_mm': [43.800000000000004, -41.6, 2.045]}

*******************************************************************
******        Statistics on Transfer (Write)                 ******

*******************************************************************
******        Transfer Mode = 0  I.E.  As Is       ******
******        Transferring Shape, ShapeType = 2                      ******
** WorkSession : Sending all data
 Step File Name : F:\China Graduate Future Flight Vehicle Innovation Competition\20_engineering\SERVICE_STAR_AUX_STOP_INSTALLATION_R7_20260921\cad\source\STOP\STOP_092.step(2002 ents)  Write  Done
STOP_092 C_0603_1608Metric solids 1 bbox {'min_mm': [53.2, -18.400000000000002, 1.595], 'max_mm': [54.8, -17.599999999999998, 2.395]}

*******************************************************************
******        Statistics on Transfer (Write)                 ******

*******************************************************************
******        Transfer Mode = 0  I.E.  As Is       ******
******        Transferring Shape, ShapeType = 2                      ******
** WorkSession : Sending all data
 Step File Name : F:\China Graduate Future Flight Vehicle Innovation Competition\20_engineering\SERVICE_STAR_AUX_STOP_INSTALLATION_R7_20260921\cad\source\STOP\STOP_093.step(19588 ents)  Write  Done
STOP_093 JST_SM06B_GHS_TB solids 1 bbox {'min_mm': [1.2496, -50.375, 1.59], 'max_mm': [6.2, -39.625, 5.840000000000001]}

*******************************************************************
******        Statistics on Transfer (Write)                 ******

*******************************************************************
******        Transfer Mode = 0  I.E.  As Is       ******
******        Transferring Shape, ShapeType = 2                      ******
** WorkSession : Sending all data
 Step File Name : F:\China Graduate Future Flight Vehicle Innovation Competition\20_engineering\SERVICE_STAR_AUX_STOP_INSTALLATION_R7_20260921\cad\source\STOP\STOP_094.step(2002 ents)  Write  Done
STOP_094 C_0603_1608Metric solids 1 bbox {'min_mm': [39.2, -46.4, 1.595], 'max_mm': [40.8, -45.6, 2.395]}

*******************************************************************
******        Statistics on Transfer (Write)                 ******

*******************************************************************
******        Transfer Mode = 0  I.E.  As Is       ******
******        Transferring Shape, ShapeType = 2                      ******
** WorkSession : Sending all data
 Step File Name : F:\China Graduate Future Flight Vehicle Innovation Competition\20_engineering\SERVICE_STAR_AUX_STOP_INSTALLATION_R7_20260921\cad\source\STOP\STOP_095.step(4490 ents)  Write  Done
STOP_095 wp10_stop_control_PCB solids 1 bbox {'min_mm': [0.0, -70.0, 0.0], 'max_mm': [90.0, 0.0, 1.51]}
== STOP 96 components 96 solids
