bay objects: 44
   shear_web_1                            z  -101.15..  101.15  x   -172.0..   172.0  y    96.5..  113.2
   PROP_PWR_ROUTE                         z   -69.98..   63.98  x    -60.0..   149.0  y    43.0..   74.0
   P60_HOST_2_ROD                         z   -20.50..   61.50  x   -159.5..  -156.5  y    90.5..   93.5
   upper_deck_fastener_1_-150             z   -20.50..   -5.00  x   -153.0..  -147.0  y    89.7..   95.7
   upper_deck_fastener_1_-50              z   -20.50..   -5.00  x    -53.0..   -47.0  y    89.7..   95.7
   R01_D_upper_1_-150_screw               z   -20.00..   -5.00  x   -152.8..  -147.2  y    89.9..   95.4
   R01_D_upper_1_-50_screw                z   -20.00..   -5.00  x    -52.8..   -47.2  y    89.9..   95.4
   C203_DECK_SCREW_1                      z   -18.50..   -3.50  x    -50.8..   -45.2  y    29.8..   35.2
   P60_HOST_3_ROD                         z   -17.50..   61.50  x    -53.5..   -50.5  y    78.5..   81.5
   R6H_MAIN_BOLT_1                        z   -16.40..   16.60  x   -162.8..  -157.2  y    79.2..   84.8
   R6H_MAIN_BOLT_2                        z   -16.40..   16.60  x    -70.8..   -65.2  y    79.2..   84.8
   R6H_MAIN_BOLT_3                        z   -16.40..   16.60  x   -162.8..  -157.2  y     7.2..   12.8
   R6H_MAIN_BOLT_4                        z   -16.40..   16.60  x    -70.8..   -65.2  y     7.2..   12.8
   C203_DECK_WASHER_1                     z    -8.50..   -8.00  x    -51.5..   -44.5  y    29.0..   36.0
   P60_HOST_0_POST                        z    -8.50..   53.00  x   -158.0..  -150.0  y   -12.0..   -4.0
   P60_HOST_1_POST                        z    -8.50..   53.00  x    -53.0..   -45.0  y   -12.0..   -4.0
   P60_HOST_2_POST                        z    -8.50..   53.00  x   -162.0..  -154.0  y    88.0..   96.0
   P60_HOST_3_POST                        z    -8.50..   53.00  x    -56.0..   -48.0  y    76.0..   84.0
   R01_D_upper_1_-150_washer_head         z    -8.50..   -8.00  x   -153.0..  -147.0  y    89.7..   95.7
   R01_D_upper_1_-50_washer_head          z    -8.50..   -8.00  x    -53.0..   -47.0  y    89.7..   95.7
   adapter_compute_communications         z    -8.50..   -6.50  x   -156.5..   -73.5  y   -10.0..   88.0
   trunk_clip_standoff_-140               z    -8.50..   45.00  x   -111.0..   -79.0  y   -15.0..   13.5
   R6H_MAIN_SPACER_1                      z    -8.50..   11.50  x   -163.0..  -157.0  y    79.0..   85.0
   R6H_MAIN_SPACER_2                      z    -8.50..   11.50  x    -71.0..   -65.0  y    79.0..   85.0
   R6H_MAIN_SPACER_3                      z    -8.50..   11.50  x   -163.0..  -157.0  y     7.0..   13.0
   R6H_MAIN_SPACER_4                      z    -8.50..   11.50  x    -71.0..   -65.0  y     7.0..   13.0
   C203_DECK_NUT_1                        z    -8.00..   -5.60  x    -51.2..   -44.8  y    29.8..   35.2
   WP10_INTERNAL_BATTERY_BYPASS           z    -6.98..  118.00  x   -155.0..    70.0  y   -85.0..    6.5
   connector_arm_drive                    z     0.50..   10.50  x   -109.0..   -91.0  y   -13.0..   -5.0
   WP10_RRC3570_4_D_MAX_ENVELOPE          z     7.00..   92.50  x    -54.0..   135.5  y   -55.2..   27.0
   R6H_MAIN_PCBA_INSTALLED                z     7.09..   37.55  x   -164.0..   -64.0  y     6.0..   86.0
   R6H_MAIN_WASHER_TOP_1                  z    13.10..   13.60  x   -163.5..  -156.5  y    78.5..   85.5
   R6H_MAIN_WASHER_TOP_2                  z    13.10..   13.60  x    -71.5..   -64.5  y    78.5..   85.5
   R6H_MAIN_WASHER_TOP_3                  z    13.10..   13.60  x   -163.5..  -156.5  y     6.5..   13.5
   R6H_MAIN_WASHER_TOP_4                  z    13.10..   13.60  x    -71.5..   -64.5  y     6.5..   13.5
   TRUNK_0_SCREW_0                        z    35.00..   49.00  x    -98.0..   -92.0  y    -9.5..   -3.5
   TRUNK_0_SCREW_1                        z    35.00..   49.00  x    -98.0..   -92.0  y     6.5..   12.5
   TRUNK_0_NUT_0                          z    37.10..   39.50  x    -98.2..   -91.8  y    -9.7..   -3.3
   TRUNK_0_NUT_1                          z    37.10..   39.50  x    -98.2..   -91.8  y     6.3..   12.7
   TRUNK_0_WASHER_0                       z    39.50..   40.00  x    -98.5..   -91.5  y   -10.0..   -3.0
   TRUNK_0_WASHER_1                       z    39.50..   40.00  x    -98.5..   -91.5  y     6.0..   13.0
   TRUNK_0_LINER_LOW                      z    41.50..   45.00  x   -101.0..   -89.0  y    -2.0..    5.0
   TRUNK_0_LINER_HIGH                     z    45.00..   48.50  x   -101.0..   -89.0  y    -2.0..    5.0
   trunk_clip_-140                        z    45.00..   49.00  x   -101.0..   -89.0  y   -10.5..   13.5
STOP  yaw 0   above_battery_plusY    SKIP needs 90.0x70.0x28.5 in 119.5x62.5x32.0
STOP  yaw 90  above_battery_plusY    SKIP needs 70.0x90.0x28.5 in 119.5x62.5x32.0
STOP  yaw 0   above_P60_tray_plusY   SKIP needs 90.0x70.0x28.5 in 114.0x22.0x45.0
STOP  yaw 90  above_P60_tray_plusY   SKIP needs 70.0x90.0x28.5 in 114.0x22.0x45.0
STOP  yaw 0   above_P60_tray_midY    SKIP needs 90.0x70.0x28.5 in 114.0x37.0x45.0
STOP  yaw 90  above_P60_tray_midY    SKIP needs 70.0x90.0x28.5 in 114.0x37.0x45.0
STOP candidate poses: 0
AUX   yaw 0   above_battery_plusY    SKIP needs 60.0x70.0x19.6 in 119.5x62.5x32.0
AUX   yaw 0   above_P60_tray_plusY   SKIP needs 60.0x70.0x19.6 in 114.0x22.0x45.0
AUX   yaw 90  above_P60_tray_plusY   SKIP needs 70.0x60.0x19.6 in 114.0x22.0x45.0
AUX   yaw 0   above_P60_tray_midY    SKIP needs 60.0x70.0x19.6 in 114.0x37.0x45.0
AUX   yaw 90  above_P60_tray_midY    SKIP needs 70.0x60.0x19.6 in 114.0x37.0x45.0
AUX candidate poses: 15
AUX   x=30.5    y=31.5   z=69.0   yaw=90   hits=TIEROD_DUAL_0,TIEROD_DUAL_1
AUX   x=30.5    y=31.5   z=74.0   yaw=90   CLEAN
