Traceback (most recent call last):
  File "F:\China Graduate Future Flight Vehicle Innovation Competition\01_project\competition\SERVICE_ROBOT_MECHANICAL_CONSOLIDATION_20260905\runs\wp10_mechatronic_closure_20260908\mechanical_inertia\tools\probe_api.py", line 5, in <module>
    from build123d import import_step
  File "C:\Users\stude\AppData\Roaming\Python\Python313\site-packages\build123d\__init__.py", line 3, in <module>
    from build123d.build_common import *
  File "C:\Users\stude\AppData\Roaming\Python\Python313\site-packages\build123d\build_common.py", line 68, in <module>
    from build123d.topology import (
    ...<14 lines>...
    )
  File "C:\Users\stude\AppData\Roaming\Python\Python313\site-packages\build123d\topology\__init__.py", line 65, in <module>
    from .composite import Compound, Curve, Sketch, Part
  File "C:\Users\stude\AppData\Roaming\Python\Python313\site-packages\build123d\topology\composite.py", line 100, in <module>
    from build123d.text import FONT_ASPECT, FontManager
  File "C:\Users\stude\AppData\Roaming\Python\Python313\site-packages\build123d\text.py", line 271, in <module>
    available_fonts = FontManager().available_fonts
                      ~~~~~~~~~~~^^
  File "C:\Users\stude\AppData\Roaming\Python\Python313\site-packages\build123d\text.py", line 89, in __init__
    self.register_system_fonts()
    ~~~~~~~~~~~~~~~~~~~~~~~~~~^^
  File "C:\Users\stude\AppData\Roaming\Python\Python313\site-packages\build123d\text.py", line 187, in register_system_fonts
    self.register_folder(path)
    ~~~~~~~~~~~~~~~~~~~~^^^^^^
  File "C:\Users\stude\AppData\Roaming\Python\Python313\site-packages\build123d\text.py", line 162, in register_folder
    font_faces += self.register_font(result, override, single_stroke)
                  ~~~~~~~~~~~~~~~~~~^^^^^^^^^^^^^^^^^^^^^^^^^^^^^^^^^
  File "C:\Users\stude\AppData\Roaming\Python\Python313\site-packages\build123d\text.py", line 140, in register_font
    fonts = [TTFont(path)]
             ~~~~~~^^^^^^
  File "G:\Windows_program_file\Anaconda\Lib\site-packages\fontTools\ttLib\ttFont.py", line 189, in __init__
    self.reader = SFNTReader(file, checkChecksums, fontNumber=fontNumber)
                  ~~~~~~~~~~^^^^^^^^^^^^^^^^^^^^^^^^^^^^^^^^^^^^^^^^^^^^^
  File "G:\Windows_program_file\Anaconda\Lib\site-packages\fontTools\ttLib\sfnt.py", line 86, in __init__
    raise TTLibError("Not a TrueType or OpenType font (bad sfntVersion)")
fontTools.ttLib.TTLibError: Not a TrueType or OpenType font (bad sfntVersion)
