{"stage": "part_import_started", "utc": "2026-09-07T05:20:26.488784+00:00", "id": "A3200_NUT_2", "source": "F:\\China Graduate Future Flight Vehicle Innovation Competition\\01_project\\competition\\SERVICE_ROBOT_MECHANICAL_CONSOLIDATION_20260905\\runs\\wp09_electro_propulsion_20260907_1350\\results\\a3200\\A3200_NUT_2.step"}
{"stage": "save_attempt", "utc": "2026-09-07T05:20:34.547658+00:00", "path": "F:\\China Graduate Future Flight Vehicle Innovation Competition\\01_project\\competition\\SERVICE_ROBOT_MECHANICAL_CONSOLIDATION_20260905\\runs\\wp09_electro_propulsion_20260907_1350\\native\\a3200\\parts\\A3200_NUT_2.SLDPRT", "api_return": [true, 0, 0], "ok": true, "errors": 0, "warnings": 0}
{"stage": "part_completed", "utc": "2026-09-07T05:20:38.567707+00:00", "id": "A3200_NUT_2", "solid_count": 1}
{"stage": "part_import_started", "utc": "2026-09-07T05:20:38.606876+00:00", "id": "A3200_SPACER_3", "source": "F:\\China Graduate Future Flight Vehicle Innovation Competition\\01_project\\competition\\SERVICE_ROBOT_MECHANICAL_CONSOLIDATION_20260905\\runs\\wp09_electro_propulsion_20260907_1350\\results\\a3200\\A3200_SPACER_3.step"}
{"stage": "save_attempt", "utc": "2026-09-07T05:20:43.127058+00:00", "path": "F:\\China Graduate Future Flight Vehicle Innovation Competition\\01_project\\competition\\SERVICE_ROBOT_MECHANICAL_CONSOLIDATION_20260905\\runs\\wp09_electro_propulsion_20260907_1350\\native\\a3200\\parts\\A3200_SPACER_3.SLDPRT", "api_return": [true, 0, 0], "ok": true, "errors": 0, "warnings": 0}
{"stage": "part_completed", "utc": "2026-09-07T05:20:46.770225+00:00", "id": "A3200_SPACER_3", "solid_count": 1}
{"stage": "part_import_started", "utc": "2026-09-07T05:20:46.798443+00:00", "id": "A3200_SCREW_3", "source": "F:\\China Graduate Future Flight Vehicle Innovation Competition\\01_project\\competition\\SERVICE_ROBOT_MECHANICAL_CONSOLIDATION_20260905\\runs\\wp09_electro_propulsion_20260907_1350\\results\\a3200\\A3200_SCREW_3.step"}
{"stage": "save_attempt", "utc": "2026-09-07T05:20:49.991652+00:00", "path": "F:\\China Graduate Future Flight Vehicle Innovation Competition\\01_project\\competition\\SERVICE_ROBOT_MECHANICAL_CONSOLIDATION_20260905\\runs\\wp09_electro_propulsion_20260907_1350\\native\\a3200\\parts\\A3200_SCREW_3.SLDPRT", "api_return": [true, 0, 0], "ok": true, "errors": 0, "warnings": 0}
{"stage": "part_completed", "utc": "2026-09-07T05:20:53.664609+00:00", "id": "A3200_SCREW_3", "solid_count": 1}
{"stage": "part_import_started", "utc": "2026-09-07T05:20:53.694528+00:00", "id": "A3200_TOP_WASHER_3", "source": "F:\\China Graduate Future Flight Vehicle Innovation Competition\\01_project\\competition\\SERVICE_ROBOT_MECHANICAL_CONSOLIDATION_20260905\\runs\\wp09_electro_propulsion_20260907_1350\\results\\a3200\\A3200_TOP_WASHER_3.step"}
{"stage": "save_attempt", "utc": "2026-09-07T05:20:56.731370+00:00", "path": "F:\\China Graduate Future Flight Vehicle Innovation Competition\\01_project\\competition\\SERVICE_ROBOT_MECHANICAL_CONSOLIDATION_20260905\\runs\\wp09_electro_propulsion_20260907_1350\\native\\a3200\\parts\\A3200_TOP_WASHER_3.SLDPRT", "api_return": [true, 0, 0], "ok": true, "errors": 0, "warnings": 0}
{"stage": "part_completed", "utc": "2026-09-07T05:21:00.601000+00:00", "id": "A3200_TOP_WASHER_3", "solid_count": 1}
{"stage": "part_import_started", "utc": "2026-09-07T05:21:00.629320+00:00", "id": "A3200_BOTTOM_WASHER_3", "source": "F:\\China Graduate Future Flight Vehicle Innovation Competition\\01_project\\competition\\SERVICE_ROBOT_MECHANICAL_CONSOLIDATION_20260905\\runs\\wp09_electro_propulsion_20260907_1350\\results\\a3200\\A3200_BOTTOM_WASHER_3.step"}
{"stage": "save_attempt", "utc": "2026-09-07T05:21:03.858012+00:00", "path": "F:\\China Graduate Future Flight Vehicle Innovation Competition\\01_project\\competition\\SERVICE_ROBOT_MECHANICAL_CONSOLIDATION_20260905\\runs\\wp09_electro_propulsion_20260907_1350\\native\\a3200\\parts\\A3200_BOTTOM_WASHER_3.SLDPRT", "api_return": [true, 0, 0], "ok": true, "errors": 0, "warnings": 0}
{"stage": "part_completed", "utc": "2026-09-07T05:21:07.531533+00:00", "id": "A3200_BOTTOM_WASHER_3", "solid_count": 1}
{"stage": "part_import_started", "utc": "2026-09-07T05:21:07.561740+00:00", "id": "A3200_NUT_3", "source": "F:\\China Graduate Future Flight Vehicle Innovation Competition\\01_project\\competition\\SERVICE_ROBOT_MECHANICAL_CONSOLIDATION_20260905\\runs\\wp09_electro_propulsion_20260907_1350\\results\\a3200\\A3200_NUT_3.step"}
{"stage": "save_attempt", "utc": "2026-09-07T05:21:10.781656+00:00", "path": "F:\\China Graduate Future Flight Vehicle Innovation Competition\\01_project\\competition\\SERVICE_ROBOT_MECHANICAL_CONSOLIDATION_20260905\\runs\\wp09_electro_propulsion_20260907_1350\\native\\a3200\\parts\\A3200_NUT_3.SLDPRT", "api_return": [true, 0, 0], "ok": true, "errors": 0, "warnings": 0}
{"stage": "part_completed", "utc": "2026-09-07T05:21:14.566233+00:00", "id": "A3200_NUT_3", "solid_count": 1}
{"stage": "components_inserted_fixed_identity", "utc": "2026-09-07T05:21:18.937658+00:00", "added": 20, "total": 22}
{"stage": "components_inserted_fixed_identity", "utc": "2026-09-07T05:21:19.586260+00:00", "added": 22, "total": 22}
{"stage": "save_attempt", "utc": "2026-09-07T05:21:33.399402+00:00", "path": "F:\\China Graduate Future Flight Vehicle Innovation Competition\\01_project\\competition\\SERVICE_ROBOT_MECHANICAL_CONSOLIDATION_20260905\\runs\\wp09_electro_propulsion_20260907_1350\\native\\a3200\\WP09_A3200.SLDASM", "api_return": [true, 0, 0], "ok": true, "errors": 0, "warnings": 0}
{"stage": "save_attempt", "utc": "2026-09-07T05:21:34.414434+00:00", "path": "F:\\China Graduate Future Flight Vehicle Innovation Competition\\01_project\\competition\\SERVICE_ROBOT_MECHANICAL_CONSOLIDATION_20260905\\runs\\wp09_electro_propulsion_20260907_1350\\native\\a3200\\native_roundtrip.step", "api_return": [true, 0, 0], "ok": true, "errors": 0, "warnings": 0}
{"stage": "assembly_saved_exported_and_closed", "utc": "2026-09-07T05:21:35.572626+00:00"}
{"stage": "cold_assembly_verified_left_visible", "utc": "2026-09-07T05:21:51.135720+00:00", "component_count": 22}
{"stage": "batch_completed", "utc": "2026-09-07T05:21:51.204410+00:00"}
{"stage": "bounded_session_detached", "utc": "2026-09-07T05:21:51.256713+00:00"}
