{"stage": "part_import_started", "utc": "2026-09-07T05:15:23.018321+00:00", "id": "A3200_CARRIER", "source": "F:\\China Graduate Future Flight Vehicle Innovation Competition\\01_project\\competition\\SERVICE_ROBOT_MECHANICAL_CONSOLIDATION_20260905\\runs\\wp09_electro_propulsion_20260907_1350\\results\\a3200\\A3200_CARRIER.step"}
{"stage": "save_attempt", "utc": "2026-09-07T05:15:31.888453+00:00", "path": "F:\\China Graduate Future Flight Vehicle Innovation Competition\\01_project\\competition\\SERVICE_ROBOT_MECHANICAL_CONSOLIDATION_20260905\\runs\\wp09_electro_propulsion_20260907_1350\\native\\a3200\\parts\\A3200_CARRIER.SLDPRT", "api_return": [true, 0, 0], "ok": true, "errors": 0, "warnings": 0}
{"stage": "part_completed", "utc": "2026-09-07T05:15:36.025386+00:00", "id": "A3200_CARRIER", "solid_count": 1}
{"stage": "part_import_started", "utc": "2026-09-07T05:15:36.057200+00:00", "id": "A3200_BOARD_REFERENCE", "source": "F:\\China Graduate Future Flight Vehicle Innovation Competition\\01_project\\competition\\SERVICE_ROBOT_MECHANICAL_CONSOLIDATION_20260905\\runs\\wp09_electro_propulsion_20260907_1350\\results\\a3200\\A3200_BOARD_REFERENCE.step"}
{"stage": "save_attempt", "utc": "2026-09-07T05:15:39.371817+00:00", "path": "F:\\China Graduate Future Flight Vehicle Innovation Competition\\01_project\\competition\\SERVICE_ROBOT_MECHANICAL_CONSOLIDATION_20260905\\runs\\wp09_electro_propulsion_20260907_1350\\native\\a3200\\parts\\A3200_BOARD_REFERENCE.SLDPRT", "api_return": [true, 0, 0], "ok": true, "errors": 0, "warnings": 0}
{"stage": "part_completed", "utc": "2026-09-07T05:15:43.272692+00:00", "id": "A3200_BOARD_REFERENCE", "solid_count": 1}
{"stage": "part_import_started", "utc": "2026-09-07T05:15:43.303308+00:00", "id": "A3200_SPACER_0", "source": "F:\\China Graduate Future Flight Vehicle Innovation Competition\\01_project\\competition\\SERVICE_ROBOT_MECHANICAL_CONSOLIDATION_20260905\\runs\\wp09_electro_propulsion_20260907_1350\\results\\a3200\\A3200_SPACER_0.step"}
{"stage": "save_attempt", "utc": "2026-09-07T05:15:46.551826+00:00", "path": "F:\\China Graduate Future Flight Vehicle Innovation Competition\\01_project\\competition\\SERVICE_ROBOT_MECHANICAL_CONSOLIDATION_20260905\\runs\\wp09_electro_propulsion_20260907_1350\\native\\a3200\\parts\\A3200_SPACER_0.SLDPRT", "api_return": [true, 0, 0], "ok": true, "errors": 0, "warnings": 0}
{"stage": "part_completed", "utc": "2026-09-07T05:15:50.440198+00:00", "id": "A3200_SPACER_0", "solid_count": 1}
{"stage": "part_import_started", "utc": "2026-09-07T05:15:50.474832+00:00", "id": "A3200_SCREW_0", "source": "F:\\China Graduate Future Flight Vehicle Innovation Competition\\01_project\\competition\\SERVICE_ROBOT_MECHANICAL_CONSOLIDATION_20260905\\runs\\wp09_electro_propulsion_20260907_1350\\results\\a3200\\A3200_SCREW_0.step"}
{"stage": "save_attempt", "utc": "2026-09-07T05:15:53.795538+00:00", "path": "F:\\China Graduate Future Flight Vehicle Innovation Competition\\01_project\\competition\\SERVICE_ROBOT_MECHANICAL_CONSOLIDATION_20260905\\runs\\wp09_electro_propulsion_20260907_1350\\native\\a3200\\parts\\A3200_SCREW_0.SLDPRT", "api_return": [true, 0, 0], "ok": true, "errors": 0, "warnings": 0}
{"stage": "part_completed", "utc": "2026-09-07T05:15:57.772710+00:00", "id": "A3200_SCREW_0", "solid_count": 1}
{"stage": "part_import_started", "utc": "2026-09-07T05:15:57.819683+00:00", "id": "A3200_TOP_WASHER_0", "source": "F:\\China Graduate Future Flight Vehicle Innovation Competition\\01_project\\competition\\SERVICE_ROBOT_MECHANICAL_CONSOLIDATION_20260905\\runs\\wp09_electro_propulsion_20260907_1350\\results\\a3200\\A3200_TOP_WASHER_0.step"}
{"stage": "save_attempt", "utc": "2026-09-07T05:16:01.035733+00:00", "path": "F:\\China Graduate Future Flight Vehicle Innovation Competition\\01_project\\competition\\SERVICE_ROBOT_MECHANICAL_CONSOLIDATION_20260905\\runs\\wp09_electro_propulsion_20260907_1350\\native\\a3200\\parts\\A3200_TOP_WASHER_0.SLDPRT", "api_return": [true, 0, 0], "ok": true, "errors": 0, "warnings": 0}
{"stage": "part_completed", "utc": "2026-09-07T05:16:05.273040+00:00", "id": "A3200_TOP_WASHER_0", "solid_count": 1}
{"stage": "part_import_started", "utc": "2026-09-07T05:16:05.306941+00:00", "id": "A3200_BOTTOM_WASHER_0", "source": "F:\\China Graduate Future Flight Vehicle Innovation Competition\\01_project\\competition\\SERVICE_ROBOT_MECHANICAL_CONSOLIDATION_20260905\\runs\\wp09_electro_propulsion_20260907_1350\\results\\a3200\\A3200_BOTTOM_WASHER_0.step"}
{"stage": "save_attempt", "utc": "2026-09-07T05:16:08.529163+00:00", "path": "F:\\China Graduate Future Flight Vehicle Innovation Competition\\01_project\\competition\\SERVICE_ROBOT_MECHANICAL_CONSOLIDATION_20260905\\runs\\wp09_electro_propulsion_20260907_1350\\native\\a3200\\parts\\A3200_BOTTOM_WASHER_0.SLDPRT", "api_return": [true, 0, 0], "ok": true, "errors": 0, "warnings": 0}
{"stage": "part_completed", "utc": "2026-09-07T05:16:12.349597+00:00", "id": "A3200_BOTTOM_WASHER_0", "solid_count": 1}
{"stage": "part_import_started", "utc": "2026-09-07T05:16:12.378764+00:00", "id": "A3200_NUT_0", "source": "F:\\China Graduate Future Flight Vehicle Innovation Competition\\01_project\\competition\\SERVICE_ROBOT_MECHANICAL_CONSOLIDATION_20260905\\runs\\wp09_electro_propulsion_20260907_1350\\results\\a3200\\A3200_NUT_0.step"}
{"stage": "save_attempt", "utc": "2026-09-07T05:16:15.722815+00:00", "path": "F:\\China Graduate Future Flight Vehicle Innovation Competition\\01_project\\competition\\SERVICE_ROBOT_MECHANICAL_CONSOLIDATION_20260905\\runs\\wp09_electro_propulsion_20260907_1350\\native\\a3200\\parts\\A3200_NUT_0.SLDPRT", "api_return": [true, 0, 0], "ok": true, "errors": 0, "warnings": 0}
{"stage": "part_completed", "utc": "2026-09-07T05:16:19.601434+00:00", "id": "A3200_NUT_0", "solid_count": 1}
{"stage": "part_import_started", "utc": "2026-09-07T05:16:19.632812+00:00", "id": "A3200_SPACER_1", "source": "F:\\China Graduate Future Flight Vehicle Innovation Competition\\01_project\\competition\\SERVICE_ROBOT_MECHANICAL_CONSOLIDATION_20260905\\runs\\wp09_electro_propulsion_20260907_1350\\results\\a3200\\A3200_SPACER_1.step"}
{"stage": "save_attempt", "utc": "2026-09-07T05:16:23.135433+00:00", "path": "F:\\China Graduate Future Flight Vehicle Innovation Competition\\01_project\\competition\\SERVICE_ROBOT_MECHANICAL_CONSOLIDATION_20260905\\runs\\wp09_electro_propulsion_20260907_1350\\native\\a3200\\parts\\A3200_SPACER_1.SLDPRT", "api_return": [true, 0, 0], "ok": true, "errors": 0, "warnings": 0}
{"stage": "part_completed", "utc": "2026-09-07T05:16:26.891210+00:00", "id": "A3200_SPACER_1", "solid_count": 1}
{"stage": "part_import_started", "utc": "2026-09-07T05:16:26.921111+00:00", "id": "A3200_SCREW_1", "source": "F:\\China Graduate Future Flight Vehicle Innovation Competition\\01_project\\competition\\SERVICE_ROBOT_MECHANICAL_CONSOLIDATION_20260905\\runs\\wp09_electro_propulsion_20260907_1350\\results\\a3200\\A3200_SCREW_1.step"}
{"stage": "save_attempt", "utc": "2026-09-07T05:16:30.187312+00:00", "path": "F:\\China Graduate Future Flight Vehicle Innovation Competition\\01_project\\competition\\SERVICE_ROBOT_MECHANICAL_CONSOLIDATION_20260905\\runs\\wp09_electro_propulsion_20260907_1350\\native\\a3200\\parts\\A3200_SCREW_1.SLDPRT", "api_return": [true, 0, 0], "ok": true, "errors": 0, "warnings": 0}
{"stage": "part_completed", "utc": "2026-09-07T05:16:33.957130+00:00", "id": "A3200_SCREW_1", "solid_count": 1}
{"stage": "part_import_started", "utc": "2026-09-07T05:16:33.985644+00:00", "id": "A3200_TOP_WASHER_1", "source": "F:\\China Graduate Future Flight Vehicle Innovation Competition\\01_project\\competition\\SERVICE_ROBOT_MECHANICAL_CONSOLIDATION_20260905\\runs\\wp09_electro_propulsion_20260907_1350\\results\\a3200\\A3200_TOP_WASHER_1.step"}
{"stage": "save_attempt", "utc": "2026-09-07T05:16:37.239331+00:00", "path": "F:\\China Graduate Future Flight Vehicle Innovation Competition\\01_project\\competition\\SERVICE_ROBOT_MECHANICAL_CONSOLIDATION_20260905\\runs\\wp09_electro_propulsion_20260907_1350\\native\\a3200\\parts\\A3200_TOP_WASHER_1.SLDPRT", "api_return": [true, 0, 0], "ok": true, "errors": 0, "warnings": 0}
{"stage": "part_completed", "utc": "2026-09-07T05:16:41.072314+00:00", "id": "A3200_TOP_WASHER_1", "solid_count": 1}
{"stage": "part_import_started", "utc": "2026-09-07T05:16:41.102609+00:00", "id": "A3200_BOTTOM_WASHER_1", "source": "F:\\China Graduate Future Flight Vehicle Innovation Competition\\01_project\\competition\\SERVICE_ROBOT_MECHANICAL_CONSOLIDATION_20260905\\runs\\wp09_electro_propulsion_20260907_1350\\results\\a3200\\A3200_BOTTOM_WASHER_1.step"}
{"stage": "save_attempt", "utc": "2026-09-07T05:16:44.394460+00:00", "path": "F:\\China Graduate Future Flight Vehicle Innovation Competition\\01_project\\competition\\SERVICE_ROBOT_MECHANICAL_CONSOLIDATION_20260905\\runs\\wp09_electro_propulsion_20260907_1350\\native\\a3200\\parts\\A3200_BOTTOM_WASHER_1.SLDPRT", "api_return": [true, 0, 0], "ok": true, "errors": 0, "warnings": 0}
{"stage": "part_completed", "utc": "2026-09-07T05:16:48.266186+00:00", "id": "A3200_BOTTOM_WASHER_1", "solid_count": 1}
{"stage": "part_import_started", "utc": "2026-09-07T05:16:48.300244+00:00", "id": "A3200_NUT_1", "source": "F:\\China Graduate Future Flight Vehicle Innovation Competition\\01_project\\competition\\SERVICE_ROBOT_MECHANICAL_CONSOLIDATION_20260905\\runs\\wp09_electro_propulsion_20260907_1350\\results\\a3200\\A3200_NUT_1.step"}
{"stage": "save_attempt", "utc": "2026-09-07T05:16:51.673416+00:00", "path": "F:\\China Graduate Future Flight Vehicle Innovation Competition\\01_project\\competition\\SERVICE_ROBOT_MECHANICAL_CONSOLIDATION_20260905\\runs\\wp09_electro_propulsion_20260907_1350\\native\\a3200\\parts\\A3200_NUT_1.SLDPRT", "api_return": [true, 0, 0], "ok": true, "errors": 0, "warnings": 0}
{"stage": "part_completed", "utc": "2026-09-07T05:16:55.576569+00:00", "id": "A3200_NUT_1", "solid_count": 1}
{"stage": "part_import_started", "utc": "2026-09-07T05:16:55.608189+00:00", "id": "A3200_SPACER_2", "source": "F:\\China Graduate Future Flight Vehicle Innovation Competition\\01_project\\competition\\SERVICE_ROBOT_MECHANICAL_CONSOLIDATION_20260905\\runs\\wp09_electro_propulsion_20260907_1350\\results\\a3200\\A3200_SPACER_2.step"}
{"stage": "save_attempt", "utc": "2026-09-07T05:16:58.891807+00:00", "path": "F:\\China Graduate Future Flight Vehicle Innovation Competition\\01_project\\competition\\SERVICE_ROBOT_MECHANICAL_CONSOLIDATION_20260905\\runs\\wp09_electro_propulsion_20260907_1350\\native\\a3200\\parts\\A3200_SPACER_2.SLDPRT", "api_return": [true, 0, 0], "ok": true, "errors": 0, "warnings": 0}
{"stage": "part_completed", "utc": "2026-09-07T05:17:02.887279+00:00", "id": "A3200_SPACER_2", "solid_count": 1}
{"stage": "part_import_started", "utc": "2026-09-07T05:17:02.918309+00:00", "id": "A3200_SCREW_2", "source": "F:\\China Graduate Future Flight Vehicle Innovation Competition\\01_project\\competition\\SERVICE_ROBOT_MECHANICAL_CONSOLIDATION_20260905\\runs\\wp09_electro_propulsion_20260907_1350\\results\\a3200\\A3200_SCREW_2.step"}
{"stage": "save_attempt", "utc": "2026-09-07T05:17:06.179873+00:00", "path": "F:\\China Graduate Future Flight Vehicle Innovation Competition\\01_project\\competition\\SERVICE_ROBOT_MECHANICAL_CONSOLIDATION_20260905\\runs\\wp09_electro_propulsion_20260907_1350\\native\\a3200\\parts\\A3200_SCREW_2.SLDPRT", "api_return": [true, 0, 0], "ok": true, "errors": 0, "warnings": 0}
{"stage": "part_completed", "utc": "2026-09-07T05:17:10.056007+00:00", "id": "A3200_SCREW_2", "solid_count": 1}
{"stage": "part_import_started", "utc": "2026-09-07T05:17:10.087819+00:00", "id": "A3200_TOP_WASHER_2", "source": "F:\\China Graduate Future Flight Vehicle Innovation Competition\\01_project\\competition\\SERVICE_ROBOT_MECHANICAL_CONSOLIDATION_20260905\\runs\\wp09_electro_propulsion_20260907_1350\\results\\a3200\\A3200_TOP_WASHER_2.step"}
{"stage": "save_attempt", "utc": "2026-09-07T05:17:13.350858+00:00", "path": "F:\\China Graduate Future Flight Vehicle Innovation Competition\\01_project\\competition\\SERVICE_ROBOT_MECHANICAL_CONSOLIDATION_20260905\\runs\\wp09_electro_propulsion_20260907_1350\\native\\a3200\\parts\\A3200_TOP_WASHER_2.SLDPRT", "api_return": [true, 0, 0], "ok": true, "errors": 0, "warnings": 0}
{"stage": "part_completed", "utc": "2026-09-07T05:17:17.210022+00:00", "id": "A3200_TOP_WASHER_2", "solid_count": 1}
{"stage": "part_import_started", "utc": "2026-09-07T05:17:17.245002+00:00", "id": "A3200_BOTTOM_WASHER_2", "source": "F:\\China Graduate Future Flight Vehicle Innovation Competition\\01_project\\competition\\SERVICE_ROBOT_MECHANICAL_CONSOLIDATION_20260905\\runs\\wp09_electro_propulsion_20260907_1350\\results\\a3200\\A3200_BOTTOM_WASHER_2.step"}
