{"stage": "part_import_started", "utc": "2026-09-07T05:28:09.728647+00:00", "id": "MIPS_EXTERNAL_CRADLE", "source": "F:\\China Graduate Future Flight Vehicle Innovation Competition\\01_project\\competition\\SERVICE_ROBOT_MECHANICAL_CONSOLIDATION_20260905\\runs\\wp09_electro_propulsion_20260907_1350\\results\\mips\\MIPS_EXTERNAL_CRADLE.step"}
{"stage": "save_attempt", "utc": "2026-09-07T05:28:21.581194+00:00", "path": "F:\\China Graduate Future Flight Vehicle Innovation Competition\\01_project\\competition\\SERVICE_ROBOT_MECHANICAL_CONSOLIDATION_20260905\\runs\\wp09_electro_propulsion_20260907_1350\\native\\mips\\parts\\MIPS_EXTERNAL_CRADLE.SLDPRT", "api_return": [true, 0, 0], "ok": true, "errors": 0, "warnings": 0}
{"stage": "part_completed", "utc": "2026-09-07T05:28:27.979659+00:00", "id": "MIPS_EXTERNAL_CRADLE", "solid_count": 1}
{"stage": "part_import_started", "utc": "2026-09-07T05:28:28.025529+00:00", "id": "MIPS_OEM_MAX_ENVELOPE", "source": "F:\\China Graduate Future Flight Vehicle Innovation Competition\\01_project\\competition\\SERVICE_ROBOT_MECHANICAL_CONSOLIDATION_20260905\\runs\\wp09_electro_propulsion_20260907_1350\\results\\mips\\MIPS_OEM_MAX_ENVELOPE.step"}
{"stage": "save_attempt", "utc": "2026-09-07T05:28:33.125605+00:00", "path": "F:\\China Graduate Future Flight Vehicle Innovation Competition\\01_project\\competition\\SERVICE_ROBOT_MECHANICAL_CONSOLIDATION_20260905\\runs\\wp09_electro_propulsion_20260907_1350\\native\\mips\\parts\\MIPS_OEM_MAX_ENVELOPE.SLDPRT", "api_return": [true, 0, 0], "ok": true, "errors": 0, "warnings": 0}
{"stage": "part_completed", "utc": "2026-09-07T05:28:39.311380+00:00", "id": "MIPS_OEM_MAX_ENVELOPE", "solid_count": 1}
{"stage": "part_import_started", "utc": "2026-09-07T05:28:39.362793+00:00", "id": "MIPS_INTERFACE_SHIM_-1_0", "source": "F:\\China Graduate Future Flight Vehicle Innovation Competition\\01_project\\competition\\SERVICE_ROBOT_MECHANICAL_CONSOLIDATION_20260905\\runs\\wp09_electro_propulsion_20260907_1350\\results\\mips\\MIPS_INTERFACE_SHIM_-1_0.step"}
{"stage": "save_attempt", "utc": "2026-09-07T05:28:44.499607+00:00", "path": "F:\\China Graduate Future Flight Vehicle Innovation Competition\\01_project\\competition\\SERVICE_ROBOT_MECHANICAL_CONSOLIDATION_20260905\\runs\\wp09_electro_propulsion_20260907_1350\\native\\mips\\parts\\MIPS_INTERFACE_SHIM_-1_0.SLDPRT", "api_return": [true, 0, 0], "ok": true, "errors": 0, "warnings": 0}
{"stage": "part_completed", "utc": "2026-09-07T05:28:50.640979+00:00", "id": "MIPS_INTERFACE_SHIM_-1_0", "solid_count": 1}
{"stage": "part_import_started", "utc": "2026-09-07T05:28:50.686540+00:00", "id": "MIPS_INTERFACE_SHIM_-1_1", "source": "F:\\China Graduate Future Flight Vehicle Innovation Competition\\01_project\\competition\\SERVICE_ROBOT_MECHANICAL_CONSOLIDATION_20260905\\runs\\wp09_electro_propulsion_20260907_1350\\results\\mips\\MIPS_INTERFACE_SHIM_-1_1.step"}
{"stage": "save_attempt", "utc": "2026-09-07T05:28:55.610002+00:00", "path": "F:\\China Graduate Future Flight Vehicle Innovation Competition\\01_project\\competition\\SERVICE_ROBOT_MECHANICAL_CONSOLIDATION_20260905\\runs\\wp09_electro_propulsion_20260907_1350\\native\\mips\\parts\\MIPS_INTERFACE_SHIM_-1_1.SLDPRT", "api_return": [true, 0, 0], "ok": true, "errors": 0, "warnings": 0}
{"stage": "part_completed", "utc": "2026-09-07T05:29:01.558177+00:00", "id": "MIPS_INTERFACE_SHIM_-1_1", "solid_count": 1}
{"stage": "part_import_started", "utc": "2026-09-07T05:29:01.604816+00:00", "id": "MIPS_INTERFACE_SHIM_1_0", "source": "F:\\China Graduate Future Flight Vehicle Innovation Competition\\01_project\\competition\\SERVICE_ROBOT_MECHANICAL_CONSOLIDATION_20260905\\runs\\wp09_electro_propulsion_20260907_1350\\results\\mips\\MIPS_INTERFACE_SHIM_1_0.step"}
{"stage": "save_attempt", "utc": "2026-09-07T05:29:06.517230+00:00", "path": "F:\\China Graduate Future Flight Vehicle Innovation Competition\\01_project\\competition\\SERVICE_ROBOT_MECHANICAL_CONSOLIDATION_20260905\\runs\\wp09_electro_propulsion_20260907_1350\\native\\mips\\parts\\MIPS_INTERFACE_SHIM_1_0.SLDPRT", "api_return": [true, 0, 0], "ok": true, "errors": 0, "warnings": 0}
{"stage": "part_completed", "utc": "2026-09-07T05:29:12.711395+00:00", "id": "MIPS_INTERFACE_SHIM_1_0", "solid_count": 1}
{"stage": "part_import_started", "utc": "2026-09-07T05:29:12.756091+00:00", "id": "MIPS_INTERFACE_SHIM_1_1", "source": "F:\\China Graduate Future Flight Vehicle Innovation Competition\\01_project\\competition\\SERVICE_ROBOT_MECHANICAL_CONSOLIDATION_20260905\\runs\\wp09_electro_propulsion_20260907_1350\\results\\mips\\MIPS_INTERFACE_SHIM_1_1.step"}
{"stage": "save_attempt", "utc": "2026-09-07T05:29:17.843646+00:00", "path": "F:\\China Graduate Future Flight Vehicle Innovation Competition\\01_project\\competition\\SERVICE_ROBOT_MECHANICAL_CONSOLIDATION_20260905\\runs\\wp09_electro_propulsion_20260907_1350\\native\\mips\\parts\\MIPS_INTERFACE_SHIM_1_1.SLDPRT", "api_return": [true, 0, 0], "ok": true, "errors": 0, "warnings": 0}
{"stage": "part_completed", "utc": "2026-09-07T05:29:23.958962+00:00", "id": "MIPS_INTERFACE_SHIM_1_1", "solid_count": 1}
{"stage": "components_inserted_fixed_identity", "utc": "2026-09-07T05:29:28.875475+00:00", "added": 6, "total": 6}
{"stage": "save_attempt", "utc": "2026-09-07T05:29:44.704862+00:00", "path": "F:\\China Graduate Future Flight Vehicle Innovation Competition\\01_project\\competition\\SERVICE_ROBOT_MECHANICAL_CONSOLIDATION_20260905\\runs\\wp09_electro_propulsion_20260907_1350\\native\\mips\\WP09_MIPS.SLDASM", "api_return": [true, 0, 0], "ok": true, "errors": 0, "warnings": 0}
{"stage": "save_attempt", "utc": "2026-09-07T05:29:45.827690+00:00", "path": "F:\\China Graduate Future Flight Vehicle Innovation Competition\\01_project\\competition\\SERVICE_ROBOT_MECHANICAL_CONSOLIDATION_20260905\\runs\\wp09_electro_propulsion_20260907_1350\\native\\mips\\native_roundtrip.step", "api_return": [true, 0, 0], "ok": true, "errors": 0, "warnings": 0}
{"stage": "assembly_saved_exported_and_closed", "utc": "2026-09-07T05:29:47.637092+00:00"}
{"stage": "cold_assembly_verified_left_visible", "utc": "2026-09-07T05:30:07.046694+00:00", "component_count": 6}
{"stage": "batch_completed", "utc": "2026-09-07T05:30:07.311323+00:00"}
{"stage": "bounded_session_detached", "utc": "2026-09-07T05:30:07.531325+00:00"}
