0
1
0
Assembly-1
1
PART-1-1
PART-1
1
PART-1-1
293
-2147483647
0
1164 1 16 284 0 1 0 -1 -1 979 64 -1342177214 -1342177210 -1342177206 -1342177202 -1342177198 -1342177194 -1342177190 -1342177186 -1342177182 -1342177178 -1342177174 -1342177170 -1342177166 -1342177162 -1342177158 -1342177154 -1342177150 -1342177146 -1342177142 -1342177138 -1342177134 -1342177130 -1342177126 -1342177122 -1342177118 -1342177114 -1342177110 -1342177106 -1342177102 -1342177098 -1342177094 -1342177090 -1342177086 -1342177082 -1342177078 -1879047986 -1879047984 -1879047982 -1342177068 -1342177064 -1342177060 -1879047968 -1879047966 -1342177052 -1879047960 -1879047958 -1342177044 -1342177040 -1342177036 -1879047944 -1879047942 -1879047940 -1879047938 -1879047936 -1879047934 -1879047932 -1879047930 -1879047928 -1342177014 -1342177010 -1342177006 -1879047914 -1879047912 -1879047910 1 11 4 1000 4001 5 2 6 5001 4 2 7 6001 5 2 6 7001 11 4 1000 100001 11 4 1000 104001 5 2 6 105001 4 2 7 106001 5 2 6 107001 11 4 1000 200001 11 4 1000 204001 5 2 6 205001 4 2 7 206001 5 2 6 207001 11 4 1000 300001 11 2 1000 302001 5 2 6 303001 3 2 8 304001 3 2 8 305001 2 2 9 306001 3 2 8 307001 3 2 8 308001 5 2 6 309001 11 2 1000 400001 11 2 1000 402001 5 2 6 403001 3 2 8 404001 3 2 8 405001 2 2 9 406001 3 2 8 407001 3 2 8 408001 5 2 6 409001 11 2 1000 500001 11 11 1000 600001 11 11 1000 701004 5 702003 7 703002 9 704002 4 2 5 705002 3 2 6 706002 4 2 5 707002 9 708003 7 709004 5 2 92000 802003 7 803002 9 804002 4 2 5 805002 3 2 6 806002 4 2 5 807002 9 808003 7 809004 5 900000 1 900100 4 900200 8 901004 5 902003 7 903002 9 904002 4 2 5 905002 3 2 6 906002 4 2 5 907002 9 908003 7 909004 5 
0
1
PART-1-1
14
-2147483647
0
48 1 16 5 0 1 0 -1 -1 468 1 -1879048189 1 468 
0
0
1
PART-1-1
5
EALL
0
1
14
-2147483647
48 1 16 5 0 1 0 -1 -1 468 1 -1879048189 1 468 
0
0
EBRIDGE
0
1
176
1 2 3 4 5 6 7 8 9 10 11 12 13 14 15 16 17 18 19 20 21 22 23 24 25 26 27 28 29 30 31 32 33 34 35 36 37 38 39 40 41 42 43 44 45 46 47 48 49 50 51 52 53 54 55 56 57 58 59 60 61 62 63 64 65 66 67 68 69 70 71 72 73 74 75 76 77 78 79 80 81 82 83 84 85 86 87 88 89 90 91 92 93 94 95 96 97 98 99 100 101 102 103 104 105 106 107 108 109 110 111 112 113 114 115 116 117 118 119 120 121 122 123 124 125 126 127 128 129 130 131 132 133 134 135 136 137 138 139 140 141 142 143 144 145 146 147 148 149 150 151 152 153 154 155 156 157 158 159 160 161 162 163 164 165 166 167 168 169 170 171 172 173 174 175 176 
0
0
EPROBES
0
1
4
42 165 366 462 
0
0
ESTAGEA
0
1
80
389 390 391 392 393 394 395 396 397 398 399 400 401 402 403 404 405 406 407 408 409 410 411 412 413 414 415 416 417 418 419 420 421 422 423 424 425 426 427 428 429 430 431 432 433 434 435 436 437 438 439 440 441 442 443 444 445 446 447 448 449 450 451 452 453 454 455 456 457 458 459 460 461 462 463 464 465 466 467 468 
0
0
ESTAGEB
0
1
212
177 178 179 180 181 182 183 184 185 186 187 188 189 190 191 192 193 194 195 196 197 198 199 200 201 202 203 204 205 206 207 208 209 210 211 212 213 214 215 216 217 218 219 220 221 222 223 224 225 226 227 228 229 230 231 232 233 234 235 236 237 238 239 240 241 242 243 244 245 246 247 248 249 250 251 252 253 254 255 256 257 258 259 260 261 262 263 264 265 266 267 268 269 270 271 272 273 274 275 276 277 278 279 280 281 282 283 284 285 286 287 288 289 290 291 292 293 294 295 296 297 298 299 300 301 302 303 304 305 306 307 308 309 310 311 312 313 314 315 316 317 318 319 320 321 322 323 324 325 326 327 328 329 330 331 332 333 334 335 336 337 338 339 340 341 342 343 344 345 346 347 348 349 350 351 352 353 354 355 356 357 358 359 360 361 362 363 364 365 366 367 368 369 370 371 372 373 374 375 376 377 378 379 380 381 382 383 384 385 386 387 388 
0
0
0
0
1
PART-1-1
15
NFIXED
0
1
116
1 2 3 4 5 6 7 8 9 10 11 1001 1002 1003 1004 1005 1006 1007 1008 1009 1010 1011 2001 2002 2003 2004 2005 2006 2007 2008 2009 2010 2011 3001 3002 3003 3004 3005 3006 3007 3008 3009 3010 3011 4001 4002 4003 4004 4005 4007 4008 4009 4010 4011 5001 5002 5003 5004 5008 5009 5010 5011 6001 6002 6003 6004 6005 6007 6008 6009 6010 6011 7001 7002 7003 7004 7005 7006 7007 7008 7009 7010 7011 8001 8002 8003 8004 8005 8006 8007 8008 8009 8010 8011 9001 9002 9003 9004 9005 9006 9007 9008 9009 9010 9011 10001 10002 10003 10004 10005 10006 10007 10008 10009 10010 10011 
0
0
NRP
0
1
1
900000 
0
0
NS_ARM_SPIDER
0
1
4
902005 904009 906003 908007 
0
0
NS_M5_1
0
1
4
606010 607010 706010 707010 
0
0
NS_M5_2
0
1
4
609007 609008 709007 709008 
0
0
NS_M5_3
0
1
4
609004 609005 709004 709005 
0
0
NS_M5_4
0
1
4
606002 607002 706002 707002 
0
0
NS_M5_5
0
1
4
603002 604002 703002 704002 
0
0
NS_M5_6
0
1
4
601004 601005 701004 701005 
0
0
NS_M5_7
0
1
4
601007 601008 701007 701008 
0
0
NS_M5_8
0
1
4
603010 604010 703010 704010 
0
0
NS_M6_1
0
1
6
209010 209011 210010 309010 309011 310010 
0
0
NS_M6_2
0
1
6
200010 201010 201011 300010 301010 301011 
0
0
NS_M6_3
0
1
6
209001 209002 210002 309001 309002 310002 
0
0
NS_M6_4
0
1
6
200002 201001 201002 300002 301001 301002 
0
0
0
0
13
S_NS_ARM_SPIDER
0
0
0
1
PART-1-1
1
0
4
902005
1
904009
1
906003
1
908007
1
S_NS_M5_1
0
0
0
1
PART-1-1
1
0
4
606010
1
607010
1
706010
1
707010
1
S_NS_M5_2
0
0
0
1
PART-1-1
1
0
4
609007
1
609008
1
709007
1
709008
1
S_NS_M5_3
0
0
0
1
PART-1-1
1
0
4
609004
1
609005
1
709004
1
709005
1
S_NS_M5_4
0
0
0
1
PART-1-1
1
0
4
606002
1
607002
1
706002
1
707002
1
S_NS_M5_5
0
0
0
1
PART-1-1
1
0
4
603002
1
604002
1
703002
1
704002
1
S_NS_M5_6
0
0
0
1
PART-1-1
1
0
4
601004
1
601005
1
701004
1
701005
1
S_NS_M5_7
0
0
0
1
PART-1-1
1
0
4
601007
1
601008
1
701007
1
701008
1
S_NS_M5_8
0
0
0
1
PART-1-1
1
0
4
603010
1
604010
1
703010
1
704010
1
S_NS_M6_1
0
0
0
1
PART-1-1
1
0
6
209010
1
209011
1
210010
1
309010
1
309011
1
310010
1
S_NS_M6_2
0
0
0
1
PART-1-1
1
0
6
200010
1
201010
1
201011
1
300010
1
301010
1
301011
1
S_NS_M6_3
0
0
0
1
PART-1-1
1
0
6
209001
1
209002
1
210002
1
309001
1
309002
1
310002
1
S_NS_M6_4
0
0
0
1
PART-1-1
1
0
6
200002
1
201001
1
201002
1
300002
1
301001
1
301002
1
