0
1
0
Assembly-1
1
PART-1-1
PART-1
1
PART-1-1
361
-2147483647
0
1436 1 16 352 0 1 0 -1 -1 2375 80 -1342177198 -1342177194 -1342177190 -1342177186 -1342177182 -1342177178 -1342177174 -1342177170 -1342177166 -1342177162 -1342177158 -1342177154 -1342177150 -1342177146 -1342177142 -1342177138 -1342177134 -1342177130 -1342177126 -1342177122 -1342177118 -1342177114 -1342177110 -1342177106 -1342177102 -1342177098 -1342177094 -1342177090 -1342177086 -1342177082 -1342177078 -1342177074 -1342177070 -1342177066 -1342177062 -1342177058 -1342177054 -1342177050 -1342177046 -1879047954 -1879047952 -1879047950 -1342177036 -1879047944 -1342177030 -1342177026 -1342177022 -1879047930 -1342177016 -1879047924 -1879047922 -1342177008 -1879047916 -1879047914 -1342177000 -1879047908 -1342176994 -1342176990 -1342176986 -1879047894 -1342176980 -1879047888 -1879047886 -1879047884 -1879047882 -1879047880 -1879047878 -1879047876 -1879047874 -1879047872 -1342176958 -1879047866 -1342176952 -1342176948 -1342176944 -1879047852 -1342176938 -1879047846 -1879047844 -1879047842 1 17 7 1000 7001 7 2 10 8001 7 2 10 9001 7 2 10 10001 17 7 1000 100001 17 7 1000 107001 7 2 10 108001 7 2 10 109001 7 2 10 110001 17 7 1000 200001 17 7 1000 207001 7 2 10 208001 7 2 10 209001 7 2 10 210001 17 7 1000 300001 17 4 1000 304001 6 2 11 305001 5 2 12 306001 4 2 13 307001 4 2 13 308001 4 2 13 309001 4 2 13 310001 4 2 13 311001 5 2 12 312001 6 2 11 313001 17 4 1000 400001 17 4 1000 404001 6 2 11 405001 5 2 12 406001 4 2 13 407001 4 2 13 408001 4 2 13 409001 4 2 13 410001 4 2 13 411001 5 2 12 412001 6 2 11 413001 17 4 1000 500001 17 17 1000 600001 17 17 1000 701007 5 702005 9 703004 11 704003 13 2 1000 706002 15 707002 6 2 9 708002 6 2 9 709002 6 2 9 710002 15 711003 13 2 1000 713004 11 714005 9 715007 5 2 86000 802005 9 803004 11 804003 13 2 1000 806002 15 807002 6 2 9 808002 6 2 9 809002 6 2 9 810002 15 811003 13 2 1000 813004 11 814005 9 815007 5 900000 1 900100 4 900200 8 901007 5 902005 9 903004 11 904003 13 2 1000 906002 15 907002 6 2 9 908002 6 2 9 909002 6 2 9 910002 15 911003 13 2 1000 913004 11 914005 9 915007 5 
0
1
PART-1-1
14
-2147483647
0
48 1 16 5 0 1 0 -1 -1 1336 1 -1879048189 1 1336 
0
0
1
PART-1-1
5
EALL
0
1
14
-2147483647
48 1 16 5 0 1 0 -1 -1 1336 1 -1879048189 1 1336 
0
0
EBRIDGE
0
1
14
-2147483647
48 1 16 5 0 1 0 -1 -1 480 1 -1879048189 1 480 
0
0
EPROBES
0
1
4
115 463 1004 1321 
0
0
ESTAGEA
0
1
14
-2147483647
48 1 16 5 0 1 0 -1 -1 264 1 -1879048189 1073 264 
0
0
ESTAGEB
0
1
14
-2147483647
48 1 16 5 0 1 0 -1 -1 592 1 -1879048189 481 592 
0
0
0
0
1
PART-1-1
15
NFIXED
0
1
36
-2147483647
136 1 16 27 0 1 0 -1 -1 280 5 -1342177273 -1342177269 -1342177265 -1342177261 -1342177257 1 17 7 1000 7001 7 2 10 8001 7 2 10 9001 7 2 10 10001 17 7 1000 
0
0
NRP
0
1
1
900000 
0
0
NS_ARM_SPIDER
0
1
16
903007 903008 904007 904008 906013 906014 907013 907014 909004 909005 910004 910005 912010 912011 913010 913011 
0
0
NS_M5_1
0
1
8
610014 610015 611014 611015 710014 710015 711014 711015 
0
0
NS_M5_2
0
1
8
613011 613012 614011 614012 713011 713012 714011 714012 
0
0
NS_M5_3
0
1
8
613006 613007 614006 614007 713006 713007 714006 714007 
0
0
NS_M5_4
0
1
8
610003 610004 611003 611004 710003 710004 711003 711004 
0
0
NS_M5_5
0
1
8
605003 605004 606003 606004 705003 705004 706003 706004 
0
0
NS_M5_6
0
1
8
602006 602007 603006 603007 702006 702007 703006 703007 
0
0
NS_M5_7
0
1
8
602011 602012 603011 603012 702011 702012 703011 703012 
0
0
NS_M5_8
0
1
8
605014 605015 606014 606015 705014 705015 706014 706015 
0
0
NS_M6_1
0
1
10
214016 215015 215016 215017 216016 314016 315015 315016 315017 316016 
0
0
NS_M6_2
0
1
10
200016 201015 201016 201017 202016 300016 301015 301016 301017 302016 
0
0
NS_M6_3
0
1
10
214002 215001 215002 215003 216002 314002 315001 315002 315003 316002 
0
0
NS_M6_4
0
1
10
200002 201001 201002 201003 202002 300002 301001 301002 301003 302002 
0
0
0
0
13
S_NS_ARM_SPIDER
0
0
0
1
PART-1-1
1
0
16
903007
1
903008
1
904007
1
904008
1
906013
1
906014
1
907013
1
907014
1
909004
1
909005
1
910004
1
910005
1
912010
1
912011
1
913010
1
913011
1
S_NS_M5_1
0
0
0
1
PART-1-1
1
0
8
610014
1
610015
1
611014
1
611015
1
710014
1
710015
1
711014
1
711015
1
S_NS_M5_2
0
0
0
1
PART-1-1
1
0
8
613011
1
613012
1
614011
1
614012
1
713011
1
713012
1
714011
1
714012
1
S_NS_M5_3
0
0
0
1
PART-1-1
1
0
8
613006
1
613007
1
614006
1
614007
1
713006
1
713007
1
714006
1
714007
1
S_NS_M5_4
0
0
0
1
PART-1-1
1
0
8
610003
1
610004
1
611003
1
611004
1
710003
1
710004
1
711003
1
711004
1
S_NS_M5_5
0
0
0
1
PART-1-1
1
0
8
605003
1
605004
1
606003
1
606004
1
705003
1
705004
1
706003
1
706004
1
S_NS_M5_6
0
0
0
1
PART-1-1
1
0
8
602006
1
602007
1
603006
1
603007
1
702006
1
702007
1
703006
1
703007
1
S_NS_M5_7
0
0
0
1
PART-1-1
1
0
8
602011
1
602012
1
603011
1
603012
1
702011
1
702012
1
703011
1
703012
1
S_NS_M5_8
0
0
0
1
PART-1-1
1
0
8
605014
1
605015
1
606014
1
606015
1
705014
1
705015
1
706014
1
706015
1
S_NS_M6_1
0
0
0
1
PART-1-1
1
0
10
214016
1
215015
1
215016
1
215017
1
216016
1
314016
1
315015
1
315016
1
315017
1
316016
1
S_NS_M6_2
0
0
0
1
PART-1-1
1
0
10
200016
1
201015
1
201016
1
201017
1
202016
1
300016
1
301015
1
301016
1
301017
1
302016
1
S_NS_M6_3
0
0
0
1
PART-1-1
1
0
10
214002
1
215001
1
215002
1
215003
1
216002
1
314002
1
315001
1
315002
1
315003
1
316002
1
S_NS_M6_4
0
0
0
1
PART-1-1
1
0
10
200002
1
201001
1
201002
1
201003
1
202002
1
300002
1
301001
1
301002
1
301003
1
302002
1
