0
1
0
Assembly-1
1
PART-1-1
PART-1
1
PART-1-1
473
-2147483647
0
1884 1 16 464 0 1 0 -1 -1 3563 100 -1342177178 -1342177174 -1342177170 -1342177166 -1342177162 -1342177158 -1342177154 -1342177150 -1342177146 -1342177142 -1342177138 -1342177134 -1342177130 -1342177126 -1342177122 -1342177118 -1342177114 -1342177110 -1342177106 -1342177102 -1342177098 -1342177094 -1342177090 -1342177086 -1342177082 -1342177078 -1342177074 -1342177070 -1342177066 -1342177062 -1342177058 -1342177054 -1342177050 -1342177046 -1342177042 -1342177038 -1342177034 -1342177030 -1342177026 -1342177022 -1342177018 -1342177014 -1342177010 -1342177006 -1342177002 -1342176998 -1342176994 -1342176990 -1342176986 -1342176982 -1342176978 -1342176974 -1342176970 -1879047878 -1879047876 -1879047874 -1342176960 -1342176956 -1342176952 -1342176948 -1342176944 -1342176940 -1342176936 -1342176932 -1342176928 -1879047836 -1879047834 -1342176920 -1879047828 -1879047826 -1342176912 -1342176908 -1342176904 -1342176900 -1342176896 -1342176892 -1342176888 -1342176884 -1342176880 -1879047788 -1879047786 -1879047784 -1879047782 -1879047780 -1879047778 -1879047776 -1879047774 -1879047772 -1342176858 -1342176854 -1342176850 -1342176846 -1342176842 -1342176838 -1342176834 -1342176830 -1342176826 -1879047734 -1879047732 -1879047730 1 21 8 1000 8001 9 2 12 9001 8 2 13 10001 8 2 13 11001 8 2 13 12001 9 2 12 13001 21 8 1000 100001 21 8 1000 108001 9 2 12 109001 8 2 13 110001 8 2 13 111001 8 2 13 112001 9 2 12 113001 21 8 1000 200001 21 8 1000 208001 9 2 12 209001 8 2 13 210001 8 2 13 211001 8 2 13 212001 9 2 12 213001 21 8 1000 300001 21 4 1000 304001 9 2 12 305001 7 2 14 306001 6 2 15 307001 5 2 16 308001 5 2 16 309001 4 2 17 310001 4 2 17 311001 4 2 17 312001 5 2 16 313001 5 2 16 314001 6 2 15 315001 7 2 14 316001 9 2 12 317001 21 4 1000 400001 21 4 1000 404001 9 2 12 405001 7 2 14 406001 6 2 15 407001 5 2 16 408001 5 2 16 409001 4 2 17 410001 4 2 17 411001 4 2 17 412001 5 2 16 413001 5 2 16 414001 6 2 15 415001 7 2 14 416001 9 2 12 417001 21 4 1000 500001 21 21 1000 600001 21 21 1000 701009 5 702007 9 703005 13 704004 15 2 1000 706003 17 2 1000 708002 8 2 11 709002 7 2 12 710002 7 2 12 711002 7 2 12 712002 8 2 11 713003 17 2 1000 715004 15 2 1000 717005 13 718007 9 719009 5 2 82000 802007 9 803005 13 804004 15 2 1000 806003 17 2 1000 808002 8 2 11 809002 7 2 12 810002 7 2 12 811002 7 2 12 812002 8 2 11 813003 17 2 1000 815004 15 2 1000 817005 13 818007 9 819009 5 900000 1 900100 4 900200 8 901009 5 902007 9 903005 13 904004 15 2 1000 906003 17 2 1000 908002 8 2 11 909002 7 2 12 910002 7 2 12 911002 7 2 12 912002 8 2 11 913003 17 2 1000 915004 15 2 1000 917005 13 918007 9 919009 5 
0
1
PART-1-1
14
-2147483647
0
48 1 16 5 0 1 0 -1 -1 2056 1 -1879048189 1 2056 
0
0
1
PART-1-1
5
EALL
0
1
14
-2147483647
48 1 16 5 0 1 0 -1 -1 2056 1 -1879048189 1 2056 
0
0
EBRIDGE
0
1
14
-2147483647
48 1 16 5 0 1 0 -1 -1 736 1 -1879048189 1 736 
0
0
EPROBES
0
1
4
178 694 1535 2027 
0
0
ESTAGEA
0
1
14
-2147483647
48 1 16 5 0 1 0 -1 -1 416 1 -1879048189 1641 416 
0
0
ESTAGEB
0
1
14
-2147483647
48 1 16 5 0 1 0 -1 -1 904 1 -1879048189 737 904 
0
0
0
0
1
PART-1-1
15
NFIXED
0
1
46
-2147483647
176 1 16 37 0 1 0 -1 -1 420 7 -1342177271 -1342177267 -1342177263 -1342177259 -1342177255 -1342177251 -1342177247 1 21 8 1000 8001 9 2 12 9001 8 2 13 10001 8 2 13 11001 8 2 13 12001 9 2 12 13001 21 8 1000 
0
0
NRP
0
1
1
900000 
0
0
NS_ARM_SPIDER
0
1
20
904009 904010 905008 905009 905010 907016 908016 908017 909016 909017 911005 911006 912005 912006 913006 915012 915013 915014 916012 916013 
0
0
NS_M5_1
0
1
10
612018 613017 613018 613019 614018 712018 713017 713018 713019 714018 
0
0
NS_M5_2
0
1
10
616014 617013 617014 617015 618014 716014 717013 717014 717015 718014 
0
0
NS_M5_3
0
1
10
616008 617007 617008 617009 618008 716008 717007 717008 717009 718008 
0
0
NS_M5_4
0
1
10
612004 613003 613004 613005 614004 712004 713003 713004 713005 714004 
0
0
NS_M5_5
0
1
10
606004 607003 607004 607005 608004 706004 707003 707004 707005 708004 
0
0
NS_M5_6
0
1
10
602008 603007 603008 603009 604008 702008 703007 703008 703009 704008 
0
0
NS_M5_7
0
1
10
602014 603013 603014 603015 604014 702014 703013 703014 703015 704014 
0
0
NS_M5_8
0
1
10
606018 607017 607018 607019 608018 706018 707017 707018 707019 708018 
0
0
NS_M6_1
0
1
16
218019 218020 218021 219019 219020 219021 220019 220020 318019 318020 318021 319019 319020 319021 320019 320020 
0
0
NS_M6_2
0
1
16
200019 200020 201019 201020 201021 202019 202020 202021 300019 300020 301019 301020 301021 302019 302020 302021 
0
0
NS_M6_3
0
1
16
218001 218002 218003 219001 219002 219003 220002 220003 318001 318002 318003 319001 319002 319003 320002 320003 
0
0
NS_M6_4
0
1
16
200002 200003 201001 201002 201003 202001 202002 202003 300002 300003 301001 301002 301003 302001 302002 302003 
0
0
0
0
13
S_NS_ARM_SPIDER
0
0
0
1
PART-1-1
1
0
20
904009
1
904010
1
905008
1
905009
1
905010
1
907016
1
908016
1
908017
1
909016
1
909017
1
911005
1
911006
1
912005
1
912006
1
913006
1
915012
1
915013
1
915014
1
916012
1
916013
1
S_NS_M5_1
0
0
0
1
PART-1-1
1
0
10
612018
1
613017
1
613018
1
613019
1
614018
1
712018
1
713017
1
713018
1
713019
1
714018
1
S_NS_M5_2
0
0
0
1
PART-1-1
1
0
10
616014
1
617013
1
617014
1
617015
1
618014
1
716014
1
717013
1
717014
1
717015
1
718014
1
S_NS_M5_3
0
0
0
1
PART-1-1
1
0
10
616008
1
617007
1
617008
1
617009
1
618008
1
716008
1
717007
1
717008
1
717009
1
718008
1
S_NS_M5_4
0
0
0
1
PART-1-1
1
0
10
612004
1
613003
1
613004
1
613005
1
614004
1
712004
1
713003
1
713004
1
713005
1
714004
1
S_NS_M5_5
0
0
0
1
PART-1-1
1
0
10
606004
1
607003
1
607004
1
607005
1
608004
1
706004
1
707003
1
707004
1
707005
1
708004
1
S_NS_M5_6
0
0
0
1
PART-1-1
1
0
10
602008
1
603007
1
603008
1
603009
1
604008
1
702008
1
703007
1
703008
1
703009
1
704008
1
S_NS_M5_7
0
0
0
1
PART-1-1
1
0
10
602014
1
603013
1
603014
1
603015
1
604014
1
702014
1
703013
1
703014
1
703015
1
704014
1
S_NS_M5_8
0
0
0
1
PART-1-1
1
0
10
606018
1
607017
1
607018
1
607019
1
608018
1
706018
1
707017
1
707018
1
707019
1
708018
1
S_NS_M6_1
0
0
0
1
PART-1-1
1
0
16
218019
1
218020
1
218021
1
219019
1
219020
1
219021
1
220019
1
220020
1
318019
1
318020
1
318021
1
319019
1
319020
1
319021
1
320019
1
320020
1
S_NS_M6_2
0
0
0
1
PART-1-1
1
0
16
200019
1
200020
1
201019
1
201020
1
201021
1
202019
1
202020
1
202021
1
300019
1
300020
1
301019
1
301020
1
301021
1
302019
1
302020
1
302021
1
S_NS_M6_3
0
0
0
1
PART-1-1
1
0
16
218001
1
218002
1
218003
1
219001
1
219002
1
219003
1
220002
1
220003
1
318001
1
318002
1
318003
1
319001
1
319002
1
319003
1
320002
1
320003
1
S_NS_M6_4
0
0
0
1
PART-1-1
1
0
16
200002
1
200003
1
201001
1
201002
1
201003
1
202001
1
202002
1
202003
1
300002
1
300003
1
301001
1
301002
1
301003
1
302001
1
302002
1
302003
1
