flat -158 76 21 hits 2 volume 47.184 ['WP10_INTERNAL_BATTERY_BYPASS', 'trunk_clip_standoff_-140']
flat -158 76 24 hits 2 volume 59.521 ['WP10_INTERNAL_BATTERY_BYPASS', 'trunk_clip_standoff_-140']
flat -158 77 21 hits 2 volume 48.17 ['P60_HOST_2_POST', 'WP10_INTERNAL_BATTERY_BYPASS']
flat -158 77 24 hits 2 volume 48.208 ['P60_HOST_2_POST', 'WP10_INTERNAL_BATTERY_BYPASS']
flat -158 78 21 hits 2 volume 57.533 ['P60_HOST_2_POST', 'WP10_INTERNAL_BATTERY_BYPASS']
flat -158 78 24 hits 2 volume 57.57 ['P60_HOST_2_POST', 'WP10_INTERNAL_BATTERY_BYPASS']
flat -156 76 21 hits 2 volume 44.994 ['WP10_INTERNAL_BATTERY_BYPASS', 'trunk_clip_standoff_-140']
flat -156 76 24 hits 2 volume 51.331 ['WP10_INTERNAL_BATTERY_BYPASS', 'trunk_clip_standoff_-140']
flat -156 77 21 hits 2 volume 47.928 ['P60_HOST_2_POST', 'WP10_INTERNAL_BATTERY_BYPASS']
flat -156 77 24 hits 2 volume 47.966 ['P60_HOST_2_POST', 'WP10_INTERNAL_BATTERY_BYPASS']
flat -156 78 21 hits 2 volume 55.629 ['P60_HOST_2_POST', 'WP10_INTERNAL_BATTERY_BYPASS']
flat -156 78 24 hits 2 volume 55.667 ['P60_HOST_2_POST', 'WP10_INTERNAL_BATTERY_BYPASS']
flat -154 76 21 hits 2 volume 42.804 ['WP10_INTERNAL_BATTERY_BYPASS', 'trunk_clip_standoff_-140']
flat -154 76 24 hits 2 volume 43.141 ['WP10_INTERNAL_BATTERY_BYPASS', 'trunk_clip_standoff_-140']
flat -154 77 21 hits 3 volume 45.674 ['P60_HOST_2_POST', 'P60_HOST_3_POST', 'WP10_INTERNAL_BATTERY_BYPASS']
flat -154 77 24 hits 3 volume 45.712 ['P60_HOST_2_POST', 'P60_HOST_3_POST', 'WP10_INTERNAL_BATTERY_BYPASS']
flat -154 78 21 hits 3 volume 52.017 ['P60_HOST_2_POST', 'P60_HOST_3_POST', 'WP10_INTERNAL_BATTERY_BYPASS']
flat -154 78 24 hits 3 volume 52.055 ['P60_HOST_2_POST', 'P60_HOST_3_POST', 'WP10_INTERNAL_BATTERY_BYPASS']
side_minusX -170 38 96 hits 3 volume 259.024 ['P60_HOST_0_POST', 'P60_HOST_0_ROD', 'WP10_INTERNAL_BATTERY_BYPASS']
side_minusX -170 38 99 hits 5 volume 294.686 ['P60_HOST_0_POST', 'P60_HOST_0_ROD', 'P60_HOST_0_TW', 'P60_TRAY_B', 'WP10_INTERNAL_BATTERY_BYPASS']
side_minusX -170 43 96 hits 2 volume 172.779 ['P60_HOST_0_POST', 'WP10_INTERNAL_BATTERY_BYPASS']
side_minusX -170 43 99 hits 4 volume 246.69 ['P60_HOST_0_POST', 'P60_HOST_0_TW', 'P60_TRAY_B', 'WP10_INTERNAL_BATTERY_BYPASS']
side_minusX -170 48 96 hits 3 volume 361.234 ['P60_HOST_0_POST', 'P60_HOST_0_ROD', 'WP10_INTERNAL_BATTERY_BYPASS']
side_minusX -170 48 99 hits 4 volume 461.444 ['P60_HOST_0_POST', 'P60_HOST_0_ROD', 'P60_TRAY_B', 'WP10_INTERNAL_BATTERY_BYPASS']
side_minusX -167 38 96 hits 3 volume 386.435 ['P60_HOST_0_POST', 'P60_HOST_0_ROD', 'WP10_INTERNAL_BATTERY_BYPASS']
side_minusX -167 38 99 hits 5 volume 437.952 ['P60_HOST_0_POST', 'P60_HOST_0_ROD', 'P60_HOST_0_TW', 'P60_TRAY_B', 'WP10_INTERNAL_BATTERY_BYPASS']
side_minusX -167 43 96 hits 2 volume 224.5 ['P60_HOST_0_POST', 'WP10_INTERNAL_BATTERY_BYPASS']
side_minusX -167 43 99 hits 4 volume 318.347 ['P60_HOST_0_POST', 'P60_HOST_0_TW', 'P60_TRAY_B', 'WP10_INTERNAL_BATTERY_BYPASS']
side_minusX -167 48 96 hits 3 volume 439.91 ['P60_HOST_0_POST', 'P60_HOST_0_ROD', 'WP10_INTERNAL_BATTERY_BYPASS']
side_minusX -167 48 99 hits 4 volume 579.668 ['P60_HOST_0_POST', 'P60_HOST_0_ROD', 'P60_TRAY_B', 'WP10_INTERNAL_BATTERY_BYPASS']
side_minusX -165 38 96 hits 3 volume 404.258 ['P60_HOST_0_POST', 'P60_HOST_0_ROD', 'WP10_INTERNAL_BATTERY_BYPASS']
side_minusX -165 38 99 hits 5 volume 482.141 ['P60_HOST_0_POST', 'P60_HOST_0_ROD', 'P60_HOST_0_TW', 'P60_TRAY_B', 'WP10_INTERNAL_BATTERY_BYPASS']
side_minusX -165 43 96 hits 2 volume 253.974 ['P60_HOST_0_POST', 'WP10_INTERNAL_BATTERY_BYPASS']
side_minusX -165 43 99 hits 4 volume 362.553 ['P60_HOST_0_POST', 'P60_HOST_0_TW', 'P60_TRAY_B', 'WP10_INTERNAL_BATTERY_BYPASS']
side_minusX -165 48 96 hits 3 volume 504.387 ['P60_HOST_0_POST', 'P60_HOST_0_ROD', 'WP10_INTERNAL_BATTERY_BYPASS']
side_minusX -165 48 99 hits 4 volume 670.51 ['P60_HOST_0_POST', 'P60_HOST_0_ROD', 'P60_TRAY_B', 'WP10_INTERNAL_BATTERY_BYPASS']
side_minusX_flipY -170 -38 -5 hits 3 volume 118.931 ['P60_HOST_0_POST', 'P60_REFERENCE_B', 'WP10_INTERNAL_BATTERY_BYPASS']
side_minusX_flipY -170 -38 -2 hits 3 volume 131.354 ['P60_HOST_0_POST', 'P60_REFERENCE_B', 'WP10_INTERNAL_BATTERY_BYPASS']
side_minusX_flipY -170 -43 -5 hits 3 volume 179.611 ['P60_HOST_0_POST', 'P60_REFERENCE_B', 'WP10_INTERNAL_BATTERY_BYPASS']
side_minusX_flipY -170 -43 -2 hits 3 volume 199.562 ['P60_HOST_0_POST', 'P60_REFERENCE_B', 'WP10_INTERNAL_BATTERY_BYPASS']
side_minusX_flipY -167 -38 -5 hits 4 volume 434.403 ['P60_HOST_0_POST', 'P60_HOST_0_ROD', 'P60_REFERENCE_B', 'WP10_INTERNAL_BATTERY_BYPASS']
side_minusX_flipY -167 -38 -2 hits 4 volume 461.187 ['P60_HOST_0_POST', 'P60_HOST_0_ROD', 'P60_REFERENCE_B', 'WP10_INTERNAL_BATTERY_BYPASS']
side_minusX_flipY -167 -43 -5 hits 3 volume 488.018 ['P60_HOST_0_POST', 'P60_REFERENCE_B', 'WP10_INTERNAL_BATTERY_BYPASS']
side_minusX_flipY -167 -43 -2 hits 3 volume 531.034 ['P60_HOST_0_POST', 'P60_REFERENCE_B', 'WP10_INTERNAL_BATTERY_BYPASS']
side_minusX_flipY -165 -38 -5 hits 4 volume 757.784 ['P60_HOST_0_POST', 'P60_HOST_0_ROD', 'P60_REFERENCE_B', 'WP10_INTERNAL_BATTERY_BYPASS']
side_minusX_flipY -165 -38 -2 hits 4 volume 794.142 ['P60_HOST_0_POST', 'P60_HOST_0_ROD', 'P60_REFERENCE_B', 'WP10_INTERNAL_BATTERY_BYPASS']
side_minusX_flipY -165 -43 -5 hits 3 volume 719.99 ['P60_HOST_0_POST', 'P60_REFERENCE_B', 'WP10_INTERNAL_BATTERY_BYPASS']
side_minusX_flipY -165 -43 -2 hits 3 volume 778.382 ['P60_HOST_0_POST', 'P60_REFERENCE_B', 'WP10_INTERNAL_BATTERY_BYPASS']
best {'orientation': 'flat', 'xyz': [-154, 76, 21], 'T_S_core': [[1.0, 0.0, 0.0, -154.0], [0.0, 1.0, 0.0, 76.0], [0.0, 0.0, 1.0, 21.0], [0.0, 0.0, 0.0, 1.0]], 'hits': [{'id': 'WP10_INTERNAL_BATTERY_BYPASS', 'volume_mm3': 42.694244162285315}, {'id': 'trunk_clip_standoff_-140', 'volume_mm3': 0.10949999999999366}], 'unknown': [], 'overlap_mm3': 42.80374416228531}
