{"stage": "attached_document_inventory", "utc": "2026-09-20T14:49:45.985656+00:00"}
{"stage": "part_import_started", "utc": "2026-09-20T14:49:46.925182+00:00", "id": "R6H_MAIN_PCBA_INSTALLED", "source": "F:\\China Graduate Future Flight Vehicle Innovation Competition\\20_engineering\\SERVICE_STAR_CORE_INSTALLATION_R6H_20260920\\cad\\R6H_MAIN_PCBA_INSTALLED.step"}
{"stage": "save_attempt", "utc": "2026-09-20T14:50:11.127616+00:00", "path": "F:\\China Graduate Future Flight Vehicle Innovation Competition\\20_engineering\\SERVICE_STAR_CORE_INSTALLATION_R6H_20260920\\native\\R6H_MAIN_PCBA_INSTALLED.SLDPRT", "api_return": [true, 0, 0], "ok": true, "errors": 0, "warnings": 0}
{"stage": "part_completed", "utc": "2026-09-20T14:50:20.036549+00:00", "id": "R6H_MAIN_PCBA_INSTALLED", "solid_count": 40}
{"stage": "roundtrip_body_checked", "utc": "2026-09-20T14:50:48.295032+00:00", "id": "R6H_MAIN_PCBA_INSTALLED", "bodies": 5}
{"stage": "roundtrip_body_checked", "utc": "2026-09-20T14:50:56.305800+00:00", "id": "R6H_MAIN_PCBA_INSTALLED", "bodies": 10}
{"stage": "roundtrip_body_checked", "utc": "2026-09-20T14:57:35.608394+00:00", "id": "R6H_MAIN_PCBA_INSTALLED", "bodies": 15}
{"stage": "roundtrip_body_checked", "utc": "2026-09-20T15:04:25.214954+00:00", "id": "R6H_MAIN_PCBA_INSTALLED", "bodies": 20}
{"stage": "roundtrip_body_checked", "utc": "2026-09-20T15:04:28.033379+00:00", "id": "R6H_MAIN_PCBA_INSTALLED", "bodies": 25}
{"stage": "roundtrip_body_checked", "utc": "2026-09-20T15:04:51.511950+00:00", "id": "R6H_MAIN_PCBA_INSTALLED", "bodies": 30}
{"stage": "roundtrip_body_checked", "utc": "2026-09-20T15:04:52.016500+00:00", "id": "R6H_MAIN_PCBA_INSTALLED", "bodies": 35}
{"stage": "roundtrip_body_checked", "utc": "2026-09-20T15:04:52.110244+00:00", "id": "R6H_MAIN_PCBA_INSTALLED", "bodies": 40}
{"stage": "part_verified", "utc": "2026-09-20T15:04:52.147396+00:00", "id": "R6H_MAIN_PCBA_INSTALLED"}
{"stage": "part_import_started", "utc": "2026-09-20T15:04:52.263160+00:00", "id": "R6H_MAIN_SPACER_1", "source": "F:\\China Graduate Future Flight Vehicle Innovation Competition\\20_engineering\\SERVICE_STAR_CORE_INSTALLATION_R6H_20260920\\cad\\R6H_MAIN_SPACER_1.step"}
{"stage": "save_attempt", "utc": "2026-09-20T15:04:54.448441+00:00", "path": "F:\\China Graduate Future Flight Vehicle Innovation Competition\\20_engineering\\SERVICE_STAR_CORE_INSTALLATION_R6H_20260920\\native\\R6H_MAIN_SPACER_1.SLDPRT", "api_return": [true, 0, 0], "ok": true, "errors": 0, "warnings": 0}
{"stage": "part_completed", "utc": "2026-09-20T15:04:54.941675+00:00", "id": "R6H_MAIN_SPACER_1", "solid_count": 1}
{"stage": "part_verified", "utc": "2026-09-20T15:04:55.016285+00:00", "id": "R6H_MAIN_SPACER_1"}
{"stage": "part_import_started", "utc": "2026-09-20T15:04:55.135270+00:00", "id": "R6H_MAIN_BOLT_1", "source": "F:\\China Graduate Future Flight Vehicle Innovation Competition\\20_engineering\\SERVICE_STAR_CORE_INSTALLATION_R6H_20260920\\cad\\R6H_MAIN_BOLT_1.step"}
{"stage": "save_attempt", "utc": "2026-09-20T15:04:57.361123+00:00", "path": "F:\\China Graduate Future Flight Vehicle Innovation Competition\\20_engineering\\SERVICE_STAR_CORE_INSTALLATION_R6H_20260920\\native\\R6H_MAIN_BOLT_1.SLDPRT", "api_return": [true, 0, 0], "ok": true, "errors": 0, "warnings": 0}
{"stage": "part_completed", "utc": "2026-09-20T15:04:57.996138+00:00", "id": "R6H_MAIN_BOLT_1", "solid_count": 1}
{"stage": "part_verified", "utc": "2026-09-20T15:04:58.075272+00:00", "id": "R6H_MAIN_BOLT_1"}
{"stage": "part_import_started", "utc": "2026-09-20T15:04:58.198060+00:00", "id": "R6H_MAIN_WASHER_TOP_1", "source": "F:\\China Graduate Future Flight Vehicle Innovation Competition\\20_engineering\\SERVICE_STAR_CORE_INSTALLATION_R6H_20260920\\cad\\R6H_MAIN_WASHER_TOP_1.step"}
{"stage": "save_attempt", "utc": "2026-09-20T15:05:00.351995+00:00", "path": "F:\\China Graduate Future Flight Vehicle Innovation Competition\\20_engineering\\SERVICE_STAR_CORE_INSTALLATION_R6H_20260920\\native\\R6H_MAIN_WASHER_TOP_1.SLDPRT", "api_return": [true, 0, 0], "ok": true, "errors": 0, "warnings": 0}
{"stage": "part_completed", "utc": "2026-09-20T15:05:00.842824+00:00", "id": "R6H_MAIN_WASHER_TOP_1", "solid_count": 1}
{"stage": "part_verified", "utc": "2026-09-20T15:05:00.919980+00:00", "id": "R6H_MAIN_WASHER_TOP_1"}
{"stage": "part_import_started", "utc": "2026-09-20T15:05:01.025636+00:00", "id": "R6H_MAIN_WASHER_BOTTOM_1", "source": "F:\\China Graduate Future Flight Vehicle Innovation Competition\\20_engineering\\SERVICE_STAR_CORE_INSTALLATION_R6H_20260920\\cad\\R6H_MAIN_WASHER_BOTTOM_1.step"}
{"stage": "save_attempt", "utc": "2026-09-20T15:05:03.163466+00:00", "path": "F:\\China Graduate Future Flight Vehicle Innovation Competition\\20_engineering\\SERVICE_STAR_CORE_INSTALLATION_R6H_20260920\\native\\R6H_MAIN_WASHER_BOTTOM_1.SLDPRT", "api_return": [true, 0, 0], "ok": true, "errors": 0, "warnings": 0}
{"stage": "part_completed", "utc": "2026-09-20T15:05:03.727162+00:00", "id": "R6H_MAIN_WASHER_BOTTOM_1", "solid_count": 1}
{"stage": "part_verified", "utc": "2026-09-20T15:05:03.819511+00:00", "id": "R6H_MAIN_WASHER_BOTTOM_1"}
{"stage": "part_import_started", "utc": "2026-09-20T15:05:03.958087+00:00", "id": "R6H_MAIN_NUT_1", "source": "F:\\China Graduate Future Flight Vehicle Innovation Competition\\20_engineering\\SERVICE_STAR_CORE_INSTALLATION_R6H_20260920\\cad\\R6H_MAIN_NUT_1.step"}
{"stage": "save_attempt", "utc": "2026-09-20T15:05:06.028000+00:00", "path": "F:\\China Graduate Future Flight Vehicle Innovation Competition\\20_engineering\\SERVICE_STAR_CORE_INSTALLATION_R6H_20260920\\native\\R6H_MAIN_NUT_1.SLDPRT", "api_return": [true, 0, 0], "ok": true, "errors": 0, "warnings": 0}
{"stage": "part_completed", "utc": "2026-09-20T15:05:06.570784+00:00", "id": "R6H_MAIN_NUT_1", "solid_count": 1}
{"stage": "part_verified", "utc": "2026-09-20T15:05:06.649547+00:00", "id": "R6H_MAIN_NUT_1"}
{"stage": "part_import_started", "utc": "2026-09-20T15:05:06.754312+00:00", "id": "R6H_MAIN_SPACER_2", "source": "F:\\China Graduate Future Flight Vehicle Innovation Competition\\20_engineering\\SERVICE_STAR_CORE_INSTALLATION_R6H_20260920\\cad\\R6H_MAIN_SPACER_2.step"}
{"stage": "save_attempt", "utc": "2026-09-20T15:05:08.867650+00:00", "path": "F:\\China Graduate Future Flight Vehicle Innovation Competition\\20_engineering\\SERVICE_STAR_CORE_INSTALLATION_R6H_20260920\\native\\R6H_MAIN_SPACER_2.SLDPRT", "api_return": [true, 0, 0], "ok": true, "errors": 0, "warnings": 0}
{"stage": "part_completed", "utc": "2026-09-20T15:05:09.381962+00:00", "id": "R6H_MAIN_SPACER_2", "solid_count": 1}
{"stage": "part_verified", "utc": "2026-09-20T15:05:09.454855+00:00", "id": "R6H_MAIN_SPACER_2"}
{"stage": "part_import_started", "utc": "2026-09-20T15:05:09.585407+00:00", "id": "R6H_MAIN_BOLT_2", "source": "F:\\China Graduate Future Flight Vehicle Innovation Competition\\20_engineering\\SERVICE_STAR_CORE_INSTALLATION_R6H_20260920\\cad\\R6H_MAIN_BOLT_2.step"}
{"stage": "save_attempt", "utc": "2026-09-20T15:05:11.740759+00:00", "path": "F:\\China Graduate Future Flight Vehicle Innovation Competition\\20_engineering\\SERVICE_STAR_CORE_INSTALLATION_R6H_20260920\\native\\R6H_MAIN_BOLT_2.SLDPRT", "api_return": [true, 0, 0], "ok": true, "errors": 0, "warnings": 0}
{"stage": "part_completed", "utc": "2026-09-20T15:05:12.323971+00:00", "id": "R6H_MAIN_BOLT_2", "solid_count": 1}
{"stage": "part_verified", "utc": "2026-09-20T15:05:12.397255+00:00", "id": "R6H_MAIN_BOLT_2"}
{"stage": "part_import_started", "utc": "2026-09-20T15:05:12.513548+00:00", "id": "R6H_MAIN_WASHER_TOP_2", "source": "F:\\China Graduate Future Flight Vehicle Innovation Competition\\20_engineering\\SERVICE_STAR_CORE_INSTALLATION_R6H_20260920\\cad\\R6H_MAIN_WASHER_TOP_2.step"}
{"stage": "save_attempt", "utc": "2026-09-20T15:05:14.590143+00:00", "path": "F:\\China Graduate Future Flight Vehicle Innovation Competition\\20_engineering\\SERVICE_STAR_CORE_INSTALLATION_R6H_20260920\\native\\R6H_MAIN_WASHER_TOP_2.SLDPRT", "api_return": [true, 0, 0], "ok": true, "errors": 0, "warnings": 0}
{"stage": "part_completed", "utc": "2026-09-20T15:05:15.101766+00:00", "id": "R6H_MAIN_WASHER_TOP_2", "solid_count": 1}
{"stage": "part_verified", "utc": "2026-09-20T15:05:15.177497+00:00", "id": "R6H_MAIN_WASHER_TOP_2"}
{"stage": "part_import_started", "utc": "2026-09-20T15:05:15.268292+00:00", "id": "R6H_MAIN_WASHER_BOTTOM_2", "source": "F:\\China Graduate Future Flight Vehicle Innovation Competition\\20_engineering\\SERVICE_STAR_CORE_INSTALLATION_R6H_20260920\\cad\\R6H_MAIN_WASHER_BOTTOM_2.step"}
{"stage": "save_attempt", "utc": "2026-09-20T15:05:17.390995+00:00", "path": "F:\\China Graduate Future Flight Vehicle Innovation Competition\\20_engineering\\SERVICE_STAR_CORE_INSTALLATION_R6H_20260920\\native\\R6H_MAIN_WASHER_BOTTOM_2.SLDPRT", "api_return": [true, 0, 0], "ok": true, "errors": 0, "warnings": 0}
{"stage": "part_completed", "utc": "2026-09-20T15:05:17.966088+00:00", "id": "R6H_MAIN_WASHER_BOTTOM_2", "solid_count": 1}
{"stage": "part_verified", "utc": "2026-09-20T15:05:18.064580+00:00", "id": "R6H_MAIN_WASHER_BOTTOM_2"}
{"stage": "part_import_started", "utc": "2026-09-20T15:05:18.186964+00:00", "id": "R6H_MAIN_NUT_2", "source": "F:\\China Graduate Future Flight Vehicle Innovation Competition\\20_engineering\\SERVICE_STAR_CORE_INSTALLATION_R6H_20260920\\cad\\R6H_MAIN_NUT_2.step"}
{"stage": "save_attempt", "utc": "2026-09-20T15:05:20.302799+00:00", "path": "F:\\China Graduate Future Flight Vehicle Innovation Competition\\20_engineering\\SERVICE_STAR_CORE_INSTALLATION_R6H_20260920\\native\\R6H_MAIN_NUT_2.SLDPRT", "api_return": [true, 0, 0], "ok": true, "errors": 0, "warnings": 0}
{"stage": "part_completed", "utc": "2026-09-20T15:05:20.815163+00:00", "id": "R6H_MAIN_NUT_2", "solid_count": 1}
{"stage": "part_verified", "utc": "2026-09-20T15:05:20.884684+00:00", "id": "R6H_MAIN_NUT_2"}
{"stage": "part_import_started", "utc": "2026-09-20T15:05:20.996707+00:00", "id": "R6H_MAIN_SPACER_3", "source": "F:\\China Graduate Future Flight Vehicle Innovation Competition\\20_engineering\\SERVICE_STAR_CORE_INSTALLATION_R6H_20260920\\cad\\R6H_MAIN_SPACER_3.step"}
{"stage": "save_attempt", "utc": "2026-09-20T15:05:23.124878+00:00", "path": "F:\\China Graduate Future Flight Vehicle Innovation Competition\\20_engineering\\SERVICE_STAR_CORE_INSTALLATION_R6H_20260920\\native\\R6H_MAIN_SPACER_3.SLDPRT", "api_return": [true, 0, 0], "ok": true, "errors": 0, "warnings": 0}
{"stage": "part_completed", "utc": "2026-09-20T15:05:23.659083+00:00", "id": "R6H_MAIN_SPACER_3", "solid_count": 1}
{"stage": "part_verified", "utc": "2026-09-20T15:05:23.750460+00:00", "id": "R6H_MAIN_SPACER_3"}
{"stage": "part_import_started", "utc": "2026-09-20T15:05:23.910687+00:00", "id": "R6H_MAIN_BOLT_3", "source": "F:\\China Graduate Future Flight Vehicle Innovation Competition\\20_engineering\\SERVICE_STAR_CORE_INSTALLATION_R6H_20260920\\cad\\R6H_MAIN_BOLT_3.step"}
{"stage": "save_attempt", "utc": "2026-09-20T15:05:26.063082+00:00", "path": "F:\\China Graduate Future Flight Vehicle Innovation Competition\\20_engineering\\SERVICE_STAR_CORE_INSTALLATION_R6H_20260920\\native\\R6H_MAIN_BOLT_3.SLDPRT", "api_return": [true, 0, 0], "ok": true, "errors": 0, "warnings": 0}
{"stage": "part_completed", "utc": "2026-09-20T15:05:26.666313+00:00", "id": "R6H_MAIN_BOLT_3", "solid_count": 1}
{"stage": "part_verified", "utc": "2026-09-20T15:05:26.737092+00:00", "id": "R6H_MAIN_BOLT_3"}
{"stage": "part_import_started", "utc": "2026-09-20T15:05:26.832181+00:00", "id": "R6H_MAIN_WASHER_TOP_3", "source": "F:\\China Graduate Future Flight Vehicle Innovation Competition\\20_engineering\\SERVICE_STAR_CORE_INSTALLATION_R6H_20260920\\cad\\R6H_MAIN_WASHER_TOP_3.step"}
{"stage": "save_attempt", "utc": "2026-09-20T15:05:29.095504+00:00", "path": "F:\\China Graduate Future Flight Vehicle Innovation Competition\\20_engineering\\SERVICE_STAR_CORE_INSTALLATION_R6H_20260920\\native\\R6H_MAIN_WASHER_TOP_3.SLDPRT", "api_return": [true, 0, 0], "ok": true, "errors": 0, "warnings": 0}
{"stage": "part_completed", "utc": "2026-09-20T15:05:29.666684+00:00", "id": "R6H_MAIN_WASHER_TOP_3", "solid_count": 1}
{"stage": "part_verified", "utc": "2026-09-20T15:05:29.783811+00:00", "id": "R6H_MAIN_WASHER_TOP_3"}
{"stage": "part_import_started", "utc": "2026-09-20T15:05:29.918580+00:00", "id": "R6H_MAIN_WASHER_BOTTOM_3", "source": "F:\\China Graduate Future Flight Vehicle Innovation Competition\\20_engineering\\SERVICE_STAR_CORE_INSTALLATION_R6H_20260920\\cad\\R6H_MAIN_WASHER_BOTTOM_3.step"}
{"stage": "save_attempt", "utc": "2026-09-20T15:05:32.086305+00:00", "path": "F:\\China Graduate Future Flight Vehicle Innovation Competition\\20_engineering\\SERVICE_STAR_CORE_INSTALLATION_R6H_20260920\\native\\R6H_MAIN_WASHER_BOTTOM_3.SLDPRT", "api_return": [true, 0, 0], "ok": true, "errors": 0, "warnings": 0}
{"stage": "part_completed", "utc": "2026-09-20T15:05:32.644091+00:00", "id": "R6H_MAIN_WASHER_BOTTOM_3", "solid_count": 1}
{"stage": "part_verified", "utc": "2026-09-20T15:05:32.717643+00:00", "id": "R6H_MAIN_WASHER_BOTTOM_3"}
{"stage": "part_import_started", "utc": "2026-09-20T15:05:32.849414+00:00", "id": "R6H_MAIN_NUT_3", "source": "F:\\China Graduate Future Flight Vehicle Innovation Competition\\20_engineering\\SERVICE_STAR_CORE_INSTALLATION_R6H_20260920\\cad\\R6H_MAIN_NUT_3.step"}
{"stage": "save_attempt", "utc": "2026-09-20T15:05:35.046634+00:00", "path": "F:\\China Graduate Future Flight Vehicle Innovation Competition\\20_engineering\\SERVICE_STAR_CORE_INSTALLATION_R6H_20260920\\native\\R6H_MAIN_NUT_3.SLDPRT", "api_return": [true, 0, 0], "ok": true, "errors": 0, "warnings": 0}
{"stage": "part_completed", "utc": "2026-09-20T15:05:35.640070+00:00", "id": "R6H_MAIN_NUT_3", "solid_count": 1}
{"stage": "part_verified", "utc": "2026-09-20T15:05:35.752310+00:00", "id": "R6H_MAIN_NUT_3"}
{"stage": "part_import_started", "utc": "2026-09-20T15:05:35.885116+00:00", "id": "R6H_MAIN_SPACER_4", "source": "F:\\China Graduate Future Flight Vehicle Innovation Competition\\20_engineering\\SERVICE_STAR_CORE_INSTALLATION_R6H_20260920\\cad\\R6H_MAIN_SPACER_4.step"}
{"stage": "save_attempt", "utc": "2026-09-20T15:05:38.203420+00:00", "path": "F:\\China Graduate Future Flight Vehicle Innovation Competition\\20_engineering\\SERVICE_STAR_CORE_INSTALLATION_R6H_20260920\\native\\R6H_MAIN_SPACER_4.SLDPRT", "api_return": [true, 0, 0], "ok": true, "errors": 0, "warnings": 0}
{"stage": "part_completed", "utc": "2026-09-20T15:05:38.701209+00:00", "id": "R6H_MAIN_SPACER_4", "solid_count": 1}
{"stage": "part_verified", "utc": "2026-09-20T15:05:38.776962+00:00", "id": "R6H_MAIN_SPACER_4"}
{"stage": "part_import_started", "utc": "2026-09-20T15:05:38.889559+00:00", "id": "R6H_MAIN_BOLT_4", "source": "F:\\China Graduate Future Flight Vehicle Innovation Competition\\20_engineering\\SERVICE_STAR_CORE_INSTALLATION_R6H_20260920\\cad\\R6H_MAIN_BOLT_4.step"}
{"stage": "save_attempt", "utc": "2026-09-20T15:05:41.066858+00:00", "path": "F:\\China Graduate Future Flight Vehicle Innovation Competition\\20_engineering\\SERVICE_STAR_CORE_INSTALLATION_R6H_20260920\\native\\R6H_MAIN_BOLT_4.SLDPRT", "api_return": [true, 0, 0], "ok": true, "errors": 0, "warnings": 0}
{"stage": "part_completed", "utc": "2026-09-20T15:05:41.662828+00:00", "id": "R6H_MAIN_BOLT_4", "solid_count": 1}
{"stage": "part_verified", "utc": "2026-09-20T15:05:41.737206+00:00", "id": "R6H_MAIN_BOLT_4"}
{"stage": "part_import_started", "utc": "2026-09-20T15:05:41.854365+00:00", "id": "R6H_MAIN_WASHER_TOP_4", "source": "F:\\China Graduate Future Flight Vehicle Innovation Competition\\20_engineering\\SERVICE_STAR_CORE_INSTALLATION_R6H_20260920\\cad\\R6H_MAIN_WASHER_TOP_4.step"}
{"stage": "save_attempt", "utc": "2026-09-20T15:05:44.008827+00:00", "path": "F:\\China Graduate Future Flight Vehicle Innovation Competition\\20_engineering\\SERVICE_STAR_CORE_INSTALLATION_R6H_20260920\\native\\R6H_MAIN_WASHER_TOP_4.SLDPRT", "api_return": [true, 0, 0], "ok": true, "errors": 0, "warnings": 0}
{"stage": "part_completed", "utc": "2026-09-20T15:05:44.530368+00:00", "id": "R6H_MAIN_WASHER_TOP_4", "solid_count": 1}
{"stage": "part_verified", "utc": "2026-09-20T15:05:44.603276+00:00", "id": "R6H_MAIN_WASHER_TOP_4"}
{"stage": "part_import_started", "utc": "2026-09-20T15:05:44.722381+00:00", "id": "R6H_MAIN_WASHER_BOTTOM_4", "source": "F:\\China Graduate Future Flight Vehicle Innovation Competition\\20_engineering\\SERVICE_STAR_CORE_INSTALLATION_R6H_20260920\\cad\\R6H_MAIN_WASHER_BOTTOM_4.step"}
{"stage": "save_attempt", "utc": "2026-09-20T15:05:46.853844+00:00", "path": "F:\\China Graduate Future Flight Vehicle Innovation Competition\\20_engineering\\SERVICE_STAR_CORE_INSTALLATION_R6H_20260920\\native\\R6H_MAIN_WASHER_BOTTOM_4.SLDPRT", "api_return": [true, 0, 0], "ok": true, "errors": 0, "warnings": 0}
{"stage": "part_completed", "utc": "2026-09-20T15:05:47.463757+00:00", "id": "R6H_MAIN_WASHER_BOTTOM_4", "solid_count": 1}
{"stage": "part_verified", "utc": "2026-09-20T15:05:47.554649+00:00", "id": "R6H_MAIN_WASHER_BOTTOM_4"}
{"stage": "part_import_started", "utc": "2026-09-20T15:05:47.672507+00:00", "id": "R6H_MAIN_NUT_4", "source": "F:\\China Graduate Future Flight Vehicle Innovation Competition\\20_engineering\\SERVICE_STAR_CORE_INSTALLATION_R6H_20260920\\cad\\R6H_MAIN_NUT_4.step"}
{"stage": "save_attempt", "utc": "2026-09-20T15:05:49.814478+00:00", "path": "F:\\China Graduate Future Flight Vehicle Innovation Competition\\20_engineering\\SERVICE_STAR_CORE_INSTALLATION_R6H_20260920\\native\\R6H_MAIN_NUT_4.SLDPRT", "api_return": [true, 0, 0], "ok": true, "errors": 0, "warnings": 0}
{"stage": "part_completed", "utc": "2026-09-20T15:05:50.302476+00:00", "id": "R6H_MAIN_NUT_4", "solid_count": 1}
{"stage": "part_verified", "utc": "2026-09-20T15:05:50.383261+00:00", "id": "R6H_MAIN_NUT_4"}
{"stage": "part_import_started", "utc": "2026-09-20T15:05:50.493615+00:00", "id": "R6H_IF_THERMAL_BRIDGE", "source": "F:\\China Graduate Future Flight Vehicle Innovation Competition\\20_engineering\\SERVICE_STAR_CORE_INSTALLATION_R6H_20260920\\cad\\R6H_IF_THERMAL_BRIDGE.step"}
{"stage": "save_attempt", "utc": "2026-09-20T15:05:52.650827+00:00", "path": "F:\\China Graduate Future Flight Vehicle Innovation Competition\\20_engineering\\SERVICE_STAR_CORE_INSTALLATION_R6H_20260920\\native\\R6H_IF_THERMAL_BRIDGE.SLDPRT", "api_return": [true, 0, 0], "ok": true, "errors": 0, "warnings": 0}
{"stage": "part_completed", "utc": "2026-09-20T15:05:53.216647+00:00", "id": "R6H_IF_THERMAL_BRIDGE", "solid_count": 1}
{"stage": "part_verified", "utc": "2026-09-20T15:05:54.048545+00:00", "id": "R6H_IF_THERMAL_BRIDGE"}
{"stage": "part_import_started", "utc": "2026-09-20T15:05:54.179870+00:00", "id": "R6H_IF_TOP_ISOLATION_PAD", "source": "F:\\China Graduate Future Flight Vehicle Innovation Competition\\20_engineering\\SERVICE_STAR_CORE_INSTALLATION_R6H_20260920\\cad\\R6H_IF_TOP_ISOLATION_PAD.step"}
{"stage": "save_attempt", "utc": "2026-09-20T15:05:56.346541+00:00", "path": "F:\\China Graduate Future Flight Vehicle Innovation Competition\\20_engineering\\SERVICE_STAR_CORE_INSTALLATION_R6H_20260920\\native\\R6H_IF_TOP_ISOLATION_PAD.SLDPRT", "api_return": [true, 0, 0], "ok": true, "errors": 0, "warnings": 0}
{"stage": "part_completed", "utc": "2026-09-20T15:05:56.918713+00:00", "id": "R6H_IF_TOP_ISOLATION_PAD", "solid_count": 1}
{"stage": "part_verified", "utc": "2026-09-20T15:05:56.998735+00:00", "id": "R6H_IF_TOP_ISOLATION_PAD"}
{"stage": "part_import_started", "utc": "2026-09-20T15:05:57.093812+00:00", "id": "P60_HOST_2_ROD", "source": "F:\\China Graduate Future Flight Vehicle Innovation Competition\\20_engineering\\SERVICE_STAR_CORE_INSTALLATION_R6H_20260920\\cad\\P60_HOST_2_ROD.step"}
{"stage": "save_attempt", "utc": "2026-09-20T15:05:59.222880+00:00", "path": "F:\\China Graduate Future Flight Vehicle Innovation Competition\\20_engineering\\SERVICE_STAR_CORE_INSTALLATION_R6H_20260920\\native\\P60_HOST_2_ROD.SLDPRT", "api_return": [true, 0, 0], "ok": true, "errors": 0, "warnings": 0}
{"stage": "part_completed", "utc": "2026-09-20T15:05:59.759332+00:00", "id": "P60_HOST_2_ROD", "solid_count": 1}
{"stage": "part_verified", "utc": "2026-09-20T15:05:59.835168+00:00", "id": "P60_HOST_2_ROD"}
{"stage": "part_import_started", "utc": "2026-09-20T15:05:59.960127+00:00", "id": "upper_equipment_deck_B", "source": "F:\\China Graduate Future Flight Vehicle Innovation Competition\\20_engineering\\SERVICE_STAR_CORE_INSTALLATION_R6H_20260920\\cad\\upper_equipment_deck_B.step"}
{"stage": "save_attempt", "utc": "2026-09-20T15:06:02.181654+00:00", "path": "F:\\China Graduate Future Flight Vehicle Innovation Competition\\20_engineering\\SERVICE_STAR_CORE_INSTALLATION_R6H_20260920\\native\\upper_equipment_deck_B.SLDPRT", "api_return": [true, 0, 0], "ok": true, "errors": 0, "warnings": 0}
{"stage": "part_completed", "utc": "2026-09-20T15:06:02.772961+00:00", "id": "upper_equipment_deck_B", "solid_count": 1}
{"stage": "part_verified", "utc": "2026-09-20T15:06:02.862610+00:00", "id": "upper_equipment_deck_B"}
{"stage": "part_import_started", "utc": "2026-09-20T15:06:02.990130+00:00", "id": "P60_TRAY_B", "source": "F:\\China Graduate Future Flight Vehicle Innovation Competition\\20_engineering\\SERVICE_STAR_CORE_INSTALLATION_R6H_20260920\\cad\\P60_TRAY_B.step"}
{"stage": "save_attempt", "utc": "2026-09-20T15:06:05.076731+00:00", "path": "F:\\China Graduate Future Flight Vehicle Innovation Competition\\20_engineering\\SERVICE_STAR_CORE_INSTALLATION_R6H_20260920\\native\\P60_TRAY_B.SLDPRT", "api_return": [true, 0, 0], "ok": true, "errors": 0, "warnings": 0}
{"stage": "part_completed", "utc": "2026-09-20T15:06:05.634499+00:00", "id": "P60_TRAY_B", "solid_count": 1}
{"stage": "part_verified", "utc": "2026-09-20T15:06:05.706957+00:00", "id": "P60_TRAY_B"}
{"stage": "part_import_started", "utc": "2026-09-20T15:06:05.800364+00:00", "id": "upper_deck_angle_1_0", "source": "F:\\China Graduate Future Flight Vehicle Innovation Competition\\20_engineering\\SERVICE_STAR_CORE_INSTALLATION_R6H_20260920\\cad\\upper_deck_angle_1_0.step"}
{"stage": "save_attempt", "utc": "2026-09-20T15:06:07.980184+00:00", "path": "F:\\China Graduate Future Flight Vehicle Innovation Competition\\20_engineering\\SERVICE_STAR_CORE_INSTALLATION_R6H_20260920\\native\\upper_deck_angle_1_0.SLDPRT", "api_return": [true, 0, 0], "ok": true, "errors": 0, "warnings": 0}
{"stage": "part_completed", "utc": "2026-09-20T15:06:08.535352+00:00", "id": "upper_deck_angle_1_0", "solid_count": 1}
{"stage": "part_verified", "utc": "2026-09-20T15:06:08.637649+00:00", "id": "upper_deck_angle_1_0"}
{"stage": "identity_inventory", "utc": "2026-09-20T15:06:12.757458+00:00", "components": 64}
{"stage": "identity_inventory", "utc": "2026-09-20T15:06:20.145447+00:00", "components": 64}
{"stage": "group_checked", "utc": "2026-09-20T15:06:28.119998+00:00", "tag": "DPG_294dd59dbd69"}
{"stage": "identity_inventory", "utc": "2026-09-20T15:06:33.418023+00:00", "components": 64}
{"stage": "identity_inventory", "utc": "2026-09-20T15:06:40.604522+00:00", "components": 64}
{"stage": "group_checked", "utc": "2026-09-20T15:06:48.646127+00:00", "tag": "DPG_3e36d10754bf"}
{"stage": "identity_inventory", "utc": "2026-09-20T15:06:52.858684+00:00", "components": 64}
{"stage": "identity_inventory", "utc": "2026-09-20T15:07:00.273804+00:00", "components": 64}
{"stage": "group_checked", "utc": "2026-09-20T15:07:09.574580+00:00", "tag": "DPG_55abd656d4e7"}
{"stage": "group_checked", "utc": "2026-09-20T15:07:18.869765+00:00", "tag": "R6H_CORE_INSTALLATION"}
{"stage": "failed", "utc": "2026-09-20T15:08:00.556794+00:00"}
Traceback (most recent call last):
  File "F:\China Graduate Future Flight Vehicle Innovation Competition\20_engineering\SERVICE_STAR_CORE_INSTALLATION_R6H_20260920\tools\assemble_native.py", line 38, in <module>
    ap=argparse.ArgumentParser();ap.add_argument('mode',choices=['prepare','run']);a=ap.parse_args();{'prepare':prepare,'run':run}[a.mode]()
                                                                                                     ~~~~~~~~~~~~~~~~~~~~~~~~~~~~~~~~~~~~~^^
  File "F:\China Graduate Future Flight Vehicle Innovation Competition\20_engineering\SERVICE_STAR_CORE_INSTALLATION_R6H_20260920\tools\assemble_native.py", line 31, in run
    builder.run()
    ~~~~~~~~~~~^^
  File "F:\China Graduate Future Flight Vehicle Innovation Competition\20_engineering\SERVICE_STAR_CORE_INSTALLATION_R6_20260920\tools\assemble_native.py", line 98, in run
    sw.DocumentVisible(False,2);sw.CommandInProgress=True;saved=bi.make(b,rows,target,tag);sw.CommandInProgress=False
                                                                ~~~~~~~^^^^^^^^^^^^^^^^^^^
  File "F:\China Graduate Future Flight Vehicle Innovation Competition\20_engineering\SERVICE_STAR_DIGITAL_PROTOTYPE_R1_20260919\tools\build_integrated.py", line 49, in make
    chunk=rows[start:start+8];b.ram_floor()
                              ~~~~~~~~~~~^^
  File "F:\China Graduate Future Flight Vehicle Innovation Competition\01_project\competition\SERVICE_ROBOT_MECHANICAL_CONSOLIDATION_20260905\runs\wp07_system_20260907_0610\tools\build_retention_native.py", line 157, in ram_floor
    require(self.psutil.virtual_memory().available >= 512*1024**2, 'Available memory is below the 512 MiB floor')
    ~~~~~~~^^^^^^^^^^^^^^^^^^^^^^^^^^^^^^^^^^^^^^^^^^^^^^^^^^^^^^^^^^^^^^^^^^^^^^^^^^^^^^^^^^^^^^^^^^^^^^^^^^^^^^
  File "F:\China Graduate Future Flight Vehicle Innovation Competition\01_project\competition\SERVICE_ROBOT_MECHANICAL_CONSOLIDATION_20260905\runs\wp07_system_20260907_0610\tools\build_retention_native.py", line 41, in require
    raise RuntimeError(message)
RuntimeError: Available memory is below the 512 MiB floor
