{"stage": "attached_document_inventory", "utc": "2026-09-21T07:44:00.692926+00:00"}
{"stage": "group_resolution", "utc": "2026-09-21T07:44:27.173860+00:00", "group": "DPG_800856989b49", "resolve_status": 0}
{"stage": "identity_inventory", "utc": "2026-09-21T07:44:29.037338+00:00", "components": 64}
{"stage": "cold_group_verified", "utc": "2026-09-21T07:45:39.781695+00:00", "group": "DPG_800856989b49", "groups": 1, "leaf_count": 80, "actual_solids": 471}
{"stage": "attached_document_inventory", "utc": "2026-09-21T07:45:59.773969+00:00"}
{"stage": "group_resolution", "utc": "2026-09-21T07:46:10.318826+00:00", "group": "DPG_55abd656d4e7", "resolve_status": 0}
{"stage": "identity_inventory", "utc": "2026-09-21T07:46:10.769023+00:00", "components": 64}
{"stage": "cold_group_verified", "utc": "2026-09-21T07:46:22.906182+00:00", "group": "DPG_55abd656d4e7", "groups": 2, "leaf_count": 160, "actual_solids": 551}
{"stage": "attached_document_inventory", "utc": "2026-09-21T07:46:37.660159+00:00"}
{"stage": "group_resolution", "utc": "2026-09-21T07:46:45.478942+00:00", "group": "DPG_294dd59dbd69", "resolve_status": 0}
{"stage": "identity_inventory", "utc": "2026-09-21T07:46:45.907037+00:00", "components": 64}
{"stage": "cold_group_verified", "utc": "2026-09-21T07:46:55.340034+00:00", "group": "DPG_294dd59dbd69", "groups": 3, "leaf_count": 240, "actual_solids": 631}
{"stage": "attached_document_inventory", "utc": "2026-09-21T07:47:06.254630+00:00"}
{"stage": "group_resolution", "utc": "2026-09-21T07:47:12.656654+00:00", "group": "DPG_91d17d16190e", "resolve_status": 0}
{"stage": "identity_inventory", "utc": "2026-09-21T07:47:13.077644+00:00", "components": 64}
{"stage": "cold_group_verified", "utc": "2026-09-21T07:47:25.886550+00:00", "group": "DPG_91d17d16190e", "groups": 4, "leaf_count": 320, "actual_solids": 711}
{"stage": "attached_document_inventory", "utc": "2026-09-21T07:47:40.431210+00:00"}
{"stage": "group_resolution", "utc": "2026-09-21T07:47:49.889906+00:00", "group": "DPG_56a20bcda257", "resolve_status": 0}
{"stage": "identity_inventory", "utc": "2026-09-21T07:47:50.273680+00:00", "components": 64}
{"stage": "cold_group_verified", "utc": "2026-09-21T07:48:03.416386+00:00", "group": "DPG_56a20bcda257", "groups": 5, "leaf_count": 400, "actual_solids": 791}
{"stage": "attached_document_inventory", "utc": "2026-09-21T07:48:23.203931+00:00"}
{"stage": "group_resolution", "utc": "2026-09-21T07:48:34.692432+00:00", "group": "DPG_56e99690411e", "resolve_status": 0}
{"stage": "identity_inventory", "utc": "2026-09-21T07:48:35.066634+00:00", "components": 64}
{"stage": "cold_group_verified", "utc": "2026-09-21T07:48:48.050798+00:00", "group": "DPG_56e99690411e", "groups": 6, "leaf_count": 480, "actual_solids": 871}
{"stage": "attached_document_inventory", "utc": "2026-09-21T07:49:05.883394+00:00"}
{"stage": "group_resolution", "utc": "2026-09-21T07:49:15.575064+00:00", "group": "DPG_42411a3e0f82", "resolve_status": 0}
{"stage": "identity_inventory", "utc": "2026-09-21T07:49:15.969527+00:00", "components": 64}
{"stage": "cold_group_verified", "utc": "2026-09-21T07:49:28.441640+00:00", "group": "DPG_42411a3e0f82", "groups": 7, "leaf_count": 560, "actual_solids": 951}
{"stage": "attached_document_inventory", "utc": "2026-09-21T07:49:41.566414+00:00"}
{"stage": "group_resolution", "utc": "2026-09-21T07:49:49.874792+00:00", "group": "DPG_ce195765f5ef", "resolve_status": 0}
{"stage": "identity_inventory", "utc": "2026-09-21T07:49:50.430326+00:00", "components": 64}
{"stage": "cold_group_verified", "utc": "2026-09-21T07:50:03.937307+00:00", "group": "DPG_ce195765f5ef", "groups": 8, "leaf_count": 640, "actual_solids": 1043}
{"stage": "attached_document_inventory", "utc": "2026-09-21T07:50:22.809520+00:00"}
{"stage": "group_resolution", "utc": "2026-09-21T07:50:31.776933+00:00", "group": "DPG_b6c9dc0570d4", "resolve_status": 0}
{"stage": "identity_inventory", "utc": "2026-09-21T07:50:32.384115+00:00", "components": 64}
{"stage": "cold_group_verified", "utc": "2026-09-21T07:50:51.264639+00:00", "group": "DPG_b6c9dc0570d4", "groups": 9, "leaf_count": 720, "actual_solids": 1123}
{"stage": "attached_document_inventory", "utc": "2026-09-21T07:51:05.402867+00:00"}
{"stage": "group_resolution", "utc": "2026-09-21T07:51:15.621323+00:00", "group": "DPG_22c547733d50", "resolve_status": 0}
{"stage": "identity_inventory", "utc": "2026-09-21T07:51:16.048056+00:00", "components": 64}
{"stage": "cold_group_verified", "utc": "2026-09-21T07:51:27.176240+00:00", "group": "DPG_22c547733d50", "groups": 10, "leaf_count": 800, "actual_solids": 1203}
{"stage": "attached_document_inventory", "utc": "2026-09-21T07:51:42.561220+00:00"}
{"stage": "group_resolution", "utc": "2026-09-21T07:51:55.524976+00:00", "group": "DPG_1b0cdb6e833f", "resolve_status": 0}
{"stage": "identity_inventory", "utc": "2026-09-21T07:51:55.924642+00:00", "components": 64}
{"stage": "cold_group_verified", "utc": "2026-09-21T07:52:07.351674+00:00", "group": "DPG_1b0cdb6e833f", "groups": 11, "leaf_count": 900, "actual_solids": 1310}
{"stage": "attached_document_inventory", "utc": "2026-09-21T07:52:26.192266+00:00"}
{"stage": "group_resolution", "utc": "2026-09-21T07:52:35.365014+00:00", "group": "DPG_0133b96d33d3", "resolve_status": 0}
{"stage": "identity_inventory", "utc": "2026-09-21T07:52:36.111263+00:00", "components": 64}
{"stage": "cold_group_verified", "utc": "2026-09-21T07:52:48.760713+00:00", "group": "DPG_0133b96d33d3", "groups": 12, "leaf_count": 980, "actual_solids": 1390}
{"stage": "attached_document_inventory", "utc": "2026-09-21T07:53:02.970673+00:00"}
{"stage": "group_resolution", "utc": "2026-09-21T07:53:11.782252+00:00", "group": "DPG_df3e5267174f", "resolve_status": 0}
{"stage": "identity_inventory", "utc": "2026-09-21T07:53:12.595688+00:00", "components": 64}
{"stage": "cold_group_verified", "utc": "2026-09-21T07:53:23.152891+00:00", "group": "DPG_df3e5267174f", "groups": 13, "leaf_count": 1060, "actual_solids": 1470}
{"stage": "attached_document_inventory", "utc": "2026-09-21T07:53:39.851743+00:00"}
{"stage": "group_resolution", "utc": "2026-09-21T07:53:48.624662+00:00", "group": "DPG_3e36d10754bf", "resolve_status": 0}
{"stage": "identity_inventory", "utc": "2026-09-21T07:53:49.449579+00:00", "components": 64}
{"stage": "cold_group_verified", "utc": "2026-09-21T07:54:02.838460+00:00", "group": "DPG_3e36d10754bf", "groups": 14, "leaf_count": 1130, "actual_solids": 1540}
{"stage": "attached_document_inventory", "utc": "2026-09-21T07:54:14.886012+00:00"}
{"stage": "group_resolution", "utc": "2026-09-21T07:54:23.786237+00:00", "group": "R6H_CORE_INSTALLATION", "resolve_status": 0}
{"stage": "cold_group_verified", "utc": "2026-09-21T07:54:41.880497+00:00", "group": "R6H_CORE_INSTALLATION", "groups": 15, "leaf_count": 1153, "actual_solids": 1602}
PASS_HIERARCHICAL_READ_ONLY_NATIVE_RECHECK 1153 1602
