{"stage": "attached_document_inventory", "utc": "2026-09-20T14:45:14.121779+00:00"}
{"stage": "part_import_started", "utc": "2026-09-20T14:45:14.426079+00:00", "id": "R6H_MAIN_PCBA_INSTALLED", "source": "F:\\China Graduate Future Flight Vehicle Innovation Competition\\20_engineering\\SERVICE_STAR_CORE_INSTALLATION_R6H_20260920\\cad\\R6H_MAIN_PCBA_INSTALLED.step"}
{"stage": "save_attempt", "utc": "2026-09-20T14:45:28.506264+00:00", "path": "F:\\China Graduate Future Flight Vehicle Innovation Competition\\20_engineering\\SERVICE_STAR_CORE_INSTALLATION_R6H_20260920\\native\\R6H_MAIN_PCBA_INSTALLED.SLDPRT", "api_return": [true, 0, 0], "ok": true, "errors": 0, "warnings": 0}
{"stage": "part_completed", "utc": "2026-09-20T14:45:30.652377+00:00", "id": "R6H_MAIN_PCBA_INSTALLED", "solid_count": 40}
{"stage": "failed", "utc": "2026-09-20T14:46:56.239661+00:00"}
Traceback (most recent call last):
  File "F:\China Graduate Future Flight Vehicle Innovation Competition\20_engineering\SERVICE_STAR_CORE_INSTALLATION_R6_20260920\tools\assemble_native.py", line 87, in run
    receipt['geometric_roundtrip']=exact_roundtrip(b,p)
                                   ~~~~~~~~~~~~~~~^^^^^
  File "F:\China Graduate Future Flight Vehicle Innovation Competition\20_engineering\SERVICE_STAR_CORE_INSTALLATION_R6_20260920\tools\assemble_native.py", line 15, in exact_roundtrip
    ret=ext.SaveAs(str(target),0,3,None,0,0);assert ret[0] and ret[1]==0
  File "F:\China Graduate Future Flight Vehicle Innovation Competition\20_engineering\SERVICE_STAR_CORE_INSTALLATION_R6H_20260920\tools\_generated_com\83A33D31-27C5-11CE-BFD4-00400513BB57x0x32x0.py", line 42634, in SaveAs
    return self._ApplyTypes_(93, 1, (11, 0), ((8, 1), (3, 1), (3, 1), (9, 1), (16387, 3), (16387, 3)), 'SaveAs', None,Name
           ~~~~~~~~~~~~~~~~~^^^^^^^^^^^^^^^^^^^^^^^^^^^^^^^^^^^^^^^^^^^^^^^^^^^^^^^^^^^^^^^^^^^^^^^^^^^^^^^^^^^^^^^^^^^^^^
    	, Version, Options, ExportData, Errors, Warnings
     ^^^^^^^^^^^^^^^^^^^^^^^^^^^^^^^^^^^^^^^^^^^^^^^^
    	)
     ^
  File "G:\Windows_program_file\Anaconda\Lib\site-packages\win32com\client\__init__.py", line 580, in _ApplyTypes_
    self._oleobj_.InvokeTypes(dispid, 0, wFlags, retType, argTypes, *args),
    ~~~~~~~~~~~~~~~~~~~~~~~~~^^^^^^^^^^^^^^^^^^^^^^^^^^^^^^^^^^^^^^^^^^^^^
pywintypes.com_error: (-2147023170, '远程过程调用失败。', None, None)

During handling of the above exception, another exception occurred:

Traceback (most recent call last):
  File "F:\China Graduate Future Flight Vehicle Innovation Competition\20_engineering\SERVICE_STAR_CORE_INSTALLATION_R6H_20260920\tools\assemble_native.py", line 38, in <module>
    ap=argparse.ArgumentParser();ap.add_argument('mode',choices=['prepare','run']);a=ap.parse_args();{'prepare':prepare,'run':run}[a.mode]()
                                                                                                     ~~~~~~~~~~~~~~~~~~~~~~~~~~~~~~~~~~~~~^^
  File "F:\China Graduate Future Flight Vehicle Innovation Competition\20_engineering\SERVICE_STAR_CORE_INSTALLATION_R6H_20260920\tools\assemble_native.py", line 31, in run
    builder.run()
    ~~~~~~~~~~~^^
  File "F:\China Graduate Future Flight Vehicle Innovation Competition\20_engineering\SERVICE_STAR_CORE_INSTALLATION_R6_20260920\tools\assemble_native.py", line 110, in run
    for k,v in prefs.items():sw.SetUserPreferenceToggle(k,v)
                             ~~~~~~~~~~~~~~~~~~~~~~~~~~^^^^^
  File "F:\China Graduate Future Flight Vehicle Innovation Competition\20_engineering\SERVICE_STAR_CORE_INSTALLATION_R6H_20260920\tools\_generated_com\83A33D31-27C5-11CE-BFD4-00400513BB57x0x32x0.py", line 60326, in SetUserPreferenceToggle
    return self._oleobj_.InvokeTypes(45, LCID, 1, (24, 0), ((3, 1), (11, 1)),UserPreferenceValue
           ~~~~~~~~~~~~~~~~~~~~~~~~~^^^^^^^^^^^^^^^^^^^^^^^^^^^^^^^^^^^^^^^^^^^^^^^^^^^^^^^^^^^^
    	, OnFlag)
     ^^^^^^^^^
pywintypes.com_error: (-2147023174, 'RPC 服务器不可用。', None, None)
