
*******************************************************************
******        Statistics on Transfer (Write)                 ******

*******************************************************************
******        Transfer Mode = 0  I.E.  As Is       ******
******        Transferring Shape, ShapeType = 2                      ******
** WorkSession : Sending all data
 Step File Name : F:\China Graduate Future Flight Vehicle Innovation Competition\20_engineering\SERVICE_STAR_INTERNAL_HARNESS_ORBIT_R2_20260919\cad\release_power_data_route_0_0_R2.step(605 ents)  Write  Done

*******************************************************************
******        Statistics on Transfer (Write)                 ******

*******************************************************************
******        Transfer Mode = 0  I.E.  As Is       ******
******        Transferring Shape, ShapeType = 2                      ******
** WorkSession : Sending all data
 Step File Name : F:\China Graduate Future Flight Vehicle Innovation Competition\20_engineering\SERVICE_STAR_INTERNAL_HARNESS_ORBIT_R2_20260919\cad\release_power_data_route_1_0_R2.step(605 ents)  Write  Done
pair release_power_data_route_0_0 R07_HOLD_0_-1_INNER_screw 0.0
pair release_power_data_route_0_0 R07_HOLD_0_-1_INNER_washer_head 0.0
pair release_power_data_route_0_0 R07_HOLD_1_-1_INNER_screw 0.0
pair release_power_data_route_0_0 R07_HOLD_1_-1_INNER_washer_head 0.0
pair release_power_data_route_0_0 R07_upper_cap_20_-1 0.0
pair release_power_data_route_0_0 RB_pillar_tierod_0 0.0
pair release_power_data_route_0_0 RB_pillar_top_washer_0 0.0
pair release_power_data_route_0_0 ROOT_BUSH_LEFT 0.0
pair release_power_data_route_0_0 ROOT_BUSH_RIGHT 0.0
pair release_power_data_route_0_0 WP01-MT-M3RB-REUSED 0.0
pair release_power_data_route_0_0 WP10_INTERNAL_BATTERY_BYPASS 14.957171191237894
pair release_power_data_route_0_0 e3_foot_bolt_C01_1 0.0
pair release_power_data_route_0_0 e3_foot_bolt_C02_0 0.0
pair release_power_data_route_0_0 e3_foot_bolt_C02_1 0.0
pair release_power_data_route_0_0 hold_pivot_clevis_0 0.0
pair release_power_data_route_0_0 hold_pivot_clevis_1 0.0
pair release_power_data_route_0_0 hold_roof_lug_0_-94.15 0.0
pair release_power_data_route_0_0 hold_roof_lug_1_-94.15 0.0
pair release_power_data_route_0_0 release_power_data_route_0_1 10.666658873330807
pair release_power_data_route_0_0 release_power_data_route_1_1 21.333331231938473
pair release_power_data_route_1_0 R07_HOLD_1_-1_INNER_screw 0.0
pair release_power_data_route_1_0 R07_HOLD_1_-1_INNER_washer_head 0.0
pair release_power_data_route_1_0 R07_upper_cap_20_-1 0.0
pair release_power_data_route_1_0 RB_pillar_tierod_0 0.0
pair release_power_data_route_1_0 RB_pillar_top_washer_0 0.0
pair release_power_data_route_1_0 ROOT_BUSH_LEFT 0.0
pair release_power_data_route_1_0 ROOT_BUSH_RIGHT 0.0
pair release_power_data_route_1_0 WP01-MT-M3RB-REUSED 0.0
pair release_power_data_route_1_0 WP10_INTERNAL_BATTERY_BYPASS 14.957171191237894
pair release_power_data_route_1_0 e3_foot_bolt_C02_1 0.0
pair release_power_data_route_1_0 hold_pivot_clevis_1 0.0
pair release_power_data_route_1_0 hold_roof_lug_1_-94.15 0.0
pair release_power_data_route_1_0 release_power_data_route_1_1 10.666658873247567
STATIC_CORRIDOR_CANDIDATE_NO_UNCLASSIFIED_INTERSECTION 0
