{"stage": "roundtrip_child_start", "part_key": "RB_end_plug_-1_-1_-1_578cc8ce_service_solid", "timeout_seconds": 60.0}
{"stage": "roundtrip_item_finished", "part_key": "RB_end_plug_-1_-1_-1_578cc8ce_service_solid", "status": "PASS", "examined": 1, "candidate_count": 24}
{"stage": "roundtrip_child_start", "part_key": "RB_end_plug_1_-1_-1_750eb7c8_service_solid", "timeout_seconds": 60.0}
{"stage": "roundtrip_item_finished", "part_key": "RB_end_plug_1_-1_-1_750eb7c8_service_solid", "status": "PASS", "examined": 2, "candidate_count": 24}
{"stage": "roundtrip_child_start", "part_key": "wing_edge_frame_-1_1_-1_e96eb1c8_service_solid", "timeout_seconds": 60.0}
{"stage": "roundtrip_item_finished", "part_key": "wing_edge_frame_-1_1_-1_e96eb1c8_service_solid", "status": "PASS", "examined": 3, "candidate_count": 24}
{"stage": "roundtrip_child_start", "part_key": "wing_edge_frame_-1_1_1_efdd0228_service_solid", "timeout_seconds": 60.0}
{"stage": "roundtrip_item_finished", "part_key": "wing_edge_frame_-1_1_1_efdd0228_service_solid", "status": "PASS", "examined": 4, "candidate_count": 24}
{"stage": "roundtrip_child_start", "part_key": "wing_edge_frame_-1_2_-1_9011b93c_service_solid", "timeout_seconds": 60.0}
{"stage": "roundtrip_item_finished", "part_key": "wing_edge_frame_-1_2_-1_9011b93c_service_solid", "status": "PASS", "examined": 5, "candidate_count": 24}
{"stage": "roundtrip_child_start", "part_key": "wing_edge_frame_-1_2_1_1fc5ca49_service_solid", "timeout_seconds": 60.0}
{"stage": "roundtrip_item_finished", "part_key": "wing_edge_frame_-1_2_1_1fc5ca49_service_solid", "status": "PASS", "examined": 6, "candidate_count": 24}
{"stage": "roundtrip_child_start", "part_key": "wing_edge_frame_-1_3_-1_4f36252d_service_solid", "timeout_seconds": 60.0}
{"stage": "roundtrip_item_finished", "part_key": "wing_edge_frame_-1_3_-1_4f36252d_service_solid", "status": "PASS", "examined": 7, "candidate_count": 24}
{"stage": "roundtrip_child_start", "part_key": "wing_edge_frame_-1_3_1_90dde3c9_service_solid", "timeout_seconds": 60.0}
{"stage": "roundtrip_item_finished", "part_key": "wing_edge_frame_-1_3_1_90dde3c9_service_solid", "status": "PASS", "examined": 8, "candidate_count": 24}
{"stage": "roundtrip_child_start", "part_key": "wing_root_fork_1_-1_285b1e21_service_solid", "timeout_seconds": 60.0}
{"stage": "roundtrip_item_finished", "part_key": "wing_root_fork_1_-1_285b1e21_service_solid", "status": "PASS", "examined": 9, "candidate_count": 24}
{"stage": "roundtrip_child_start", "part_key": "wing_root_fork_1_1_6c27ab83_service_solid", "timeout_seconds": 60.0}
{"stage": "roundtrip_item_finished", "part_key": "wing_root_fork_1_1_6c27ab83_service_solid", "status": "PASS", "examined": 10, "candidate_count": 24}
{"stage": "roundtrip_child_start", "part_key": "wing_edge_frame_1_1_-1_f2beb6e6_service_solid", "timeout_seconds": 60.0}
{"stage": "roundtrip_item_finished", "part_key": "wing_edge_frame_1_1_-1_f2beb6e6_service_solid", "status": "PASS", "examined": 11, "candidate_count": 24}
{"stage": "roundtrip_child_start", "part_key": "wing_edge_frame_1_1_1_e98b44d4_service_solid", "timeout_seconds": 60.0}
{"stage": "roundtrip_item_finished", "part_key": "wing_edge_frame_1_1_1_e98b44d4_service_solid", "status": "PASS", "examined": 12, "candidate_count": 24}
{"stage": "roundtrip_child_start", "part_key": "wing_edge_frame_1_2_-1_72d834e3_service_solid", "timeout_seconds": 60.0}
{"stage": "roundtrip_item_finished", "part_key": "wing_edge_frame_1_2_-1_72d834e3_service_solid", "status": "PASS", "examined": 13, "candidate_count": 24}
{"stage": "roundtrip_child_start", "part_key": "wing_edge_frame_1_2_1_14681a45_service_solid", "timeout_seconds": 60.0}
{"stage": "roundtrip_item_finished", "part_key": "wing_edge_frame_1_2_1_14681a45_service_solid", "status": "PASS", "examined": 14, "candidate_count": 24}
{"stage": "roundtrip_child_start", "part_key": "B601_base_link_LINKLOCAL", "timeout_seconds": 60.0}
{"stage": "roundtrip_item_finished", "part_key": "B601_base_link_LINKLOCAL", "status": "FAIL", "examined": 15, "candidate_count": 24}
{"stage": "roundtrip_child_start", "part_key": "B601_link1_LINKLOCAL", "timeout_seconds": 60.0}
{"stage": "roundtrip_item_finished", "part_key": "B601_link1_LINKLOCAL", "status": "FAIL", "examined": 16, "candidate_count": 24}
{"stage": "roundtrip_child_start", "part_key": "B601_link2_LINKLOCAL", "timeout_seconds": 60.0}
{"stage": "roundtrip_item_finished", "part_key": "B601_link2_LINKLOCAL", "status": "FAIL", "examined": 17, "candidate_count": 24}
{"stage": "roundtrip_child_start", "part_key": "B601_link3_LINKLOCAL", "timeout_seconds": 60.0}
{"stage": "roundtrip_item_finished", "part_key": "B601_link3_LINKLOCAL", "status": "INCOMPLETE", "examined": 18, "candidate_count": 24}
{"stage": "roundtrip_child_start", "part_key": "B601_link4_LINKLOCAL", "timeout_seconds": 60.0}
{"stage": "roundtrip_item_finished", "part_key": "B601_link4_LINKLOCAL", "status": "INCOMPLETE", "examined": 19, "candidate_count": 24}
{"stage": "roundtrip_child_start", "part_key": "B601_link5_LINKLOCAL", "timeout_seconds": 60.0}
{"stage": "roundtrip_item_finished", "part_key": "B601_link5_LINKLOCAL", "status": "INCOMPLETE", "examined": 20, "candidate_count": 24}
{"stage": "roundtrip_child_start", "part_key": "B601_link6_LINKLOCAL", "timeout_seconds": 60.0}
{"stage": "roundtrip_item_finished", "part_key": "B601_link6_LINKLOCAL", "status": "INCOMPLETE", "examined": 21, "candidate_count": 24}
{"stage": "roundtrip_child_start", "part_key": "B601_gripper_link_LINKLOCAL", "timeout_seconds": 60.0}
{"stage": "roundtrip_item_finished", "part_key": "B601_gripper_link_LINKLOCAL", "status": "FAIL", "examined": 22, "candidate_count": 24}
{"stage": "roundtrip_child_start", "part_key": "B601_gripper_left_LINKLOCAL", "timeout_seconds": 60.0}
{"stage": "roundtrip_item_finished", "part_key": "B601_gripper_left_LINKLOCAL", "status": "INCOMPLETE", "examined": 23, "candidate_count": 24}
{"stage": "roundtrip_child_start", "part_key": "B601_gripper_right_LINKLOCAL", "timeout_seconds": 60.0}
{"stage": "roundtrip_item_finished", "part_key": "B601_gripper_right_LINKLOCAL", "status": "INCOMPLETE", "examined": 24, "candidate_count": 24}
{"stage": "bounded_roundtrip_finished", "status": "FAIL", "counts": {"PASS": 14, "FAIL": 4, "INCOMPLETE": 6}, "reused": 0, "report": "F:\\China Graduate Future Flight Vehicle Innovation Competition\\20_engineering\\WP05_SW_20260907\\results\\NATIVE_ROUNDTRIP_VALIDATION.json"}
