{"stage": "import_state", "state": "service", "step": "F:\\China Graduate Future Flight Vehicle Innovation Competition\\01_project\\competition\\SERVICE_ROBOT_MECHANICAL_CONSOLIDATION_20260905\\runs\\wp04_robot_assembly_20260906_175153\\candidate\\servicer_structure_service.step"}
{"stage": "occurrences_exported", "completed": 20, "state": "service", "parts": 20}
{"stage": "occurrences_exported", "completed": 40, "state": "service", "parts": 40}
{"stage": "occurrences_exported", "completed": 60, "state": "service", "parts": 60}
{"stage": "occurrences_exported", "completed": 80, "state": "service", "parts": 80}
{"stage": "occurrences_exported", "completed": 100, "state": "service", "parts": 100}
{"stage": "occurrences_exported", "completed": 120, "state": "service", "parts": 120}
{"stage": "occurrences_exported", "completed": 140, "state": "service", "parts": 140}
{"stage": "occurrences_exported", "completed": 160, "state": "service", "parts": 160}
{"stage": "occurrences_exported", "completed": 180, "state": "service", "parts": 180}
{"stage": "occurrences_exported", "completed": 200, "state": "service", "parts": 200}
{"stage": "occurrences_exported", "completed": 220, "state": "service", "parts": 220}
{"stage": "occurrences_exported", "completed": 240, "state": "service", "parts": 240}
{"stage": "occurrences_exported", "completed": 260, "state": "service", "parts": 260}
{"stage": "occurrences_exported", "completed": 280, "state": "service", "parts": 280}
{"stage": "occurrences_exported", "completed": 300, "state": "service", "parts": 300}
{"stage": "occurrences_exported", "completed": 320, "state": "service", "parts": 320}
{"stage": "occurrences_exported", "completed": 340, "state": "service", "parts": 340}
{"stage": "occurrences_exported", "completed": 360, "state": "service", "parts": 360}
{"stage": "occurrences_exported", "completed": 380, "state": "service", "parts": 380}
{"stage": "occurrences_exported", "completed": 400, "state": "service", "parts": 400}
{"stage": "occurrences_exported", "completed": 420, "state": "service", "parts": 420}
{"stage": "occurrences_exported", "completed": 440, "state": "service", "parts": 440}
{"stage": "occurrences_exported", "completed": 460, "state": "service", "parts": 460}
{"stage": "occurrences_exported", "completed": 480, "state": "service", "parts": 480}
{"stage": "occurrences_exported", "completed": 500, "state": "service", "parts": 500}
{"stage": "occurrences_exported", "completed": 520, "state": "service", "parts": 520}
{"stage": "occurrences_exported", "completed": 540, "state": "service", "parts": 540}
{"stage": "occurrences_exported", "completed": 560, "state": "service", "parts": 560}
{"stage": "occurrences_exported", "completed": 580, "state": "service", "parts": 580}
{"stage": "state_finished", "state": "service", "instances": 585, "parts": 585}
{"stage": "import_state", "state": "parking", "step": "F:\\China Graduate Future Flight Vehicle Innovation Competition\\01_project\\competition\\SERVICE_ROBOT_MECHANICAL_CONSOLIDATION_20260905\\runs\\wp04_robot_assembly_20260906_175153\\candidate\\servicer_structure_parking.step"}
{"stage": "occurrences_exported", "completed": 600, "state": "parking", "parts": 585}
{"stage": "occurrences_exported", "completed": 620, "state": "parking", "parts": 585}
{"stage": "occurrences_exported", "completed": 640, "state": "parking", "parts": 585}
{"stage": "occurrences_exported", "completed": 660, "state": "parking", "parts": 585}
{"stage": "occurrences_exported", "completed": 680, "state": "parking", "parts": 585}
{"stage": "occurrences_exported", "completed": 700, "state": "parking", "parts": 585}
{"stage": "occurrences_exported", "completed": 720, "state": "parking", "parts": 585}
{"stage": "occurrences_exported", "completed": 740, "state": "parking", "parts": 585}
{"stage": "occurrences_exported", "completed": 760, "state": "parking", "parts": 585}
{"stage": "occurrences_exported", "completed": 780, "state": "parking", "parts": 585}
{"stage": "occurrences_exported", "completed": 800, "state": "parking", "parts": 585}
{"stage": "occurrences_exported", "completed": 820, "state": "parking", "parts": 585}
{"stage": "occurrences_exported", "completed": 840, "state": "parking", "parts": 585}
{"stage": "occurrences_exported", "completed": 860, "state": "parking", "parts": 585}
{"stage": "occurrences_exported", "completed": 880, "state": "parking", "parts": 585}
{"stage": "occurrences_exported", "completed": 900, "state": "parking", "parts": 585}
{"stage": "occurrences_exported", "completed": 920, "state": "parking", "parts": 585}
{"stage": "occurrences_exported", "completed": 940, "state": "parking", "parts": 585}
{"stage": "occurrences_exported", "completed": 960, "state": "parking", "parts": 585}
{"stage": "occurrences_exported", "completed": 980, "state": "parking", "parts": 586}
{"stage": "occurrences_exported", "completed": 1000, "state": "parking", "parts": 593}
{"stage": "occurrences_exported", "completed": 1020, "state": "parking", "parts": 599}
{"stage": "occurrences_exported", "completed": 1040, "state": "parking", "parts": 600}
{"stage": "occurrences_exported", "completed": 1060, "state": "parking", "parts": 600}
{"stage": "occurrences_exported", "completed": 1080, "state": "parking", "parts": 600}
{"stage": "occurrences_exported", "completed": 1100, "state": "parking", "parts": 600}
{"stage": "occurrences_exported", "completed": 1120, "state": "parking", "parts": 600}
{"stage": "occurrences_exported", "completed": 1140, "state": "parking", "parts": 600}
{"stage": "occurrences_exported", "completed": 1160, "state": "parking", "parts": 600}
{"stage": "state_finished", "state": "parking", "instances": 585, "parts": 600}
{"stage": "import_state", "state": "released", "step": "F:\\China Graduate Future Flight Vehicle Innovation Competition\\01_project\\competition\\SERVICE_ROBOT_MECHANICAL_CONSOLIDATION_20260905\\runs\\wp04_robot_assembly_20260906_175153\\candidate\\servicer_structure_released.step"}
{"stage": "occurrences_exported", "completed": 1180, "state": "released", "parts": 600}
{"stage": "occurrences_exported", "completed": 1200, "state": "released", "parts": 600}
{"stage": "occurrences_exported", "completed": 1220, "state": "released", "parts": 600}
{"stage": "occurrences_exported", "completed": 1240, "state": "released", "parts": 600}
{"stage": "occurrences_exported", "completed": 1260, "state": "released", "parts": 600}
{"stage": "occurrences_exported", "completed": 1280, "state": "released", "parts": 600}
{"stage": "occurrences_exported", "completed": 1300, "state": "released", "parts": 600}
{"stage": "occurrences_exported", "completed": 1320, "state": "released", "parts": 600}
{"stage": "occurrences_exported", "completed": 1340, "state": "released", "parts": 600}
{"stage": "occurrences_exported", "completed": 1360, "state": "released", "parts": 600}
{"stage": "occurrences_exported", "completed": 1380, "state": "released", "parts": 600}
{"stage": "occurrences_exported", "completed": 1400, "state": "released", "parts": 600}
{"stage": "occurrences_exported", "completed": 1420, "state": "released", "parts": 600}
{"stage": "occurrences_exported", "completed": 1440, "state": "released", "parts": 600}
{"stage": "occurrences_exported", "completed": 1460, "state": "released", "parts": 600}
{"stage": "occurrences_exported", "completed": 1480, "state": "released", "parts": 600}
{"stage": "occurrences_exported", "completed": 1500, "state": "released", "parts": 600}
{"stage": "occurrences_exported", "completed": 1520, "state": "released", "parts": 600}
{"stage": "occurrences_exported", "completed": 1540, "state": "released", "parts": 600}
{"stage": "occurrences_exported", "completed": 1560, "state": "released", "parts": 600}
{"stage": "occurrences_exported", "completed": 1580, "state": "released", "parts": 600}
{"stage": "occurrences_exported", "completed": 1600, "state": "released", "parts": 600}
{"stage": "occurrences_exported", "completed": 1620, "state": "released", "parts": 600}
{"stage": "occurrences_exported", "completed": 1640, "state": "released", "parts": 600}
{"stage": "occurrences_exported", "completed": 1660, "state": "released", "parts": 600}
{"stage": "occurrences_exported", "completed": 1680, "state": "released", "parts": 600}
{"stage": "occurrences_exported", "completed": 1700, "state": "released", "parts": 600}
{"stage": "occurrences_exported", "completed": 1720, "state": "released", "parts": 600}
{"stage": "occurrences_exported", "completed": 1740, "state": "released", "parts": 600}
{"stage": "state_finished", "state": "released", "instances": 585, "parts": 600}
{"stage": "finished", "manifest": "F:\\China Graduate Future Flight Vehicle Innovation Competition\\20_engineering\\WP05_SW_20260907\\results\\PARTS_SOURCE_MANIFEST.json", "status": "PASS_SOURCE_GEOMETRY_EXPORT_ONLY", "unique_parts": 600}
