{"stage": "hidden_part_document_trial_started", "utc": "2026-09-07T13:12:49.040374+00:00", "start": 102, "end": 112}
{"stage": "part_import_started", "utc": "2026-09-07T13:12:49.114918+00:00", "id": "R01_W_upper_-1_130_screw", "source": "F:\\China Graduate Future Flight Vehicle Innovation Competition\\01_project\\competition\\SERVICE_ROBOT_MECHANICAL_CONSOLIDATION_20260905\\runs\\wp09_interfaces_20260907_1525\\system_completion\\cad\\S102.step"}
{"stage": "save_attempt", "utc": "2026-09-07T13:12:53.197346+00:00", "path": "F:\\China Graduate Future Flight Vehicle Innovation Competition\\01_project\\competition\\SERVICE_ROBOT_MECHANICAL_CONSOLIDATION_20260905\\runs\\wp09_interfaces_20260907_1525\\system_completion\\cad\\D102.SLDPRT", "api_return": [true, 0, 0], "ok": true, "errors": 0, "warnings": 0}
{"stage": "part_completed", "utc": "2026-09-07T13:12:53.447809+00:00", "id": "R01_W_upper_-1_130_screw", "solid_count": 1}
{"stage": "part_import_started", "utc": "2026-09-07T13:12:53.555996+00:00", "id": "R01_W_upper_-1_130_washer_head", "source": "F:\\China Graduate Future Flight Vehicle Innovation Competition\\01_project\\competition\\SERVICE_ROBOT_MECHANICAL_CONSOLIDATION_20260905\\runs\\wp09_interfaces_20260907_1525\\system_completion\\cad\\S103.step"}
{"stage": "save_attempt", "utc": "2026-09-07T13:12:55.374267+00:00", "path": "F:\\China Graduate Future Flight Vehicle Innovation Competition\\01_project\\competition\\SERVICE_ROBOT_MECHANICAL_CONSOLIDATION_20260905\\runs\\wp09_interfaces_20260907_1525\\system_completion\\cad\\D103.SLDPRT", "api_return": [true, 0, 0], "ok": true, "errors": 0, "warnings": 0}
{"stage": "part_completed", "utc": "2026-09-07T13:12:55.668048+00:00", "id": "R01_W_upper_-1_130_washer_head", "solid_count": 1}
{"stage": "part_import_started", "utc": "2026-09-07T13:12:55.780159+00:00", "id": "R01_W_upper_-1_130_washer_nut", "source": "F:\\China Graduate Future Flight Vehicle Innovation Competition\\01_project\\competition\\SERVICE_ROBOT_MECHANICAL_CONSOLIDATION_20260905\\runs\\wp09_interfaces_20260907_1525\\system_completion\\cad\\S104.step"}
{"stage": "save_attempt", "utc": "2026-09-07T13:12:57.399176+00:00", "path": "F:\\China Graduate Future Flight Vehicle Innovation Competition\\01_project\\competition\\SERVICE_ROBOT_MECHANICAL_CONSOLIDATION_20260905\\runs\\wp09_interfaces_20260907_1525\\system_completion\\cad\\D104.SLDPRT", "api_return": [true, 0, 0], "ok": true, "errors": 0, "warnings": 0}
{"stage": "part_completed", "utc": "2026-09-07T13:12:57.652089+00:00", "id": "R01_W_upper_-1_130_washer_nut", "solid_count": 1}
{"stage": "part_import_started", "utc": "2026-09-07T13:12:57.756345+00:00", "id": "R01_W_upper_-1_130_nut", "source": "F:\\China Graduate Future Flight Vehicle Innovation Competition\\01_project\\competition\\SERVICE_ROBOT_MECHANICAL_CONSOLIDATION_20260905\\runs\\wp09_interfaces_20260907_1525\\system_completion\\cad\\S105.step"}
{"stage": "save_attempt", "utc": "2026-09-07T13:12:59.366113+00:00", "path": "F:\\China Graduate Future Flight Vehicle Innovation Competition\\01_project\\competition\\SERVICE_ROBOT_MECHANICAL_CONSOLIDATION_20260905\\runs\\wp09_interfaces_20260907_1525\\system_completion\\cad\\D105.SLDPRT", "api_return": [true, 0, 0], "ok": true, "errors": 0, "warnings": 0}
{"stage": "part_completed", "utc": "2026-09-07T13:12:59.605912+00:00", "id": "R01_W_upper_-1_130_nut", "solid_count": 1}
{"stage": "part_import_started", "utc": "2026-09-07T13:12:59.699841+00:00", "id": "R01_D_upper_1_-150_screw", "source": "F:\\China Graduate Future Flight Vehicle Innovation Competition\\01_project\\competition\\SERVICE_ROBOT_MECHANICAL_CONSOLIDATION_20260905\\runs\\wp09_interfaces_20260907_1525\\system_completion\\cad\\S106.step"}
{"stage": "save_attempt", "utc": "2026-09-07T13:13:01.320240+00:00", "path": "F:\\China Graduate Future Flight Vehicle Innovation Competition\\01_project\\competition\\SERVICE_ROBOT_MECHANICAL_CONSOLIDATION_20260905\\runs\\wp09_interfaces_20260907_1525\\system_completion\\cad\\D106.SLDPRT", "api_return": [true, 0, 0], "ok": true, "errors": 0, "warnings": 0}
{"stage": "part_completed", "utc": "2026-09-07T13:13:01.579331+00:00", "id": "R01_D_upper_1_-150_screw", "solid_count": 1}
{"stage": "part_import_started", "utc": "2026-09-07T13:13:01.699582+00:00", "id": "R01_D_upper_1_-150_washer_head", "source": "F:\\China Graduate Future Flight Vehicle Innovation Competition\\01_project\\competition\\SERVICE_ROBOT_MECHANICAL_CONSOLIDATION_20260905\\runs\\wp09_interfaces_20260907_1525\\system_completion\\cad\\S107.step"}
{"stage": "save_attempt", "utc": "2026-09-07T13:13:03.345355+00:00", "path": "F:\\China Graduate Future Flight Vehicle Innovation Competition\\01_project\\competition\\SERVICE_ROBOT_MECHANICAL_CONSOLIDATION_20260905\\runs\\wp09_interfaces_20260907_1525\\system_completion\\cad\\D107.SLDPRT", "api_return": [true, 0, 0], "ok": true, "errors": 0, "warnings": 0}
{"stage": "part_completed", "utc": "2026-09-07T13:13:03.635969+00:00", "id": "R01_D_upper_1_-150_washer_head", "solid_count": 1}
{"stage": "part_import_started", "utc": "2026-09-07T13:13:03.753030+00:00", "id": "R01_D_upper_1_-150_washer_nut", "source": "F:\\China Graduate Future Flight Vehicle Innovation Competition\\01_project\\competition\\SERVICE_ROBOT_MECHANICAL_CONSOLIDATION_20260905\\runs\\wp09_interfaces_20260907_1525\\system_completion\\cad\\S108.step"}
{"stage": "save_attempt", "utc": "2026-09-07T13:13:05.401365+00:00", "path": "F:\\China Graduate Future Flight Vehicle Innovation Competition\\01_project\\competition\\SERVICE_ROBOT_MECHANICAL_CONSOLIDATION_20260905\\runs\\wp09_interfaces_20260907_1525\\system_completion\\cad\\D108.SLDPRT", "api_return": [true, 0, 0], "ok": true, "errors": 0, "warnings": 0}
{"stage": "part_completed", "utc": "2026-09-07T13:13:05.655048+00:00", "id": "R01_D_upper_1_-150_washer_nut", "solid_count": 1}
{"stage": "part_import_started", "utc": "2026-09-07T13:13:05.744688+00:00", "id": "R01_D_upper_1_-150_nut", "source": "F:\\China Graduate Future Flight Vehicle Innovation Competition\\01_project\\competition\\SERVICE_ROBOT_MECHANICAL_CONSOLIDATION_20260905\\runs\\wp09_interfaces_20260907_1525\\system_completion\\cad\\S109.step"}
{"stage": "save_attempt", "utc": "2026-09-07T13:13:07.437911+00:00", "path": "F:\\China Graduate Future Flight Vehicle Innovation Competition\\01_project\\competition\\SERVICE_ROBOT_MECHANICAL_CONSOLIDATION_20260905\\runs\\wp09_interfaces_20260907_1525\\system_completion\\cad\\D109.SLDPRT", "api_return": [true, 0, 0], "ok": true, "errors": 0, "warnings": 0}
{"stage": "part_completed", "utc": "2026-09-07T13:13:07.720825+00:00", "id": "R01_D_upper_1_-150_nut", "solid_count": 1}
{"stage": "part_import_started", "utc": "2026-09-07T13:13:07.825664+00:00", "id": "R01_D_upper_1_-50_screw", "source": "F:\\China Graduate Future Flight Vehicle Innovation Competition\\01_project\\competition\\SERVICE_ROBOT_MECHANICAL_CONSOLIDATION_20260905\\runs\\wp09_interfaces_20260907_1525\\system_completion\\cad\\S110.step"}
{"stage": "save_attempt", "utc": "2026-09-07T13:13:09.465637+00:00", "path": "F:\\China Graduate Future Flight Vehicle Innovation Competition\\01_project\\competition\\SERVICE_ROBOT_MECHANICAL_CONSOLIDATION_20260905\\runs\\wp09_interfaces_20260907_1525\\system_completion\\cad\\D110.SLDPRT", "api_return": [true, 0, 0], "ok": true, "errors": 0, "warnings": 0}
{"stage": "part_completed", "utc": "2026-09-07T13:13:09.726446+00:00", "id": "R01_D_upper_1_-50_screw", "solid_count": 1}
{"stage": "part_import_started", "utc": "2026-09-07T13:13:09.826185+00:00", "id": "R01_D_upper_1_-50_washer_head", "source": "F:\\China Graduate Future Flight Vehicle Innovation Competition\\01_project\\competition\\SERVICE_ROBOT_MECHANICAL_CONSOLIDATION_20260905\\runs\\wp09_interfaces_20260907_1525\\system_completion\\cad\\S111.step"}
{"stage": "save_attempt", "utc": "2026-09-07T13:13:11.461652+00:00", "path": "F:\\China Graduate Future Flight Vehicle Innovation Competition\\01_project\\competition\\SERVICE_ROBOT_MECHANICAL_CONSOLIDATION_20260905\\runs\\wp09_interfaces_20260907_1525\\system_completion\\cad\\D111.SLDPRT", "api_return": [true, 0, 0], "ok": true, "errors": 0, "warnings": 0}
{"stage": "part_completed", "utc": "2026-09-07T13:13:11.718142+00:00", "id": "R01_D_upper_1_-50_washer_head", "solid_count": 1}
{"stage": "completed_saved_closed_exit", "utc": "2026-09-07T13:13:11.831006+00:00"}
