{"stage": "group_inserted", "utc": "2026-09-08T05:52:23.907814+00:00", "group": "G_e7dbaf377551", "count": 8}
{"stage": "group_inserted", "utc": "2026-09-08T05:52:24.339902+00:00", "group": "G_e7dbaf377551", "count": 16}
{"stage": "group_inserted", "utc": "2026-09-08T05:52:25.121772+00:00", "group": "G_e7dbaf377551", "count": 24}
{"stage": "group_inserted", "utc": "2026-09-08T05:52:25.998038+00:00", "group": "G_e7dbaf377551", "count": 32}
{"stage": "group_inserted", "utc": "2026-09-08T05:52:26.736949+00:00", "group": "G_e7dbaf377551", "count": 40}
{"stage": "group_inserted", "utc": "2026-09-08T05:52:27.437070+00:00", "group": "G_e7dbaf377551", "count": 48}
{"stage": "group_inserted", "utc": "2026-09-08T05:52:28.120381+00:00", "group": "G_e7dbaf377551", "count": 56}
{"stage": "group_inserted", "utc": "2026-09-08T05:52:28.859398+00:00", "group": "G_e7dbaf377551", "count": 64}
{"stage": "group_inserted", "utc": "2026-09-08T05:52:29.598964+00:00", "group": "G_e7dbaf377551", "count": 72}
{"stage": "group_inserted", "utc": "2026-09-08T05:52:30.348482+00:00", "group": "G_e7dbaf377551", "count": 80}
{"stage": "group_inserted", "utc": "2026-09-08T05:52:31.095097+00:00", "group": "G_e7dbaf377551", "count": 88}
{"stage": "group_inserted", "utc": "2026-09-08T05:52:31.903376+00:00", "group": "G_e7dbaf377551", "count": 96}
{"stage": "identity_inventory", "utc": "2026-09-08T05:52:32.409016+00:00", "components": 64}
{"stage": "save_returned", "utc": "2026-09-08T05:52:33.059746+00:00", "path": "F:\\China Graduate Future Flight Vehicle Innovation Competition\\01_project\\competition\\SERVICE_ROBOT_MECHANICAL_CONSOLIDATION_20260905\\runs\\wp09_interfaces_20260907_1525\\system_completion\\cad\\G_e7dbaf377551.SLDASM", "ok": true, "errors": 0}
{"stage": "group_completed", "utc": "2026-09-08T05:52:36.183790+00:00", "group": "G_e7dbaf377551", "leaf_count": 96}
{"stage": "group_inserted", "utc": "2026-09-08T05:52:36.659311+00:00", "group": "G_06874b55d955", "count": 8}
{"stage": "group_inserted", "utc": "2026-09-08T05:52:37.101871+00:00", "group": "G_06874b55d955", "count": 16}
{"stage": "group_inserted", "utc": "2026-09-08T05:52:37.737293+00:00", "group": "G_06874b55d955", "count": 24}
{"stage": "group_inserted", "utc": "2026-09-08T05:52:38.434675+00:00", "group": "G_06874b55d955", "count": 32}
{"stage": "group_inserted", "utc": "2026-09-08T05:52:39.125379+00:00", "group": "G_06874b55d955", "count": 40}
{"stage": "group_inserted", "utc": "2026-09-08T05:52:39.884750+00:00", "group": "G_06874b55d955", "count": 48}
{"stage": "group_inserted", "utc": "2026-09-08T05:52:40.678265+00:00", "group": "G_06874b55d955", "count": 56}
{"stage": "group_inserted", "utc": "2026-09-08T05:52:41.493334+00:00", "group": "G_06874b55d955", "count": 64}
{"stage": "group_inserted", "utc": "2026-09-08T05:52:42.251313+00:00", "group": "G_06874b55d955", "count": 72}
{"stage": "group_inserted", "utc": "2026-09-08T05:52:42.908797+00:00", "group": "G_06874b55d955", "count": 80}
{"stage": "group_inserted", "utc": "2026-09-08T05:52:43.318289+00:00", "group": "G_06874b55d955", "count": 88}
{"stage": "group_inserted", "utc": "2026-09-08T05:52:43.793024+00:00", "group": "G_06874b55d955", "count": 96}
{"stage": "identity_inventory", "utc": "2026-09-08T05:52:44.235348+00:00", "components": 64}
{"stage": "save_returned", "utc": "2026-09-08T05:52:44.814803+00:00", "path": "F:\\China Graduate Future Flight Vehicle Innovation Competition\\01_project\\competition\\SERVICE_ROBOT_MECHANICAL_CONSOLIDATION_20260905\\runs\\wp09_interfaces_20260907_1525\\system_completion\\cad\\G_06874b55d955.SLDASM", "ok": true, "errors": 0}
{"stage": "group_completed", "utc": "2026-09-08T05:52:47.786898+00:00", "group": "G_06874b55d955", "leaf_count": 96}
{"stage": "group_inserted", "utc": "2026-09-08T05:52:48.463234+00:00", "group": "G_e91406bafba5", "count": 8}
{"stage": "group_inserted", "utc": "2026-09-08T05:52:49.062529+00:00", "group": "G_e91406bafba5", "count": 16}
{"stage": "group_inserted", "utc": "2026-09-08T05:52:49.583063+00:00", "group": "G_e91406bafba5", "count": 24}
{"stage": "group_inserted", "utc": "2026-09-08T05:52:50.170997+00:00", "group": "G_e91406bafba5", "count": 32}
{"stage": "group_inserted", "utc": "2026-09-08T05:52:50.707492+00:00", "group": "G_e91406bafba5", "count": 40}
{"stage": "group_inserted", "utc": "2026-09-08T05:52:51.404634+00:00", "group": "G_e91406bafba5", "count": 48}
{"stage": "group_inserted", "utc": "2026-09-08T05:52:52.042669+00:00", "group": "G_e91406bafba5", "count": 56}
{"stage": "group_inserted", "utc": "2026-09-08T05:52:52.764459+00:00", "group": "G_e91406bafba5", "count": 64}
{"stage": "group_inserted", "utc": "2026-09-08T05:52:53.403014+00:00", "group": "G_e91406bafba5", "count": 72}
{"stage": "group_inserted", "utc": "2026-09-08T05:52:53.919948+00:00", "group": "G_e91406bafba5", "count": 80}
{"stage": "group_inserted", "utc": "2026-09-08T05:52:54.357603+00:00", "group": "G_e91406bafba5", "count": 88}
{"stage": "group_inserted", "utc": "2026-09-08T05:52:54.803341+00:00", "group": "G_e91406bafba5", "count": 96}
{"stage": "identity_inventory", "utc": "2026-09-08T05:52:55.217380+00:00", "components": 64}
{"stage": "save_returned", "utc": "2026-09-08T05:52:55.740939+00:00", "path": "F:\\China Graduate Future Flight Vehicle Innovation Competition\\01_project\\competition\\SERVICE_ROBOT_MECHANICAL_CONSOLIDATION_20260905\\runs\\wp09_interfaces_20260907_1525\\system_completion\\cad\\G_e91406bafba5.SLDASM", "ok": true, "errors": 0}
{"stage": "group_completed", "utc": "2026-09-08T05:52:58.562054+00:00", "group": "G_e91406bafba5", "leaf_count": 96}
{"stage": "group_inserted", "utc": "2026-09-08T05:52:59.152574+00:00", "group": "G_65ab26f50fdf", "count": 8}
{"stage": "group_inserted", "utc": "2026-09-08T05:52:59.769323+00:00", "group": "G_65ab26f50fdf", "count": 16}
{"stage": "group_inserted", "utc": "2026-09-08T05:53:00.456375+00:00", "group": "G_65ab26f50fdf", "count": 24}
{"stage": "group_inserted", "utc": "2026-09-08T05:53:01.119637+00:00", "group": "G_65ab26f50fdf", "count": 32}
{"stage": "group_inserted", "utc": "2026-09-08T05:53:01.794932+00:00", "group": "G_65ab26f50fdf", "count": 40}
{"stage": "group_inserted", "utc": "2026-09-08T05:53:02.485962+00:00", "group": "G_65ab26f50fdf", "count": 48}
{"stage": "group_inserted", "utc": "2026-09-08T05:53:03.133958+00:00", "group": "G_65ab26f50fdf", "count": 56}
{"stage": "group_inserted", "utc": "2026-09-08T05:53:03.641061+00:00", "group": "G_65ab26f50fdf", "count": 64}
{"stage": "group_inserted", "utc": "2026-09-08T05:53:04.178781+00:00", "group": "G_65ab26f50fdf", "count": 72}
{"stage": "group_inserted", "utc": "2026-09-08T05:53:04.926920+00:00", "group": "G_65ab26f50fdf", "count": 80}
{"stage": "group_inserted", "utc": "2026-09-08T05:53:05.564602+00:00", "group": "G_65ab26f50fdf", "count": 88}
{"stage": "group_inserted", "utc": "2026-09-08T05:53:05.958254+00:00", "group": "G_65ab26f50fdf", "count": 96}
{"stage": "identity_inventory", "utc": "2026-09-08T05:53:06.438388+00:00", "components": 64}
{"stage": "save_returned", "utc": "2026-09-08T05:53:07.004620+00:00", "path": "F:\\China Graduate Future Flight Vehicle Innovation Competition\\01_project\\competition\\SERVICE_ROBOT_MECHANICAL_CONSOLIDATION_20260905\\runs\\wp09_interfaces_20260907_1525\\system_completion\\cad\\G_65ab26f50fdf.SLDASM", "ok": true, "errors": 0}
{"stage": "group_completed", "utc": "2026-09-08T05:53:09.695067+00:00", "group": "G_65ab26f50fdf", "leaf_count": 96}
{"stage": "group_inserted", "utc": "2026-09-08T05:53:10.208751+00:00", "group": "G_041c05a2e659", "count": 8}
{"stage": "group_inserted", "utc": "2026-09-08T05:53:10.356406+00:00", "group": "G_041c05a2e659", "count": 9}
{"stage": "save_returned", "utc": "2026-09-08T05:53:10.599615+00:00", "path": "F:\\China Graduate Future Flight Vehicle Innovation Competition\\01_project\\competition\\SERVICE_ROBOT_MECHANICAL_CONSOLIDATION_20260905\\runs\\wp09_interfaces_20260907_1525\\system_completion\\cad\\G_041c05a2e659.SLDASM", "ok": true, "errors": 0}
{"stage": "group_completed", "utc": "2026-09-08T05:53:11.100013+00:00", "group": "G_041c05a2e659", "leaf_count": 9}
{"stage": "group_inserted", "utc": "2026-09-08T05:53:11.586970+00:00", "group": "G_e050affadf20", "count": 8}
{"stage": "group_inserted", "utc": "2026-09-08T05:53:12.027572+00:00", "group": "G_e050affadf20", "count": 16}
{"stage": "group_inserted", "utc": "2026-09-08T05:53:12.619750+00:00", "group": "G_e050affadf20", "count": 24}
{"stage": "group_inserted", "utc": "2026-09-08T05:53:13.227281+00:00", "group": "G_e050affadf20", "count": 32}
{"stage": "group_inserted", "utc": "2026-09-08T05:53:13.927854+00:00", "group": "G_e050affadf20", "count": 40}
{"stage": "group_inserted", "utc": "2026-09-08T05:53:14.586586+00:00", "group": "G_e050affadf20", "count": 48}
{"stage": "group_inserted", "utc": "2026-09-08T05:53:15.274329+00:00", "group": "G_e050affadf20", "count": 56}
{"stage": "group_inserted", "utc": "2026-09-08T05:53:16.030227+00:00", "group": "G_e050affadf20", "count": 64}
{"stage": "group_inserted", "utc": "2026-09-08T05:53:16.737049+00:00", "group": "G_e050affadf20", "count": 72}
{"stage": "group_inserted", "utc": "2026-09-08T05:53:17.439262+00:00", "group": "G_e050affadf20", "count": 80}
{"stage": "group_inserted", "utc": "2026-09-08T05:53:17.899095+00:00", "group": "G_e050affadf20", "count": 88}
{"stage": "group_inserted", "utc": "2026-09-08T05:53:18.360313+00:00", "group": "G_e050affadf20", "count": 96}
{"stage": "identity_inventory", "utc": "2026-09-08T05:53:18.758055+00:00", "components": 64}
{"stage": "save_returned", "utc": "2026-09-08T05:53:19.306741+00:00", "path": "F:\\China Graduate Future Flight Vehicle Innovation Competition\\01_project\\competition\\SERVICE_ROBOT_MECHANICAL_CONSOLIDATION_20260905\\runs\\wp09_interfaces_20260907_1525\\system_completion\\cad\\G_e050affadf20.SLDASM", "ok": true, "errors": 0}
{"stage": "group_completed", "utc": "2026-09-08T05:53:22.017449+00:00", "group": "G_e050affadf20", "leaf_count": 96}
{"stage": "completed_saved_closed_exit", "utc": "2026-09-08T05:53:22.084656+00:00"}
