{"stage": "hidden_part_document_trial_started", "utc": "2026-09-07T13:14:09.444891+00:00", "start": 122, "end": 132}
{"stage": "part_import_started", "utc": "2026-09-07T13:14:09.514641+00:00", "id": "R01_D_upper_1_50_screw", "source": "F:\\China Graduate Future Flight Vehicle Innovation Competition\\01_project\\competition\\SERVICE_ROBOT_MECHANICAL_CONSOLIDATION_20260905\\runs\\wp09_interfaces_20260907_1525\\system_completion\\cad\\S122.step"}
{"stage": "save_attempt", "utc": "2026-09-07T13:14:13.634570+00:00", "path": "F:\\China Graduate Future Flight Vehicle Innovation Competition\\01_project\\competition\\SERVICE_ROBOT_MECHANICAL_CONSOLIDATION_20260905\\runs\\wp09_interfaces_20260907_1525\\system_completion\\cad\\D122.SLDPRT", "api_return": [true, 0, 0], "ok": true, "errors": 0, "warnings": 0}
{"stage": "part_completed", "utc": "2026-09-07T13:14:13.895275+00:00", "id": "R01_D_upper_1_50_screw", "solid_count": 1}
{"stage": "part_import_started", "utc": "2026-09-07T13:14:13.993074+00:00", "id": "R01_D_upper_1_50_washer_head", "source": "F:\\China Graduate Future Flight Vehicle Innovation Competition\\01_project\\competition\\SERVICE_ROBOT_MECHANICAL_CONSOLIDATION_20260905\\runs\\wp09_interfaces_20260907_1525\\system_completion\\cad\\S123.step"}
{"stage": "save_attempt", "utc": "2026-09-07T13:14:15.600915+00:00", "path": "F:\\China Graduate Future Flight Vehicle Innovation Competition\\01_project\\competition\\SERVICE_ROBOT_MECHANICAL_CONSOLIDATION_20260905\\runs\\wp09_interfaces_20260907_1525\\system_completion\\cad\\D123.SLDPRT", "api_return": [true, 0, 0], "ok": true, "errors": 0, "warnings": 0}
{"stage": "part_completed", "utc": "2026-09-07T13:14:15.839701+00:00", "id": "R01_D_upper_1_50_washer_head", "solid_count": 1}
{"stage": "part_import_started", "utc": "2026-09-07T13:14:15.929179+00:00", "id": "R01_D_upper_1_50_washer_nut", "source": "F:\\China Graduate Future Flight Vehicle Innovation Competition\\01_project\\competition\\SERVICE_ROBOT_MECHANICAL_CONSOLIDATION_20260905\\runs\\wp09_interfaces_20260907_1525\\system_completion\\cad\\S124.step"}
{"stage": "save_attempt", "utc": "2026-09-07T13:14:17.548498+00:00", "path": "F:\\China Graduate Future Flight Vehicle Innovation Competition\\01_project\\competition\\SERVICE_ROBOT_MECHANICAL_CONSOLIDATION_20260905\\runs\\wp09_interfaces_20260907_1525\\system_completion\\cad\\D124.SLDPRT", "api_return": [true, 0, 0], "ok": true, "errors": 0, "warnings": 0}
{"stage": "part_completed", "utc": "2026-09-07T13:14:17.802133+00:00", "id": "R01_D_upper_1_50_washer_nut", "solid_count": 1}
{"stage": "part_import_started", "utc": "2026-09-07T13:14:17.896044+00:00", "id": "R01_D_upper_1_50_nut", "source": "F:\\China Graduate Future Flight Vehicle Innovation Competition\\01_project\\competition\\SERVICE_ROBOT_MECHANICAL_CONSOLIDATION_20260905\\runs\\wp09_interfaces_20260907_1525\\system_completion\\cad\\S125.step"}
{"stage": "save_attempt", "utc": "2026-09-07T13:14:19.523089+00:00", "path": "F:\\China Graduate Future Flight Vehicle Innovation Competition\\01_project\\competition\\SERVICE_ROBOT_MECHANICAL_CONSOLIDATION_20260905\\runs\\wp09_interfaces_20260907_1525\\system_completion\\cad\\D125.SLDPRT", "api_return": [true, 0, 0], "ok": true, "errors": 0, "warnings": 0}
{"stage": "part_completed", "utc": "2026-09-07T13:14:19.771483+00:00", "id": "R01_D_upper_1_50_nut", "solid_count": 1}
{"stage": "part_import_started", "utc": "2026-09-07T13:14:19.870541+00:00", "id": "R01_D_upper_1_140_screw", "source": "F:\\China Graduate Future Flight Vehicle Innovation Competition\\01_project\\competition\\SERVICE_ROBOT_MECHANICAL_CONSOLIDATION_20260905\\runs\\wp09_interfaces_20260907_1525\\system_completion\\cad\\S126.step"}
{"stage": "save_attempt", "utc": "2026-09-07T13:14:21.487773+00:00", "path": "F:\\China Graduate Future Flight Vehicle Innovation Competition\\01_project\\competition\\SERVICE_ROBOT_MECHANICAL_CONSOLIDATION_20260905\\runs\\wp09_interfaces_20260907_1525\\system_completion\\cad\\D126.SLDPRT", "api_return": [true, 0, 0], "ok": true, "errors": 0, "warnings": 0}
{"stage": "part_completed", "utc": "2026-09-07T13:14:21.742169+00:00", "id": "R01_D_upper_1_140_screw", "solid_count": 1}
{"stage": "part_import_started", "utc": "2026-09-07T13:14:21.844107+00:00", "id": "R01_D_upper_1_140_washer_head", "source": "F:\\China Graduate Future Flight Vehicle Innovation Competition\\01_project\\competition\\SERVICE_ROBOT_MECHANICAL_CONSOLIDATION_20260905\\runs\\wp09_interfaces_20260907_1525\\system_completion\\cad\\S127.step"}
{"stage": "save_attempt", "utc": "2026-09-07T13:14:23.469434+00:00", "path": "F:\\China Graduate Future Flight Vehicle Innovation Competition\\01_project\\competition\\SERVICE_ROBOT_MECHANICAL_CONSOLIDATION_20260905\\runs\\wp09_interfaces_20260907_1525\\system_completion\\cad\\D127.SLDPRT", "api_return": [true, 0, 0], "ok": true, "errors": 0, "warnings": 0}
{"stage": "part_completed", "utc": "2026-09-07T13:14:23.742858+00:00", "id": "R01_D_upper_1_140_washer_head", "solid_count": 1}
{"stage": "part_import_started", "utc": "2026-09-07T13:14:23.832209+00:00", "id": "R01_D_upper_1_140_washer_nut", "source": "F:\\China Graduate Future Flight Vehicle Innovation Competition\\01_project\\competition\\SERVICE_ROBOT_MECHANICAL_CONSOLIDATION_20260905\\runs\\wp09_interfaces_20260907_1525\\system_completion\\cad\\S128.step"}
{"stage": "save_attempt", "utc": "2026-09-07T13:14:25.431094+00:00", "path": "F:\\China Graduate Future Flight Vehicle Innovation Competition\\01_project\\competition\\SERVICE_ROBOT_MECHANICAL_CONSOLIDATION_20260905\\runs\\wp09_interfaces_20260907_1525\\system_completion\\cad\\D128.SLDPRT", "api_return": [true, 0, 0], "ok": true, "errors": 0, "warnings": 0}
{"stage": "part_completed", "utc": "2026-09-07T13:14:25.697459+00:00", "id": "R01_D_upper_1_140_washer_nut", "solid_count": 1}
{"stage": "part_import_started", "utc": "2026-09-07T13:14:25.801435+00:00", "id": "R01_D_upper_1_140_nut", "source": "F:\\China Graduate Future Flight Vehicle Innovation Competition\\01_project\\competition\\SERVICE_ROBOT_MECHANICAL_CONSOLIDATION_20260905\\runs\\wp09_interfaces_20260907_1525\\system_completion\\cad\\S129.step"}
{"stage": "save_attempt", "utc": "2026-09-07T13:14:27.431407+00:00", "path": "F:\\China Graduate Future Flight Vehicle Innovation Competition\\01_project\\competition\\SERVICE_ROBOT_MECHANICAL_CONSOLIDATION_20260905\\runs\\wp09_interfaces_20260907_1525\\system_completion\\cad\\D129.SLDPRT", "api_return": [true, 0, 0], "ok": true, "errors": 0, "warnings": 0}
{"stage": "part_completed", "utc": "2026-09-07T13:14:27.680430+00:00", "id": "R01_D_upper_1_140_nut", "solid_count": 1}
{"stage": "part_import_started", "utc": "2026-09-07T13:14:27.774289+00:00", "id": "R01_W_upper_1_60_screw", "source": "F:\\China Graduate Future Flight Vehicle Innovation Competition\\01_project\\competition\\SERVICE_ROBOT_MECHANICAL_CONSOLIDATION_20260905\\runs\\wp09_interfaces_20260907_1525\\system_completion\\cad\\S130.step"}
{"stage": "save_attempt", "utc": "2026-09-07T13:14:29.362331+00:00", "path": "F:\\China Graduate Future Flight Vehicle Innovation Competition\\01_project\\competition\\SERVICE_ROBOT_MECHANICAL_CONSOLIDATION_20260905\\runs\\wp09_interfaces_20260907_1525\\system_completion\\cad\\D130.SLDPRT", "api_return": [true, 0, 0], "ok": true, "errors": 0, "warnings": 0}
{"stage": "part_completed", "utc": "2026-09-07T13:14:29.615141+00:00", "id": "R01_W_upper_1_60_screw", "solid_count": 1}
{"stage": "part_import_started", "utc": "2026-09-07T13:14:29.715304+00:00", "id": "R01_W_upper_1_60_washer_head", "source": "F:\\China Graduate Future Flight Vehicle Innovation Competition\\01_project\\competition\\SERVICE_ROBOT_MECHANICAL_CONSOLIDATION_20260905\\runs\\wp09_interfaces_20260907_1525\\system_completion\\cad\\S131.step"}
{"stage": "save_attempt", "utc": "2026-09-07T13:14:31.363317+00:00", "path": "F:\\China Graduate Future Flight Vehicle Innovation Competition\\01_project\\competition\\SERVICE_ROBOT_MECHANICAL_CONSOLIDATION_20260905\\runs\\wp09_interfaces_20260907_1525\\system_completion\\cad\\D131.SLDPRT", "api_return": [true, 0, 0], "ok": true, "errors": 0, "warnings": 0}
{"stage": "part_completed", "utc": "2026-09-07T13:14:31.623779+00:00", "id": "R01_W_upper_1_60_washer_head", "solid_count": 1}
{"stage": "completed_saved_closed_exit", "utc": "2026-09-07T13:14:31.736000+00:00"}
