{"stage": "copied_parent_redirected", "utc": "2026-09-08T05:28:38.756370+00:00"}
{"stage": "identity_inventory", "utc": "2026-09-08T05:29:11.480625+00:00", "components": 64}
{"stage": "identity_inventory", "utc": "2026-09-08T05:29:12.334950+00:00", "components": 128}
{"stage": "identity_inventory", "utc": "2026-09-08T05:29:13.235802+00:00", "components": 192}
{"stage": "identity_inventory", "utc": "2026-09-08T05:29:14.108514+00:00", "components": 256}
{"stage": "identity_inventory", "utc": "2026-09-08T05:29:14.986168+00:00", "components": 320}
{"stage": "identity_inventory", "utc": "2026-09-08T05:29:15.797246+00:00", "components": 384}
{"stage": "identity_inventory", "utc": "2026-09-08T05:29:16.595907+00:00", "components": 448}
{"stage": "identity_inventory", "utc": "2026-09-08T05:29:17.362456+00:00", "components": 512}
{"stage": "identity_inventory", "utc": "2026-09-08T05:29:18.148991+00:00", "components": 576}
{"stage": "identity_inventory", "utc": "2026-09-08T05:29:18.911740+00:00", "components": 640}
{"stage": "identity_inventory", "utc": "2026-09-08T05:29:19.726801+00:00", "components": 704}
{"stage": "removed_changed_instances", "utc": "2026-09-08T05:29:37.960567+00:00", "count": 152}
{"stage": "inserted", "utc": "2026-09-08T05:29:40.865515+00:00", "count": 8}
{"stage": "inserted", "utc": "2026-09-08T05:29:44.861592+00:00", "count": 16}
{"stage": "inserted", "utc": "2026-09-08T05:29:48.764252+00:00", "count": 24}
{"stage": "inserted", "utc": "2026-09-08T05:29:53.531841+00:00", "count": 32}
{"stage": "inserted", "utc": "2026-09-08T05:29:58.260620+00:00", "count": 40}
{"stage": "inserted", "utc": "2026-09-08T05:30:03.045357+00:00", "count": 48}
{"stage": "inserted", "utc": "2026-09-08T05:30:07.765243+00:00", "count": 56}
{"stage": "inserted", "utc": "2026-09-08T05:30:12.397879+00:00", "count": 64}
{"stage": "inserted", "utc": "2026-09-08T05:30:17.483254+00:00", "count": 72}
{"stage": "inserted", "utc": "2026-09-08T05:30:22.465723+00:00", "count": 80}
{"stage": "inserted", "utc": "2026-09-08T05:30:27.316567+00:00", "count": 88}
{"stage": "inserted", "utc": "2026-09-08T05:30:32.595594+00:00", "count": 96}
{"stage": "inserted", "utc": "2026-09-08T05:30:37.715892+00:00", "count": 104}
{"stage": "inserted", "utc": "2026-09-08T05:30:43.044565+00:00", "count": 112}
{"stage": "inserted", "utc": "2026-09-08T05:30:48.533437+00:00", "count": 120}
{"stage": "inserted", "utc": "2026-09-08T05:30:53.754506+00:00", "count": 128}
{"stage": "inserted", "utc": "2026-09-08T05:30:58.357505+00:00", "count": 136}
{"stage": "inserted", "utc": "2026-09-08T05:31:02.891405+00:00", "count": 144}
{"stage": "inserted", "utc": "2026-09-08T05:31:08.251319+00:00", "count": 152}
{"stage": "inserted", "utc": "2026-09-08T05:31:12.838476+00:00", "count": 160}
{"stage": "inserted", "utc": "2026-09-08T05:31:17.279571+00:00", "count": 168}
{"stage": "inserted", "utc": "2026-09-08T05:31:22.128074+00:00", "count": 176}
{"stage": "inserted", "utc": "2026-09-08T05:31:26.593524+00:00", "count": 184}
{"stage": "inserted", "utc": "2026-09-08T05:31:31.044978+00:00", "count": 192}
{"stage": "inserted", "utc": "2026-09-08T05:31:35.856016+00:00", "count": 200}
{"stage": "inserted", "utc": "2026-09-08T05:31:40.490839+00:00", "count": 208}
{"stage": "inserted", "utc": "2026-09-08T05:31:45.541727+00:00", "count": 216}
{"stage": "inserted", "utc": "2026-09-08T05:31:50.402007+00:00", "count": 224}
{"stage": "inserted", "utc": "2026-09-08T05:31:55.177724+00:00", "count": 232}
{"stage": "inserted", "utc": "2026-09-08T05:32:00.282134+00:00", "count": 240}
{"stage": "inserted", "utc": "2026-09-08T05:32:05.061787+00:00", "count": 248}
{"stage": "inserted", "utc": "2026-09-08T05:32:10.177352+00:00", "count": 256}
{"stage": "inserted", "utc": "2026-09-08T05:32:15.181921+00:00", "count": 264}
{"stage": "inserted", "utc": "2026-09-08T05:32:20.917169+00:00", "count": 272}
{"stage": "inserted", "utc": "2026-09-08T05:32:26.245081+00:00", "count": 280}
{"stage": "inserted", "utc": "2026-09-08T05:32:31.122699+00:00", "count": 288}
{"stage": "inserted", "utc": "2026-09-08T05:32:36.048988+00:00", "count": 296}
{"stage": "inserted", "utc": "2026-09-08T05:32:40.891151+00:00", "count": 304}
{"stage": "inserted", "utc": "2026-09-08T05:32:45.835731+00:00", "count": 312}
{"stage": "inserted", "utc": "2026-09-08T05:32:50.815340+00:00", "count": 320}
{"stage": "identity_inventory", "utc": "2026-09-08T05:32:51.781502+00:00", "components": 64}
{"stage": "identity_inventory", "utc": "2026-09-08T05:32:52.190902+00:00", "components": 128}
{"stage": "identity_inventory", "utc": "2026-09-08T05:32:52.525989+00:00", "components": 192}
{"stage": "identity_inventory", "utc": "2026-09-08T05:32:52.846408+00:00", "components": 256}
{"stage": "identity_inventory", "utc": "2026-09-08T05:32:53.181074+00:00", "components": 320}
{"stage": "identity_inventory", "utc": "2026-09-08T05:32:53.527709+00:00", "components": 384}
{"stage": "identity_inventory", "utc": "2026-09-08T05:32:53.856605+00:00", "components": 448}
{"stage": "identity_inventory", "utc": "2026-09-08T05:32:54.209176+00:00", "components": 512}
{"stage": "identity_inventory", "utc": "2026-09-08T05:32:54.597580+00:00", "components": 576}
{"stage": "identity_inventory", "utc": "2026-09-08T05:32:54.931131+00:00", "components": 640}
{"stage": "identity_inventory", "utc": "2026-09-08T05:32:55.271075+00:00", "components": 704}
{"stage": "identity_inventory", "utc": "2026-09-08T05:32:55.592533+00:00", "components": 768}
{"stage": "identity_inventory", "utc": "2026-09-08T05:32:55.927611+00:00", "components": 832}
{"stage": "saving_fixed_component_graph_without_force_rebuild", "utc": "2026-09-08T05:32:56.382261+00:00"}
