{"stage": "group_inserted", "utc": "2026-09-08T05:41:34.468578+00:00", "group": "G_6960ed90f9ea", "count": 8}
{"stage": "group_inserted", "utc": "2026-09-08T05:41:34.895531+00:00", "group": "G_6960ed90f9ea", "count": 16}
{"stage": "group_inserted", "utc": "2026-09-08T05:41:35.308572+00:00", "group": "G_6960ed90f9ea", "count": 24}
{"stage": "group_inserted", "utc": "2026-09-08T05:41:35.864621+00:00", "group": "G_6960ed90f9ea", "count": 32}
{"stage": "group_inserted", "utc": "2026-09-08T05:41:36.424932+00:00", "group": "G_6960ed90f9ea", "count": 40}
{"stage": "group_inserted", "utc": "2026-09-08T05:41:36.749855+00:00", "group": "G_6960ed90f9ea", "count": 48}
{"stage": "group_inserted", "utc": "2026-09-08T05:41:37.076835+00:00", "group": "G_6960ed90f9ea", "count": 56}
{"stage": "group_inserted", "utc": "2026-09-08T05:41:37.384992+00:00", "group": "G_6960ed90f9ea", "count": 64}
{"stage": "group_inserted", "utc": "2026-09-08T05:41:37.721471+00:00", "group": "G_6960ed90f9ea", "count": 72}
{"stage": "group_inserted", "utc": "2026-09-08T05:41:38.044787+00:00", "group": "G_6960ed90f9ea", "count": 80}
{"stage": "group_inserted", "utc": "2026-09-08T05:41:38.357067+00:00", "group": "G_6960ed90f9ea", "count": 88}
{"stage": "group_inserted", "utc": "2026-09-08T05:41:38.666595+00:00", "group": "G_6960ed90f9ea", "count": 96}
{"stage": "identity_inventory", "utc": "2026-09-08T05:41:39.250539+00:00", "components": 64}
{"stage": "save_returned", "utc": "2026-09-08T05:41:39.754928+00:00", "path": "F:\\China Graduate Future Flight Vehicle Innovation Competition\\01_project\\competition\\SERVICE_ROBOT_MECHANICAL_CONSOLIDATION_20260905\\runs\\wp09_interfaces_20260907_1525\\system_completion\\cad\\G_6960ed90f9ea.SLDASM", "ok": true, "errors": 0}
{"stage": "group_completed", "utc": "2026-09-08T05:41:42.462797+00:00", "group": "G_6960ed90f9ea", "leaf_count": 96}
{"stage": "group_inserted", "utc": "2026-09-08T05:41:42.937936+00:00", "group": "G_318882d869a5", "count": 8}
{"stage": "group_inserted", "utc": "2026-09-08T05:41:43.199817+00:00", "group": "G_318882d869a5", "count": 16}
{"stage": "group_inserted", "utc": "2026-09-08T05:41:43.465305+00:00", "group": "G_318882d869a5", "count": 24}
{"stage": "group_inserted", "utc": "2026-09-08T05:41:43.758607+00:00", "group": "G_318882d869a5", "count": 32}
{"stage": "group_inserted", "utc": "2026-09-08T05:41:44.051534+00:00", "group": "G_318882d869a5", "count": 40}
{"stage": "group_inserted", "utc": "2026-09-08T05:41:44.345279+00:00", "group": "G_318882d869a5", "count": 48}
{"stage": "group_inserted", "utc": "2026-09-08T05:41:44.635456+00:00", "group": "G_318882d869a5", "count": 56}
{"stage": "group_inserted", "utc": "2026-09-08T05:41:44.921336+00:00", "group": "G_318882d869a5", "count": 64}
{"stage": "group_inserted", "utc": "2026-09-08T05:41:45.216420+00:00", "group": "G_318882d869a5", "count": 72}
{"stage": "group_inserted", "utc": "2026-09-08T05:41:45.510750+00:00", "group": "G_318882d869a5", "count": 80}
{"stage": "group_inserted", "utc": "2026-09-08T05:41:45.818833+00:00", "group": "G_318882d869a5", "count": 88}
{"stage": "group_inserted", "utc": "2026-09-08T05:41:46.123076+00:00", "group": "G_318882d869a5", "count": 96}
{"stage": "identity_inventory", "utc": "2026-09-08T05:41:46.718020+00:00", "components": 64}
{"stage": "save_returned", "utc": "2026-09-08T05:41:47.179197+00:00", "path": "F:\\China Graduate Future Flight Vehicle Innovation Competition\\01_project\\competition\\SERVICE_ROBOT_MECHANICAL_CONSOLIDATION_20260905\\runs\\wp09_interfaces_20260907_1525\\system_completion\\cad\\G_318882d869a5.SLDASM", "ok": true, "errors": 0}
{"stage": "group_completed", "utc": "2026-09-08T05:41:49.611420+00:00", "group": "G_318882d869a5", "leaf_count": 96}
{"stage": "group_inserted", "utc": "2026-09-08T05:41:50.069456+00:00", "group": "G_aaeb9efa2b9e", "count": 8}
{"stage": "group_inserted", "utc": "2026-09-08T05:41:50.466642+00:00", "group": "G_aaeb9efa2b9e", "count": 16}
{"stage": "group_inserted", "utc": "2026-09-08T05:41:51.172158+00:00", "group": "G_aaeb9efa2b9e", "count": 24}
{"stage": "group_inserted", "utc": "2026-09-08T05:41:51.884602+00:00", "group": "G_aaeb9efa2b9e", "count": 32}
{"stage": "group_inserted", "utc": "2026-09-08T05:41:52.637861+00:00", "group": "G_aaeb9efa2b9e", "count": 40}
{"stage": "group_inserted", "utc": "2026-09-08T05:41:53.432328+00:00", "group": "G_aaeb9efa2b9e", "count": 48}
{"stage": "group_inserted", "utc": "2026-09-08T05:41:54.311431+00:00", "group": "G_aaeb9efa2b9e", "count": 56}
{"stage": "group_inserted", "utc": "2026-09-08T05:41:55.241903+00:00", "group": "G_aaeb9efa2b9e", "count": 64}
{"stage": "group_inserted", "utc": "2026-09-08T05:41:56.073638+00:00", "group": "G_aaeb9efa2b9e", "count": 72}
{"stage": "group_inserted", "utc": "2026-09-08T05:41:56.964385+00:00", "group": "G_aaeb9efa2b9e", "count": 80}
{"stage": "group_inserted", "utc": "2026-09-08T05:41:57.955578+00:00", "group": "G_aaeb9efa2b9e", "count": 88}
{"stage": "group_inserted", "utc": "2026-09-08T05:41:58.884778+00:00", "group": "G_aaeb9efa2b9e", "count": 96}
{"stage": "identity_inventory", "utc": "2026-09-08T05:41:59.421882+00:00", "components": 64}
{"stage": "save_returned", "utc": "2026-09-08T05:42:00.100871+00:00", "path": "F:\\China Graduate Future Flight Vehicle Innovation Competition\\01_project\\competition\\SERVICE_ROBOT_MECHANICAL_CONSOLIDATION_20260905\\runs\\wp09_interfaces_20260907_1525\\system_completion\\cad\\G_aaeb9efa2b9e.SLDASM", "ok": true, "errors": 0}
{"stage": "group_completed", "utc": "2026-09-08T05:42:03.678505+00:00", "group": "G_aaeb9efa2b9e", "leaf_count": 96}
{"stage": "group_inserted", "utc": "2026-09-08T05:42:04.453897+00:00", "group": "G_71e1c2c3c9dc", "count": 8}
{"stage": "group_inserted", "utc": "2026-09-08T05:42:05.171824+00:00", "group": "G_71e1c2c3c9dc", "count": 16}
{"stage": "group_inserted", "utc": "2026-09-08T05:42:06.021003+00:00", "group": "G_71e1c2c3c9dc", "count": 24}
{"stage": "group_inserted", "utc": "2026-09-08T05:42:06.877298+00:00", "group": "G_71e1c2c3c9dc", "count": 32}
{"stage": "group_inserted", "utc": "2026-09-08T05:42:07.648309+00:00", "group": "G_71e1c2c3c9dc", "count": 40}
{"stage": "group_inserted", "utc": "2026-09-08T05:42:08.424643+00:00", "group": "G_71e1c2c3c9dc", "count": 48}
{"stage": "group_inserted", "utc": "2026-09-08T05:42:09.257050+00:00", "group": "G_71e1c2c3c9dc", "count": 56}
{"stage": "group_inserted", "utc": "2026-09-08T05:42:10.230017+00:00", "group": "G_71e1c2c3c9dc", "count": 64}
{"stage": "group_inserted", "utc": "2026-09-08T05:42:11.166113+00:00", "group": "G_71e1c2c3c9dc", "count": 72}
{"stage": "group_inserted", "utc": "2026-09-08T05:42:12.025799+00:00", "group": "G_71e1c2c3c9dc", "count": 80}
{"stage": "group_inserted", "utc": "2026-09-08T05:42:12.949937+00:00", "group": "G_71e1c2c3c9dc", "count": 88}
{"stage": "group_inserted", "utc": "2026-09-08T05:42:13.872082+00:00", "group": "G_71e1c2c3c9dc", "count": 96}
{"stage": "identity_inventory", "utc": "2026-09-08T05:42:14.418436+00:00", "components": 64}
{"stage": "save_returned", "utc": "2026-09-08T05:42:15.096487+00:00", "path": "F:\\China Graduate Future Flight Vehicle Innovation Competition\\01_project\\competition\\SERVICE_ROBOT_MECHANICAL_CONSOLIDATION_20260905\\runs\\wp09_interfaces_20260907_1525\\system_completion\\cad\\G_71e1c2c3c9dc.SLDASM", "ok": true, "errors": 0}
{"stage": "group_completed", "utc": "2026-09-08T05:42:18.910626+00:00", "group": "G_71e1c2c3c9dc", "leaf_count": 96}
{"stage": "group_inserted", "utc": "2026-09-08T05:42:19.737389+00:00", "group": "G_60f3ae1e2763", "count": 8}
{"stage": "group_inserted", "utc": "2026-09-08T05:42:20.466563+00:00", "group": "G_60f3ae1e2763", "count": 16}
{"stage": "group_inserted", "utc": "2026-09-08T05:42:21.282547+00:00", "group": "G_60f3ae1e2763", "count": 24}
{"stage": "group_inserted", "utc": "2026-09-08T05:42:22.150742+00:00", "group": "G_60f3ae1e2763", "count": 32}
{"stage": "group_inserted", "utc": "2026-09-08T05:42:22.927265+00:00", "group": "G_60f3ae1e2763", "count": 40}
{"stage": "group_inserted", "utc": "2026-09-08T05:42:23.634336+00:00", "group": "G_60f3ae1e2763", "count": 48}
{"stage": "group_inserted", "utc": "2026-09-08T05:42:24.072434+00:00", "group": "G_60f3ae1e2763", "count": 56}
{"stage": "group_inserted", "utc": "2026-09-08T05:42:24.517310+00:00", "group": "G_60f3ae1e2763", "count": 64}
{"stage": "group_inserted", "utc": "2026-09-08T05:42:25.301378+00:00", "group": "G_60f3ae1e2763", "count": 72}
{"stage": "group_inserted", "utc": "2026-09-08T05:42:25.915299+00:00", "group": "G_60f3ae1e2763", "count": 80}
{"stage": "group_inserted", "utc": "2026-09-08T05:42:26.435338+00:00", "group": "G_60f3ae1e2763", "count": 88}
{"stage": "group_inserted", "utc": "2026-09-08T05:42:26.886664+00:00", "group": "G_60f3ae1e2763", "count": 96}
{"stage": "identity_inventory", "utc": "2026-09-08T05:42:27.417495+00:00", "components": 64}
{"stage": "save_returned", "utc": "2026-09-08T05:42:28.066857+00:00", "path": "F:\\China Graduate Future Flight Vehicle Innovation Competition\\01_project\\competition\\SERVICE_ROBOT_MECHANICAL_CONSOLIDATION_20260905\\runs\\wp09_interfaces_20260907_1525\\system_completion\\cad\\G_60f3ae1e2763.SLDASM", "ok": true, "errors": 0}
{"stage": "group_completed", "utc": "2026-09-08T05:42:31.320611+00:00", "group": "G_60f3ae1e2763", "leaf_count": 96}
{"stage": "group_inserted", "utc": "2026-09-08T05:42:31.812973+00:00", "group": "G_acd18fe50e25", "count": 8}
{"stage": "group_inserted", "utc": "2026-09-08T05:42:32.273686+00:00", "group": "G_acd18fe50e25", "count": 16}
{"stage": "group_inserted", "utc": "2026-09-08T05:42:33.044727+00:00", "group": "G_acd18fe50e25", "count": 24}
{"stage": "group_inserted", "utc": "2026-09-08T05:42:33.867454+00:00", "group": "G_acd18fe50e25", "count": 32}
{"stage": "group_inserted", "utc": "2026-09-08T05:42:34.730704+00:00", "group": "G_acd18fe50e25", "count": 40}
{"stage": "group_inserted", "utc": "2026-09-08T05:42:35.517231+00:00", "group": "G_acd18fe50e25", "count": 48}
{"stage": "group_inserted", "utc": "2026-09-08T05:42:36.337234+00:00", "group": "G_acd18fe50e25", "count": 56}
{"stage": "group_inserted", "utc": "2026-09-08T05:42:37.296496+00:00", "group": "G_acd18fe50e25", "count": 64}
{"stage": "group_inserted", "utc": "2026-09-08T05:42:38.179515+00:00", "group": "G_acd18fe50e25", "count": 72}
{"stage": "group_inserted", "utc": "2026-09-08T05:42:39.014005+00:00", "group": "G_acd18fe50e25", "count": 80}
{"stage": "group_inserted", "utc": "2026-09-08T05:42:39.572879+00:00", "group": "G_acd18fe50e25", "count": 88}
{"stage": "group_inserted", "utc": "2026-09-08T05:42:40.127810+00:00", "group": "G_acd18fe50e25", "count": 96}
{"stage": "identity_inventory", "utc": "2026-09-08T05:42:40.683103+00:00", "components": 64}
{"stage": "save_returned", "utc": "2026-09-08T05:42:41.375935+00:00", "path": "F:\\China Graduate Future Flight Vehicle Innovation Competition\\01_project\\competition\\SERVICE_ROBOT_MECHANICAL_CONSOLIDATION_20260905\\runs\\wp09_interfaces_20260907_1525\\system_completion\\cad\\G_acd18fe50e25.SLDASM", "ok": true, "errors": 0}
{"stage": "group_completed", "utc": "2026-09-08T05:42:44.956984+00:00", "group": "G_acd18fe50e25", "leaf_count": 96}
{"stage": "completed_saved_closed_exit", "utc": "2026-09-08T05:42:45.070752+00:00"}
