{"stage": "hidden_part_document_trial_started", "utc": "2026-09-07T13:14:46.953734+00:00", "start": 132, "end": 138}
{"stage": "part_import_started", "utc": "2026-09-07T13:14:47.035167+00:00", "id": "R01_W_upper_1_60_washer_nut", "source": "F:\\China Graduate Future Flight Vehicle Innovation Competition\\01_project\\competition\\SERVICE_ROBOT_MECHANICAL_CONSOLIDATION_20260905\\runs\\wp09_interfaces_20260907_1525\\system_completion\\cad\\S132.step"}
{"stage": "save_attempt", "utc": "2026-09-07T13:14:51.662507+00:00", "path": "F:\\China Graduate Future Flight Vehicle Innovation Competition\\01_project\\competition\\SERVICE_ROBOT_MECHANICAL_CONSOLIDATION_20260905\\runs\\wp09_interfaces_20260907_1525\\system_completion\\cad\\D132.SLDPRT", "api_return": [true, 0, 0], "ok": true, "errors": 0, "warnings": 0}
{"stage": "part_completed", "utc": "2026-09-07T13:14:51.906019+00:00", "id": "R01_W_upper_1_60_washer_nut", "solid_count": 1}
{"stage": "part_import_started", "utc": "2026-09-07T13:14:52.013376+00:00", "id": "R01_W_upper_1_60_nut", "source": "F:\\China Graduate Future Flight Vehicle Innovation Competition\\01_project\\competition\\SERVICE_ROBOT_MECHANICAL_CONSOLIDATION_20260905\\runs\\wp09_interfaces_20260907_1525\\system_completion\\cad\\S133.step"}
{"stage": "save_attempt", "utc": "2026-09-07T13:14:53.646372+00:00", "path": "F:\\China Graduate Future Flight Vehicle Innovation Competition\\01_project\\competition\\SERVICE_ROBOT_MECHANICAL_CONSOLIDATION_20260905\\runs\\wp09_interfaces_20260907_1525\\system_completion\\cad\\D133.SLDPRT", "api_return": [true, 0, 0], "ok": true, "errors": 0, "warnings": 0}
{"stage": "part_completed", "utc": "2026-09-07T13:14:53.902383+00:00", "id": "R01_W_upper_1_60_nut", "solid_count": 1}
{"stage": "part_import_started", "utc": "2026-09-07T13:14:54.015829+00:00", "id": "R01_W_upper_1_130_screw", "source": "F:\\China Graduate Future Flight Vehicle Innovation Competition\\01_project\\competition\\SERVICE_ROBOT_MECHANICAL_CONSOLIDATION_20260905\\runs\\wp09_interfaces_20260907_1525\\system_completion\\cad\\S134.step"}
{"stage": "save_attempt", "utc": "2026-09-07T13:14:55.657997+00:00", "path": "F:\\China Graduate Future Flight Vehicle Innovation Competition\\01_project\\competition\\SERVICE_ROBOT_MECHANICAL_CONSOLIDATION_20260905\\runs\\wp09_interfaces_20260907_1525\\system_completion\\cad\\D134.SLDPRT", "api_return": [true, 0, 0], "ok": true, "errors": 0, "warnings": 0}
{"stage": "part_completed", "utc": "2026-09-07T13:14:55.909089+00:00", "id": "R01_W_upper_1_130_screw", "solid_count": 1}
{"stage": "part_import_started", "utc": "2026-09-07T13:14:56.011888+00:00", "id": "R01_W_upper_1_130_washer_head", "source": "F:\\China Graduate Future Flight Vehicle Innovation Competition\\01_project\\competition\\SERVICE_ROBOT_MECHANICAL_CONSOLIDATION_20260905\\runs\\wp09_interfaces_20260907_1525\\system_completion\\cad\\S135.step"}
{"stage": "save_attempt", "utc": "2026-09-07T13:14:57.621003+00:00", "path": "F:\\China Graduate Future Flight Vehicle Innovation Competition\\01_project\\competition\\SERVICE_ROBOT_MECHANICAL_CONSOLIDATION_20260905\\runs\\wp09_interfaces_20260907_1525\\system_completion\\cad\\D135.SLDPRT", "api_return": [true, 0, 0], "ok": true, "errors": 0, "warnings": 0}
{"stage": "part_completed", "utc": "2026-09-07T13:14:57.845560+00:00", "id": "R01_W_upper_1_130_washer_head", "solid_count": 1}
{"stage": "part_import_started", "utc": "2026-09-07T13:14:57.938492+00:00", "id": "R01_W_upper_1_130_washer_nut", "source": "F:\\China Graduate Future Flight Vehicle Innovation Competition\\01_project\\competition\\SERVICE_ROBOT_MECHANICAL_CONSOLIDATION_20260905\\runs\\wp09_interfaces_20260907_1525\\system_completion\\cad\\S136.step"}
{"stage": "save_attempt", "utc": "2026-09-07T13:14:59.684378+00:00", "path": "F:\\China Graduate Future Flight Vehicle Innovation Competition\\01_project\\competition\\SERVICE_ROBOT_MECHANICAL_CONSOLIDATION_20260905\\runs\\wp09_interfaces_20260907_1525\\system_completion\\cad\\D136.SLDPRT", "api_return": [true, 0, 0], "ok": true, "errors": 0, "warnings": 0}
{"stage": "part_completed", "utc": "2026-09-07T13:14:59.966523+00:00", "id": "R01_W_upper_1_130_washer_nut", "solid_count": 1}
{"stage": "part_import_started", "utc": "2026-09-07T13:15:00.059961+00:00", "id": "R01_W_upper_1_130_nut", "source": "F:\\China Graduate Future Flight Vehicle Innovation Competition\\01_project\\competition\\SERVICE_ROBOT_MECHANICAL_CONSOLIDATION_20260905\\runs\\wp09_interfaces_20260907_1525\\system_completion\\cad\\S137.step"}
{"stage": "save_attempt", "utc": "2026-09-07T13:15:01.659204+00:00", "path": "F:\\China Graduate Future Flight Vehicle Innovation Competition\\01_project\\competition\\SERVICE_ROBOT_MECHANICAL_CONSOLIDATION_20260905\\runs\\wp09_interfaces_20260907_1525\\system_completion\\cad\\D137.SLDPRT", "api_return": [true, 0, 0], "ok": true, "errors": 0, "warnings": 0}
{"stage": "part_completed", "utc": "2026-09-07T13:15:01.919400+00:00", "id": "R01_W_upper_1_130_nut", "solid_count": 1}
{"stage": "completed_saved_closed_exit", "utc": "2026-09-07T13:15:02.059838+00:00"}
