{"stage": "hidden_part_document_trial_started", "utc": "2026-09-07T13:13:28.506503+00:00", "start": 112, "end": 122}
{"stage": "part_import_started", "utc": "2026-09-07T13:13:28.582094+00:00", "id": "R01_D_upper_1_-50_washer_nut", "source": "F:\\China Graduate Future Flight Vehicle Innovation Competition\\01_project\\competition\\SERVICE_ROBOT_MECHANICAL_CONSOLIDATION_20260905\\runs\\wp09_interfaces_20260907_1525\\system_completion\\cad\\S112.step"}
{"stage": "save_attempt", "utc": "2026-09-07T13:13:32.888104+00:00", "path": "F:\\China Graduate Future Flight Vehicle Innovation Competition\\01_project\\competition\\SERVICE_ROBOT_MECHANICAL_CONSOLIDATION_20260905\\runs\\wp09_interfaces_20260907_1525\\system_completion\\cad\\D112.SLDPRT", "api_return": [true, 0, 0], "ok": true, "errors": 0, "warnings": 0}
{"stage": "part_completed", "utc": "2026-09-07T13:13:33.156818+00:00", "id": "R01_D_upper_1_-50_washer_nut", "solid_count": 1}
{"stage": "part_import_started", "utc": "2026-09-07T13:13:33.264764+00:00", "id": "R01_D_upper_1_-50_nut", "source": "F:\\China Graduate Future Flight Vehicle Innovation Competition\\01_project\\competition\\SERVICE_ROBOT_MECHANICAL_CONSOLIDATION_20260905\\runs\\wp09_interfaces_20260907_1525\\system_completion\\cad\\S113.step"}
{"stage": "save_attempt", "utc": "2026-09-07T13:13:34.890318+00:00", "path": "F:\\China Graduate Future Flight Vehicle Innovation Competition\\01_project\\competition\\SERVICE_ROBOT_MECHANICAL_CONSOLIDATION_20260905\\runs\\wp09_interfaces_20260907_1525\\system_completion\\cad\\D113.SLDPRT", "api_return": [true, 0, 0], "ok": true, "errors": 0, "warnings": 0}
{"stage": "part_completed", "utc": "2026-09-07T13:13:35.142493+00:00", "id": "R01_D_upper_1_-50_nut", "solid_count": 1}
{"stage": "part_import_started", "utc": "2026-09-07T13:13:35.235194+00:00", "id": "R01_W_upper_1_-130_screw", "source": "F:\\China Graduate Future Flight Vehicle Innovation Competition\\01_project\\competition\\SERVICE_ROBOT_MECHANICAL_CONSOLIDATION_20260905\\runs\\wp09_interfaces_20260907_1525\\system_completion\\cad\\S114.step"}
{"stage": "save_attempt", "utc": "2026-09-07T13:13:36.853699+00:00", "path": "F:\\China Graduate Future Flight Vehicle Innovation Competition\\01_project\\competition\\SERVICE_ROBOT_MECHANICAL_CONSOLIDATION_20260905\\runs\\wp09_interfaces_20260907_1525\\system_completion\\cad\\D114.SLDPRT", "api_return": [true, 0, 0], "ok": true, "errors": 0, "warnings": 0}
{"stage": "part_completed", "utc": "2026-09-07T13:13:37.098765+00:00", "id": "R01_W_upper_1_-130_screw", "solid_count": 1}
{"stage": "part_import_started", "utc": "2026-09-07T13:13:37.197790+00:00", "id": "R01_W_upper_1_-130_washer_head", "source": "F:\\China Graduate Future Flight Vehicle Innovation Competition\\01_project\\competition\\SERVICE_ROBOT_MECHANICAL_CONSOLIDATION_20260905\\runs\\wp09_interfaces_20260907_1525\\system_completion\\cad\\S115.step"}
{"stage": "save_attempt", "utc": "2026-09-07T13:13:38.761100+00:00", "path": "F:\\China Graduate Future Flight Vehicle Innovation Competition\\01_project\\competition\\SERVICE_ROBOT_MECHANICAL_CONSOLIDATION_20260905\\runs\\wp09_interfaces_20260907_1525\\system_completion\\cad\\D115.SLDPRT", "api_return": [true, 0, 0], "ok": true, "errors": 0, "warnings": 0}
{"stage": "part_completed", "utc": "2026-09-07T13:13:38.992355+00:00", "id": "R01_W_upper_1_-130_washer_head", "solid_count": 1}
{"stage": "part_import_started", "utc": "2026-09-07T13:13:39.081138+00:00", "id": "R01_W_upper_1_-130_washer_nut", "source": "F:\\China Graduate Future Flight Vehicle Innovation Competition\\01_project\\competition\\SERVICE_ROBOT_MECHANICAL_CONSOLIDATION_20260905\\runs\\wp09_interfaces_20260907_1525\\system_completion\\cad\\S116.step"}
{"stage": "save_attempt", "utc": "2026-09-07T13:13:40.696523+00:00", "path": "F:\\China Graduate Future Flight Vehicle Innovation Competition\\01_project\\competition\\SERVICE_ROBOT_MECHANICAL_CONSOLIDATION_20260905\\runs\\wp09_interfaces_20260907_1525\\system_completion\\cad\\D116.SLDPRT", "api_return": [true, 0, 0], "ok": true, "errors": 0, "warnings": 0}
{"stage": "part_completed", "utc": "2026-09-07T13:13:40.944013+00:00", "id": "R01_W_upper_1_-130_washer_nut", "solid_count": 1}
{"stage": "part_import_started", "utc": "2026-09-07T13:13:41.037710+00:00", "id": "R01_W_upper_1_-130_nut", "source": "F:\\China Graduate Future Flight Vehicle Innovation Competition\\01_project\\competition\\SERVICE_ROBOT_MECHANICAL_CONSOLIDATION_20260905\\runs\\wp09_interfaces_20260907_1525\\system_completion\\cad\\S117.step"}
{"stage": "save_attempt", "utc": "2026-09-07T13:13:42.680018+00:00", "path": "F:\\China Graduate Future Flight Vehicle Innovation Competition\\01_project\\competition\\SERVICE_ROBOT_MECHANICAL_CONSOLIDATION_20260905\\runs\\wp09_interfaces_20260907_1525\\system_completion\\cad\\D117.SLDPRT", "api_return": [true, 0, 0], "ok": true, "errors": 0, "warnings": 0}
{"stage": "part_completed", "utc": "2026-09-07T13:13:42.944723+00:00", "id": "R01_W_upper_1_-130_nut", "solid_count": 1}
{"stage": "part_import_started", "utc": "2026-09-07T13:13:43.044640+00:00", "id": "R01_W_upper_1_-70_screw", "source": "F:\\China Graduate Future Flight Vehicle Innovation Competition\\01_project\\competition\\SERVICE_ROBOT_MECHANICAL_CONSOLIDATION_20260905\\runs\\wp09_interfaces_20260907_1525\\system_completion\\cad\\S118.step"}
{"stage": "save_attempt", "utc": "2026-09-07T13:13:44.931936+00:00", "path": "F:\\China Graduate Future Flight Vehicle Innovation Competition\\01_project\\competition\\SERVICE_ROBOT_MECHANICAL_CONSOLIDATION_20260905\\runs\\wp09_interfaces_20260907_1525\\system_completion\\cad\\D118.SLDPRT", "api_return": [true, 0, 0], "ok": true, "errors": 0, "warnings": 0}
{"stage": "part_completed", "utc": "2026-09-07T13:13:45.191672+00:00", "id": "R01_W_upper_1_-70_screw", "solid_count": 1}
{"stage": "part_import_started", "utc": "2026-09-07T13:13:45.297031+00:00", "id": "R01_W_upper_1_-70_washer_head", "source": "F:\\China Graduate Future Flight Vehicle Innovation Competition\\01_project\\competition\\SERVICE_ROBOT_MECHANICAL_CONSOLIDATION_20260905\\runs\\wp09_interfaces_20260907_1525\\system_completion\\cad\\S119.step"}
{"stage": "save_attempt", "utc": "2026-09-07T13:13:46.891312+00:00", "path": "F:\\China Graduate Future Flight Vehicle Innovation Competition\\01_project\\competition\\SERVICE_ROBOT_MECHANICAL_CONSOLIDATION_20260905\\runs\\wp09_interfaces_20260907_1525\\system_completion\\cad\\D119.SLDPRT", "api_return": [true, 0, 0], "ok": true, "errors": 0, "warnings": 0}
{"stage": "part_completed", "utc": "2026-09-07T13:13:47.148546+00:00", "id": "R01_W_upper_1_-70_washer_head", "solid_count": 1}
{"stage": "part_import_started", "utc": "2026-09-07T13:13:47.243899+00:00", "id": "R01_W_upper_1_-70_washer_nut", "source": "F:\\China Graduate Future Flight Vehicle Innovation Competition\\01_project\\competition\\SERVICE_ROBOT_MECHANICAL_CONSOLIDATION_20260905\\runs\\wp09_interfaces_20260907_1525\\system_completion\\cad\\S120.step"}
{"stage": "save_attempt", "utc": "2026-09-07T13:13:48.827172+00:00", "path": "F:\\China Graduate Future Flight Vehicle Innovation Competition\\01_project\\competition\\SERVICE_ROBOT_MECHANICAL_CONSOLIDATION_20260905\\runs\\wp09_interfaces_20260907_1525\\system_completion\\cad\\D120.SLDPRT", "api_return": [true, 0, 0], "ok": true, "errors": 0, "warnings": 0}
{"stage": "part_completed", "utc": "2026-09-07T13:13:49.085733+00:00", "id": "R01_W_upper_1_-70_washer_nut", "solid_count": 1}
{"stage": "part_import_started", "utc": "2026-09-07T13:13:49.181523+00:00", "id": "R01_W_upper_1_-70_nut", "source": "F:\\China Graduate Future Flight Vehicle Innovation Competition\\01_project\\competition\\SERVICE_ROBOT_MECHANICAL_CONSOLIDATION_20260905\\runs\\wp09_interfaces_20260907_1525\\system_completion\\cad\\S121.step"}
{"stage": "save_attempt", "utc": "2026-09-07T13:13:50.809154+00:00", "path": "F:\\China Graduate Future Flight Vehicle Innovation Competition\\01_project\\competition\\SERVICE_ROBOT_MECHANICAL_CONSOLIDATION_20260905\\runs\\wp09_interfaces_20260907_1525\\system_completion\\cad\\D121.SLDPRT", "api_return": [true, 0, 0], "ok": true, "errors": 0, "warnings": 0}
{"stage": "part_completed", "utc": "2026-09-07T13:13:51.060660+00:00", "id": "R01_W_upper_1_-70_nut", "solid_count": 1}
{"stage": "completed_saved_closed_exit", "utc": "2026-09-07T13:13:51.191362+00:00"}
