{"stage": "group_inserted", "utc": "2026-09-08T05:50:00.707593+00:00", "group": "G_f1b72113f970", "count": 8}
{"stage": "group_inserted", "utc": "2026-09-08T05:50:01.428919+00:00", "group": "G_f1b72113f970", "count": 16}
{"stage": "group_inserted", "utc": "2026-09-08T05:50:02.088552+00:00", "group": "G_f1b72113f970", "count": 24}
{"stage": "group_inserted", "utc": "2026-09-08T05:50:02.870567+00:00", "group": "G_f1b72113f970", "count": 32}
{"stage": "group_inserted", "utc": "2026-09-08T05:50:03.479611+00:00", "group": "G_f1b72113f970", "count": 40}
{"stage": "group_inserted", "utc": "2026-09-08T05:50:04.287005+00:00", "group": "G_f1b72113f970", "count": 48}
{"stage": "group_inserted", "utc": "2026-09-08T05:50:05.039011+00:00", "group": "G_f1b72113f970", "count": 56}
{"stage": "group_inserted", "utc": "2026-09-08T05:50:05.954196+00:00", "group": "G_f1b72113f970", "count": 64}
{"stage": "group_inserted", "utc": "2026-09-08T05:50:06.665049+00:00", "group": "G_f1b72113f970", "count": 72}
{"stage": "group_inserted", "utc": "2026-09-08T05:50:07.292850+00:00", "group": "G_f1b72113f970", "count": 80}
{"stage": "group_inserted", "utc": "2026-09-08T05:50:07.790144+00:00", "group": "G_f1b72113f970", "count": 88}
{"stage": "group_inserted", "utc": "2026-09-08T05:50:08.337327+00:00", "group": "G_f1b72113f970", "count": 96}
{"stage": "identity_inventory", "utc": "2026-09-08T05:50:08.930751+00:00", "components": 64}
{"stage": "save_returned", "utc": "2026-09-08T05:50:09.638729+00:00", "path": "F:\\China Graduate Future Flight Vehicle Innovation Competition\\01_project\\competition\\SERVICE_ROBOT_MECHANICAL_CONSOLIDATION_20260905\\runs\\wp09_interfaces_20260907_1525\\system_completion\\cad\\G_f1b72113f970.SLDASM", "ok": true, "errors": 0}
{"stage": "group_completed", "utc": "2026-09-08T05:50:13.043803+00:00", "group": "G_f1b72113f970", "leaf_count": 96}
{"stage": "group_inserted", "utc": "2026-09-08T05:50:13.725130+00:00", "group": "G_9ab41c2fbb83", "count": 8}
{"stage": "group_inserted", "utc": "2026-09-08T05:50:14.432191+00:00", "group": "G_9ab41c2fbb83", "count": 16}
{"stage": "group_inserted", "utc": "2026-09-08T05:50:15.230789+00:00", "group": "G_9ab41c2fbb83", "count": 24}
{"stage": "group_inserted", "utc": "2026-09-08T05:50:16.086971+00:00", "group": "G_9ab41c2fbb83", "count": 32}
{"stage": "group_inserted", "utc": "2026-09-08T05:50:16.981529+00:00", "group": "G_9ab41c2fbb83", "count": 40}
{"stage": "group_inserted", "utc": "2026-09-08T05:50:17.873969+00:00", "group": "G_9ab41c2fbb83", "count": 48}
{"stage": "group_inserted", "utc": "2026-09-08T05:50:18.724204+00:00", "group": "G_9ab41c2fbb83", "count": 56}
{"stage": "group_inserted", "utc": "2026-09-08T05:50:19.368752+00:00", "group": "G_9ab41c2fbb83", "count": 64}
{"stage": "group_inserted", "utc": "2026-09-08T05:50:20.064088+00:00", "group": "G_9ab41c2fbb83", "count": 72}
{"stage": "group_inserted", "utc": "2026-09-08T05:50:20.963702+00:00", "group": "G_9ab41c2fbb83", "count": 80}
{"stage": "group_inserted", "utc": "2026-09-08T05:50:21.756852+00:00", "group": "G_9ab41c2fbb83", "count": 88}
{"stage": "group_inserted", "utc": "2026-09-08T05:50:22.257806+00:00", "group": "G_9ab41c2fbb83", "count": 96}
{"stage": "identity_inventory", "utc": "2026-09-08T05:50:22.842782+00:00", "components": 64}
{"stage": "save_returned", "utc": "2026-09-08T05:50:23.533206+00:00", "path": "F:\\China Graduate Future Flight Vehicle Innovation Competition\\01_project\\competition\\SERVICE_ROBOT_MECHANICAL_CONSOLIDATION_20260905\\runs\\wp09_interfaces_20260907_1525\\system_completion\\cad\\G_9ab41c2fbb83.SLDASM", "ok": true, "errors": 0}
{"stage": "group_completed", "utc": "2026-09-08T05:50:26.945734+00:00", "group": "G_9ab41c2fbb83", "leaf_count": 96}
{"stage": "group_inserted", "utc": "2026-09-08T05:50:27.590493+00:00", "group": "G_3883c00b4e27", "count": 8}
{"stage": "group_inserted", "utc": "2026-09-08T05:50:27.768767+00:00", "group": "G_3883c00b4e27", "count": 9}
{"stage": "save_returned", "utc": "2026-09-08T05:50:28.070151+00:00", "path": "F:\\China Graduate Future Flight Vehicle Innovation Competition\\01_project\\competition\\SERVICE_ROBOT_MECHANICAL_CONSOLIDATION_20260905\\runs\\wp09_interfaces_20260907_1525\\system_completion\\cad\\G_3883c00b4e27.SLDASM", "ok": true, "errors": 0}
{"stage": "group_completed", "utc": "2026-09-08T05:50:28.709189+00:00", "group": "G_3883c00b4e27", "leaf_count": 9}
{"stage": "group_inserted", "utc": "2026-09-08T05:50:42.953760+00:00", "group": "G_167b9c576d92", "count": 8}
{"stage": "group_inserted", "utc": "2026-09-08T05:50:44.165442+00:00", "group": "G_167b9c576d92", "count": 16}
{"stage": "group_inserted", "utc": "2026-09-08T05:50:44.644670+00:00", "group": "G_167b9c576d92", "count": 24}
{"stage": "group_inserted", "utc": "2026-09-08T05:50:45.191045+00:00", "group": "G_167b9c576d92", "count": 32}
{"stage": "group_inserted", "utc": "2026-09-08T05:50:45.483240+00:00", "group": "G_167b9c576d92", "count": 40}
{"stage": "group_inserted", "utc": "2026-09-08T05:50:45.799754+00:00", "group": "G_167b9c576d92", "count": 48}
{"stage": "group_inserted", "utc": "2026-09-08T05:50:46.138451+00:00", "group": "G_167b9c576d92", "count": 56}
{"stage": "group_inserted", "utc": "2026-09-08T05:50:46.441238+00:00", "group": "G_167b9c576d92", "count": 64}
{"stage": "group_inserted", "utc": "2026-09-08T05:50:46.808026+00:00", "group": "G_167b9c576d92", "count": 72}
{"stage": "group_inserted", "utc": "2026-09-08T05:50:47.188410+00:00", "group": "G_167b9c576d92", "count": 80}
{"stage": "group_inserted", "utc": "2026-09-08T05:50:47.725022+00:00", "group": "G_167b9c576d92", "count": 88}
{"stage": "group_inserted", "utc": "2026-09-08T05:50:48.182135+00:00", "group": "G_167b9c576d92", "count": 96}
{"stage": "identity_inventory", "utc": "2026-09-08T05:50:48.725449+00:00", "components": 64}
{"stage": "save_returned", "utc": "2026-09-08T05:51:04.602551+00:00", "path": "F:\\China Graduate Future Flight Vehicle Innovation Competition\\01_project\\competition\\SERVICE_ROBOT_MECHANICAL_CONSOLIDATION_20260905\\runs\\wp09_interfaces_20260907_1525\\system_completion\\cad\\G_167b9c576d92.SLDASM", "ok": true, "errors": 0}
{"stage": "group_completed", "utc": "2026-09-08T05:51:10.154709+00:00", "group": "G_167b9c576d92", "leaf_count": 96}
{"stage": "group_inserted", "utc": "2026-09-08T05:51:10.721713+00:00", "group": "G_8daac02a9b03", "count": 8}
{"stage": "group_inserted", "utc": "2026-09-08T05:51:11.100449+00:00", "group": "G_8daac02a9b03", "count": 16}
{"stage": "group_inserted", "utc": "2026-09-08T05:51:11.485098+00:00", "group": "G_8daac02a9b03", "count": 24}
{"stage": "group_inserted", "utc": "2026-09-08T05:51:11.984446+00:00", "group": "G_8daac02a9b03", "count": 32}
{"stage": "group_inserted", "utc": "2026-09-08T05:51:12.497149+00:00", "group": "G_8daac02a9b03", "count": 40}
{"stage": "group_inserted", "utc": "2026-09-08T05:51:12.811969+00:00", "group": "G_8daac02a9b03", "count": 48}
{"stage": "group_inserted", "utc": "2026-09-08T05:51:13.129788+00:00", "group": "G_8daac02a9b03", "count": 56}
{"stage": "group_inserted", "utc": "2026-09-08T05:51:13.430872+00:00", "group": "G_8daac02a9b03", "count": 64}
{"stage": "group_inserted", "utc": "2026-09-08T05:51:13.728589+00:00", "group": "G_8daac02a9b03", "count": 72}
{"stage": "group_inserted", "utc": "2026-09-08T05:51:14.043621+00:00", "group": "G_8daac02a9b03", "count": 80}
{"stage": "group_inserted", "utc": "2026-09-08T05:51:14.364858+00:00", "group": "G_8daac02a9b03", "count": 88}
{"stage": "group_inserted", "utc": "2026-09-08T05:51:14.685038+00:00", "group": "G_8daac02a9b03", "count": 96}
{"stage": "identity_inventory", "utc": "2026-09-08T05:51:15.221892+00:00", "components": 64}
{"stage": "save_returned", "utc": "2026-09-08T05:51:15.718000+00:00", "path": "F:\\China Graduate Future Flight Vehicle Innovation Competition\\01_project\\competition\\SERVICE_ROBOT_MECHANICAL_CONSOLIDATION_20260905\\runs\\wp09_interfaces_20260907_1525\\system_completion\\cad\\G_8daac02a9b03.SLDASM", "ok": true, "errors": 0}
{"stage": "group_completed", "utc": "2026-09-08T05:51:18.229945+00:00", "group": "G_8daac02a9b03", "leaf_count": 96}
{"stage": "group_inserted", "utc": "2026-09-08T05:51:18.658918+00:00", "group": "G_818428fb42c4", "count": 8}
{"stage": "group_inserted", "utc": "2026-09-08T05:51:18.943862+00:00", "group": "G_818428fb42c4", "count": 16}
{"stage": "group_inserted", "utc": "2026-09-08T05:51:19.207918+00:00", "group": "G_818428fb42c4", "count": 24}
{"stage": "group_inserted", "utc": "2026-09-08T05:51:19.495718+00:00", "group": "G_818428fb42c4", "count": 32}
{"stage": "group_inserted", "utc": "2026-09-08T05:51:19.776365+00:00", "group": "G_818428fb42c4", "count": 40}
{"stage": "group_inserted", "utc": "2026-09-08T05:51:20.063082+00:00", "group": "G_818428fb42c4", "count": 48}
{"stage": "group_inserted", "utc": "2026-09-08T05:51:20.357796+00:00", "group": "G_818428fb42c4", "count": 56}
{"stage": "group_inserted", "utc": "2026-09-08T05:51:20.644498+00:00", "group": "G_818428fb42c4", "count": 64}
{"stage": "group_inserted", "utc": "2026-09-08T05:51:20.935269+00:00", "group": "G_818428fb42c4", "count": 72}
{"stage": "group_inserted", "utc": "2026-09-08T05:51:21.207587+00:00", "group": "G_818428fb42c4", "count": 80}
{"stage": "group_inserted", "utc": "2026-09-08T05:51:21.497813+00:00", "group": "G_818428fb42c4", "count": 88}
{"stage": "group_inserted", "utc": "2026-09-08T05:51:21.800580+00:00", "group": "G_818428fb42c4", "count": 96}
{"stage": "identity_inventory", "utc": "2026-09-08T05:51:22.338592+00:00", "components": 64}
{"stage": "save_returned", "utc": "2026-09-08T05:51:22.802949+00:00", "path": "F:\\China Graduate Future Flight Vehicle Innovation Competition\\01_project\\competition\\SERVICE_ROBOT_MECHANICAL_CONSOLIDATION_20260905\\runs\\wp09_interfaces_20260907_1525\\system_completion\\cad\\G_818428fb42c4.SLDASM", "ok": true, "errors": 0}
{"stage": "group_completed", "utc": "2026-09-08T05:51:25.135308+00:00", "group": "G_818428fb42c4", "leaf_count": 96}
{"stage": "completed_saved_closed_exit", "utc": "2026-09-08T05:51:25.236115+00:00"}
