{"stage": "all_source_part_bytes_copied", "utc": "2026-09-07T11:56:20.817072+00:00", "count": 508}
{"stage": "closed_reference_replacement_started", "utc": "2026-09-07T11:56:21.154810+00:00", "state": "service", "unique_parts": 493}
{"stage": "closed_references_replaced", "utc": "2026-09-07T11:56:28.056803+00:00", "state": "service", "count": 25}
{"stage": "closed_references_replaced", "utc": "2026-09-07T11:56:35.035143+00:00", "state": "service", "count": 50}
{"stage": "closed_references_replaced", "utc": "2026-09-07T11:56:41.870137+00:00", "state": "service", "count": 75}
{"stage": "closed_references_replaced", "utc": "2026-09-07T11:56:48.713684+00:00", "state": "service", "count": 100}
{"stage": "closed_references_replaced", "utc": "2026-09-07T11:56:55.493000+00:00", "state": "service", "count": 125}
{"stage": "closed_references_replaced", "utc": "2026-09-07T11:57:02.444024+00:00", "state": "service", "count": 150}
{"stage": "closed_references_replaced", "utc": "2026-09-07T11:57:09.628307+00:00", "state": "service", "count": 175}
{"stage": "closed_references_replaced", "utc": "2026-09-07T11:57:16.595160+00:00", "state": "service", "count": 200}
{"stage": "closed_references_replaced", "utc": "2026-09-07T11:57:23.435417+00:00", "state": "service", "count": 225}
{"stage": "closed_references_replaced", "utc": "2026-09-07T11:57:30.587464+00:00", "state": "service", "count": 250}
{"stage": "closed_references_replaced", "utc": "2026-09-07T11:57:37.584353+00:00", "state": "service", "count": 275}
{"stage": "closed_references_replaced", "utc": "2026-09-07T11:57:44.595377+00:00", "state": "service", "count": 300}
{"stage": "closed_references_replaced", "utc": "2026-09-07T11:57:51.612148+00:00", "state": "service", "count": 325}
{"stage": "closed_references_replaced", "utc": "2026-09-07T11:57:58.657061+00:00", "state": "service", "count": 350}
{"stage": "closed_references_replaced", "utc": "2026-09-07T11:58:05.806888+00:00", "state": "service", "count": 375}
{"stage": "closed_references_replaced", "utc": "2026-09-07T11:58:13.516537+00:00", "state": "service", "count": 400}
{"stage": "closed_references_replaced", "utc": "2026-09-07T11:58:20.943203+00:00", "state": "service", "count": 425}
{"stage": "closed_references_replaced", "utc": "2026-09-07T11:58:28.166824+00:00", "state": "service", "count": 450}
{"stage": "closed_references_replaced", "utc": "2026-09-07T11:58:35.503069+00:00", "state": "service", "count": 475}
{"stage": "closed_reference_replacement_verified", "utc": "2026-09-07T11:58:42.732595+00:00", "state": "service"}
{"stage": "closed_reference_replacement_started", "utc": "2026-09-07T11:58:43.108073+00:00", "state": "parking", "unique_parts": 493}
{"stage": "closed_references_replaced", "utc": "2026-09-07T11:58:50.155826+00:00", "state": "parking", "count": 25}
{"stage": "closed_references_replaced", "utc": "2026-09-07T11:58:57.117451+00:00", "state": "parking", "count": 50}
{"stage": "closed_references_replaced", "utc": "2026-09-07T11:59:03.905900+00:00", "state": "parking", "count": 75}
{"stage": "closed_references_replaced", "utc": "2026-09-07T11:59:10.741351+00:00", "state": "parking", "count": 100}
{"stage": "closed_references_replaced", "utc": "2026-09-07T11:59:17.741697+00:00", "state": "parking", "count": 125}
{"stage": "closed_references_replaced", "utc": "2026-09-07T11:59:24.766967+00:00", "state": "parking", "count": 150}
{"stage": "closed_references_replaced", "utc": "2026-09-07T11:59:31.683674+00:00", "state": "parking", "count": 175}
{"stage": "closed_references_replaced", "utc": "2026-09-07T11:59:38.571554+00:00", "state": "parking", "count": 200}
{"stage": "closed_references_replaced", "utc": "2026-09-07T11:59:45.732232+00:00", "state": "parking", "count": 225}
{"stage": "closed_references_replaced", "utc": "2026-09-07T11:59:52.822035+00:00", "state": "parking", "count": 250}
{"stage": "closed_references_replaced", "utc": "2026-09-07T11:59:59.754869+00:00", "state": "parking", "count": 275}
{"stage": "closed_references_replaced", "utc": "2026-09-07T12:00:06.760065+00:00", "state": "parking", "count": 300}
{"stage": "closed_references_replaced", "utc": "2026-09-07T12:00:13.912297+00:00", "state": "parking", "count": 325}
{"stage": "closed_references_replaced", "utc": "2026-09-07T12:00:21.145217+00:00", "state": "parking", "count": 350}
{"stage": "closed_references_replaced", "utc": "2026-09-07T12:00:28.645909+00:00", "state": "parking", "count": 375}
{"stage": "closed_references_replaced", "utc": "2026-09-07T12:00:35.791847+00:00", "state": "parking", "count": 400}
{"stage": "closed_references_replaced", "utc": "2026-09-07T12:00:42.934095+00:00", "state": "parking", "count": 425}
{"stage": "closed_references_replaced", "utc": "2026-09-07T12:00:50.368411+00:00", "state": "parking", "count": 450}
{"stage": "closed_references_replaced", "utc": "2026-09-07T12:00:57.761631+00:00", "state": "parking", "count": 475}
{"stage": "closed_reference_replacement_verified", "utc": "2026-09-07T12:01:04.943600+00:00", "state": "parking"}
{"stage": "closed_reference_replacement_started", "utc": "2026-09-07T12:01:05.274919+00:00", "state": "released", "unique_parts": 493}
{"stage": "closed_references_replaced", "utc": "2026-09-07T12:01:12.200599+00:00", "state": "released", "count": 25}
{"stage": "closed_references_replaced", "utc": "2026-09-07T12:01:19.074224+00:00", "state": "released", "count": 50}
{"stage": "closed_references_replaced", "utc": "2026-09-07T12:01:25.927269+00:00", "state": "released", "count": 75}
{"stage": "closed_references_replaced", "utc": "2026-09-07T12:01:33.141304+00:00", "state": "released", "count": 100}
{"stage": "closed_references_replaced", "utc": "2026-09-07T12:01:40.113033+00:00", "state": "released", "count": 125}
{"stage": "closed_references_replaced", "utc": "2026-09-07T12:01:46.963914+00:00", "state": "released", "count": 150}
{"stage": "closed_references_replaced", "utc": "2026-09-07T12:01:53.948442+00:00", "state": "released", "count": 175}
{"stage": "closed_references_replaced", "utc": "2026-09-07T12:02:00.958987+00:00", "state": "released", "count": 200}
{"stage": "closed_references_replaced", "utc": "2026-09-07T12:02:08.000201+00:00", "state": "released", "count": 225}
{"stage": "closed_references_replaced", "utc": "2026-09-07T12:02:14.913626+00:00", "state": "released", "count": 250}
{"stage": "closed_references_replaced", "utc": "2026-09-07T12:02:21.853615+00:00", "state": "released", "count": 275}
{"stage": "closed_references_replaced", "utc": "2026-09-07T12:02:28.902430+00:00", "state": "released", "count": 300}
{"stage": "closed_references_replaced", "utc": "2026-09-07T12:02:36.216112+00:00", "state": "released", "count": 325}
{"stage": "closed_references_replaced", "utc": "2026-09-07T12:02:43.591147+00:00", "state": "released", "count": 350}
{"stage": "closed_references_replaced", "utc": "2026-09-07T12:02:50.802280+00:00", "state": "released", "count": 375}
{"stage": "closed_references_replaced", "utc": "2026-09-07T12:02:57.966077+00:00", "state": "released", "count": 400}
{"stage": "closed_references_replaced", "utc": "2026-09-07T12:03:05.382853+00:00", "state": "released", "count": 425}
{"stage": "closed_references_replaced", "utc": "2026-09-07T12:03:12.814066+00:00", "state": "released", "count": 450}
{"stage": "closed_references_replaced", "utc": "2026-09-07T12:03:20.141237+00:00", "state": "released", "count": 475}
{"stage": "closed_reference_replacement_verified", "utc": "2026-09-07T12:03:27.260047+00:00", "state": "released"}
{"stage": "empty_session_exit", "utc": "2026-09-07T12:03:28.271492+00:00"}
