    1C
    1UF3-P5A M0 Beam Load Path Model - UL_FZ                            
    1UUSER                                                              
    1UDATE              05.august.2026                                  
    1UTIME              22:36:12                                        
    1UHOST                                                              
    1UPGM               CalculiX                                        
    1UVERSION           Version 2.22                             
    1UCOMPILETIME       Mon Aug  5 19:15:25 CEST 2024                    
    1UDIR                                                               
    1UDBN                                                               
    1UMAT    1AL7075                                                    
    1UMAT    2SPRING                                                    
    1UMAT    3SPRING                                                    
    2C                            44                                     1
 -1       101-8.50000E+00 8.50000E+00 0.00000E+00
 -1       102-8.50000E+00-8.50000E+00 0.00000E+00
 -1       103 8.50000E+00-8.50000E+00 0.00000E+00
 -1       104 8.50000E+00 8.50000E+00 0.00000E+00
 -1       109-8.50000E+00 8.50000E+00 1.00000E+02
 -1       110-8.50000E+00-8.50000E+00 1.00000E+02
 -1       111 8.50000E+00-8.50000E+00 1.00000E+02
 -1       112 8.50000E+00 8.50000E+00 1.00000E+02
 -1       117-8.50000E+00 8.50000E+00 2.00000E+02
 -1       118-8.50000E+00-8.50000E+00 2.00000E+02
 -1       119 8.50000E+00-8.50000E+00 2.00000E+02
 -1       120 8.50000E+00 8.50000E+00 2.00000E+02
 -1       125-8.50000E+00 8.50000E+00 3.00000E+02
 -1       126-8.50000E+00-8.50000E+00 3.00000E+02
 -1       127 8.50000E+00-8.50000E+00 3.00000E+02
 -1       128 8.50000E+00 8.50000E+00 3.00000E+02
 -1       133-8.50000E+00 8.50000E+00 4.00000E+02
 -1       134-8.50000E+00-8.50000E+00 4.00000E+02
 -1       135 8.50000E+00-8.50000E+00 4.00000E+02
 -1       136 8.50000E+00 8.50000E+00 4.00000E+02
 -1       141-8.50000E+00 8.50000E+00 5.00000E+02
 -1       142-8.50000E+00-8.50000E+00 5.00000E+02
 -1       143 8.50000E+00-8.50000E+00 5.00000E+02
 -1       144 8.50000E+00 8.50000E+00 5.00000E+02
 -1       149-8.50000E+00 8.50000E+00 6.00000E+02
 -1       150-8.50000E+00-8.50000E+00 6.00000E+02
 -1       151 8.50000E+00-8.50000E+00 6.00000E+02
 -1       152 8.50000E+00 8.50000E+00 6.00000E+02
 -1       157-8.50000E+00 8.50000E+00 7.00000E+02
 -1       158-8.50000E+00-8.50000E+00 7.00000E+02
 -1       159 8.50000E+00-8.50000E+00 7.00000E+02
 -1       160 8.50000E+00 8.50000E+00 7.00000E+02
 -1       165-8.50000E+00 8.50000E+00 8.00000E+02
 -1       166-8.50000E+00-8.50000E+00 8.00000E+02
 -1       167 8.50000E+00-8.50000E+00 8.00000E+02
 -1       168 8.50000E+00 8.50000E+00 8.00000E+02
 -1       173-8.50000E+00 8.50000E+00 9.00000E+02
 -1       174-8.50000E+00-8.50000E+00 9.00000E+02
 -1       175 8.50000E+00-8.50000E+00 9.00000E+02
 -1       176 8.50000E+00 8.50000E+00 9.00000E+02
 -1       181-8.50000E+00 8.50000E+00 1.00000E+03
 -1       182-8.50000E+00-8.50000E+00 1.00000E+03
 -1       183 8.50000E+00-8.50000E+00 1.00000E+03
 -1       184 8.50000E+00 8.50000E+00 1.00000E+03
 -3
    3C                            10                                     1
 -1         1    1    0    1
 -2       101       109       110       102       104       112       111       103
 -1         2    1    0    1
 -2       109       117       118       110       112       120       119       111
 -1         3    1    0    1
 -2       117       125       126       118       120       128       127       119
 -1         4    1    0    1
 -2       125       133       134       126       128       136       135       127
 -1         5    1    0    1
 -2       133       141       142       134       136       144       143       135
 -1         6    1    0    1
 -2       141       149       150       142       144       152       151       143
 -1         7    1    0    1
 -2       149       157       158       150       152       160       159       151
 -1         8    1    0    1
 -2       157       165       166       158       160       168       167       159
 -1         9    1    0    1
 -2       165       173       174       166       168       176       175       167
 -1        10    1    0    1
 -2       173       181       182       174       176       184       183       175
 -3
    1PSTEP                         1           1           1          
  100CL  101 1.000000000          44                     0    1           1
 -4  DISP        4    1
 -5  D1          1    2    1    0
 -5  D2          1    2    2    0
 -5  D3          1    2    3    0
 -5  ALL         1    2    0    0    1ALL
 -1       101 1.80793E-05 1.78086E-05 4.17065E-07
 -1       102-1.78086E-05 1.80793E-05-1.63632E-06
 -1       103-1.80793E-05-1.78086E-05-4.17065E-07
 -1       104 1.78086E-05-1.80793E-05 1.63632E-06
 -1       109 1.09072E-05 5.72982E-06 5.24302E-06
 -1       110-2.49807E-05 6.00055E-06 3.18963E-06
 -1       111-2.52514E-05-2.98873E-05 4.40889E-06
 -1       112 1.06365E-05-3.01581E-05 6.46228E-06
 -1       117 3.73509E-06-6.34894E-06 1.00690E-05
 -1       118-3.21528E-05-6.07821E-06 8.01558E-06
 -1       119-3.24235E-05-4.19661E-05 9.23484E-06
 -1       120 3.46435E-06-4.22368E-05 1.12882E-05
 -1       125-3.43703E-06-1.84277E-05 1.48949E-05
 -1       126-3.93249E-05-1.81570E-05 1.28415E-05
 -1       127-3.95957E-05-5.40449E-05 1.40608E-05
 -1       128-3.70776E-06-5.43156E-05 1.61142E-05
 -1       133-1.06091E-05-3.05065E-05 1.97209E-05
 -1       134-4.64970E-05-3.02357E-05 1.76675E-05
 -1       135-4.67678E-05-6.61236E-05 1.88867E-05
 -1       136-1.08799E-05-6.63944E-05 2.09401E-05
 -1       141-1.77813E-05-4.25852E-05 2.45468E-05
 -1       142-5.36691E-05-4.23145E-05 2.24934E-05
 -1       143-5.39399E-05-7.82024E-05 2.37127E-05
 -1       144-1.80520E-05-7.84731E-05 2.57661E-05
 -1       149-2.49534E-05-5.46640E-05 2.93728E-05
 -1       150-6.08413E-05-5.43933E-05 2.73194E-05
 -1       151-6.11120E-05-9.02811E-05 2.85386E-05
 -1       152-2.52241E-05-9.05519E-05 3.05920E-05
 -1       157-3.21255E-05-6.67428E-05 3.41987E-05
 -1       158-6.80134E-05-6.64720E-05 3.21453E-05
 -1       159-6.82841E-05-1.02360E-04 3.33646E-05
 -1       160-3.23962E-05-1.02631E-04 3.54180E-05
 -1       165-3.92976E-05-7.88215E-05 3.90247E-05
 -1       166-7.51855E-05-7.85508E-05 3.69713E-05
 -1       167-7.54562E-05-1.14439E-04 3.81906E-05
 -1       168-3.95683E-05-1.14709E-04 4.02439E-05
 -1       173-4.64697E-05-9.09003E-05 4.38506E-05
 -1       174-8.23576E-05-9.06295E-05 4.17972E-05
 -1       175-8.26283E-05-1.26517E-04 4.30165E-05
 -1       176-4.67404E-05-1.26788E-04 4.50699E-05
 -1       181-5.36418E-05-1.02979E-04 4.86766E-05
 -1       182-8.95297E-05-1.02708E-04 4.66232E-05
 -1       183-8.98005E-05-1.38596E-04 4.78425E-05
 -1       184-5.39126E-05-1.38867E-04 4.98958E-05
 -3
    1PSTEP                         2           1           1          
  100CL  101 1.000000000          44                     0    1           1
 -4  STRESS      6    1
 -5  SXX         1    4    1    1
 -5  SYY         1    4    2    2
 -5  SZZ         1    4    3    3
 -5  SXY         1    4    1    2
 -5  SYZ         1    4    2    3
 -5  SZX         1    4    3    1
 -1       101 1.97217E-15 1.20446E-15 3.46007E-03-7.76827E-16 1.32117E-15 8.49937E-16
 -1       102-4.91418E-15-4.61988E-15 3.46007E-03-2.27381E-15 1.06798E-15 4.02439E-16
 -1       103-1.98664E-15-1.29545E-15 3.46007E-03 7.76826E-16 1.36463E-15 9.11246E-16
 -1       104 4.91023E-15 4.53601E-15 3.46007E-03 2.26128E-15 1.11346E-15 3.42818E-16
 -1       109 7.19382E-16 3.95125E-16 3.46007E-03-2.63121E-16 1.76426E-15 1.36106E-15
 -1       110-1.99613E-15-1.94777E-15 3.46007E-03-9.11166E-16 1.39293E-15-1.08951E-16
 -1       111-6.75031E-16-4.21127E-16 3.46007E-03 2.66739E-16 1.02240E-15 6.02817E-16
 -1       112 2.02178E-15 1.91496E-15 3.46007E-03 9.31908E-16 6.54392E-16 6.47635E-16
 -1       117-2.00263E-16-9.44098E-17 3.46007E-03 7.86599E-17 2.52721E-15 2.20705E-15
 -1       118 5.42037E-16 4.78827E-16 3.46007E-03 2.86437E-16 2.08431E-15-1.00568E-15
 -1       119 2.28648E-16 1.62018E-16 3.46007E-03-1.78135E-17 1.51158E-16-1.43817E-16
 -1       120-5.77883E-16-4.68117E-16 3.46007E-03-2.44393E-16-2.89728E-16 1.34358E-15
 -1       125-6.08351E-16-2.71390E-16 3.46007E-03 1.64687E-16 2.79622E-15 2.41800E-15
 -1       126 1.81385E-15 1.79700E-15 3.46007E-03 8.81581E-16 2.49905E-15-1.52193E-15
 -1       127 5.04824E-16 3.32541E-16 3.46007E-03-2.01174E-16-5.09146E-16-8.91742E-16
 -1       128-1.93052E-15-1.76946E-15 3.46007E-03-8.65019E-16-7.97096E-16 1.79376E-15
 -1       133-8.26747E-16-8.34075E-16 3.46007E-03 5.05574E-16 1.58829E-15 1.52947E-15
 -1       134 2.64716E-15 2.57257E-15 3.46007E-03 1.35416E-15 1.54835E-15-1.48420E-15
 -1       135 6.49313E-16 5.47791E-16 3.46007E-03-4.29693E-16-1.17927E-15-1.32558E-15
 -1       136-2.59842E-15-2.77011E-15 3.46007E-03-1.25947E-15-1.20864E-15 1.37006E-15
 -1       141-8.27046E-16-7.26060E-16 3.46007E-03 3.94401E-16 3.21143E-16 4.76977E-16
 -1       142 2.08358E-15 2.03367E-15 3.46007E-03 1.01376E-15 5.59637E-16-1.20148E-15
 -1       143 8.64671E-16 5.94675E-16 3.46007E-03-4.28239E-16-1.74016E-15-1.57326E-15
 -1       144-2.21124E-15-2.25422E-15 3.46007E-03-1.09438E-15-1.48915E-15 8.49714E-16
 -1       149-1.20448E-15-8.97821E-16 3.46007E-03 5.30345E-16-1.28861E-16 2.07249E-16
 -1       150 1.95865E-15 1.81048E-15 3.46007E-03 9.09356E-16 2.90351E-16-1.40559E-15
 -1       151 1.30082E-15 1.00852E-15 3.46007E-03-5.24077E-16-2.57841E-15-2.28721E-15
 -1       152-1.99969E-15-1.85331E-15 3.46007E-03-9.09356E-16-2.14223E-15 1.09534E-15
 -1       157 7.65055E-17 1.29585E-16 3.46007E-03-8.17185E-17-1.30699E-15-6.40948E-16
 -1       158-4.26047E-16-2.70626E-16 3.46007E-03-1.50827E-16-8.45995E-16-7.68655E-16
 -1       159-2.81532E-16-1.67065E-16 3.46007E-03 1.08320E-16-2.63135E-15-1.83759E-15
 -1       160 4.40151E-16 5.66733E-16 3.46007E-03 1.96231E-16-2.16496E-15 4.49034E-16
 -1       165 1.73483E-15 6.72303E-16 3.46007E-03-7.63826E-16-2.00771E-15-1.63235E-15
 -1       166-3.63989E-15-4.01555E-15 3.46007E-03-1.84888E-15-1.73044E-15 9.65362E-16
 -1       167-1.54185E-15-8.82617E-16 3.46007E-03 5.65282E-16 5.30448E-17 3.10618E-16
 -1       168 3.64756E-15 3.61828E-15 3.46007E-03 1.56136E-15 3.21428E-16-9.88261E-16
 -1       173 9.04142E-16 4.64665E-16 3.46007E-03-3.81865E-16-1.09512E-15-1.25908E-15
 -1       174-1.69137E-15-1.69835E-15 3.46007E-03-6.56811E-16-1.05200E-15 1.21066E-15
 -1       175-8.44568E-16-5.45044E-16 3.46007E-03 3.80488E-16 1.26426E-15 1.12880E-15
 -1       176 1.57628E-15 1.51853E-15 3.46007E-03 7.31875E-16 1.30015E-15-1.22532E-15
 -1       181-5.70613E-16-5.98363E-17 3.46007E-03 2.68269E-16-5.31249E-16-5.79469E-16
 -1       182 9.52983E-16 1.07999E-15 3.46007E-03 3.16990E-16-5.81109E-16 6.81426E-16
 -1       183 7.97932E-16 9.19211E-16 3.46007E-03-2.79684E-16 8.63187E-16 7.67485E-16
 -1       184-7.52710E-16-3.93958E-16 3.46007E-03-3.62652E-16 8.42146E-16-6.78426E-16
 -3
    1PSTEP                         3           1           1          
  100CL  101 1.000000000          44                     0    1           1
 -4  ERROR       1    1
 -5  STR(%)      1    1    0    0
 -1       101 3.55036E-10
 -1       102 3.55036E-10
 -1       103 3.55036E-10
 -1       104 3.55036E-10
 -1       109 1.03024E-09
 -1       110 1.03024E-09
 -1       111 1.03024E-09
 -1       112 1.03024E-09
 -1       117 1.64020E-09
 -1       118 1.64020E-09
 -1       119 1.64020E-09
 -1       120 1.64020E-09
 -1       125 2.13581E-09
 -1       126 2.13581E-09
 -1       127 2.13581E-09
 -1       128 2.13581E-09
 -1       133 2.20254E-09
 -1       134 2.20254E-09
 -1       135 2.20254E-09
 -1       136 2.20254E-09
 -1       141 2.20254E-09
 -1       142 2.20254E-09
 -1       143 2.20254E-09
 -1       144 2.20254E-09
 -1       149 1.89298E-09
 -1       150 1.89298E-09
 -1       151 1.89298E-09
 -1       152 1.89298E-09
 -1       157 1.29491E-09
 -1       158 1.29491E-09
 -1       159 1.29491E-09
 -1       160 1.29491E-09
 -1       165 4.17908E-10
 -1       166 4.17908E-10
 -1       167 4.17908E-10
 -1       168 4.17908E-10
 -1       173 8.32139E-11
 -1       174 8.32139E-11
 -1       175 8.32139E-11
 -1       176 8.32139E-11
 -1       181 3.84736E-11
 -1       182 3.84736E-11
 -1       183 3.84736E-11
 -1       184 3.84736E-11
 -3
 9999
