    1C
    1UF3-P5A M0 Beam Load Path Model - UL_NEG_MY                        
    1UUSER                                                              
    1UDATE              05.august.2026                                  
    1UTIME              22:36:13                                        
    1UHOST                                                              
    1UPGM               CalculiX                                        
    1UVERSION           Version 2.22                             
    1UCOMPILETIME       Mon Aug  5 19:15:25 CEST 2024                    
    1UDIR                                                               
    1UDBN                                                               
    1UMAT    1AL7075                                                    
    1UMAT    2SPRING                                                    
    1UMAT    3SPRING                                                    
    2C                            44                                     1
 -1       101-8.50000E+00 8.50000E+00 0.00000E+00
 -1       102-8.50000E+00-8.50000E+00 0.00000E+00
 -1       103 8.50000E+00-8.50000E+00 0.00000E+00
 -1       104 8.50000E+00 8.50000E+00 0.00000E+00
 -1       109-8.50000E+00 8.50000E+00 1.00000E+02
 -1       110-8.50000E+00-8.50000E+00 1.00000E+02
 -1       111 8.50000E+00-8.50000E+00 1.00000E+02
 -1       112 8.50000E+00 8.50000E+00 1.00000E+02
 -1       117-8.50000E+00 8.50000E+00 2.00000E+02
 -1       118-8.50000E+00-8.50000E+00 2.00000E+02
 -1       119 8.50000E+00-8.50000E+00 2.00000E+02
 -1       120 8.50000E+00 8.50000E+00 2.00000E+02
 -1       125-8.50000E+00 8.50000E+00 3.00000E+02
 -1       126-8.50000E+00-8.50000E+00 3.00000E+02
 -1       127 8.50000E+00-8.50000E+00 3.00000E+02
 -1       128 8.50000E+00 8.50000E+00 3.00000E+02
 -1       133-8.50000E+00 8.50000E+00 4.00000E+02
 -1       134-8.50000E+00-8.50000E+00 4.00000E+02
 -1       135 8.50000E+00-8.50000E+00 4.00000E+02
 -1       136 8.50000E+00 8.50000E+00 4.00000E+02
 -1       141-8.50000E+00 8.50000E+00 5.00000E+02
 -1       142-8.50000E+00-8.50000E+00 5.00000E+02
 -1       143 8.50000E+00-8.50000E+00 5.00000E+02
 -1       144 8.50000E+00 8.50000E+00 5.00000E+02
 -1       149-8.50000E+00 8.50000E+00 6.00000E+02
 -1       150-8.50000E+00-8.50000E+00 6.00000E+02
 -1       151 8.50000E+00-8.50000E+00 6.00000E+02
 -1       152 8.50000E+00 8.50000E+00 6.00000E+02
 -1       157-8.50000E+00 8.50000E+00 7.00000E+02
 -1       158-8.50000E+00-8.50000E+00 7.00000E+02
 -1       159 8.50000E+00-8.50000E+00 7.00000E+02
 -1       160 8.50000E+00 8.50000E+00 7.00000E+02
 -1       165-8.50000E+00 8.50000E+00 8.00000E+02
 -1       166-8.50000E+00-8.50000E+00 8.00000E+02
 -1       167 8.50000E+00-8.50000E+00 8.00000E+02
 -1       168 8.50000E+00 8.50000E+00 8.00000E+02
 -1       173-8.50000E+00 8.50000E+00 9.00000E+02
 -1       174-8.50000E+00-8.50000E+00 9.00000E+02
 -1       175 8.50000E+00-8.50000E+00 9.00000E+02
 -1       176 8.50000E+00 8.50000E+00 9.00000E+02
 -1       181-8.50000E+00 8.50000E+00 1.00000E+03
 -1       182-8.50000E+00-8.50000E+00 1.00000E+03
 -1       183 8.50000E+00-8.50000E+00 1.00000E+03
 -1       184 8.50000E+00 8.50000E+00 1.00000E+03
 -3
    3C                            10                                     1
 -1         1    1    0    1
 -2       101       109       110       102       104       112       111       103
 -1         2    1    0    1
 -2       109       117       118       110       112       120       119       111
 -1         3    1    0    1
 -2       117       125       126       118       120       128       127       119
 -1         4    1    0    1
 -2       125       133       134       126       128       136       135       127
 -1         5    1    0    1
 -2       133       141       142       134       136       144       143       135
 -1         6    1    0    1
 -2       141       149       150       142       144       152       151       143
 -1         7    1    0    1
 -2       149       157       158       150       152       160       159       151
 -1         8    1    0    1
 -2       157       165       166       158       160       168       167       159
 -1         9    1    0    1
 -2       165       173       174       166       168       176       175       167
 -1        10    1    0    1
 -2       173       181       182       174       176       184       183       175
 -3
    1PSTEP                         1           1           1          
  100CL  101 1.000000000          44                     0    1           1
 -4  DISP        4    1
 -5  D1          1    2    1    0
 -5  D2          1    2    2    0
 -5  D3          1    2    3    0
 -5  ALL         1    2    0    0    1ALL
 -1       101 2.32995E+07 2.32995E+07-5.49349E+06
 -1       102-2.32995E+07 2.32995E+07 3.51025E+06
 -1       103-2.32995E+07-2.32995E+07 5.49349E+06
 -1       104 2.32995E+07-2.32995E+07-3.51025E+06
 -1       109 1.16333E+07 7.62627E+07-5.49349E+06
 -1       110-3.49656E+07 7.62627E+07 3.51025E+06
 -1       111-3.49656E+07 2.96637E+07 5.49349E+06
 -1       112 1.16333E+07 2.96637E+07-3.51025E+06
 -1       117-3.27979E+04 1.29226E+08-5.49349E+06
 -1       118-4.66318E+07 1.29226E+08 3.51025E+06
 -1       119-4.66318E+07 8.26269E+07 5.49349E+06
 -1       120-3.27979E+04 8.26269E+07-3.51025E+06
 -1       125-1.16989E+07 1.82189E+08-5.49349E+06
 -1       126-5.82979E+07 1.82189E+08 3.51025E+06
 -1       127-5.82979E+07 1.35590E+08 5.49349E+06
 -1       128-1.16989E+07 1.35590E+08-3.51025E+06
 -1       133-2.33651E+07 2.35152E+08-5.49349E+06
 -1       134-6.99641E+07 2.35152E+08 3.51025E+06
 -1       135-6.99641E+07 1.88553E+08 5.49349E+06
 -1       136-2.33651E+07 1.88553E+08-3.51025E+06
 -1       141-3.50312E+07 2.88115E+08-5.49349E+06
 -1       142-8.16302E+07 2.88115E+08 3.51025E+06
 -1       143-8.16302E+07 2.41516E+08 5.49349E+06
 -1       144-3.50312E+07 2.41516E+08-3.51025E+06
 -1       149-4.66974E+07 3.41079E+08-5.49349E+06
 -1       150-9.32964E+07 3.41079E+08 3.51025E+06
 -1       151-9.32964E+07 2.94480E+08 5.49349E+06
 -1       152-4.66974E+07 2.94480E+08-3.51025E+06
 -1       157-5.83635E+07 3.94042E+08-5.49349E+06
 -1       158-1.04962E+08 3.94042E+08 3.51025E+06
 -1       159-1.04962E+08 3.47443E+08 5.49349E+06
 -1       160-5.83635E+07 3.47443E+08-3.51025E+06
 -1       165-7.00297E+07 4.47005E+08-5.49349E+06
 -1       166-1.16629E+08 4.47005E+08 3.51025E+06
 -1       167-1.16629E+08 4.00406E+08 5.49349E+06
 -1       168-7.00297E+07 4.00406E+08-3.51025E+06
 -1       173-8.16958E+07 4.99968E+08-5.49349E+06
 -1       174-1.28295E+08 4.99968E+08 3.51025E+06
 -1       175-1.28295E+08 4.53369E+08 5.49349E+06
 -1       176-8.16958E+07 4.53369E+08-3.51025E+06
 -1       181-9.33619E+07 5.52931E+08-5.49349E+06
 -1       182-1.39961E+08 5.52931E+08 3.51025E+06
 -1       183-1.39961E+08 5.06332E+08 5.49349E+06
 -1       184-9.33619E+07 5.06332E+08-3.51025E+06
 -3
    1PSTEP                         2           1           1          
  100CL  101 1.000000000          44                     0    1           1
 -4  STRESS      6    1
 -5  SXX         1    4    1    1
 -5  SYY         1    4    2    2
 -5  SZZ         1    4    3    3
 -5  SXY         1    4    1    2
 -5  SYZ         1    4    2    3
 -5  SZX         1    4    3    1
 -1       101-1.49661E-02-1.55196E-02-1.22780E-01 7.15721E-03-1.78857E-03 3.12976E-03
 -1       102-2.15024E-03-4.60801E-03-2.59710E-02-1.68086E-03-3.29278E-03 4.30399E-03
 -1       103 1.50465E-02 1.54709E-02 1.22136E-01-7.25672E-03-1.58257E-03 3.34872E-03
 -1       104 2.22849E-03 4.55931E-03 2.53291E-02 1.59513E-03-3.08135E-03 4.07681E-03
 -1       109-5.58309E-03-5.71953E-03-2.17068E-01 2.78381E-03-8.00577E-04 3.36625E-03
 -1       110-9.89421E-04-1.80904E-03-4.75142E-02-7.02585E-04-2.88473E-03 3.80831E-03
 -1       111 5.64799E-03 5.89371E-03 2.16490E-01-2.73159E-03-1.63532E-03 2.51045E-03
 -1       112 1.06561E-03 1.99049E-03 4.69432E-02 7.01521E-04-3.72147E-03 4.65792E-03
 -1       117 1.72755E-03 2.00059E-03-4.04222E-01-1.02688E-03 3.28582E-04 3.48593E-03
 -1       118 5.90753E-04 8.56119E-04-9.10114E-02 3.30547E-04-2.12062E-03 2.91240E-03
 -1       119-1.85642E-03-2.11380E-03 4.03315E-01 8.41023E-04-1.78222E-03 1.36512E-03
 -1       120-7.77532E-04-9.99791E-04 9.00729E-02-3.99747E-04-4.23586E-03 5.03396E-03
 -1       125 1.45157E-03 5.30379E-04-5.81230E-01-3.55319E-04 8.07209E-04 3.87957E-03
 -1       126-4.14459E-03-4.50951E-03-1.40059E-01-1.99623E-03-1.67766E-03 2.21526E-03
 -1       127-1.19066E-03-8.24515E-04 5.80295E-01 6.38560E-04-1.87699E-03 1.20358E-03
 -1       128 4.43783E-03 4.32009E-03 1.39172E-01 2.15272E-03-4.36431E-03 4.88959E-03
 -1       133 1.21018E-03 1.05555E-03-7.36814E-01-1.08086E-03 2.50307E-03 5.00901E-03
 -1       134-8.02655E-03-8.03733E-03-2.48743E-01-4.17323E-03-7.30000E-04 3.69766E-03
 -1       135-2.33484E-03-2.08849E-03 7.35687E-01 5.10740E-04 1.45953E-03 3.92904E-03
 -1       136 7.19583E-03 7.49099E-03 2.47879E-01 3.62243E-03-1.82344E-03 4.78789E-03
 -1       141 3.01235E-03 3.27855E-03-8.62770E-01-1.24343E-03 3.80436E-03 5.82627E-03
 -1       142-4.47620E-03-3.41193E-03-4.68834E-01-1.81504E-03-6.98377E-05 5.32331E-03
 -1       143-3.08132E-03-2.28837E-03 8.62315E-01 1.53586E-03 4.94427E-03 6.90725E-03
 -1       144 4.02862E-03 3.74565E-03 4.68034E-01 1.91231E-03 1.01744E-03 4.25217E-03
 -1       149 4.83229E-03 4.77254E-03-9.48233E-01-2.35802E-03 3.12006E-03 4.28871E-03
 -1       150-6.05326E-04 3.23582E-04-7.52897E-01-3.53851E-04-5.42155E-04 5.74852E-03
 -1       151-4.70719E-03-5.15033E-03 9.47060E-01 2.17778E-03 7.12472E-03 8.29938E-03
 -1       152 8.49367E-04-3.51186E-05 7.51973E-01-3.85430E-05 3.45707E-03 1.72849E-03
 -1       157 1.30347E-03 1.68028E-03-9.75150E-01-9.79682E-05 5.32784E-03 4.88797E-03
 -1       158 5.46573E-03 5.35452E-03-1.04217E+00 2.38464E-03 2.47799E-03 3.17949E-03
 -1       159-1.96456E-04-4.59112E-06 9.75280E-01 1.07651E-03 6.24013E-03 5.88238E-03
 -1       160-4.30090E-03-3.63205E-03 1.04234E+00-1.78129E-03 3.40659E-03 2.17393E-03
 -1       165-8.08023E-03-5.80252E-03-9.92950E-01 3.03145E-03 5.47991E-03 5.97050E-03
 -1       166 1.38732E-02 1.23644E-02-1.25004E+00 6.11178E-03 3.67700E-03-1.27587E-03
 -1       167 8.00361E-03 7.63690E-03 9.92844E-01-3.28976E-03-8.69381E-04-4.30369E-04
 -1       168-1.38786E-02-1.02643E-02 1.25003E+00-6.57079E-03-2.74990E-03 5.12229E-03
 -1       173-3.22297E-04 1.33196E-03-1.06957E+00 1.04377E-04-6.44710E-04 2.10761E-03
 -1       174 5.11433E-03 5.35677E-03-1.29376E+00 2.39608E-03-1.42762E-03 9.24002E-06
 -1       175 7.03763E-05-1.25834E-03 1.06931E+00 2.75461E-04-3.89172E-03-1.04328E-03
 -1       176-5.24612E-03-4.76641E-03 1.29376E+00-2.10903E-03-4.79593E-03 3.16276E-03
 -1       181 1.14947E-02 1.16352E-02-1.12636E+00-5.67738E-03-4.47812E-03-2.28323E-04
 -1       182-6.97799E-03-4.49032E-03-1.27321E+00-3.13645E-03-4.83453E-03 2.42985E-03
 -1       183-1.10233E-02-1.12997E-02 1.12652E+00 5.15988E-03-2.66185E-03 1.06710E-03
 -1       184 7.89937E-03 4.41319E-03 1.27354E+00 3.03783E-03-3.08241E-03 1.13880E-03
 -3
    1PSTEP                         3           1           1          
  100CL  101 1.000000000          44                     0    1           1
 -4  ERROR       1    1
 -5  STR(%)      1    1    0    0
 -1       101 1.23901E+02
 -1       102 1.23901E+02
 -1       103 1.23901E+02
 -1       104 1.23901E+02
 -1       109 1.28054E+02
 -1       110 1.28054E+02
 -1       111 1.28054E+02
 -1       112 1.28054E+02
 -1       117 1.28054E+02
 -1       118 1.28054E+02
 -1       119 1.28054E+02
 -1       120 1.28054E+02
 -1       125 1.24806E+02
 -1       126 1.24806E+02
 -1       127 1.24806E+02
 -1       128 1.24806E+02
 -1       133 1.23902E+02
 -1       134 1.23902E+02
 -1       135 1.23902E+02
 -1       136 1.23902E+02
 -1       141 1.24439E+02
 -1       142 1.24439E+02
 -1       143 1.24439E+02
 -1       144 1.24439E+02
 -1       149 1.24439E+02
 -1       150 1.24439E+02
 -1       151 1.24439E+02
 -1       152 1.24439E+02
 -1       157 1.24348E+02
 -1       158 1.24348E+02
 -1       159 1.24348E+02
 -1       160 1.24348E+02
 -1       165 1.23761E+02
 -1       166 1.23761E+02
 -1       167 1.23761E+02
 -1       168 1.23761E+02
 -1       173 1.22261E+02
 -1       174 1.22261E+02
 -1       175 1.22261E+02
 -1       176 1.22261E+02
 -1       181 1.22261E+02
 -1       182 1.22261E+02
 -1       183 1.22261E+02
 -1       184 1.22261E+02
 -3
 9999
