    1C
    1UF3-P5A M0 Beam Load Path Model - UL_NEG_MX                        
    1UUSER                                                              
    1UDATE              05.august.2026                                  
    1UTIME              22:36:13                                        
    1UHOST                                                              
    1UPGM               CalculiX                                        
    1UVERSION           Version 2.22                             
    1UCOMPILETIME       Mon Aug  5 19:15:25 CEST 2024                    
    1UDIR                                                               
    1UDBN                                                               
    1UMAT    1AL7075                                                    
    1UMAT    2SPRING                                                    
    1UMAT    3SPRING                                                    
    2C                            44                                     1
 -1       101-8.50000E+00 8.50000E+00 0.00000E+00
 -1       102-8.50000E+00-8.50000E+00 0.00000E+00
 -1       103 8.50000E+00-8.50000E+00 0.00000E+00
 -1       104 8.50000E+00 8.50000E+00 0.00000E+00
 -1       109-8.50000E+00 8.50000E+00 1.00000E+02
 -1       110-8.50000E+00-8.50000E+00 1.00000E+02
 -1       111 8.50000E+00-8.50000E+00 1.00000E+02
 -1       112 8.50000E+00 8.50000E+00 1.00000E+02
 -1       117-8.50000E+00 8.50000E+00 2.00000E+02
 -1       118-8.50000E+00-8.50000E+00 2.00000E+02
 -1       119 8.50000E+00-8.50000E+00 2.00000E+02
 -1       120 8.50000E+00 8.50000E+00 2.00000E+02
 -1       125-8.50000E+00 8.50000E+00 3.00000E+02
 -1       126-8.50000E+00-8.50000E+00 3.00000E+02
 -1       127 8.50000E+00-8.50000E+00 3.00000E+02
 -1       128 8.50000E+00 8.50000E+00 3.00000E+02
 -1       133-8.50000E+00 8.50000E+00 4.00000E+02
 -1       134-8.50000E+00-8.50000E+00 4.00000E+02
 -1       135 8.50000E+00-8.50000E+00 4.00000E+02
 -1       136 8.50000E+00 8.50000E+00 4.00000E+02
 -1       141-8.50000E+00 8.50000E+00 5.00000E+02
 -1       142-8.50000E+00-8.50000E+00 5.00000E+02
 -1       143 8.50000E+00-8.50000E+00 5.00000E+02
 -1       144 8.50000E+00 8.50000E+00 5.00000E+02
 -1       149-8.50000E+00 8.50000E+00 6.00000E+02
 -1       150-8.50000E+00-8.50000E+00 6.00000E+02
 -1       151 8.50000E+00-8.50000E+00 6.00000E+02
 -1       152 8.50000E+00 8.50000E+00 6.00000E+02
 -1       157-8.50000E+00 8.50000E+00 7.00000E+02
 -1       158-8.50000E+00-8.50000E+00 7.00000E+02
 -1       159 8.50000E+00-8.50000E+00 7.00000E+02
 -1       160 8.50000E+00 8.50000E+00 7.00000E+02
 -1       165-8.50000E+00 8.50000E+00 8.00000E+02
 -1       166-8.50000E+00-8.50000E+00 8.00000E+02
 -1       167 8.50000E+00-8.50000E+00 8.00000E+02
 -1       168 8.50000E+00 8.50000E+00 8.00000E+02
 -1       173-8.50000E+00 8.50000E+00 9.00000E+02
 -1       174-8.50000E+00-8.50000E+00 9.00000E+02
 -1       175 8.50000E+00-8.50000E+00 9.00000E+02
 -1       176 8.50000E+00 8.50000E+00 9.00000E+02
 -1       181-8.50000E+00 8.50000E+00 1.00000E+03
 -1       182-8.50000E+00-8.50000E+00 1.00000E+03
 -1       183 8.50000E+00-8.50000E+00 1.00000E+03
 -1       184 8.50000E+00 8.50000E+00 1.00000E+03
 -3
    3C                            10                                     1
 -1         1    1    0    1
 -2       101       109       110       102       104       112       111       103
 -1         2    1    0    1
 -2       109       117       118       110       112       120       119       111
 -1         3    1    0    1
 -2       117       125       126       118       120       128       127       119
 -1         4    1    0    1
 -2       125       133       134       126       128       136       135       127
 -1         5    1    0    1
 -2       133       141       142       134       136       144       143       135
 -1         6    1    0    1
 -2       141       149       150       142       144       152       151       143
 -1         7    1    0    1
 -2       149       157       158       150       152       160       159       151
 -1         8    1    0    1
 -2       157       165       166       158       160       168       167       159
 -1         9    1    0    1
 -2       165       173       174       166       168       176       175       167
 -1        10    1    0    1
 -2       173       181       182       174       176       184       183       175
 -3
    1PSTEP                         1           1           1          
  100CL  101 1.000000000          44                     0    1           1
 -4  DISP        4    1
 -5  D1          1    2    1    0
 -5  D2          1    2    2    0
 -5  D3          1    2    3    0
 -5  ALL         1    2    0    0    1ALL
 -1       101-3.52732E+07-3.52732E+07-3.48465E+05
 -1       102 3.52732E+07-3.52732E+07 9.08658E+06
 -1       103 3.52732E+07 3.52732E+07 3.48465E+05
 -1       104-3.52732E+07 3.52732E+07-9.08658E+06
 -1       109 1.61275E+07 2.02271E+07-3.48465E+05
 -1       110 8.66738E+07 2.02271E+07 9.08658E+06
 -1       111 8.66738E+07 9.07734E+07 3.48465E+05
 -1       112 1.61275E+07 9.07734E+07-9.08658E+06
 -1       117 6.75282E+07 7.57274E+07-3.48465E+05
 -1       118 1.38074E+08 7.57274E+07 9.08658E+06
 -1       119 1.38074E+08 1.46274E+08 3.48465E+05
 -1       120 6.75282E+07 1.46274E+08-9.08658E+06
 -1       125 1.18929E+08 1.31228E+08-3.48465E+05
 -1       126 1.89475E+08 1.31228E+08 9.08658E+06
 -1       127 1.89475E+08 2.01774E+08 3.48465E+05
 -1       128 1.18929E+08 2.01774E+08-9.08658E+06
 -1       133 1.70330E+08 1.86728E+08-3.48465E+05
 -1       134 2.40876E+08 1.86728E+08 9.08658E+06
 -1       135 2.40876E+08 2.57274E+08 3.48465E+05
 -1       136 1.70330E+08 2.57274E+08-9.08658E+06
 -1       141 2.21730E+08 2.42228E+08-3.48465E+05
 -1       142 2.92276E+08 2.42228E+08 9.08658E+06
 -1       143 2.92276E+08 3.12774E+08 3.48465E+05
 -1       144 2.21730E+08 3.12774E+08-9.08658E+06
 -1       149 2.73131E+08 2.97728E+08-3.48465E+05
 -1       150 3.43677E+08 2.97728E+08 9.08658E+06
 -1       151 3.43677E+08 3.68275E+08 3.48465E+05
 -1       152 2.73131E+08 3.68275E+08-9.08658E+06
 -1       157 3.24532E+08 3.53229E+08-3.48465E+05
 -1       158 3.95078E+08 3.53229E+08 9.08658E+06
 -1       159 3.95078E+08 4.23775E+08 3.48465E+05
 -1       160 3.24532E+08 4.23775E+08-9.08658E+06
 -1       165 3.75932E+08 4.08729E+08-3.48465E+05
 -1       166 4.46478E+08 4.08729E+08 9.08658E+06
 -1       167 4.46478E+08 4.79275E+08 3.48465E+05
 -1       168 3.75932E+08 4.79275E+08-9.08658E+06
 -1       173 4.27333E+08 4.64229E+08-3.48465E+05
 -1       174 4.97879E+08 4.64229E+08 9.08658E+06
 -1       175 4.97879E+08 5.34775E+08 3.48465E+05
 -1       176 4.27333E+08 5.34775E+08-9.08658E+06
 -1       181 4.78734E+08 5.19729E+08-3.48465E+05
 -1       182 5.49280E+08 5.19729E+08 9.08658E+06
 -1       183 5.49280E+08 5.90276E+08 3.48465E+05
 -1       184 4.78734E+08 5.90276E+08-9.08658E+06
 -3
    1PSTEP                         2           1           1          
  100CL  101 1.000000000          44                     0    1           1
 -4  STRESS      6    1
 -5  SXX         1    4    1    1
 -5  SYY         1    4    2    2
 -5  SZZ         1    4    3    3
 -5  SXY         1    4    1    2
 -5  SYZ         1    4    2    3
 -5  SZX         1    4    3    1
 -1       101-1.87277E-02-1.34653E-02-1.24618E-01 7.55090E-03-1.00694E-02-5.12336E-03
 -1       102 3.40950E-02 3.13845E-02 2.52708E-01 1.55229E-02-8.70835E-03-1.36465E-03
 -1       103 1.86094E-02 1.34378E-02 1.22598E-01-7.61030E-03-1.01246E-02-5.29119E-03
 -1       104-3.42361E-02-3.14322E-02-2.54766E-01-1.55961E-02-8.77449E-03-1.19066E-03
 -1       109-7.40453E-03-5.00463E-03-2.23173E-01 2.94866E-03-1.12513E-02-6.95946E-03
 -1       110 1.48635E-02 1.40335E-02 4.59982E-01 6.81189E-03-9.22694E-03 3.22325E-04
 -1       111 7.23692E-03 5.14094E-03 2.21042E-01-2.93639E-03-9.57435E-03-5.26637E-03
 -1       112-1.49177E-02-1.38754E-02-4.62071E-01-6.82030E-03-7.55844E-03-1.35927E-03
 -1       117 1.44725E-03 8.09578E-04-4.23028E-01-7.49985E-04-1.36573E-02-1.01946E-02
 -1       118-1.77129E-03-1.87341E-03 8.93379E-01-9.21955E-04-1.10372E-02 3.15842E-03
 -1       119-1.45209E-03-1.43366E-03 4.21078E-01 4.65847E-04-7.24333E-03-3.86411E-03
 -1       120 1.83753E-03 1.40914E-03-8.95246E-01 6.96146E-04-4.62332E-03-3.17476E-03
 -1       125 2.12039E-03 6.08714E-04-6.20845E-01-5.06328E-04-1.48026E-02-1.11953E-02
 -1       126-9.93216E-03-9.82911E-03 1.31998E+00-4.50601E-03-1.29089E-02 4.84303E-03
 -1       127-1.89732E-03-8.39482E-04 6.19448E-01 6.83499E-04-4.63064E-03-1.03164E-03
 -1       128 9.62824E-03 9.13082E-03-1.32173E+00 4.81362E-03-2.73585E-03-5.30644E-03
 -1       133 3.41701E-03 2.83146E-03-7.98828E-01-1.65820E-03-7.86959E-03-5.08615E-03
 -1       134-1.45600E-02-1.48661E-02 1.60780E+00-8.19085E-03-7.77201E-03 4.86551E-03
 -1       135-1.82708E-03-1.70370E-03 7.97855E-01 9.19249E-04-1.52004E-03 1.37133E-03
 -1       136 1.64224E-02 1.63497E-02-1.60856E+00 7.34398E-03-1.42464E-03-1.57046E-03
 -1       141 1.10739E-03 7.25745E-04-9.46672E-01-4.24398E-04-5.52511E-04 1.80871E-03
 -1       142-1.17641E-02-1.21716E-02 1.65689E+00-6.17056E-03-2.57183E-03 4.12838E-03
 -1       143 6.13498E-05 1.01855E-03 9.46402E-01 5.30191E-04 1.02997E-03 3.28191E-03
 -1       144 1.28568E-02 1.37565E-02-1.65724E+00 6.22726E-03-1.02721E-03 2.66015E-03
 -1       149 5.93939E-04-7.31074E-05-1.07857E+00 2.72812E-05 1.53218E-03 3.82318E-03
 -1       150-1.11392E-02-1.08584E-02 1.50130E+00-5.14339E-03-2.42133E-03 6.65974E-03
 -1       151-9.35110E-04 2.78546E-04 1.07762E+00 3.17651E-04 5.44908E-03 7.88974E-03
 -1       152 1.00015E-02 1.07068E-02-1.50265E+00 5.20727E-03 1.49881E-03 2.61008E-03
 -1       157 4.55974E-03 4.35518E-03-1.19610E+00-1.94153E-03 9.35511E-03 1.15190E-02
 -1       158 5.44666E-03 4.83837E-03 1.20701E+00 2.03911E-03 5.37268E-03 2.52808E-03
 -1       159-4.13084E-03-4.32224E-03 1.19561E+00 1.25844E-03 2.29733E-03 4.54668E-03
 -1       160-4.23263E-03-4.69334E-03-1.20719E+00-2.81363E-03-1.79036E-03 9.49637E-03
 -1       165 4.42623E-03 7.34492E-03-1.24935E+00-2.59938E-03 1.11504E-02 1.10426E-02
 -1       166 2.04857E-02 2.23309E-02 1.00041E+00 1.12817E-02 1.02729E-02-9.32413E-03
 -1       167-6.14471E-03-9.71054E-03 1.24792E+00 3.41492E-03-8.42104E-03-8.70024E-03
 -1       168-2.16676E-02-2.41130E-02-1.00141E+00-1.01920E-02-9.39539E-03 1.03795E-02
 -1       173 3.22001E-04 8.25943E-04-1.22992E+00-3.21006E-05 3.17358E-03 2.34913E-03
 -1       174 3.29103E-04 1.77726E-03 1.05049E+00 5.09918E-04 4.72659E-03-9.17798E-03
 -1       175-1.26003E-04 1.40479E-03 1.22996E+00-3.89539E-04-8.90321E-03-9.95238E-03
 -1       176-1.41117E-03-1.21640E-03-1.05144E+00-6.88152E-04-7.42212E-03 3.18925E-03
 -1       181-4.11848E-03-6.88617E-03-1.21102E+00 1.95212E-03-4.82643E-04 8.29083E-04
 -1       182-1.55449E-02-1.67126E-02 1.13495E+00-7.60373E-03 1.26293E-03-4.02348E-03
 -1       183 3.14663E-03 4.56451E-03 1.20927E+00-2.24294E-03-6.34340E-03-4.90245E-03
 -1       184 1.56048E-02 1.68665E-02-1.13562E+00 7.27797E-03-4.68968E-03 1.80416E-03
 -3
    1PSTEP                         3           1           1          
  100CL  101 1.000000000          44                     0    1           1
 -4  ERROR       1    1
 -5  STR(%)      1    1    0    0
 -1       101 1.23871E+02
 -1       102 1.23871E+02
 -1       103 1.23871E+02
 -1       104 1.23871E+02
 -1       109 1.27776E+02
 -1       110 1.27776E+02
 -1       111 1.27776E+02
 -1       112 1.27776E+02
 -1       117 1.27776E+02
 -1       118 1.27776E+02
 -1       119 1.27776E+02
 -1       120 1.27776E+02
 -1       125 1.24988E+02
 -1       126 1.24988E+02
 -1       127 1.24988E+02
 -1       128 1.24988E+02
 -1       133 1.23824E+02
 -1       134 1.23824E+02
 -1       135 1.23824E+02
 -1       136 1.23824E+02
 -1       141 1.22622E+02
 -1       142 1.22622E+02
 -1       143 1.22622E+02
 -1       144 1.22622E+02
 -1       149 1.24359E+02
 -1       150 1.24359E+02
 -1       151 1.24359E+02
 -1       152 1.24359E+02
 -1       157 1.24359E+02
 -1       158 1.24359E+02
 -1       159 1.24359E+02
 -1       160 1.24359E+02
 -1       165 1.21999E+02
 -1       166 1.21999E+02
 -1       167 1.21999E+02
 -1       168 1.21999E+02
 -1       173 1.23120E+02
 -1       174 1.23120E+02
 -1       175 1.23120E+02
 -1       176 1.23120E+02
 -1       181 1.23120E+02
 -1       182 1.23120E+02
 -1       183 1.23120E+02
 -1       184 1.23120E+02
 -3
 9999
