    1C
    1UF3-P5A M0 Beam Load Path Model - UL_MZ                            
    1UUSER                                                              
    1UDATE              05.august.2026                                  
    1UTIME              22:36:12                                        
    1UHOST                                                              
    1UPGM               CalculiX                                        
    1UVERSION           Version 2.22                             
    1UCOMPILETIME       Mon Aug  5 19:15:25 CEST 2024                    
    1UDIR                                                               
    1UDBN                                                               
    1UMAT    1AL7075                                                    
    1UMAT    2SPRING                                                    
    1UMAT    3SPRING                                                    
    2C                            44                                     1
 -1       101-8.50000E+00 8.50000E+00 0.00000E+00
 -1       102-8.50000E+00-8.50000E+00 0.00000E+00
 -1       103 8.50000E+00-8.50000E+00 0.00000E+00
 -1       104 8.50000E+00 8.50000E+00 0.00000E+00
 -1       109-8.50000E+00 8.50000E+00 1.00000E+02
 -1       110-8.50000E+00-8.50000E+00 1.00000E+02
 -1       111 8.50000E+00-8.50000E+00 1.00000E+02
 -1       112 8.50000E+00 8.50000E+00 1.00000E+02
 -1       117-8.50000E+00 8.50000E+00 2.00000E+02
 -1       118-8.50000E+00-8.50000E+00 2.00000E+02
 -1       119 8.50000E+00-8.50000E+00 2.00000E+02
 -1       120 8.50000E+00 8.50000E+00 2.00000E+02
 -1       125-8.50000E+00 8.50000E+00 3.00000E+02
 -1       126-8.50000E+00-8.50000E+00 3.00000E+02
 -1       127 8.50000E+00-8.50000E+00 3.00000E+02
 -1       128 8.50000E+00 8.50000E+00 3.00000E+02
 -1       133-8.50000E+00 8.50000E+00 4.00000E+02
 -1       134-8.50000E+00-8.50000E+00 4.00000E+02
 -1       135 8.50000E+00-8.50000E+00 4.00000E+02
 -1       136 8.50000E+00 8.50000E+00 4.00000E+02
 -1       141-8.50000E+00 8.50000E+00 5.00000E+02
 -1       142-8.50000E+00-8.50000E+00 5.00000E+02
 -1       143 8.50000E+00-8.50000E+00 5.00000E+02
 -1       144 8.50000E+00 8.50000E+00 5.00000E+02
 -1       149-8.50000E+00 8.50000E+00 6.00000E+02
 -1       150-8.50000E+00-8.50000E+00 6.00000E+02
 -1       151 8.50000E+00-8.50000E+00 6.00000E+02
 -1       152 8.50000E+00 8.50000E+00 6.00000E+02
 -1       157-8.50000E+00 8.50000E+00 7.00000E+02
 -1       158-8.50000E+00-8.50000E+00 7.00000E+02
 -1       159 8.50000E+00-8.50000E+00 7.00000E+02
 -1       160 8.50000E+00 8.50000E+00 7.00000E+02
 -1       165-8.50000E+00 8.50000E+00 8.00000E+02
 -1       166-8.50000E+00-8.50000E+00 8.00000E+02
 -1       167 8.50000E+00-8.50000E+00 8.00000E+02
 -1       168 8.50000E+00 8.50000E+00 8.00000E+02
 -1       173-8.50000E+00 8.50000E+00 9.00000E+02
 -1       174-8.50000E+00-8.50000E+00 9.00000E+02
 -1       175 8.50000E+00-8.50000E+00 9.00000E+02
 -1       176 8.50000E+00 8.50000E+00 9.00000E+02
 -1       181-8.50000E+00 8.50000E+00 1.00000E+03
 -1       182-8.50000E+00-8.50000E+00 1.00000E+03
 -1       183 8.50000E+00-8.50000E+00 1.00000E+03
 -1       184 8.50000E+00 8.50000E+00 1.00000E+03
 -3
    3C                            10                                     1
 -1         1    1    0    1
 -2       101       109       110       102       104       112       111       103
 -1         2    1    0    1
 -2       109       117       118       110       112       120       119       111
 -1         3    1    0    1
 -2       117       125       126       118       120       128       127       119
 -1         4    1    0    1
 -2       125       133       134       126       128       136       135       127
 -1         5    1    0    1
 -2       133       141       142       134       136       144       143       135
 -1         6    1    0    1
 -2       141       149       150       142       144       152       151       143
 -1         7    1    0    1
 -2       149       157       158       150       152       160       159       151
 -1         8    1    0    1
 -2       157       165       166       158       160       168       167       159
 -1         9    1    0    1
 -2       165       173       174       166       168       176       175       167
 -1        10    1    0    1
 -2       173       181       182       174       176       184       183       175
 -3
    1PSTEP                         1           1           1          
  100CL  101 1.000000000          44                     0    1           1
 -4  DISP        4    1
 -5  D1          1    2    1    0
 -5  D2          1    2    2    0
 -5  D3          1    2    3    0
 -5  ALL         1    2    0    0    1ALL
 -1       101-2.03120E+09-2.03120E+09-3.67190E+07
 -1       102 2.03120E+09-2.03120E+09-6.39545E+07
 -1       103 2.03120E+09 2.03120E+09 3.67190E+07
 -1       104-2.03120E+09 2.03120E+09 6.39545E+07
 -1       109-2.62340E+09-2.19141E+09-3.67190E+07
 -1       110 1.43900E+09-2.19141E+09-6.39545E+07
 -1       111 1.43900E+09 1.87099E+09 3.67190E+07
 -1       112-2.62340E+09 1.87099E+09 6.39545E+07
 -1       117-3.21560E+09-2.35162E+09-3.67190E+07
 -1       118 8.46807E+08-2.35162E+09-6.39545E+07
 -1       119 8.46807E+08 1.71078E+09 3.67190E+07
 -1       120-3.21560E+09 1.71078E+09 6.39545E+07
 -1       125-3.80779E+09-2.51183E+09-3.67190E+07
 -1       126 2.54610E+08-2.51183E+09-6.39545E+07
 -1       127 2.54610E+08 1.55058E+09 3.67190E+07
 -1       128-3.80779E+09 1.55058E+09 6.39545E+07
 -1       133-4.39999E+09-2.67204E+09-3.67190E+07
 -1       134-3.37588E+08-2.67204E+09-6.39545E+07
 -1       135-3.37588E+08 1.39037E+09 3.67190E+07
 -1       136-4.39999E+09 1.39037E+09 6.39545E+07
 -1       141-4.99219E+09-2.83225E+09-3.67190E+07
 -1       142-9.29785E+08-2.83225E+09-6.39545E+07
 -1       143-9.29785E+08 1.23016E+09 3.67190E+07
 -1       144-4.99219E+09 1.23016E+09 6.39545E+07
 -1       149-5.58439E+09-2.99245E+09-3.67190E+07
 -1       150-1.52198E+09-2.99245E+09-6.39545E+07
 -1       151-1.52198E+09 1.06995E+09 3.67190E+07
 -1       152-5.58439E+09 1.06995E+09 6.39545E+07
 -1       157-6.17658E+09-3.15266E+09-3.67190E+07
 -1       158-2.11418E+09-3.15266E+09-6.39545E+07
 -1       159-2.11418E+09 9.09741E+08 3.67190E+07
 -1       160-6.17658E+09 9.09741E+08 6.39545E+07
 -1       165-6.76878E+09-3.31287E+09-3.67190E+07
 -1       166-2.70638E+09-3.31287E+09-6.39545E+07
 -1       167-2.70638E+09 7.49533E+08 3.67190E+07
 -1       168-6.76878E+09 7.49533E+08 6.39545E+07
 -1       173-7.36098E+09-3.47308E+09-3.67190E+07
 -1       174-3.29858E+09-3.47308E+09-6.39545E+07
 -1       175-3.29858E+09 5.89324E+08 3.67190E+07
 -1       176-7.36098E+09 5.89324E+08 6.39545E+07
 -1       181-7.95318E+09-3.63329E+09-3.67190E+07
 -1       182-3.89077E+09-3.63329E+09-6.39545E+07
 -1       183-3.89077E+09 4.29115E+08 3.67190E+07
 -1       184-7.95318E+09 4.29115E+08 6.39545E+07
 -3
    1PSTEP                         2           1           1          
  100CL  101 1.000000000          44                     0    1           1
 -4  STRESS      6    1
 -5  SXX         1    4    1    1
 -5  SYY         1    4    2    2
 -5  SZZ         1    4    3    3
 -5  SXY         1    4    1    2
 -5  SYZ         1    4    2    3
 -5  SZX         1    4    3    1
 -1       101 4.81557E-02 2.81218E-02 3.74204E-01-1.67118E-02 3.04923E-02 1.51092E-02
 -1       102-9.57598E-02-9.26205E-02-6.56784E-01-4.25753E-02 2.62640E-02-1.07615E-03
 -1       103-4.47547E-02-2.20563E-02-3.67329E-01 1.90642E-02 2.52566E-02 9.62214E-03
 -1       104 9.86430E-02 9.83336E-02 6.63109E-01 4.31634E-02 2.10639E-02 4.39928E-03
 -1       109 7.54925E-03 2.60071E-03 6.07424E-01-5.95656E-03-9.15950E-03-2.04159E-02
 -1       110-5.63162E-02-5.55029E-02-1.25507E+00-2.69502E-02-1.73871E-02 4.09876E-02
 -1       111-1.20690E-02-3.98996E-03-6.04774E-01-6.27440E-04 6.78578E-02 5.69223E-02
 -1       112 5.34819E-02 5.47905E-02 1.25831E+00 2.36582E-02 5.96327E-02-3.64715E-02
 -1       117-1.60707E-02-2.92378E-02 9.55214E-01 1.07568E-02-5.87575E-02-6.37967E-02
 -1       118-5.51749E-02-5.90365E-02-2.84378E+00-2.65038E-02-7.77234E-02 1.11376E-01
 -1       119 2.22860E-02 3.31370E-02-9.45382E-01-9.72759E-03 1.38710E-01 1.34632E-01
 -1       120 5.88587E-02 5.92873E-02 2.85166E+00 2.91790E-02 1.19808E-01-8.69827E-02
 -1       125-2.41183E-02-8.82310E-03 1.01468E+00 3.00711E-03-6.65593E-02-6.36339E-02
 -1       126 4.36410E-02 4.91122E-02-5.03334E+00 2.14294E-02-8.89394E-02 1.41471E-01
 -1       127 1.03350E-02 5.95641E-04-1.02001E+00-7.39649E-03 1.60319E-01 1.62698E-01
 -1       128-6.02429E-02-5.64503E-02 5.02753E+00-2.38499E-02 1.37950E-01-8.50641E-02
 -1       133 5.24153E-02 6.20721E-02 1.07087E+00-1.70309E-02-1.07263E-01-1.08049E-01
 -1       134 1.45115E-01 1.68952E-01-6.53194E+00 7.43598E-02-1.10697E-01 1.20769E-01
 -1       135-3.40315E-02-4.68497E-02-1.06449E+00 2.13914E-02 1.29650E-01 1.27796E-01
 -1       136-1.20174E-01-1.49793E-01 6.54183E+00-7.14406E-02 1.26049E-01-1.15720E-01
 -1       141 3.24480E-02 2.48302E-02 1.47125E+00-1.80456E-02-1.46295E-01-1.58189E-01
 -1       142 9.21096E-02 8.81926E-02-6.00424E+00 4.80908E-02-1.23756E-01 8.90423E-02
 -1       143-2.90679E-02-4.09577E-02-1.48348E+00 1.37245E-02 9.42779E-02 8.13944E-02
 -1       144-8.10849E-02-1.02994E-01 5.99474E+00-4.37409E-02 1.16563E-01-1.51288E-01
 -1       149 3.15668E-02 3.51429E-02 2.43124E+00-1.02566E-02-1.71343E-01-1.94003E-01
 -1       150 4.98272E-02 6.70229E-02-3.95813E+00 2.47555E-02-1.32716E-01 9.07066E-02
 -1       151-2.65171E-02-2.27940E-02-2.43668E+00 1.48611E-02 9.80730E-02 7.65897E-02
 -1       152-3.40826E-02-4.18419E-02 3.96035E+00-2.34430E-02 1.36769E-01-1.79896E-01
 -1       157-8.28227E-02-9.33204E-02 3.54216E+00 4.26094E-02-2.52097E-01-2.79281E-01
 -1       158-4.29554E-02-5.29808E-02-1.28394E+00-1.81230E-02-2.18413E-01 1.57101E-01
 -1       159 7.89034E-02 9.00865E-02-3.54344E+00-3.85641E-02 1.64962E-01 1.38200E-01
 -1       160 3.22937E-02 4.21438E-02 1.27845E+00 2.64605E-02 1.99237E-01-2.60247E-01
 -1       165-9.77154E-02-1.40124E-01 3.51554E+00 6.96724E-02-3.12291E-01-2.86543E-01
 -1       166-1.67690E-01-1.71608E-01 6.15157E-01-7.07305E-02-3.11915E-01 2.95374E-01
 -1       167 1.00156E-01 1.26822E-01-3.51638E+00-5.94449E-02 2.52134E-01 2.74780E-01
 -1       168 1.66203E-01 1.56454E-01-6.18398E-01 7.52562E-02 2.53087E-01-2.66510E-01
 -1       173 2.61520E-02 1.80105E-02 1.87509E+00-1.45043E-02-3.30560E-01-2.83718E-01
 -1       174-3.83295E-02-4.47697E-02 7.23165E-01-1.48522E-02-3.52572E-01 3.77485E-01
 -1       175-4.23747E-02-2.99656E-02-1.87521E+00 1.92346E-02 3.13165E-01 3.64194E-01
 -1       176 2.45355E-02 3.31125E-02-7.22564E-01 1.76135E-02 2.91128E-01-2.70495E-01
 -1       181 1.88602E-01 2.02102E-01 8.38447E-01-7.71753E-02-3.43780E-01-3.19857E-01
 -1       182 6.07791E-02 9.46614E-02 3.59328E-01 4.53580E-02-3.65346E-01 3.70928E-01
 -1       183-1.90277E-01-1.86946E-01-8.34878E-01 1.02041E-01 3.42801E-01 3.63393E-01
 -1       184-7.42479E-02-8.71754E-02-3.60783E-01-3.12503E-02 3.20613E-01-3.12179E-01
 -3
    1PSTEP                         3           1           1          
  100CL  101 1.000000000          44                     0    1           1
 -4  ERROR       1    1
 -5  STR(%)      1    1    0    0
 -1       101 1.24215E+02
 -1       102 1.24215E+02
 -1       103 1.24215E+02
 -1       104 1.24215E+02
 -1       109 1.27732E+02
 -1       110 1.27732E+02
 -1       111 1.27732E+02
 -1       112 1.27732E+02
 -1       117 1.27732E+02
 -1       118 1.27732E+02
 -1       119 1.27732E+02
 -1       120 1.27732E+02
 -1       125 1.26305E+02
 -1       126 1.26305E+02
 -1       127 1.26305E+02
 -1       128 1.26305E+02
 -1       133 1.25310E+02
 -1       134 1.25310E+02
 -1       135 1.25310E+02
 -1       136 1.25310E+02
 -1       141 1.25033E+02
 -1       142 1.25033E+02
 -1       143 1.25033E+02
 -1       144 1.25033E+02
 -1       149 1.31149E+02
 -1       150 1.31149E+02
 -1       151 1.31149E+02
 -1       152 1.31149E+02
 -1       157 1.31149E+02
 -1       158 1.31149E+02
 -1       159 1.31149E+02
 -1       160 1.31149E+02
 -1       165 1.26886E+02
 -1       166 1.26886E+02
 -1       167 1.26886E+02
 -1       168 1.26886E+02
 -1       173 1.26886E+02
 -1       174 1.26886E+02
 -1       175 1.26886E+02
 -1       176 1.26886E+02
 -1       181 9.57500E+01
 -1       182 9.57500E+01
 -1       183 9.57500E+01
 -1       184 9.57500E+01
 -3
 9999
