    1C
    1UF3-P5A M0 Beam Load Path Model - UL_FY                            
    1UUSER                                                              
    1UDATE              05.august.2026                                  
    1UTIME              22:36:12                                        
    1UHOST                                                              
    1UPGM               CalculiX                                        
    1UVERSION           Version 2.22                             
    1UCOMPILETIME       Mon Aug  5 19:15:25 CEST 2024                    
    1UDIR                                                               
    1UDBN                                                               
    1UMAT    1AL7075                                                    
    1UMAT    2SPRING                                                    
    1UMAT    3SPRING                                                    
    2C                            44                                     1
 -1       101-8.50000E+00 8.50000E+00 0.00000E+00
 -1       102-8.50000E+00-8.50000E+00 0.00000E+00
 -1       103 8.50000E+00-8.50000E+00 0.00000E+00
 -1       104 8.50000E+00 8.50000E+00 0.00000E+00
 -1       109-8.50000E+00 8.50000E+00 1.00000E+02
 -1       110-8.50000E+00-8.50000E+00 1.00000E+02
 -1       111 8.50000E+00-8.50000E+00 1.00000E+02
 -1       112 8.50000E+00 8.50000E+00 1.00000E+02
 -1       117-8.50000E+00 8.50000E+00 2.00000E+02
 -1       118-8.50000E+00-8.50000E+00 2.00000E+02
 -1       119 8.50000E+00-8.50000E+00 2.00000E+02
 -1       120 8.50000E+00 8.50000E+00 2.00000E+02
 -1       125-8.50000E+00 8.50000E+00 3.00000E+02
 -1       126-8.50000E+00-8.50000E+00 3.00000E+02
 -1       127 8.50000E+00-8.50000E+00 3.00000E+02
 -1       128 8.50000E+00 8.50000E+00 3.00000E+02
 -1       133-8.50000E+00 8.50000E+00 4.00000E+02
 -1       134-8.50000E+00-8.50000E+00 4.00000E+02
 -1       135 8.50000E+00-8.50000E+00 4.00000E+02
 -1       136 8.50000E+00 8.50000E+00 4.00000E+02
 -1       141-8.50000E+00 8.50000E+00 5.00000E+02
 -1       142-8.50000E+00-8.50000E+00 5.00000E+02
 -1       143 8.50000E+00-8.50000E+00 5.00000E+02
 -1       144 8.50000E+00 8.50000E+00 5.00000E+02
 -1       149-8.50000E+00 8.50000E+00 6.00000E+02
 -1       150-8.50000E+00-8.50000E+00 6.00000E+02
 -1       151 8.50000E+00-8.50000E+00 6.00000E+02
 -1       152 8.50000E+00 8.50000E+00 6.00000E+02
 -1       157-8.50000E+00 8.50000E+00 7.00000E+02
 -1       158-8.50000E+00-8.50000E+00 7.00000E+02
 -1       159 8.50000E+00-8.50000E+00 7.00000E+02
 -1       160 8.50000E+00 8.50000E+00 7.00000E+02
 -1       165-8.50000E+00 8.50000E+00 8.00000E+02
 -1       166-8.50000E+00-8.50000E+00 8.00000E+02
 -1       167 8.50000E+00-8.50000E+00 8.00000E+02
 -1       168 8.50000E+00 8.50000E+00 8.00000E+02
 -1       173-8.50000E+00 8.50000E+00 9.00000E+02
 -1       174-8.50000E+00-8.50000E+00 9.00000E+02
 -1       175 8.50000E+00-8.50000E+00 9.00000E+02
 -1       176 8.50000E+00 8.50000E+00 9.00000E+02
 -1       181-8.50000E+00 8.50000E+00 1.00000E+03
 -1       182-8.50000E+00-8.50000E+00 1.00000E+03
 -1       183 8.50000E+00-8.50000E+00 1.00000E+03
 -1       184 8.50000E+00 8.50000E+00 1.00000E+03
 -3
    3C                            10                                     1
 -1         1    1    0    1
 -2       101       109       110       102       104       112       111       103
 -1         2    1    0    1
 -2       109       117       118       110       112       120       119       111
 -1         3    1    0    1
 -2       117       125       126       118       120       128       127       119
 -1         4    1    0    1
 -2       125       133       134       126       128       136       135       127
 -1         5    1    0    1
 -2       133       141       142       134       136       144       143       135
 -1         6    1    0    1
 -2       141       149       150       142       144       152       151       143
 -1         7    1    0    1
 -2       149       157       158       150       152       160       159       151
 -1         8    1    0    1
 -2       157       165       166       158       160       168       167       159
 -1         9    1    0    1
 -2       165       173       174       166       168       176       175       167
 -1        10    1    0    1
 -2       173       181       182       174       176       184       183       175
 -3
    1PSTEP                         1           1           1          
  100CL  101 1.000000000          44                     0    1           1
 -4  DISP        4    1
 -5  D1          1    2    1    0
 -5  D2          1    2    2    0
 -5  D3          1    2    3    0
 -5  ALL         1    2    0    0    1ALL
 -1       101 2.01422E+07 2.01422E+07-1.88673E+06
 -1       102-2.01422E+07 2.01422E+07 2.15124E+05
 -1       103-2.01422E+07-2.01422E+07 1.88673E+06
 -1       104 2.01422E+07-2.01422E+07-2.15124E+05
 -1       109 1.03092E+07 3.25061E+07-1.88673E+06
 -1       110-2.99752E+07 3.25061E+07 2.15124E+05
 -1       111-2.99752E+07-7.77836E+06 1.88673E+06
 -1       112 1.03092E+07-7.77836E+06-2.15124E+05
 -1       117 4.76251E+05 4.48699E+07-1.88673E+06
 -1       118-3.98082E+07 4.48699E+07 2.15124E+05
 -1       119-3.98082E+07 4.58549E+06 1.88673E+06
 -1       120 4.76251E+05 4.58549E+06-2.15124E+05
 -1       125-9.35672E+06 5.72337E+07-1.88673E+06
 -1       126-4.96411E+07 5.72337E+07 2.15124E+05
 -1       127-4.96411E+07 1.69493E+07 1.88673E+06
 -1       128-9.35672E+06 1.69493E+07-2.15124E+05
 -1       133-1.91897E+07 6.95976E+07-1.88673E+06
 -1       134-5.94741E+07 6.95976E+07 2.15124E+05
 -1       135-5.94741E+07 2.93132E+07 1.88673E+06
 -1       136-1.91897E+07 2.93132E+07-2.15124E+05
 -1       141-2.90227E+07 8.19614E+07-1.88673E+06
 -1       142-6.93071E+07 8.19614E+07 2.15124E+05
 -1       143-6.93071E+07 4.16770E+07 1.88673E+06
 -1       144-2.90227E+07 4.16770E+07-2.15124E+05
 -1       149-3.88557E+07 9.43253E+07-1.88673E+06
 -1       150-7.91401E+07 9.43253E+07 2.15124E+05
 -1       151-7.91401E+07 5.40409E+07 1.88673E+06
 -1       152-3.88557E+07 5.40409E+07-2.15124E+05
 -1       157-4.86886E+07 1.06689E+08-1.88673E+06
 -1       158-8.89730E+07 1.06689E+08 2.15124E+05
 -1       159-8.89730E+07 6.64047E+07 1.88673E+06
 -1       160-4.86886E+07 6.64047E+07-2.15124E+05
 -1       165-5.85216E+07 1.19053E+08-1.88673E+06
 -1       166-9.88060E+07 1.19053E+08 2.15124E+05
 -1       167-9.88060E+07 7.87686E+07 1.88673E+06
 -1       168-5.85216E+07 7.87686E+07-2.15124E+05
 -1       173-6.83546E+07 1.31417E+08-1.88673E+06
 -1       174-1.08639E+08 1.31417E+08 2.15124E+05
 -1       175-1.08639E+08 9.11324E+07 1.88673E+06
 -1       176-6.83546E+07 9.11324E+07-2.15124E+05
 -1       181-7.81876E+07 1.43781E+08-1.88673E+06
 -1       182-1.18472E+08 1.43781E+08 2.15124E+05
 -1       183-1.18472E+08 1.03496E+08 1.88673E+06
 -1       184-7.81876E+07 1.03496E+08-2.15124E+05
 -3
    1PSTEP                         2           1           1          
  100CL  101 1.000000000          44                     0    1           1
 -4  STRESS      6    1
 -5  SXX         1    4    1    1
 -5  SYY         1    4    2    2
 -5  SZZ         1    4    3    3
 -5  SXY         1    4    1    2
 -5  SYZ         1    4    2    3
 -5  SZX         1    4    3    1
 -1       101-3.55495E-03-2.94270E-03-2.66810E-02 1.49595E-03-1.43638E-03-3.56399E-04
 -1       102 3.84701E-03 3.31015E-03 2.77156E-02 1.65161E-03-1.40771E-03 3.03669E-04
 -1       103 3.52205E-03 2.86441E-03 2.64717E-02-1.53820E-03-1.32157E-03-2.39794E-04
 -1       104-3.86755E-03-3.38253E-03-2.79194E-02-1.70764E-03-1.29407E-03 1.86566E-04
 -1       109-1.28175E-03-1.01572E-03-4.63384E-02 5.40338E-04-9.34921E-04-6.22870E-05
 -1       110 1.72073E-03 1.52210E-03 5.02500E-02 7.74226E-04-8.67533E-04-9.24265E-05
 -1       111 1.28438E-03 1.01568E-03 4.61567E-02-5.50592E-04-1.73657E-03-8.60248E-04
 -1       112-1.73893E-03-1.53145E-03-5.04404E-02-7.65652E-04-1.66801E-03 7.07606E-04
 -1       117 4.73706E-04 4.96523E-04-8.41326E-02-2.45824E-04-1.57173E-04 4.56354E-04
 -1       118 1.25483E-04 1.78462E-04 9.90918E-02 1.05008E-04 2.01506E-05-9.19145E-04
 -1       119-5.72568E-04-6.34611E-04 8.38514E-02 2.82413E-04-2.48228E-03-1.87739E-03
 -1       120-2.25240E-04-2.80394E-04-9.93573E-02-1.01029E-04-2.30523E-03 1.41626E-03
 -1       125 4.64311E-04 5.31716E-04-1.17117E-01-1.80235E-04 1.95235E-04 7.59053E-04
 -1       126-2.02816E-04-1.13966E-04 1.53515E-01-9.15326E-05 4.46689E-04-1.54827E-03
 -1       127-3.79873E-04-2.87578E-04 1.16917E-01 1.93403E-04-2.96055E-03-2.42644E-03
 -1       128 3.15941E-04 3.02288E-04-1.53723E-01 1.11591E-04-2.70715E-03 1.63655E-03
 -1       133 2.83137E-04-1.64172E-04-1.44038E-01-1.68073E-04 1.72535E-04 5.79115E-04
 -1       134-1.42524E-03-1.53491E-03 2.02252E-01-6.92722E-04 3.54935E-04-1.10007E-03
 -1       135-6.54162E-04-3.04434E-04 1.43651E-01 6.58144E-05-2.18678E-03-1.79905E-03
 -1       136 1.22023E-03 1.17958E-03-2.02553E-01 6.16181E-04-1.99455E-03 1.26963E-03
 -1       141 1.11906E-03 1.06067E-03-1.64201E-01-4.42671E-04-2.79957E-04 8.06284E-05
 -1       142-8.12138E-04-4.82773E-04 2.35875E-01-3.63382E-04-1.68069E-04-2.35209E-04
 -1       143-9.66104E-04-8.39976E-04 1.64073E-01 4.33199E-04-1.05324E-03-6.76561E-04
 -1       144 7.51966E-04 5.86040E-04-2.36114E-01 3.45172E-04-9.36413E-04 5.12991E-04
 -1       149 1.78782E-03 1.87167E-03-1.71082E-01-9.51346E-04-2.20591E-04-2.63232E-04
 -1       150-7.48931E-04-2.96495E-04 2.56885E-01-3.96610E-04-1.43705E-05-3.51075E-04
 -1       151-1.76520E-03-1.78786E-03 1.70715E-01 8.13397E-04-3.84222E-04-4.40120E-04
 -1       152 7.98625E-04 6.69168E-04-2.57146E-01 3.23881E-04-1.77356E-04-1.72454E-04
 -1       157 1.32087E-03 7.52726E-04-1.53792E-01-3.75296E-04 9.72765E-04 3.43359E-04
 -1       158-3.12910E-03-3.22331E-03 2.58155E-01-1.33511E-03 1.08432E-03-9.32005E-04
 -1       159-1.11073E-03-6.70355E-04 1.53427E-01 7.14568E-04 1.33021E-04-4.72532E-04
 -1       160 3.34991E-03 3.08538E-03-2.58593E-01 1.61101E-03 2.58142E-04-1.20405E-04
 -1       165 1.54222E-03 1.53734E-03-1.17077E-01-7.96069E-04 1.59480E-03 9.00777E-04
 -1       166-4.50544E-03-3.61832E-03 2.16167E-01-2.30703E-03 1.29948E-03 3.15615E-06
 -1       167-1.33423E-03-2.93356E-04 1.17316E-01 2.11878E-04 1.89406E-03 1.23097E-03
 -1       168 4.40197E-03 4.60815E-03-2.16108E-01 1.72788E-03 1.60278E-03-3.35835E-04
 -1       173-1.62385E-03-1.08507E-03-6.92065E-02 8.78214E-04 1.87305E-03 6.69947E-04
 -1       174 2.51142E-03 2.40439E-03 1.26639E-01 1.10471E-03 1.41363E-03 1.02316E-03
 -1       175 1.30464E-03 5.61410E-04 6.93377E-02-6.08591E-04 3.68326E-03 2.40381E-03
 -1       176-2.65807E-03-2.64354E-03-1.26343E-01-9.00311E-04 3.22643E-03-7.14907E-04
 -1       181-5.22642E-03-3.69740E-03-4.22372E-02 1.97320E-03 2.35028E-03 5.93235E-04
 -1       182 9.56245E-03 8.80354E-03 7.26657E-02 4.27811E-03 1.97685E-03 8.87239E-04
 -1       183 5.23810E-03 3.46386E-03 4.22902E-02-2.23777E-03 3.79838E-03 1.98496E-03
 -1       184-9.27368E-03-8.91708E-03-7.24743E-02-4.35712E-03 3.43553E-03-5.07271E-04
 -3
    1PSTEP                         3           1           1          
  100CL  101 1.000000000          44                     0    1           1
 -4  ERROR       1    1
 -5  STR(%)      1    1    0    0
 -1       101 1.23429E+02
 -1       102 1.23429E+02
 -1       103 1.23429E+02
 -1       104 1.23429E+02
 -1       109 1.26754E+02
 -1       110 1.26754E+02
 -1       111 1.26754E+02
 -1       112 1.26754E+02
 -1       117 1.26754E+02
 -1       118 1.26754E+02
 -1       119 1.26754E+02
 -1       120 1.26754E+02
 -1       125 1.24893E+02
 -1       126 1.24893E+02
 -1       127 1.24893E+02
 -1       128 1.24893E+02
 -1       133 1.24334E+02
 -1       134 1.24334E+02
 -1       135 1.24334E+02
 -1       136 1.24334E+02
 -1       141 1.22970E+02
 -1       142 1.22970E+02
 -1       143 1.22970E+02
 -1       144 1.22970E+02
 -1       149 1.22691E+02
 -1       150 1.22691E+02
 -1       151 1.22691E+02
 -1       152 1.22691E+02
 -1       157 1.23094E+02
 -1       158 1.23094E+02
 -1       159 1.23094E+02
 -1       160 1.23094E+02
 -1       165 1.27543E+02
 -1       166 1.27543E+02
 -1       167 1.27543E+02
 -1       168 1.27543E+02
 -1       173 1.27543E+02
 -1       174 1.27543E+02
 -1       175 1.27543E+02
 -1       176 1.27543E+02
 -1       181 1.23756E+02
 -1       182 1.23756E+02
 -1       183 1.23756E+02
 -1       184 1.23756E+02
 -3
 9999
