    1C
    1UF3-P5A M0 Beam Load Path Model - UL_NEG_FX                        
    1UUSER                                                              
    1UDATE              05.august.2026                                  
    1UTIME              22:36:12                                        
    1UHOST                                                              
    1UPGM               CalculiX                                        
    1UVERSION           Version 2.22                             
    1UCOMPILETIME       Mon Aug  5 19:15:25 CEST 2024                    
    1UDIR                                                               
    1UDBN                                                               
    1UMAT    1AL7075                                                    
    1UMAT    2SPRING                                                    
    1UMAT    3SPRING                                                    
    2C                            44                                     1
 -1       101-8.50000E+00 8.50000E+00 0.00000E+00
 -1       102-8.50000E+00-8.50000E+00 0.00000E+00
 -1       103 8.50000E+00-8.50000E+00 0.00000E+00
 -1       104 8.50000E+00 8.50000E+00 0.00000E+00
 -1       109-8.50000E+00 8.50000E+00 1.00000E+02
 -1       110-8.50000E+00-8.50000E+00 1.00000E+02
 -1       111 8.50000E+00-8.50000E+00 1.00000E+02
 -1       112 8.50000E+00 8.50000E+00 1.00000E+02
 -1       117-8.50000E+00 8.50000E+00 2.00000E+02
 -1       118-8.50000E+00-8.50000E+00 2.00000E+02
 -1       119 8.50000E+00-8.50000E+00 2.00000E+02
 -1       120 8.50000E+00 8.50000E+00 2.00000E+02
 -1       125-8.50000E+00 8.50000E+00 3.00000E+02
 -1       126-8.50000E+00-8.50000E+00 3.00000E+02
 -1       127 8.50000E+00-8.50000E+00 3.00000E+02
 -1       128 8.50000E+00 8.50000E+00 3.00000E+02
 -1       133-8.50000E+00 8.50000E+00 4.00000E+02
 -1       134-8.50000E+00-8.50000E+00 4.00000E+02
 -1       135 8.50000E+00-8.50000E+00 4.00000E+02
 -1       136 8.50000E+00 8.50000E+00 4.00000E+02
 -1       141-8.50000E+00 8.50000E+00 5.00000E+02
 -1       142-8.50000E+00-8.50000E+00 5.00000E+02
 -1       143 8.50000E+00-8.50000E+00 5.00000E+02
 -1       144 8.50000E+00 8.50000E+00 5.00000E+02
 -1       149-8.50000E+00 8.50000E+00 6.00000E+02
 -1       150-8.50000E+00-8.50000E+00 6.00000E+02
 -1       151 8.50000E+00-8.50000E+00 6.00000E+02
 -1       152 8.50000E+00 8.50000E+00 6.00000E+02
 -1       157-8.50000E+00 8.50000E+00 7.00000E+02
 -1       158-8.50000E+00-8.50000E+00 7.00000E+02
 -1       159 8.50000E+00-8.50000E+00 7.00000E+02
 -1       160 8.50000E+00 8.50000E+00 7.00000E+02
 -1       165-8.50000E+00 8.50000E+00 8.00000E+02
 -1       166-8.50000E+00-8.50000E+00 8.00000E+02
 -1       167 8.50000E+00-8.50000E+00 8.00000E+02
 -1       168 8.50000E+00 8.50000E+00 8.00000E+02
 -1       173-8.50000E+00 8.50000E+00 9.00000E+02
 -1       174-8.50000E+00-8.50000E+00 9.00000E+02
 -1       175 8.50000E+00-8.50000E+00 9.00000E+02
 -1       176 8.50000E+00 8.50000E+00 9.00000E+02
 -1       181-8.50000E+00 8.50000E+00 1.00000E+03
 -1       182-8.50000E+00-8.50000E+00 1.00000E+03
 -1       183 8.50000E+00-8.50000E+00 1.00000E+03
 -1       184 8.50000E+00 8.50000E+00 1.00000E+03
 -3
    3C                            10                                     1
 -1         1    1    0    1
 -2       101       109       110       102       104       112       111       103
 -1         2    1    0    1
 -2       109       117       118       110       112       120       119       111
 -1         3    1    0    1
 -2       117       125       126       118       120       128       127       119
 -1         4    1    0    1
 -2       125       133       134       126       128       136       135       127
 -1         5    1    0    1
 -2       133       141       142       134       136       144       143       135
 -1         6    1    0    1
 -2       141       149       150       142       144       152       151       143
 -1         7    1    0    1
 -2       149       157       158       150       152       160       159       151
 -1         8    1    0    1
 -2       157       165       166       158       160       168       167       159
 -1         9    1    0    1
 -2       165       173       174       166       168       176       175       167
 -1        10    1    0    1
 -2       173       181       182       174       176       184       183       175
 -3
    1PSTEP                         1           1           1          
  100CL  101 1.000000000          44                     0    1           1
 -4  DISP        4    1
 -5  D1          1    2    1    0
 -5  D2          1    2    2    0
 -5  D3          1    2    3    0
 -5  ALL         1    2    0    0    1ALL
 -1       101-1.46764E+08-1.46764E+08 8.19175E+06
 -1       102 1.46764E+08-1.46764E+08 1.22562E+06
 -1       103 1.46764E+08 1.46764E+08-8.19175E+06
 -1       104-1.46764E+08 1.46764E+08-1.22562E+06
 -1       109-9.13680E+07-1.87741E+08 8.19175E+06
 -1       110 2.02160E+08-1.87741E+08 1.22562E+06
 -1       111 2.02160E+08 1.05787E+08-8.19175E+06
 -1       112-9.13680E+07 1.05787E+08-1.22562E+06
 -1       117-3.59717E+07-2.28719E+08 8.19175E+06
 -1       118 2.57557E+08-2.28719E+08 1.22562E+06
 -1       119 2.57557E+08 6.48098E+07-8.19175E+06
 -1       120-3.59717E+07 6.48098E+07-1.22562E+06
 -1       125 1.94246E+07-2.69696E+08 8.19175E+06
 -1       126 3.12953E+08-2.69696E+08 1.22562E+06
 -1       127 3.12953E+08 2.38326E+07-8.19175E+06
 -1       128 1.94246E+07 2.38326E+07-1.22562E+06
 -1       133 7.48208E+07-3.10673E+08 8.19175E+06
 -1       134 3.68349E+08-3.10673E+08 1.22562E+06
 -1       135 3.68349E+08-1.71446E+07-8.19175E+06
 -1       136 7.48208E+07-1.71446E+07-1.22562E+06
 -1       141 1.30217E+08-3.51650E+08 8.19175E+06
 -1       142 4.23746E+08-3.51650E+08 1.22562E+06
 -1       143 4.23746E+08-5.81219E+07-8.19175E+06
 -1       144 1.30217E+08-5.81219E+07-1.22562E+06
 -1       149 1.85613E+08-3.92628E+08 8.19175E+06
 -1       150 4.79142E+08-3.92628E+08 1.22562E+06
 -1       151 4.79142E+08-9.90991E+07-8.19175E+06
 -1       152 1.85613E+08-9.90991E+07-1.22562E+06
 -1       157 2.41010E+08-4.33605E+08 8.19175E+06
 -1       158 5.34538E+08-4.33605E+08 1.22562E+06
 -1       159 5.34538E+08-1.40076E+08-8.19175E+06
 -1       160 2.41010E+08-1.40076E+08-1.22562E+06
 -1       165 2.96406E+08-4.74582E+08 8.19175E+06
 -1       166 5.89934E+08-4.74582E+08 1.22562E+06
 -1       167 5.89934E+08-1.81054E+08-8.19175E+06
 -1       168 2.96406E+08-1.81054E+08-1.22562E+06
 -1       173 3.51802E+08-5.15559E+08 8.19175E+06
 -1       174 6.45331E+08-5.15559E+08 1.22562E+06
 -1       175 6.45331E+08-2.22031E+08-8.19175E+06
 -1       176 3.51802E+08-2.22031E+08-1.22562E+06
 -1       181 4.07198E+08-5.56536E+08 8.19175E+06
 -1       182 7.00727E+08-5.56536E+08 1.22562E+06
 -1       183 7.00727E+08-2.63008E+08-8.19175E+06
 -1       184 4.07198E+08-2.63008E+08-1.22562E+06
 -3
    1PSTEP                         2           1           1          
  100CL  101 1.000000000          44                     0    1           1
 -4  STRESS      6    1
 -5  SXX         1    4    1    1
 -5  SYY         1    4    2    2
 -5  SZZ         1    4    3    3
 -5  SXY         1    4    1    2
 -5  SYZ         1    4    2    3
 -5  SZX         1    4    3    1
 -1       101-3.10205E-03-3.10889E-03-1.29601E-02 1.28208E-03 5.84259E-04 9.98524E-04
 -1       102-1.66005E-03-2.27274E-03-1.35823E-02-8.26606E-04 1.96936E-04 3.60383E-04
 -1       103 2.96346E-03 3.76672E-03 1.49238E-02-1.62006E-03-1.05924E-04 2.47418E-04
 -1       104 1.43057E-03 2.87757E-03 1.54763E-02 4.88618E-04-4.88807E-04 1.11149E-03
 -1       109-2.28391E-03-2.55454E-03-3.40498E-02 9.79034E-04-2.81844E-03-2.06672E-03
 -1       110-1.49992E-03-1.88063E-03-2.59432E-02-9.47199E-04-3.54366E-03 4.00908E-03
 -1       111 2.13544E-03 2.48709E-03 3.57867E-02-1.16148E-03 3.03742E-03 3.81238E-03
 -1       112 1.47229E-03 1.86502E-03 2.77371E-02 7.64755E-04 2.32171E-03-1.86803E-03
 -1       117-1.73595E-03-2.27760E-03-9.47996E-02 1.08191E-03-8.23652E-03-6.81433E-03
 -1       118-2.23375E-03-2.66335E-03-6.52619E-02-1.49028E-03-9.70232E-03 1.05282E-02
 -1       119 1.33278E-03 2.13752E-03 9.69377E-02-1.17739E-03 8.95976E-03 1.03219E-02
 -1       120 2.71926E-03 2.96991E-03 6.78286E-02 1.33967E-03 7.50574E-03-6.59709E-03
 -1       125-4.24563E-04-8.77075E-04-1.88156E-01-6.49824E-05-1.06000E-02-8.55589E-03
 -1       126-1.61615E-03-1.67640E-03-1.43352E-01-8.58442E-04-1.26727E-02 1.46470E-02
 -1       127 9.17164E-04 1.17689E-03 1.90711E-01-5.25370E-04 1.24759E-02 1.46028E-02
 -1       128 1.70281E-03 1.83987E-03 1.45728E-01 8.30209E-04 1.03962E-02-8.49868E-03
 -1       133-1.54130E-03 1.55018E-03-2.98435E-01 5.82958E-04-7.92243E-03-5.89207E-03
 -1       134 4.37363E-03 4.80487E-03-2.36371E-01 2.33839E-03-9.98102E-03 1.15308E-02
 -1       135 1.25321E-03-5.44356E-04 3.00543E-01 6.38090E-04 9.29238E-03 1.13188E-02
 -1       136-4.70026E-03-3.78796E-03 2.38486E-01-1.17248E-03 7.26322E-03-5.56489E-03
 -1       141-2.18818E-03-2.45016E-03-4.12197E-01 5.67522E-04-4.13283E-03-2.26597E-03
 -1       142-7.88743E-05-1.31100E-03-3.07354E-01-3.12892E-06-5.99848E-03 6.58865E-03
 -1       143 1.85572E-03 1.17775E-03 4.14073E-01-8.11361E-04 4.09070E-03 6.00549E-03
 -1       144-7.19092E-04-1.64211E-04 3.08990E-01-3.91330E-04 2.23901E-03-1.56714E-03
 -1       149-2.84557E-03-3.46413E-03-5.41782E-01 2.20369E-03-1.82461E-03 6.21507E-04
 -1       150 2.97101E-03 2.20093E-03-3.61049E-01 1.24484E-03-3.90533E-03 5.38730E-03
 -1       151 3.62663E-03 2.87072E-03 5.44122E-01-1.03777E-03 1.67912E-03 4.24253E-03
 -1       152-1.79247E-03-1.62256E-03 3.63897E-01-3.80156E-04-3.83708E-04 1.75143E-03
 -1       157 8.08631E-03 9.06602E-03-6.87990E-01-4.30745E-03-4.47536E-03-9.91349E-04
 -1       158 4.37936E-03 6.46936E-03-3.81189E-01 2.65291E-03-5.41953E-03 5.09058E-03
 -1       159-9.70932E-03-9.05871E-03 6.90079E-01 3.61176E-03 5.09964E-05 3.64312E-03
 -1       160-6.73657E-03-7.62448E-03 3.82682E-01-3.49922E-03-9.11343E-04 4.54658E-04
 -1       165 2.66025E-02 2.50800E-02-6.97070E-01-1.13669E-02-2.66700E-03-4.60408E-03
 -1       166 4.45182E-03 7.55062E-03-3.10557E-01 2.37989E-03-3.97395E-06-2.38422E-03
 -1       167-2.44576E-02-2.64302E-02 6.98682E-01 1.17013E-02 9.27456E-07-2.14451E-03
 -1       168-1.44478E-03-8.67686E-03 3.12567E-01-2.00514E-03 2.63062E-03-4.83816E-03
 -1       173-3.28306E-03-4.49932E-03-4.47165E-01 1.94214E-03 7.64073E-03-1.43544E-03
 -1       174-7.62577E-03-5.48120E-03-1.84718E-01-1.87537E-03 1.19253E-02-1.51295E-02
 -1       175-2.12839E-04 4.41883E-03 4.45475E-01-1.98875E-03-3.92536E-03-1.33118E-02
 -1       176 4.60192E-03 5.87107E-03 1.83285E-01 2.29539E-03 3.32862E-04-3.28570E-03
 -1       181-3.30107E-02-3.50809E-02-2.57834E-01 1.69210E-02 1.17680E-02 1.64378E-03
 -1       182-1.00928E-02-1.45492E-02-1.13075E-01-4.55404E-03 1.53100E-02-2.02095E-02
 -1       183 3.37982E-02 3.46856E-02 2.58651E-01-1.63087E-02-8.49985E-03-1.83821E-02
 -1       184 5.93697E-03 1.12460E-02 1.11163E-01 4.75486E-03-4.98500E-03-2.89882E-04
 -3
    1PSTEP                         3           1           1          
  100CL  101 1.000000000          44                     0    1           1
 -4  ERROR       1    1
 -5  STR(%)      1    1    0    0
 -1       101 1.25224E+02
 -1       102 1.25224E+02
 -1       103 1.25224E+02
 -1       104 1.25224E+02
 -1       109 1.26780E+02
 -1       110 1.26780E+02
 -1       111 1.26780E+02
 -1       112 1.26780E+02
 -1       117 1.26780E+02
 -1       118 1.26780E+02
 -1       119 1.26780E+02
 -1       120 1.26780E+02
 -1       125 1.25626E+02
 -1       126 1.25626E+02
 -1       127 1.25626E+02
 -1       128 1.25626E+02
 -1       133 1.24557E+02
 -1       134 1.24557E+02
 -1       135 1.24557E+02
 -1       136 1.24557E+02
 -1       141 1.24092E+02
 -1       142 1.24092E+02
 -1       143 1.24092E+02
 -1       144 1.24092E+02
 -1       149 1.23949E+02
 -1       150 1.23949E+02
 -1       151 1.23949E+02
 -1       152 1.23949E+02
 -1       157 1.23549E+02
 -1       158 1.23549E+02
 -1       159 1.23549E+02
 -1       160 1.23549E+02
 -1       165 1.27219E+02
 -1       166 1.27219E+02
 -1       167 1.27219E+02
 -1       168 1.27219E+02
 -1       173 1.27219E+02
 -1       174 1.27219E+02
 -1       175 1.27219E+02
 -1       176 1.27219E+02
 -1       181 1.24024E+02
 -1       182 1.24024E+02
 -1       183 1.24024E+02
 -1       184 1.24024E+02
 -3
 9999
