2026-08-02T19:01:05.6133446Z|PRECONDITIONS
2026-08-02T19:01:05.6359360Z|ATTACH_EXPECTED_FRESH_PROCESS
2026-08-02T19:01:05.7028062Z|OPEN_FINAL_TARGET_READ_ONLY
2026-08-02T19:01:13.0001830Z|READ_INITIAL_ACTIVE_CONFIGURATION
2026-08-02T19:01:13.0999858Z|TEN_REBUILD_READBACK_CYCLES
2026-08-02T19:01:13.1009863Z|CYCLE_01_BEGIN
2026-08-02T19:01:13.2482111Z|CYCLE_01_BEFORE_SHOW_MODE_B_EVALUATION_TO_COMMON_CANONICAL
2026-08-02T19:01:53.8813957Z|CYCLE_01_AFTER_SHOW_COMMON_CANONICAL
2026-08-02T19:01:54.1258442Z|CYCLE_01_BEFORE_REBUILD_COMMON_CANONICAL
2026-08-02T19:01:54.4139759Z|CYCLE_01_AFTER_REBUILD_COMMON_CANONICAL
2026-08-02T19:01:57.0300413Z|CYCLE_01_COMMON_CANONICAL_LEGACY_CONFIG_ENUM_COMMON_CANONICAL
2026-08-02T19:01:57.0408732Z|CYCLE_01_COMMON_CANONICAL_LEGACY_CONFIG_ENUM_MODE_A_EVALUATION
2026-08-02T19:01:57.0540846Z|CYCLE_01_COMMON_CANONICAL_LEGACY_CONFIG_ENUM_MODE_B_EVALUATION
2026-08-02T19:02:41.9326244Z|CYCLE_01_BEFORE_SHOW_COMMON_CANONICAL_TO_MODE_A_EVALUATION
2026-08-02T19:02:42.5810040Z|CYCLE_01_AFTER_SHOW_MODE_A_EVALUATION
2026-08-02T19:02:42.8425543Z|CYCLE_01_BEFORE_REBUILD_MODE_A_EVALUATION
2026-08-02T19:02:43.0162641Z|CYCLE_01_AFTER_REBUILD_MODE_A_EVALUATION
2026-08-02T19:02:45.5074057Z|CYCLE_01_MODE_A_EVALUATION_LEGACY_CONFIG_ENUM_COMMON_CANONICAL
2026-08-02T19:02:45.5230770Z|CYCLE_01_MODE_A_EVALUATION_LEGACY_CONFIG_ENUM_MODE_A_EVALUATION
2026-08-02T19:02:45.5376446Z|CYCLE_01_MODE_A_EVALUATION_LEGACY_CONFIG_ENUM_MODE_B_EVALUATION
2026-08-02T19:03:30.0188174Z|CYCLE_01_BEFORE_SHOW_MODE_A_EVALUATION_TO_MODE_B_EVALUATION
2026-08-02T19:03:30.5629532Z|CYCLE_01_AFTER_SHOW_MODE_B_EVALUATION
2026-08-02T19:03:30.7841069Z|CYCLE_01_BEFORE_REBUILD_MODE_B_EVALUATION
2026-08-02T19:03:30.9342700Z|CYCLE_01_AFTER_REBUILD_MODE_B_EVALUATION
2026-08-02T19:03:33.4496117Z|CYCLE_01_MODE_B_EVALUATION_LEGACY_CONFIG_ENUM_COMMON_CANONICAL
2026-08-02T19:03:33.4626268Z|CYCLE_01_MODE_B_EVALUATION_LEGACY_CONFIG_ENUM_MODE_A_EVALUATION
2026-08-02T19:03:33.4753132Z|CYCLE_01_MODE_B_EVALUATION_LEGACY_CONFIG_ENUM_MODE_B_EVALUATION
2026-08-02T19:04:17.9602821Z|CYCLE_01_PASS
2026-08-02T19:04:17.9612852Z|CYCLE_02_BEGIN
2026-08-02T19:04:18.0733180Z|CYCLE_02_BEFORE_SHOW_MODE_B_EVALUATION_TO_COMMON_CANONICAL
2026-08-02T19:04:18.5139521Z|CYCLE_02_AFTER_SHOW_COMMON_CANONICAL
2026-08-02T19:04:18.6931377Z|CYCLE_02_BEFORE_REBUILD_COMMON_CANONICAL
2026-08-02T19:04:18.8402079Z|CYCLE_02_AFTER_REBUILD_COMMON_CANONICAL
2026-08-02T19:04:21.2460472Z|CYCLE_02_COMMON_CANONICAL_LEGACY_CONFIG_ENUM_COMMON_CANONICAL
2026-08-02T19:04:21.2585148Z|CYCLE_02_COMMON_CANONICAL_LEGACY_CONFIG_ENUM_MODE_A_EVALUATION
2026-08-02T19:04:21.2711108Z|CYCLE_02_COMMON_CANONICAL_LEGACY_CONFIG_ENUM_MODE_B_EVALUATION
