MIPS_CRADLE_B
MIPS_OEM_MAX_ENVELOPE
MIPS_INTERFACE_SHIM_-1_0
MIPS_INTERFACE_SHIM_-1_1
MIPS_INTERFACE_SHIM_1_0
MIPS_INTERFACE_SHIM_1_1
P60_REFERENCE_B
P60_TRAY_B
GROMMET_0
GROMMET_1
MIPS_FOOT_0_SCREW
MIPS_FOOT_0_TOP_WASHER
MIPS_FOOT_0_BOTTOM_WASHER
MIPS_FOOT_0_NUT
MIPS_FOOT_1_SCREW
MIPS_FOOT_1_TOP_WASHER
MIPS_FOOT_1_BOTTOM_WASHER
MIPS_FOOT_1_NUT
MIPS_FOOT_2_SCREW
MIPS_FOOT_2_TOP_WASHER
MIPS_FOOT_2_BOTTOM_WASHER
MIPS_FOOT_2_NUT
MIPS_FOOT_3_SCREW
MIPS_FOOT_3_TOP_WASHER
MIPS_FOOT_3_BOTTOM_WASHER
MIPS_FOOT_3_NUT
P60_HOST_0_POST
P60_HOST_0_ROD
P60_HOST_0_TW
P60_HOST_0_TN
P60_HOST_0_BW
P60_HOST_0_BN
P60_HOST_1_POST
P60_HOST_1_ROD
P60_HOST_1_TW
P60_HOST_1_TN
P60_HOST_1_BW
P60_HOST_1_BN
P60_HOST_2_POST
P60_HOST_2_ROD
P60_HOST_2_TW
P60_HOST_2_TN
P60_HOST_2_BW
P60_HOST_2_BN
P60_HOST_3_POST
P60_HOST_3_ROD
P60_HOST_3_TW
P60_HOST_3_TN
P60_HOST_3_BW
P60_HOST_3_BN
CLAMP_PWR_BASE
CLAMP_PWR_LID
POST_PWR_0
TIEROD_PWR_0
CLAMP_PWR_0_TW
CLAMP_PWR_0_TN
CLAMP_PWR_0_BW
CLAMP_PWR_0_BN
POST_PWR_1
TIEROD_PWR_1
CLAMP_PWR_1_TW
CLAMP_PWR_1_TN
CLAMP_PWR_1_BW
CLAMP_PWR_1_BN
CLAMP_DUAL_BASE
CLAMP_DUAL_LID
POST_DUAL_0
TIEROD_DUAL_0
CLAMP_DUAL_0_TW
CLAMP_DUAL_0_TN
CLAMP_DUAL_0_BW
CLAMP_DUAL_0_BN
POST_DUAL_1
TIEROD_DUAL_1
CLAMP_DUAL_1_TW
CLAMP_DUAL_1_TN
CLAMP_DUAL_1_BW
CLAMP_DUAL_1_BN
lower_equipment_deck_B
upper_equipment_deck_B
PROP_PWR_ROUTE
PROP_DATA_ROUTE
EMITTED 82
