{"stage": "identity_inventory", "utc": "2026-09-07T07:49:46.450987+00:00", "components": 64}
{"stage": "identity_inventory", "utc": "2026-09-07T07:49:49.082088+00:00", "components": 128}
{"stage": "identity_inventory", "utc": "2026-09-07T07:49:51.837182+00:00", "components": 192}
{"stage": "identity_inventory", "utc": "2026-09-07T07:49:54.508958+00:00", "components": 256}
{"stage": "identity_inventory", "utc": "2026-09-07T07:49:57.185767+00:00", "components": 320}
{"stage": "identity_inventory", "utc": "2026-09-07T07:49:59.683902+00:00", "components": 384}
{"stage": "identity_inventory", "utc": "2026-09-07T07:50:02.210524+00:00", "components": 448}
{"stage": "identity_inventory", "utc": "2026-09-07T07:50:04.722247+00:00", "components": 512}
{"stage": "identity_inventory", "utc": "2026-09-07T07:50:07.279646+00:00", "components": 576}
{"stage": "parent_identity_verified", "utc": "2026-09-07T07:50:09.229987+00:00"}
{"stage": "identity_inventory", "utc": "2026-09-07T07:50:45.974190+00:00", "components": 64}
{"stage": "identity_inventory", "utc": "2026-09-07T07:50:48.560735+00:00", "components": 128}
{"stage": "identity_inventory", "utc": "2026-09-07T07:50:51.207831+00:00", "components": 192}
{"stage": "identity_inventory", "utc": "2026-09-07T07:50:54.081061+00:00", "components": 256}
{"stage": "identity_inventory", "utc": "2026-09-07T07:50:56.807019+00:00", "components": 320}
{"stage": "identity_inventory", "utc": "2026-09-07T07:50:59.388661+00:00", "components": 384}
{"stage": "identity_inventory", "utc": "2026-09-07T07:51:01.939044+00:00", "components": 448}
{"stage": "identity_inventory", "utc": "2026-09-07T07:51:04.547686+00:00", "components": 512}
{"stage": "identity_inventory", "utc": "2026-09-07T07:51:07.117697+00:00", "components": 576}
{"stage": "ui_settings_recorded", "utc": "2026-09-07T07:51:18.331009+00:00"}
{"stage": "inserted", "utc": "2026-09-07T07:51:27.146498+00:00", "count": 8}
{"stage": "inserted", "utc": "2026-09-07T07:51:40.494376+00:00", "count": 16}
{"stage": "inserted", "utc": "2026-09-07T07:51:53.994730+00:00", "count": 24}
{"stage": "inserted", "utc": "2026-09-07T07:52:07.948318+00:00", "count": 32}
{"stage": "inserted", "utc": "2026-09-07T07:52:21.840631+00:00", "count": 40}
{"stage": "inserted", "utc": "2026-09-07T07:52:35.916752+00:00", "count": 48}
{"stage": "inserted", "utc": "2026-09-07T07:52:49.954590+00:00", "count": 56}
{"stage": "inserted", "utc": "2026-09-07T07:53:04.498607+00:00", "count": 64}
{"stage": "inserted", "utc": "2026-09-07T07:53:18.814728+00:00", "count": 72}
{"stage": "inserted", "utc": "2026-09-07T07:53:33.527753+00:00", "count": 80}
{"stage": "inserted", "utc": "2026-09-07T07:53:47.834038+00:00", "count": 82}
{"stage": "identity_inventory", "utc": "2026-09-07T07:53:49.317914+00:00", "components": 64}
{"stage": "identity_inventory", "utc": "2026-09-07T07:53:49.631624+00:00", "components": 128}
{"stage": "identity_inventory", "utc": "2026-09-07T07:53:49.954967+00:00", "components": 192}
{"stage": "identity_inventory", "utc": "2026-09-07T07:53:50.280720+00:00", "components": 256}
{"stage": "identity_inventory", "utc": "2026-09-07T07:53:50.604573+00:00", "components": 320}
{"stage": "identity_inventory", "utc": "2026-09-07T07:53:50.935685+00:00", "components": 384}
{"stage": "identity_inventory", "utc": "2026-09-07T07:53:51.243782+00:00", "components": 448}
{"stage": "identity_inventory", "utc": "2026-09-07T07:53:51.550667+00:00", "components": 512}
{"stage": "identity_inventory", "utc": "2026-09-07T07:53:51.865462+00:00", "components": 576}
{"stage": "identity_inventory", "utc": "2026-09-07T07:53:52.177331+00:00", "components": 640}
{"stage": "save_attempt", "utc": "2026-09-07T07:54:09.958777+00:00", "path": "F:\\China Graduate Future Flight Vehicle Innovation Competition\\01_project\\competition\\SERVICE_ROBOT_MECHANICAL_CONSOLIDATION_20260905\\runs\\wp09_interfaces_20260907_1525\\native\\WP09_RELEASED.SLDASM", "api_return": [true, 0, 0], "ok": true, "errors": 0, "warnings": 0}
{"stage": "cold_batch", "utc": "2026-09-07T07:54:52.015571+00:00", "components": 8}
{"stage": "cold_batch", "utc": "2026-09-07T07:54:59.195601+00:00", "components": 16}
{"stage": "cold_batch", "utc": "2026-09-07T07:55:09.929472+00:00", "components": 24}
{"stage": "cold_batch", "utc": "2026-09-07T07:55:20.498053+00:00", "components": 32}
{"stage": "cold_batch", "utc": "2026-09-07T07:55:31.528092+00:00", "components": 40}
{"stage": "cold_batch", "utc": "2026-09-07T07:55:41.899826+00:00", "components": 48}
{"stage": "cold_batch", "utc": "2026-09-07T07:55:52.137891+00:00", "components": 56}
{"stage": "cold_batch", "utc": "2026-09-07T07:56:02.840454+00:00", "components": 64}
{"stage": "cold_batch", "utc": "2026-09-07T07:56:03.021102+00:00", "components": 72}
{"stage": "cold_batch", "utc": "2026-09-07T07:56:03.201190+00:00", "components": 80}
{"stage": "cold_batch", "utc": "2026-09-07T07:56:03.379500+00:00", "components": 88}
{"stage": "cold_batch", "utc": "2026-09-07T07:56:03.559427+00:00", "components": 96}
{"stage": "cold_batch", "utc": "2026-09-07T07:56:03.738085+00:00", "components": 104}
{"stage": "cold_batch", "utc": "2026-09-07T07:56:03.920221+00:00", "components": 112}
{"stage": "cold_batch", "utc": "2026-09-07T07:56:04.114288+00:00", "components": 120}
{"stage": "cold_batch", "utc": "2026-09-07T07:56:04.312406+00:00", "components": 128}
{"stage": "cold_batch", "utc": "2026-09-07T07:56:04.512917+00:00", "components": 136}
{"stage": "cold_batch", "utc": "2026-09-07T07:56:04.723679+00:00", "components": 144}
{"stage": "cold_batch", "utc": "2026-09-07T07:56:04.952322+00:00", "components": 152}
{"stage": "cold_batch", "utc": "2026-09-07T07:56:05.153446+00:00", "components": 160}
{"stage": "cold_batch", "utc": "2026-09-07T07:56:05.347069+00:00", "components": 168}
{"stage": "cold_batch", "utc": "2026-09-07T07:56:05.540869+00:00", "components": 176}
{"stage": "cold_batch", "utc": "2026-09-07T07:56:05.733629+00:00", "components": 184}
{"stage": "cold_batch", "utc": "2026-09-07T07:56:05.936633+00:00", "components": 192}
{"stage": "cold_batch", "utc": "2026-09-07T07:56:06.128041+00:00", "components": 200}
{"stage": "cold_batch", "utc": "2026-09-07T07:56:06.317174+00:00", "components": 208}
{"stage": "cold_batch", "utc": "2026-09-07T07:56:06.513553+00:00", "components": 216}
{"stage": "cold_batch", "utc": "2026-09-07T07:56:06.696455+00:00", "components": 224}
{"stage": "cold_batch", "utc": "2026-09-07T07:56:06.878627+00:00", "components": 232}
{"stage": "cold_batch", "utc": "2026-09-07T07:56:07.062228+00:00", "components": 240}
{"stage": "cold_batch", "utc": "2026-09-07T07:56:07.247006+00:00", "components": 248}
{"stage": "cold_batch", "utc": "2026-09-07T07:56:07.427672+00:00", "components": 256}
{"stage": "cold_batch", "utc": "2026-09-07T07:56:07.608117+00:00", "components": 264}
{"stage": "cold_batch", "utc": "2026-09-07T07:56:07.812305+00:00", "components": 272}
{"stage": "cold_batch", "utc": "2026-09-07T07:56:08.002054+00:00", "components": 280}
{"stage": "cold_batch", "utc": "2026-09-07T07:56:08.208890+00:00", "components": 288}
{"stage": "cold_batch", "utc": "2026-09-07T07:56:08.400164+00:00", "components": 296}
{"stage": "cold_batch", "utc": "2026-09-07T07:56:08.591450+00:00", "components": 304}
{"stage": "cold_batch", "utc": "2026-09-07T07:56:08.773432+00:00", "components": 312}
{"stage": "cold_batch", "utc": "2026-09-07T07:56:08.965615+00:00", "components": 320}
{"stage": "cold_batch", "utc": "2026-09-07T07:56:09.163194+00:00", "components": 328}
{"stage": "cold_batch", "utc": "2026-09-07T07:56:09.352491+00:00", "components": 336}
{"stage": "cold_batch", "utc": "2026-09-07T07:56:09.544534+00:00", "components": 344}
{"stage": "cold_batch", "utc": "2026-09-07T07:56:09.728740+00:00", "components": 352}
{"stage": "cold_batch", "utc": "2026-09-07T07:56:09.920145+00:00", "components": 360}
{"stage": "cold_batch", "utc": "2026-09-07T07:56:10.110139+00:00", "components": 368}
{"stage": "cold_batch", "utc": "2026-09-07T07:56:10.308214+00:00", "components": 376}
{"stage": "cold_batch", "utc": "2026-09-07T07:56:10.503396+00:00", "components": 384}
{"stage": "cold_batch", "utc": "2026-09-07T07:56:10.694235+00:00", "components": 392}
{"stage": "cold_batch", "utc": "2026-09-07T07:56:10.884621+00:00", "components": 400}
{"stage": "cold_batch", "utc": "2026-09-07T07:56:11.066703+00:00", "components": 408}
{"stage": "cold_batch", "utc": "2026-09-07T07:56:11.252661+00:00", "components": 416}
{"stage": "cold_batch", "utc": "2026-09-07T07:56:11.430854+00:00", "components": 424}
{"stage": "cold_batch", "utc": "2026-09-07T07:56:11.617226+00:00", "components": 432}
{"stage": "cold_batch", "utc": "2026-09-07T07:56:15.378540+00:00", "components": 440}
{"stage": "cold_batch", "utc": "2026-09-07T07:56:26.493051+00:00", "components": 448}
{"stage": "cold_batch", "utc": "2026-09-07T07:56:37.283190+00:00", "components": 456}
{"stage": "cold_batch", "utc": "2026-09-07T07:56:48.746092+00:00", "components": 464}
{"stage": "cold_batch", "utc": "2026-09-07T07:56:51.136584+00:00", "components": 472}
{"stage": "cold_batch", "utc": "2026-09-07T07:56:51.328649+00:00", "components": 480}
{"stage": "cold_batch", "utc": "2026-09-07T07:56:51.511883+00:00", "components": 488}
{"stage": "cold_batch", "utc": "2026-09-07T07:56:51.697158+00:00", "components": 496}
{"stage": "cold_batch", "utc": "2026-09-07T07:56:51.880008+00:00", "components": 504}
{"stage": "cold_batch", "utc": "2026-09-07T07:56:52.063778+00:00", "components": 512}
{"stage": "cold_batch", "utc": "2026-09-07T07:56:52.254567+00:00", "components": 520}
{"stage": "cold_batch", "utc": "2026-09-07T07:56:52.439810+00:00", "components": 528}
{"stage": "cold_batch", "utc": "2026-09-07T07:56:52.626681+00:00", "components": 536}
{"stage": "cold_batch", "utc": "2026-09-07T07:56:52.818598+00:00", "components": 544}
{"stage": "cold_batch", "utc": "2026-09-07T07:56:53.016614+00:00", "components": 552}
{"stage": "cold_batch", "utc": "2026-09-07T07:56:53.211892+00:00", "components": 560}
{"stage": "cold_batch", "utc": "2026-09-07T07:56:53.399250+00:00", "components": 568}
{"stage": "cold_batch", "utc": "2026-09-07T07:56:53.585210+00:00", "components": 576}
{"stage": "cold_batch", "utc": "2026-09-07T07:56:53.778284+00:00", "components": 584}
{"stage": "cold_batch", "utc": "2026-09-07T07:56:53.976648+00:00", "components": 592}
{"stage": "cold_batch", "utc": "2026-09-07T07:56:54.179323+00:00", "components": 600}
{"stage": "cold_batch", "utc": "2026-09-07T07:56:54.375130+00:00", "components": 608}
{"stage": "cold_batch", "utc": "2026-09-07T07:56:54.577862+00:00", "components": 616}
{"stage": "cold_batch", "utc": "2026-09-07T07:56:54.772080+00:00", "components": 624}
{"stage": "cold_batch", "utc": "2026-09-07T07:56:54.971200+00:00", "components": 632}
{"stage": "cold_batch", "utc": "2026-09-07T07:56:55.162298+00:00", "components": 640}
{"stage": "cold_batch", "utc": "2026-09-07T07:56:55.351736+00:00", "components": 648}
{"stage": "cold_batch", "utc": "2026-09-07T07:56:55.537088+00:00", "components": 656}
{"stage": "cold_batch", "utc": "2026-09-07T07:56:55.725821+00:00", "components": 664}
{"stage": "cold_batch", "utc": "2026-09-07T07:56:55.910792+00:00", "components": 672}
{"stage": "cold_batch", "utc": "2026-09-07T07:56:56.097126+00:00", "components": 680}
{"stage": "cold_batch", "utc": "2026-09-07T07:56:56.294582+00:00", "components": 688}
{"stage": "cold_batch", "utc": "2026-09-07T07:56:56.476908+00:00", "components": 696}
{"stage": "native_integrated_verified_empty_exit", "utc": "2026-09-07T07:57:08.920407+00:00"}
