{"stage": "recovery_input_recorded", "utc": "2026-09-07T07:44:55.030333+00:00"}
{"stage": "saved_exact_edited_document_no_rebuild", "utc": "2026-09-07T07:44:59.503385+00:00"}
{"stage": "ui_restore_source_recorded", "utc": "2026-09-07T07:45:16.521596+00:00"}
{"stage": "cold_batch", "utc": "2026-09-07T07:45:17.955965+00:00", "components": 8}
{"stage": "cold_batch", "utc": "2026-09-07T07:45:18.137108+00:00", "components": 16}
{"stage": "cold_batch", "utc": "2026-09-07T07:45:18.330458+00:00", "components": 24}
{"stage": "cold_batch", "utc": "2026-09-07T07:45:18.528557+00:00", "components": 32}
{"stage": "cold_batch", "utc": "2026-09-07T07:45:18.714848+00:00", "components": 40}
{"stage": "cold_batch", "utc": "2026-09-07T07:45:18.902439+00:00", "components": 48}
{"stage": "cold_batch", "utc": "2026-09-07T07:45:19.072644+00:00", "components": 56}
{"stage": "cold_batch", "utc": "2026-09-07T07:45:19.249630+00:00", "components": 64}
{"stage": "cold_batch", "utc": "2026-09-07T07:45:19.423293+00:00", "components": 72}
{"stage": "cold_batch", "utc": "2026-09-07T07:45:19.597533+00:00", "components": 80}
{"stage": "cold_batch", "utc": "2026-09-07T07:45:19.770395+00:00", "components": 88}
{"stage": "cold_batch", "utc": "2026-09-07T07:45:19.938851+00:00", "components": 96}
{"stage": "cold_batch", "utc": "2026-09-07T07:45:29.725140+00:00", "components": 104}
{"stage": "cold_batch", "utc": "2026-09-07T07:45:40.025759+00:00", "components": 112}
{"stage": "cold_batch", "utc": "2026-09-07T07:45:50.447753+00:00", "components": 120}
{"stage": "cold_batch", "utc": "2026-09-07T07:46:01.334040+00:00", "components": 128}
{"stage": "cold_batch", "utc": "2026-09-07T07:46:12.272060+00:00", "components": 136}
{"stage": "cold_batch", "utc": "2026-09-07T07:46:22.745144+00:00", "components": 144}
{"stage": "cold_batch", "utc": "2026-09-07T07:46:33.595410+00:00", "components": 152}
{"stage": "cold_batch", "utc": "2026-09-07T07:46:44.292460+00:00", "components": 160}
{"stage": "cold_batch", "utc": "2026-09-07T07:46:55.262470+00:00", "components": 168}
{"stage": "cold_batch", "utc": "2026-09-07T07:47:06.199849+00:00", "components": 176}
{"stage": "cold_batch", "utc": "2026-09-07T07:47:11.132467+00:00", "components": 184}
{"stage": "cold_batch", "utc": "2026-09-07T07:47:11.301190+00:00", "components": 192}
{"stage": "cold_batch", "utc": "2026-09-07T07:47:11.461725+00:00", "components": 200}
{"stage": "cold_batch", "utc": "2026-09-07T07:47:11.628011+00:00", "components": 208}
{"stage": "cold_batch", "utc": "2026-09-07T07:47:11.792586+00:00", "components": 216}
{"stage": "cold_batch", "utc": "2026-09-07T07:47:11.958039+00:00", "components": 224}
{"stage": "cold_batch", "utc": "2026-09-07T07:47:12.120297+00:00", "components": 232}
{"stage": "cold_batch", "utc": "2026-09-07T07:47:12.282708+00:00", "components": 240}
{"stage": "cold_batch", "utc": "2026-09-07T07:47:12.456758+00:00", "components": 248}
{"stage": "cold_batch", "utc": "2026-09-07T07:47:12.632752+00:00", "components": 256}
{"stage": "cold_batch", "utc": "2026-09-07T07:47:12.813518+00:00", "components": 264}
{"stage": "cold_batch", "utc": "2026-09-07T07:47:12.990074+00:00", "components": 272}
{"stage": "cold_batch", "utc": "2026-09-07T07:47:13.161923+00:00", "components": 280}
{"stage": "cold_batch", "utc": "2026-09-07T07:47:13.334217+00:00", "components": 288}
{"stage": "cold_batch", "utc": "2026-09-07T07:47:13.504286+00:00", "components": 296}
{"stage": "cold_batch", "utc": "2026-09-07T07:47:13.673895+00:00", "components": 304}
{"stage": "cold_batch", "utc": "2026-09-07T07:47:13.848553+00:00", "components": 312}
{"stage": "cold_batch", "utc": "2026-09-07T07:47:14.021839+00:00", "components": 320}
{"stage": "cold_batch", "utc": "2026-09-07T07:47:14.195781+00:00", "components": 328}
{"stage": "cold_batch", "utc": "2026-09-07T07:47:14.362606+00:00", "components": 336}
{"stage": "cold_batch", "utc": "2026-09-07T07:47:14.527881+00:00", "components": 344}
{"stage": "cold_batch", "utc": "2026-09-07T07:47:14.694631+00:00", "components": 352}
{"stage": "cold_batch", "utc": "2026-09-07T07:47:14.859592+00:00", "components": 360}
{"stage": "cold_batch", "utc": "2026-09-07T07:47:15.031405+00:00", "components": 368}
{"stage": "cold_batch", "utc": "2026-09-07T07:47:15.196061+00:00", "components": 376}
{"stage": "cold_batch", "utc": "2026-09-07T07:47:15.363485+00:00", "components": 384}
{"stage": "cold_batch", "utc": "2026-09-07T07:47:15.530704+00:00", "components": 392}
{"stage": "cold_batch", "utc": "2026-09-07T07:47:15.690466+00:00", "components": 400}
{"stage": "cold_batch", "utc": "2026-09-07T07:47:15.854432+00:00", "components": 408}
{"stage": "cold_batch", "utc": "2026-09-07T07:47:16.019049+00:00", "components": 416}
{"stage": "cold_batch", "utc": "2026-09-07T07:47:16.186134+00:00", "components": 424}
{"stage": "cold_batch", "utc": "2026-09-07T07:47:16.357554+00:00", "components": 432}
{"stage": "cold_batch", "utc": "2026-09-07T07:47:16.532357+00:00", "components": 440}
{"stage": "cold_batch", "utc": "2026-09-07T07:47:16.707850+00:00", "components": 448}
{"stage": "cold_batch", "utc": "2026-09-07T07:47:16.874498+00:00", "components": 456}
{"stage": "cold_batch", "utc": "2026-09-07T07:47:17.042696+00:00", "components": 464}
{"stage": "cold_batch", "utc": "2026-09-07T07:47:17.208827+00:00", "components": 472}
{"stage": "cold_batch", "utc": "2026-09-07T07:47:17.373080+00:00", "components": 480}
{"stage": "cold_batch", "utc": "2026-09-07T07:47:17.540960+00:00", "components": 488}
{"stage": "cold_batch", "utc": "2026-09-07T07:47:17.706538+00:00", "components": 496}
{"stage": "cold_batch", "utc": "2026-09-07T07:47:17.873706+00:00", "components": 504}
{"stage": "cold_batch", "utc": "2026-09-07T07:47:18.044800+00:00", "components": 512}
{"stage": "cold_batch", "utc": "2026-09-07T07:47:18.209626+00:00", "components": 520}
{"stage": "cold_batch", "utc": "2026-09-07T07:47:18.376527+00:00", "components": 528}
{"stage": "cold_batch", "utc": "2026-09-07T07:47:18.542071+00:00", "components": 536}
{"stage": "cold_batch", "utc": "2026-09-07T07:47:18.711764+00:00", "components": 544}
{"stage": "cold_batch", "utc": "2026-09-07T07:47:18.885270+00:00", "components": 552}
{"stage": "cold_batch", "utc": "2026-09-07T07:47:19.055998+00:00", "components": 560}
{"stage": "cold_batch", "utc": "2026-09-07T07:47:19.225511+00:00", "components": 568}
{"stage": "cold_batch", "utc": "2026-09-07T07:47:19.390177+00:00", "components": 576}
{"stage": "cold_batch", "utc": "2026-09-07T07:47:19.549263+00:00", "components": 584}
{"stage": "cold_batch", "utc": "2026-09-07T07:47:19.711986+00:00", "components": 592}
{"stage": "cold_batch", "utc": "2026-09-07T07:47:19.876371+00:00", "components": 600}
{"stage": "cold_batch", "utc": "2026-09-07T07:47:20.043383+00:00", "components": 608}
{"stage": "cold_batch", "utc": "2026-09-07T07:47:20.203385+00:00", "components": 616}
{"stage": "cold_batch", "utc": "2026-09-07T07:47:20.366336+00:00", "components": 624}
{"stage": "cold_batch", "utc": "2026-09-07T07:47:20.538825+00:00", "components": 632}
{"stage": "cold_batch", "utc": "2026-09-07T07:47:20.701936+00:00", "components": 640}
{"stage": "cold_batch", "utc": "2026-09-07T07:47:20.865390+00:00", "components": 648}
{"stage": "cold_batch", "utc": "2026-09-07T07:47:21.034471+00:00", "components": 656}
{"stage": "cold_batch", "utc": "2026-09-07T07:47:21.199709+00:00", "components": 664}
{"stage": "cold_batch", "utc": "2026-09-07T07:47:21.369575+00:00", "components": 672}
{"stage": "cold_batch", "utc": "2026-09-07T07:47:21.526692+00:00", "components": 680}
{"stage": "cold_batch", "utc": "2026-09-07T07:47:21.690938+00:00", "components": 688}
{"stage": "cold_batch", "utc": "2026-09-07T07:47:21.850988+00:00", "components": 696}
{"stage": "recovery_verified_empty_exit", "utc": "2026-09-07T07:47:34.527891+00:00"}
