2026-08-02T19:09:53.4531931Z|PRECONDITIONS
2026-08-02T19:09:53.4805709Z|ATTACH_EXPECTED_FRESH_PROCESS
2026-08-02T19:09:53.5405505Z|OPEN_FINAL_TARGET_READ_ONLY
2026-08-02T19:10:00.9180106Z|READ_INITIAL_ACTIVE_CONFIGURATION
2026-08-02T19:10:00.9834210Z|TEN_REBUILD_READBACK_CYCLES
2026-08-02T19:10:00.9844230Z|CYCLE_01_BEGIN
2026-08-02T19:10:01.1067430Z|CYCLE_01_BEFORE_SHOW_MODE_B_EVALUATION_TO_COMMON_CANONICAL
2026-08-02T19:12:56.6799495Z|CYCLE_01_AFTER_SHOW_COMMON_CANONICAL
2026-08-02T19:12:56.9082159Z|CYCLE_01_BEFORE_REBUILD_COMMON_CANONICAL
2026-08-02T19:12:57.2453050Z|CYCLE_01_AFTER_REBUILD_COMMON_CANONICAL
2026-08-02T19:12:59.7878301Z|CYCLE_01_COMMON_CANONICAL_LEGACY_CONFIG_ENUM_COMMON_CANONICAL
2026-08-02T19:12:59.8038904Z|CYCLE_01_COMMON_CANONICAL_LEGACY_CONFIG_ENUM_MODE_A_EVALUATION
2026-08-02T19:12:59.8199384Z|CYCLE_01_COMMON_CANONICAL_LEGACY_CONFIG_ENUM_MODE_B_EVALUATION
2026-08-02T19:13:45.1199172Z|CYCLE_01_BEFORE_SHOW_COMMON_CANONICAL_TO_MODE_A_EVALUATION
2026-08-02T19:13:45.6930676Z|CYCLE_01_AFTER_SHOW_MODE_A_EVALUATION
2026-08-02T19:13:45.9283124Z|CYCLE_01_BEFORE_REBUILD_MODE_A_EVALUATION
2026-08-02T19:13:46.0956172Z|CYCLE_01_AFTER_REBUILD_MODE_A_EVALUATION
2026-08-02T19:13:48.6165894Z|CYCLE_01_MODE_A_EVALUATION_LEGACY_CONFIG_ENUM_COMMON_CANONICAL
2026-08-02T19:13:48.6320389Z|CYCLE_01_MODE_A_EVALUATION_LEGACY_CONFIG_ENUM_MODE_A_EVALUATION
2026-08-02T19:13:48.6446804Z|CYCLE_01_MODE_A_EVALUATION_LEGACY_CONFIG_ENUM_MODE_B_EVALUATION
2026-08-02T19:14:32.9925661Z|CYCLE_01_BEFORE_SHOW_MODE_A_EVALUATION_TO_MODE_B_EVALUATION
2026-08-02T19:14:33.5586433Z|CYCLE_01_AFTER_SHOW_MODE_B_EVALUATION
2026-08-02T19:14:33.7498876Z|CYCLE_01_BEFORE_REBUILD_MODE_B_EVALUATION
2026-08-02T19:14:33.9075959Z|CYCLE_01_AFTER_REBUILD_MODE_B_EVALUATION
2026-08-02T19:14:36.5080459Z|CYCLE_01_MODE_B_EVALUATION_LEGACY_CONFIG_ENUM_COMMON_CANONICAL
2026-08-02T19:14:36.5217099Z|CYCLE_01_MODE_B_EVALUATION_LEGACY_CONFIG_ENUM_MODE_A_EVALUATION
2026-08-02T19:14:36.5352394Z|CYCLE_01_MODE_B_EVALUATION_LEGACY_CONFIG_ENUM_MODE_B_EVALUATION
2026-08-02T19:15:20.7987845Z|CYCLE_01_PASS
2026-08-02T19:15:20.7993896Z|CYCLE_02_BEGIN
2026-08-02T19:15:20.9192295Z|CYCLE_02_BEFORE_SHOW_MODE_B_EVALUATION_TO_COMMON_CANONICAL
2026-08-02T19:15:21.3501217Z|CYCLE_02_AFTER_SHOW_COMMON_CANONICAL
2026-08-02T19:15:21.5718297Z|CYCLE_02_BEFORE_REBUILD_COMMON_CANONICAL
2026-08-02T19:15:21.7185431Z|CYCLE_02_AFTER_REBUILD_COMMON_CANONICAL
2026-08-02T19:15:24.2669606Z|CYCLE_02_COMMON_CANONICAL_LEGACY_CONFIG_ENUM_COMMON_CANONICAL
2026-08-02T19:15:24.2795822Z|CYCLE_02_COMMON_CANONICAL_LEGACY_CONFIG_ENUM_MODE_A_EVALUATION
2026-08-02T19:15:24.2921054Z|CYCLE_02_COMMON_CANONICAL_LEGACY_CONFIG_ENUM_MODE_B_EVALUATION
2026-08-02T19:16:08.7408119Z|CYCLE_02_BEFORE_SHOW_COMMON_CANONICAL_TO_MODE_A_EVALUATION
2026-08-02T19:16:08.9580264Z|CYCLE_02_AFTER_SHOW_MODE_A_EVALUATION
2026-08-02T19:16:09.1391060Z|CYCLE_02_BEFORE_REBUILD_MODE_A_EVALUATION
2026-08-02T19:16:09.3020771Z|CYCLE_02_AFTER_REBUILD_MODE_A_EVALUATION
2026-08-02T19:16:11.7972188Z|CYCLE_02_MODE_A_EVALUATION_LEGACY_CONFIG_ENUM_COMMON_CANONICAL
2026-08-02T19:16:11.8094754Z|CYCLE_02_MODE_A_EVALUATION_LEGACY_CONFIG_ENUM_MODE_A_EVALUATION
2026-08-02T19:16:11.8214917Z|CYCLE_02_MODE_A_EVALUATION_LEGACY_CONFIG_ENUM_MODE_B_EVALUATION
2026-08-02T19:16:56.9621294Z|CYCLE_02_BEFORE_SHOW_MODE_A_EVALUATION_TO_MODE_B_EVALUATION
2026-08-02T19:16:57.1661803Z|CYCLE_02_AFTER_SHOW_MODE_B_EVALUATION
2026-08-02T19:16:57.3484761Z|CYCLE_02_BEFORE_REBUILD_MODE_B_EVALUATION
2026-08-02T19:16:57.4928759Z|CYCLE_02_AFTER_REBUILD_MODE_B_EVALUATION
2026-08-02T19:16:59.9627120Z|CYCLE_02_MODE_B_EVALUATION_LEGACY_CONFIG_ENUM_COMMON_CANONICAL
2026-08-02T19:16:59.9763121Z|CYCLE_02_MODE_B_EVALUATION_LEGACY_CONFIG_ENUM_MODE_A_EVALUATION
2026-08-02T19:16:59.9901382Z|CYCLE_02_MODE_B_EVALUATION_LEGACY_CONFIG_ENUM_MODE_B_EVALUATION
2026-08-02T19:17:46.3625651Z|CYCLE_02_PASS
2026-08-02T19:17:46.3625651Z|CYCLE_03_BEGIN
2026-08-02T19:17:46.4803726Z|CYCLE_03_BEFORE_SHOW_MODE_B_EVALUATION_TO_COMMON_CANONICAL
2026-08-02T19:17:46.7507695Z|CYCLE_03_AFTER_SHOW_COMMON_CANONICAL
2026-08-02T19:17:46.8989772Z|CYCLE_03_BEFORE_REBUILD_COMMON_CANONICAL
2026-08-02T19:17:47.0417319Z|CYCLE_03_AFTER_REBUILD_COMMON_CANONICAL
2026-08-02T19:17:49.6427113Z|CYCLE_03_COMMON_CANONICAL_LEGACY_CONFIG_ENUM_COMMON_CANONICAL
2026-08-02T19:17:49.6567777Z|CYCLE_03_COMMON_CANONICAL_LEGACY_CONFIG_ENUM_MODE_A_EVALUATION
2026-08-02T19:17:49.6692965Z|CYCLE_03_COMMON_CANONICAL_LEGACY_CONFIG_ENUM_MODE_B_EVALUATION
2026-08-02T19:18:36.1211997Z|CYCLE_03_BEFORE_SHOW_COMMON_CANONICAL_TO_MODE_A_EVALUATION
2026-08-02T19:18:36.3513432Z|CYCLE_03_AFTER_SHOW_MODE_A_EVALUATION
2026-08-02T19:18:36.5636211Z|CYCLE_03_BEFORE_REBUILD_MODE_A_EVALUATION
2026-08-02T19:18:36.7234570Z|CYCLE_03_AFTER_REBUILD_MODE_A_EVALUATION
2026-08-02T19:18:39.2773338Z|CYCLE_03_MODE_A_EVALUATION_LEGACY_CONFIG_ENUM_COMMON_CANONICAL
2026-08-02T19:18:39.2898612Z|CYCLE_03_MODE_A_EVALUATION_LEGACY_CONFIG_ENUM_MODE_A_EVALUATION
2026-08-02T19:18:39.3028615Z|CYCLE_03_MODE_A_EVALUATION_LEGACY_CONFIG_ENUM_MODE_B_EVALUATION
2026-08-02T19:19:25.5379240Z|CYCLE_03_BEFORE_SHOW_MODE_A_EVALUATION_TO_MODE_B_EVALUATION
2026-08-02T19:19:25.7536496Z|CYCLE_03_AFTER_SHOW_MODE_B_EVALUATION
2026-08-02T19:19:25.9204605Z|CYCLE_03_BEFORE_REBUILD_MODE_B_EVALUATION
2026-08-02T19:19:26.0723305Z|CYCLE_03_AFTER_REBUILD_MODE_B_EVALUATION
2026-08-02T19:19:28.6255176Z|CYCLE_03_MODE_B_EVALUATION_LEGACY_CONFIG_ENUM_COMMON_CANONICAL
2026-08-02T19:19:28.6382002Z|CYCLE_03_MODE_B_EVALUATION_LEGACY_CONFIG_ENUM_MODE_A_EVALUATION
2026-08-02T19:19:28.6540507Z|CYCLE_03_MODE_B_EVALUATION_LEGACY_CONFIG_ENUM_MODE_B_EVALUATION
2026-08-02T19:20:15.1369440Z|CYCLE_03_PASS
2026-08-02T19:20:15.1379483Z|CYCLE_04_BEGIN
2026-08-02T19:20:15.2934638Z|CYCLE_04_BEFORE_SHOW_MODE_B_EVALUATION_TO_COMMON_CANONICAL
2026-08-02T19:20:15.5321372Z|CYCLE_04_AFTER_SHOW_COMMON_CANONICAL
2026-08-02T19:20:15.6989563Z|CYCLE_04_BEFORE_REBUILD_COMMON_CANONICAL
2026-08-02T19:20:15.8455159Z|CYCLE_04_AFTER_REBUILD_COMMON_CANONICAL
2026-08-02T19:20:18.4251762Z|CYCLE_04_COMMON_CANONICAL_LEGACY_CONFIG_ENUM_COMMON_CANONICAL
2026-08-02T19:20:18.4389379Z|CYCLE_04_COMMON_CANONICAL_LEGACY_CONFIG_ENUM_MODE_A_EVALUATION
2026-08-02T19:20:18.4515194Z|CYCLE_04_COMMON_CANONICAL_LEGACY_CONFIG_ENUM_MODE_B_EVALUATION
2026-08-02T19:21:04.9950213Z|CYCLE_04_BEFORE_SHOW_COMMON_CANONICAL_TO_MODE_A_EVALUATION
2026-08-02T19:21:05.2703343Z|CYCLE_04_AFTER_SHOW_MODE_A_EVALUATION
2026-08-02T19:21:05.4566666Z|CYCLE_04_BEFORE_REBUILD_MODE_A_EVALUATION
2026-08-02T19:21:05.6074225Z|CYCLE_04_AFTER_REBUILD_MODE_A_EVALUATION
2026-08-02T19:21:08.2283935Z|CYCLE_04_MODE_A_EVALUATION_LEGACY_CONFIG_ENUM_COMMON_CANONICAL
2026-08-02T19:21:08.2438397Z|CYCLE_04_MODE_A_EVALUATION_LEGACY_CONFIG_ENUM_MODE_A_EVALUATION
2026-08-02T19:21:08.2573293Z|CYCLE_04_MODE_A_EVALUATION_LEGACY_CONFIG_ENUM_MODE_B_EVALUATION
2026-08-02T19:21:54.3437793Z|CYCLE_04_BEFORE_SHOW_MODE_A_EVALUATION_TO_MODE_B_EVALUATION
2026-08-02T19:21:54.6248167Z|CYCLE_04_AFTER_SHOW_MODE_B_EVALUATION
2026-08-02T19:21:54.8054616Z|CYCLE_04_BEFORE_REBUILD_MODE_B_EVALUATION
2026-08-02T19:21:54.9923883Z|CYCLE_04_AFTER_REBUILD_MODE_B_EVALUATION
2026-08-02T19:21:57.6012083Z|CYCLE_04_MODE_B_EVALUATION_LEGACY_CONFIG_ENUM_COMMON_CANONICAL
2026-08-02T19:21:57.6147236Z|CYCLE_04_MODE_B_EVALUATION_LEGACY_CONFIG_ENUM_MODE_A_EVALUATION
2026-08-02T19:21:57.6277224Z|CYCLE_04_MODE_B_EVALUATION_LEGACY_CONFIG_ENUM_MODE_B_EVALUATION
2026-08-02T19:22:44.2300037Z|CYCLE_04_PASS
2026-08-02T19:22:44.2310038Z|CYCLE_05_BEGIN
2026-08-02T19:22:44.3577815Z|CYCLE_05_BEFORE_SHOW_MODE_B_EVALUATION_TO_COMMON_CANONICAL
2026-08-02T19:22:44.5861115Z|CYCLE_05_AFTER_SHOW_COMMON_CANONICAL
2026-08-02T19:22:44.7703071Z|CYCLE_05_BEFORE_REBUILD_COMMON_CANONICAL
2026-08-02T19:22:44.9359279Z|CYCLE_05_AFTER_REBUILD_COMMON_CANONICAL
2026-08-02T19:22:47.4645389Z|CYCLE_05_COMMON_CANONICAL_LEGACY_CONFIG_ENUM_COMMON_CANONICAL
2026-08-02T19:22:47.4790898Z|CYCLE_05_COMMON_CANONICAL_LEGACY_CONFIG_ENUM_MODE_A_EVALUATION
2026-08-02T19:22:47.4921446Z|CYCLE_05_COMMON_CANONICAL_LEGACY_CONFIG_ENUM_MODE_B_EVALUATION
2026-08-02T19:23:33.5802257Z|CYCLE_05_BEFORE_SHOW_COMMON_CANONICAL_TO_MODE_A_EVALUATION
2026-08-02T19:23:33.8145409Z|CYCLE_05_AFTER_SHOW_MODE_A_EVALUATION
2026-08-02T19:23:33.9850368Z|CYCLE_05_BEFORE_REBUILD_MODE_A_EVALUATION
2026-08-02T19:23:34.1481925Z|CYCLE_05_AFTER_REBUILD_MODE_A_EVALUATION
2026-08-02T19:23:36.7913703Z|CYCLE_05_MODE_A_EVALUATION_LEGACY_CONFIG_ENUM_COMMON_CANONICAL
2026-08-02T19:23:36.8033533Z|CYCLE_05_MODE_A_EVALUATION_LEGACY_CONFIG_ENUM_MODE_A_EVALUATION
2026-08-02T19:23:36.8166738Z|CYCLE_05_MODE_A_EVALUATION_LEGACY_CONFIG_ENUM_MODE_B_EVALUATION
2026-08-02T19:24:23.0953189Z|CYCLE_05_BEFORE_SHOW_MODE_A_EVALUATION_TO_MODE_B_EVALUATION
2026-08-02T19:24:23.3471408Z|CYCLE_05_AFTER_SHOW_MODE_B_EVALUATION
2026-08-02T19:24:23.5540783Z|CYCLE_05_BEFORE_REBUILD_MODE_B_EVALUATION
2026-08-02T19:24:23.7310155Z|CYCLE_05_AFTER_REBUILD_MODE_B_EVALUATION
2026-08-02T19:24:26.3603353Z|CYCLE_05_MODE_B_EVALUATION_LEGACY_CONFIG_ENUM_COMMON_CANONICAL
2026-08-02T19:24:26.3736429Z|CYCLE_05_MODE_B_EVALUATION_LEGACY_CONFIG_ENUM_MODE_A_EVALUATION
2026-08-02T19:24:26.3857923Z|CYCLE_05_MODE_B_EVALUATION_LEGACY_CONFIG_ENUM_MODE_B_EVALUATION
2026-08-02T19:25:12.5145730Z|CYCLE_05_PASS
2026-08-02T19:25:12.5155974Z|CYCLE_06_BEGIN
2026-08-02T19:25:12.6426954Z|CYCLE_06_BEFORE_SHOW_MODE_B_EVALUATION_TO_COMMON_CANONICAL
2026-08-02T19:25:12.8703784Z|CYCLE_06_AFTER_SHOW_COMMON_CANONICAL
2026-08-02T19:25:13.0686446Z|CYCLE_06_BEFORE_REBUILD_COMMON_CANONICAL
2026-08-02T19:25:13.2386098Z|CYCLE_06_AFTER_REBUILD_COMMON_CANONICAL
2026-08-02T19:25:15.9444414Z|CYCLE_06_COMMON_CANONICAL_LEGACY_CONFIG_ENUM_COMMON_CANONICAL
2026-08-02T19:25:15.9573651Z|CYCLE_06_COMMON_CANONICAL_LEGACY_CONFIG_ENUM_MODE_A_EVALUATION
2026-08-02T19:25:15.9711283Z|CYCLE_06_COMMON_CANONICAL_LEGACY_CONFIG_ENUM_MODE_B_EVALUATION
2026-08-02T19:26:02.3114965Z|CYCLE_06_BEFORE_SHOW_COMMON_CANONICAL_TO_MODE_A_EVALUATION
2026-08-02T19:26:02.5544372Z|CYCLE_06_AFTER_SHOW_MODE_A_EVALUATION
2026-08-02T19:26:02.7441640Z|CYCLE_06_BEFORE_REBUILD_MODE_A_EVALUATION
2026-08-02T19:26:02.8898943Z|CYCLE_06_AFTER_REBUILD_MODE_A_EVALUATION
2026-08-02T19:26:05.5594223Z|CYCLE_06_MODE_A_EVALUATION_LEGACY_CONFIG_ENUM_COMMON_CANONICAL
2026-08-02T19:26:05.5799586Z|CYCLE_06_MODE_A_EVALUATION_LEGACY_CONFIG_ENUM_MODE_A_EVALUATION
2026-08-02T19:26:05.5948513Z|CYCLE_06_MODE_A_EVALUATION_LEGACY_CONFIG_ENUM_MODE_B_EVALUATION
2026-08-02T19:26:51.5413673Z|CYCLE_06_BEFORE_SHOW_MODE_A_EVALUATION_TO_MODE_B_EVALUATION
2026-08-02T19:26:51.7473736Z|CYCLE_06_AFTER_SHOW_MODE_B_EVALUATION
2026-08-02T19:26:51.9527055Z|CYCLE_06_BEFORE_REBUILD_MODE_B_EVALUATION
2026-08-02T19:26:52.1749942Z|CYCLE_06_AFTER_REBUILD_MODE_B_EVALUATION
2026-08-02T19:26:54.8396241Z|CYCLE_06_MODE_B_EVALUATION_LEGACY_CONFIG_ENUM_COMMON_CANONICAL
2026-08-02T19:26:54.8536839Z|CYCLE_06_MODE_B_EVALUATION_LEGACY_CONFIG_ENUM_MODE_A_EVALUATION
2026-08-02T19:26:54.8676496Z|CYCLE_06_MODE_B_EVALUATION_LEGACY_CONFIG_ENUM_MODE_B_EVALUATION
2026-08-02T19:27:41.2233681Z|CYCLE_06_PASS
2026-08-02T19:27:41.2243749Z|CYCLE_07_BEGIN
2026-08-02T19:27:41.3436906Z|CYCLE_07_BEFORE_SHOW_MODE_B_EVALUATION_TO_COMMON_CANONICAL
2026-08-02T19:27:41.5530585Z|CYCLE_07_AFTER_SHOW_COMMON_CANONICAL
2026-08-02T19:27:41.8037439Z|CYCLE_07_BEFORE_REBUILD_COMMON_CANONICAL
2026-08-02T19:27:41.9752141Z|CYCLE_07_AFTER_REBUILD_COMMON_CANONICAL
2026-08-02T19:27:44.6228365Z|CYCLE_07_COMMON_CANONICAL_LEGACY_CONFIG_ENUM_COMMON_CANONICAL
2026-08-02T19:27:44.6367863Z|CYCLE_07_COMMON_CANONICAL_LEGACY_CONFIG_ENUM_MODE_A_EVALUATION
2026-08-02T19:27:44.6516209Z|CYCLE_07_COMMON_CANONICAL_LEGACY_CONFIG_ENUM_MODE_B_EVALUATION
2026-08-02T19:28:30.9777589Z|CYCLE_07_BEFORE_SHOW_COMMON_CANONICAL_TO_MODE_A_EVALUATION
2026-08-02T19:28:31.1854434Z|CYCLE_07_AFTER_SHOW_MODE_A_EVALUATION
2026-08-02T19:28:31.3979916Z|CYCLE_07_BEFORE_REBUILD_MODE_A_EVALUATION
2026-08-02T19:28:31.5447145Z|CYCLE_07_AFTER_REBUILD_MODE_A_EVALUATION
2026-08-02T19:28:34.1717542Z|CYCLE_07_MODE_A_EVALUATION_LEGACY_CONFIG_ENUM_COMMON_CANONICAL
2026-08-02T19:28:34.1871979Z|CYCLE_07_MODE_A_EVALUATION_LEGACY_CONFIG_ENUM_MODE_A_EVALUATION
2026-08-02T19:28:34.2014902Z|CYCLE_07_MODE_A_EVALUATION_LEGACY_CONFIG_ENUM_MODE_B_EVALUATION
2026-08-02T19:29:20.8034228Z|CYCLE_07_BEFORE_SHOW_MODE_A_EVALUATION_TO_MODE_B_EVALUATION
2026-08-02T19:29:21.0228914Z|CYCLE_07_AFTER_SHOW_MODE_B_EVALUATION
2026-08-02T19:29:21.2179543Z|CYCLE_07_BEFORE_REBUILD_MODE_B_EVALUATION
2026-08-02T19:29:21.3628426Z|CYCLE_07_AFTER_REBUILD_MODE_B_EVALUATION
2026-08-02T19:29:24.0187732Z|CYCLE_07_MODE_B_EVALUATION_LEGACY_CONFIG_ENUM_COMMON_CANONICAL
2026-08-02T19:29:24.0341913Z|CYCLE_07_MODE_B_EVALUATION_LEGACY_CONFIG_ENUM_MODE_A_EVALUATION
2026-08-02T19:29:24.0487007Z|CYCLE_07_MODE_B_EVALUATION_LEGACY_CONFIG_ENUM_MODE_B_EVALUATION
2026-08-02T19:30:10.4790283Z|CYCLE_07_PASS
2026-08-02T19:30:10.4810444Z|CYCLE_08_BEGIN
2026-08-02T19:30:10.6123409Z|CYCLE_08_BEFORE_SHOW_MODE_B_EVALUATION_TO_COMMON_CANONICAL
2026-08-02T19:30:10.8240538Z|CYCLE_08_AFTER_SHOW_COMMON_CANONICAL
2026-08-02T19:30:11.0071754Z|CYCLE_08_BEFORE_REBUILD_COMMON_CANONICAL
2026-08-02T19:30:11.1478751Z|CYCLE_08_AFTER_REBUILD_COMMON_CANONICAL
2026-08-02T19:30:13.8175180Z|CYCLE_08_COMMON_CANONICAL_LEGACY_CONFIG_ENUM_COMMON_CANONICAL
2026-08-02T19:30:13.8312948Z|CYCLE_08_COMMON_CANONICAL_LEGACY_CONFIG_ENUM_MODE_A_EVALUATION
2026-08-02T19:30:13.8439758Z|CYCLE_08_COMMON_CANONICAL_LEGACY_CONFIG_ENUM_MODE_B_EVALUATION
2026-08-02T19:31:00.2563044Z|CYCLE_08_BEFORE_SHOW_COMMON_CANONICAL_TO_MODE_A_EVALUATION
2026-08-02T19:31:00.4659361Z|CYCLE_08_AFTER_SHOW_MODE_A_EVALUATION
2026-08-02T19:31:00.6315100Z|CYCLE_08_BEFORE_REBUILD_MODE_A_EVALUATION
2026-08-02T19:31:00.7817178Z|CYCLE_08_AFTER_REBUILD_MODE_A_EVALUATION
2026-08-02T19:31:03.4261532Z|CYCLE_08_MODE_A_EVALUATION_LEGACY_CONFIG_ENUM_COMMON_CANONICAL
2026-08-02T19:31:03.4392955Z|CYCLE_08_MODE_A_EVALUATION_LEGACY_CONFIG_ENUM_MODE_A_EVALUATION
2026-08-02T19:31:03.4524554Z|CYCLE_08_MODE_A_EVALUATION_LEGACY_CONFIG_ENUM_MODE_B_EVALUATION
2026-08-02T19:31:49.9106353Z|CYCLE_08_BEFORE_SHOW_MODE_A_EVALUATION_TO_MODE_B_EVALUATION
2026-08-02T19:31:50.1651046Z|CYCLE_08_AFTER_SHOW_MODE_B_EVALUATION
2026-08-02T19:31:50.3449756Z|CYCLE_08_BEFORE_REBUILD_MODE_B_EVALUATION
2026-08-02T19:31:50.4939434Z|CYCLE_08_AFTER_REBUILD_MODE_B_EVALUATION
2026-08-02T19:31:53.0562571Z|CYCLE_08_MODE_B_EVALUATION_LEGACY_CONFIG_ENUM_COMMON_CANONICAL
2026-08-02T19:31:53.0697712Z|CYCLE_08_MODE_B_EVALUATION_LEGACY_CONFIG_ENUM_MODE_A_EVALUATION
2026-08-02T19:31:53.0835977Z|CYCLE_08_MODE_B_EVALUATION_LEGACY_CONFIG_ENUM_MODE_B_EVALUATION
2026-08-02T19:32:39.6333731Z|CYCLE_08_PASS
2026-08-02T19:32:39.6343758Z|CYCLE_09_BEGIN
2026-08-02T19:32:39.7588238Z|CYCLE_09_BEFORE_SHOW_MODE_B_EVALUATION_TO_COMMON_CANONICAL
2026-08-02T19:32:39.9653347Z|CYCLE_09_AFTER_SHOW_COMMON_CANONICAL
2026-08-02T19:32:40.1504173Z|CYCLE_09_BEFORE_REBUILD_COMMON_CANONICAL
2026-08-02T19:32:40.3109919Z|CYCLE_09_AFTER_REBUILD_COMMON_CANONICAL
2026-08-02T19:32:42.9153859Z|CYCLE_09_COMMON_CANONICAL_LEGACY_CONFIG_ENUM_COMMON_CANONICAL
2026-08-02T19:32:42.9292757Z|CYCLE_09_COMMON_CANONICAL_LEGACY_CONFIG_ENUM_MODE_A_EVALUATION
2026-08-02T19:32:42.9425596Z|CYCLE_09_COMMON_CANONICAL_LEGACY_CONFIG_ENUM_MODE_B_EVALUATION
2026-08-02T19:33:29.4768520Z|CYCLE_09_BEFORE_SHOW_COMMON_CANONICAL_TO_MODE_A_EVALUATION
2026-08-02T19:33:29.6853937Z|CYCLE_09_AFTER_SHOW_MODE_A_EVALUATION
2026-08-02T19:33:29.8754700Z|CYCLE_09_BEFORE_REBUILD_MODE_A_EVALUATION
2026-08-02T19:33:30.0711371Z|CYCLE_09_AFTER_REBUILD_MODE_A_EVALUATION
2026-08-02T19:33:32.6127558Z|CYCLE_09_MODE_A_EVALUATION_LEGACY_CONFIG_ENUM_COMMON_CANONICAL
2026-08-02T19:33:32.6318894Z|CYCLE_09_MODE_A_EVALUATION_LEGACY_CONFIG_ENUM_MODE_A_EVALUATION
2026-08-02T19:33:32.6439978Z|CYCLE_09_MODE_A_EVALUATION_LEGACY_CONFIG_ENUM_MODE_B_EVALUATION
2026-08-02T19:34:19.3065616Z|CYCLE_09_BEFORE_SHOW_MODE_A_EVALUATION_TO_MODE_B_EVALUATION
2026-08-02T19:34:19.5362545Z|CYCLE_09_AFTER_SHOW_MODE_B_EVALUATION
2026-08-02T19:34:19.7349033Z|CYCLE_09_BEFORE_REBUILD_MODE_B_EVALUATION
2026-08-02T19:34:19.8879005Z|CYCLE_09_AFTER_REBUILD_MODE_B_EVALUATION
2026-08-02T19:34:22.5325952Z|CYCLE_09_MODE_B_EVALUATION_LEGACY_CONFIG_ENUM_COMMON_CANONICAL
2026-08-02T19:34:22.5456775Z|CYCLE_09_MODE_B_EVALUATION_LEGACY_CONFIG_ENUM_MODE_A_EVALUATION
2026-08-02T19:34:22.5591247Z|CYCLE_09_MODE_B_EVALUATION_LEGACY_CONFIG_ENUM_MODE_B_EVALUATION
2026-08-02T19:35:12.0785388Z|CYCLE_09_PASS
2026-08-02T19:35:12.0795389Z|CYCLE_10_BEGIN
2026-08-02T19:35:12.2001096Z|CYCLE_10_BEFORE_SHOW_MODE_B_EVALUATION_TO_COMMON_CANONICAL
2026-08-02T19:35:12.4318595Z|CYCLE_10_AFTER_SHOW_COMMON_CANONICAL
2026-08-02T19:35:12.6457589Z|CYCLE_10_BEFORE_REBUILD_COMMON_CANONICAL
2026-08-02T19:35:12.8049481Z|CYCLE_10_AFTER_REBUILD_COMMON_CANONICAL
2026-08-02T19:35:15.4866632Z|CYCLE_10_COMMON_CANONICAL_LEGACY_CONFIG_ENUM_COMMON_CANONICAL
2026-08-02T19:35:15.5010153Z|CYCLE_10_COMMON_CANONICAL_LEGACY_CONFIG_ENUM_MODE_A_EVALUATION
2026-08-02T19:35:15.5144023Z|CYCLE_10_COMMON_CANONICAL_LEGACY_CONFIG_ENUM_MODE_B_EVALUATION
2026-08-02T19:36:01.8850902Z|CYCLE_10_BEFORE_SHOW_COMMON_CANONICAL_TO_MODE_A_EVALUATION
2026-08-02T19:36:02.0967065Z|CYCLE_10_AFTER_SHOW_MODE_A_EVALUATION
2026-08-02T19:36:02.2602381Z|CYCLE_10_BEFORE_REBUILD_MODE_A_EVALUATION
2026-08-02T19:36:02.4374946Z|CYCLE_10_AFTER_REBUILD_MODE_A_EVALUATION
2026-08-02T19:36:05.0950384Z|CYCLE_10_MODE_A_EVALUATION_LEGACY_CONFIG_ENUM_COMMON_CANONICAL
2026-08-02T19:36:05.1105527Z|CYCLE_10_MODE_A_EVALUATION_LEGACY_CONFIG_ENUM_MODE_A_EVALUATION
2026-08-02T19:36:05.1234309Z|CYCLE_10_MODE_A_EVALUATION_LEGACY_CONFIG_ENUM_MODE_B_EVALUATION
2026-08-02T19:36:51.3385265Z|CYCLE_10_BEFORE_SHOW_MODE_A_EVALUATION_TO_MODE_B_EVALUATION
2026-08-02T19:36:51.5608566Z|CYCLE_10_AFTER_SHOW_MODE_B_EVALUATION
2026-08-02T19:36:51.7671390Z|CYCLE_10_BEFORE_REBUILD_MODE_B_EVALUATION
2026-08-02T19:36:51.9371347Z|CYCLE_10_AFTER_REBUILD_MODE_B_EVALUATION
2026-08-02T19:36:54.5282136Z|CYCLE_10_MODE_B_EVALUATION_LEGACY_CONFIG_ENUM_COMMON_CANONICAL
2026-08-02T19:36:54.5411597Z|CYCLE_10_MODE_B_EVALUATION_LEGACY_CONFIG_ENUM_MODE_A_EVALUATION
2026-08-02T19:36:54.5553216Z|CYCLE_10_MODE_B_EVALUATION_LEGACY_CONFIG_ENUM_MODE_B_EVALUATION
2026-08-02T19:37:41.3105685Z|CYCLE_10_PASS
2026-08-02T19:37:41.3127747Z|CLOSE_DOCUMENT_WITHOUT_SAVE
2026-08-02T19:37:42.2207977Z|NORMAL_APPLICATION_EXIT
2026-08-02T19:37:52.0188131Z|PASS
