2026-08-03T03:07:37.8543653Z S03B_START
2026-08-03T03:07:37.8976392Z CREATE_BEGIN link1
2026-08-03T03:07:48.0227578Z NEW_DOCUMENT_PASS link1
2026-08-03T03:07:50.8643748Z JOINT_REFERENCES_PASS link1
2026-08-03T03:07:52.3645265Z COORDINATE_SYSTEMS_PASS link1
2026-08-03T03:07:53.3028139Z PROPERTIES_PASS link1
2026-08-03T03:08:06.8678049Z CREATE_PASS link1 1796D153CF9DEDD6618495C463C16FA7E0039CF2DBE5B8961D0E2EA8BDBDE4FB
2026-08-03T03:08:06.8688019Z CREATE_BEGIN link2
2026-08-03T03:08:08.7863025Z NEW_DOCUMENT_PASS link2
2026-08-03T03:08:11.1289204Z JOINT_REFERENCES_PASS link2
2026-08-03T03:08:12.6439126Z COORDINATE_SYSTEMS_PASS link2
2026-08-03T03:08:13.5265182Z PROPERTIES_PASS link2
2026-08-03T03:08:26.0029920Z CREATE_PASS link2 39FA03DECA9DF2AE567008DD8DD04D61F625FE356D8A27B388285F8AB5AF7BAC
2026-08-03T03:08:26.0041141Z CREATE_BEGIN link3
2026-08-03T03:08:27.7532618Z NEW_DOCUMENT_PASS link3
2026-08-03T03:08:29.8866832Z JOINT_REFERENCES_PASS link3
2026-08-03T03:08:31.3427421Z COORDINATE_SYSTEMS_PASS link3
2026-08-03T03:08:32.1202126Z PROPERTIES_PASS link3
2026-08-03T03:08:44.7072627Z CREATE_PASS link3 B3DA4072D13DECB83F102682D8F5E0A28662D217B50AAC56BCA6E9A761A98CD6
2026-08-03T03:08:44.7082789Z CREATE_BEGIN link4
2026-08-03T03:08:46.5350991Z NEW_DOCUMENT_PASS link4
2026-08-03T03:08:48.8215260Z JOINT_REFERENCES_PASS link4
2026-08-03T03:08:50.2839250Z COORDINATE_SYSTEMS_PASS link4
2026-08-03T03:08:51.0532551Z PROPERTIES_PASS link4
2026-08-03T03:09:03.6156387Z CREATE_PASS link4 99EF2480F93AFF513B7CFED04DEAC87D0C0F909771A8CD749A011642C5647732
2026-08-03T03:09:03.6156387Z CREATE_BEGIN link5
2026-08-03T03:09:05.4798155Z NEW_DOCUMENT_PASS link5
2026-08-03T03:09:07.8749070Z JOINT_REFERENCES_PASS link5
2026-08-03T03:09:09.5291374Z COORDINATE_SYSTEMS_PASS link5
2026-08-03T03:09:10.4170149Z PROPERTIES_PASS link5
2026-08-03T03:09:23.8976979Z CREATE_PASS link5 C052B4BBAAD8A1B11FAA9A96729B92247A731498BCD198F750F295501F17A792
2026-08-03T03:09:23.8986951Z CREATE_BEGIN link6
2026-08-03T03:09:25.6991169Z NEW_DOCUMENT_PASS link6
2026-08-03T03:09:27.8526335Z JOINT_REFERENCES_PASS link6
2026-08-03T03:09:29.3640898Z COORDINATE_SYSTEMS_PASS link6
2026-08-03T03:09:30.1644119Z PROPERTIES_PASS link6
2026-08-03T03:09:43.8258042Z CREATE_PASS link6 C4017087690FEED642A964492E3D23B6CFFE9736BA3D57ED2D5D3A61A20E2FD5
2026-08-03T03:09:43.8263216Z CREATE_BEGIN gripper_link
2026-08-03T03:09:45.6567257Z NEW_DOCUMENT_PASS gripper_link
2026-08-03T03:09:46.8957496Z JOINT_REFERENCES_PASS gripper_link
2026-08-03T03:09:48.7384879Z COORDINATE_SYSTEMS_PASS gripper_link
2026-08-03T03:09:49.5826225Z PROPERTIES_PASS gripper_link
2026-08-03T03:10:05.5088657Z CREATE_PASS gripper_link 2911B6D241C8C12BBF5CFD0D4AEF2CD46F782DD75A9B06192126724B7BC4209E
2026-08-03T03:10:05.5099048Z CREATE_BEGIN gripper_left
2026-08-03T03:10:07.5573827Z NEW_DOCUMENT_PASS gripper_left
2026-08-03T03:10:09.9792351Z JOINT_REFERENCES_PASS gripper_left
2026-08-03T03:10:11.1330108Z COORDINATE_SYSTEMS_PASS gripper_left
2026-08-03T03:10:11.9929376Z PROPERTIES_PASS gripper_left
2026-08-03T03:10:23.8717347Z CREATE_PASS gripper_left 94BB24EBF9B0C58E69C4BA93C27F336167284A4EA49E614577C03D965920FD39
2026-08-03T03:10:23.8727460Z CREATE_BEGIN gripper_right
2026-08-03T03:10:25.7867336Z NEW_DOCUMENT_PASS gripper_right
2026-08-03T03:10:28.1332315Z JOINT_REFERENCES_PASS gripper_right
2026-08-03T03:10:29.2943465Z COORDINATE_SYSTEMS_PASS gripper_right
2026-08-03T03:10:30.1900596Z PROPERTIES_PASS gripper_right
2026-08-03T03:10:42.2806252Z CREATE_PASS gripper_right DB4E93DC07271675F5FC2E494191E4DFD97262A53D09D0EBCACD40C7085114DB
2026-08-03T03:10:51.2656831Z S03B_PASS
