{"stage": "attached_existing_session", "utc": "2026-09-07T03:42:38.744176+00:00", "documents": []}
{"stage": "registered_clean_documents_closed", "utc": "2026-09-07T03:42:38.769962+00:00", "count": 0}
{"stage": "parent_copied", "utc": "2026-09-07T03:42:38.931452+00:00", "source": "F:\\China Graduate Future Flight Vehicle Innovation Competition\\01_project\\competition\\SERVICE_ROBOT_MECHANICAL_CONSOLIDATION_20260905\\runs\\wp07_system_20260907_0610\\native\\WP07_ROBOT_SERVICE.SLDASM", "work": "F:\\China Graduate Future Flight Vehicle Innovation Competition\\01_project\\competition\\SERVICE_ROBOT_MECHANICAL_CONSOLIDATION_20260905\\runs\\wp08_retention_delta_20260907_1228\\native\\work\\WP08_WORK_SERVICE.SLDASM", "source_sha256": "29e38402e66dfd706bcf555c35762d768ca2e9006d8c0e329a0ca1c7e8a9f785", "work_sha256": "29e38402e66dfd706bcf555c35762d768ca2e9006d8c0e329a0ca1c7e8a9f785"}
{"stage": "six_only_removed_and_survivors_preserved", "utc": "2026-09-07T03:44:38.545347+00:00", "remaining": 591}
{"stage": "save_attempt", "utc": "2026-09-07T03:46:02.602325+00:00", "path": "F:\\China Graduate Future Flight Vehicle Innovation Competition\\01_project\\competition\\SERVICE_ROBOT_MECHANICAL_CONSOLIDATION_20260905\\runs\\wp08_retention_delta_20260907_1228\\native\\WP08_ROBOT_SERVICE.SLDASM", "api_return": [true, 0, 0], "ok": true, "errors": 0, "warnings": 0}
{"stage": "saved_closed_before_cold_readback", "utc": "2026-09-07T03:46:08.122545+00:00", "native_sha256": "cbd6c14637975dc13b01f1474ee0d71ec4fb14a5a12acb42a7ceb2b91b31fec3"}
{"stage": "cold_all_metadata_checked", "utc": "2026-09-07T03:46:31.175539+00:00", "count": 625}
{"stage": "cold_batch_persisted", "utc": "2026-09-07T03:46:34.643929+00:00", "completed": 10, "unload_api_return": true, "elapsed_s": 3.439159399975324, "memory": {"available_mib": 1024.43359375, "python_rss_mib": 83.94921875, "solidworks_rss_mib": 1013.28125}}
{"stage": "cold_batch_persisted", "utc": "2026-09-07T03:46:37.421348+00:00", "completed": 20, "unload_api_return": true, "elapsed_s": 2.7467078999907244, "memory": {"available_mib": 1012.40234375, "python_rss_mib": 83.921875, "solidworks_rss_mib": 1016.82421875}}
{"stage": "cold_batch_persisted", "utc": "2026-09-07T03:46:40.511040+00:00", "completed": 30, "unload_api_return": true, "elapsed_s": 3.0603895999956876, "memory": {"available_mib": 1022.05859375, "python_rss_mib": 83.98046875, "solidworks_rss_mib": 1021.9609375}}
{"stage": "cold_batch_persisted", "utc": "2026-09-07T03:46:43.727921+00:00", "completed": 40, "unload_api_return": true, "elapsed_s": 3.178448299993761, "memory": {"available_mib": 1016.16796875, "python_rss_mib": 83.90625, "solidworks_rss_mib": 1026.5546875}}
{"stage": "cold_batch_persisted", "utc": "2026-09-07T03:46:46.860024+00:00", "completed": 50, "unload_api_return": true, "elapsed_s": 3.0975685000012163, "memory": {"available_mib": 999.2421875, "python_rss_mib": 83.96484375, "solidworks_rss_mib": 1031.29296875}}
{"stage": "cold_batch_persisted", "utc": "2026-09-07T03:46:50.187074+00:00", "completed": 60, "unload_api_return": true, "elapsed_s": 3.2848397999769077, "memory": {"available_mib": 930.99609375, "python_rss_mib": 83.88671875, "solidworks_rss_mib": 1036.19921875}}
{"stage": "cold_batch_persisted", "utc": "2026-09-07T03:46:52.780069+00:00", "completed": 70, "unload_api_return": true, "elapsed_s": 2.5635464999941178, "memory": {"available_mib": 946.828125, "python_rss_mib": 83.98828125, "solidworks_rss_mib": 1039.70703125}}
{"stage": "cold_batch_persisted", "utc": "2026-09-07T03:46:55.634617+00:00", "completed": 80, "unload_api_return": true, "elapsed_s": 2.824137799994787, "memory": {"available_mib": 945.6953125, "python_rss_mib": 83.97265625, "solidworks_rss_mib": 1043.48046875}}
{"stage": "cold_batch_persisted", "utc": "2026-09-07T03:46:58.108401+00:00", "completed": 90, "unload_api_return": true, "elapsed_s": 2.4340934999927413, "memory": {"available_mib": 939.1796875, "python_rss_mib": 83.96484375, "solidworks_rss_mib": 1046.16796875}}
{"stage": "cold_batch_persisted", "utc": "2026-09-07T03:47:00.565020+00:00", "completed": 100, "unload_api_return": true, "elapsed_s": 2.4192954000027385, "memory": {"available_mib": 954.828125, "python_rss_mib": 83.9140625, "solidworks_rss_mib": 1048.92578125}}
{"stage": "cold_batch_persisted", "utc": "2026-09-07T03:47:03.218408+00:00", "completed": 110, "unload_api_return": true, "elapsed_s": 2.6158641999936663, "memory": {"available_mib": 945.46875, "python_rss_mib": 83.9921875, "solidworks_rss_mib": 1052.66796875}}
{"stage": "cold_batch_persisted", "utc": "2026-09-07T03:47:06.376558+00:00", "completed": 120, "unload_api_return": true, "elapsed_s": 3.120449499983806, "memory": {"available_mib": 946.015625, "python_rss_mib": 83.98828125, "solidworks_rss_mib": 1058.08203125}}
{"stage": "cold_batch_persisted", "utc": "2026-09-07T03:47:09.981087+00:00", "completed": 130, "unload_api_return": true, "elapsed_s": 3.556021399999736, "memory": {"available_mib": 1067.3515625, "python_rss_mib": 84.03515625, "solidworks_rss_mib": 1049.60546875}}
{"stage": "cold_batch_persisted", "utc": "2026-09-07T03:47:12.987893+00:00", "completed": 140, "unload_api_return": true, "elapsed_s": 2.9743813000095543, "memory": {"available_mib": 1223.4296875, "python_rss_mib": 84.00390625, "solidworks_rss_mib": 1054.26953125}}
{"stage": "cold_batch_persisted", "utc": "2026-09-07T03:47:15.613464+00:00", "completed": 150, "unload_api_return": true, "elapsed_s": 2.5948964999988675, "memory": {"available_mib": 1284.74609375, "python_rss_mib": 84.06640625, "solidworks_rss_mib": 1057.9609375}}
{"stage": "cold_batch_persisted", "utc": "2026-09-07T03:47:18.501590+00:00", "completed": 160, "unload_api_return": true, "elapsed_s": 2.8567284000164364, "memory": {"available_mib": 1267.3984375, "python_rss_mib": 83.984375, "solidworks_rss_mib": 1062.23046875}}
{"stage": "cold_batch_persisted", "utc": "2026-09-07T03:47:21.374224+00:00", "completed": 170, "unload_api_return": true, "elapsed_s": 2.8396512999897823, "memory": {"available_mib": 1279.65625, "python_rss_mib": 84.1796875, "solidworks_rss_mib": 1063.44921875}}
{"stage": "cold_batch_persisted", "utc": "2026-09-07T03:47:24.115346+00:00", "completed": 180, "unload_api_return": true, "elapsed_s": 2.7074620999919716, "memory": {"available_mib": 1305.68359375, "python_rss_mib": 84.03125, "solidworks_rss_mib": 1064.21875}}
{"stage": "cold_batch_persisted", "utc": "2026-09-07T03:47:27.035582+00:00", "completed": 190, "unload_api_return": true, "elapsed_s": 2.8886085000121966, "memory": {"available_mib": 1312.4296875, "python_rss_mib": 84.09765625, "solidworks_rss_mib": 1065.5546875}}
{"stage": "cold_batch_persisted", "utc": "2026-09-07T03:47:29.939206+00:00", "completed": 200, "unload_api_return": true, "elapsed_s": 2.8718928000016604, "memory": {"available_mib": 1313.9609375, "python_rss_mib": 83.9453125, "solidworks_rss_mib": 1067.0078125}}
{"stage": "cold_batch_persisted", "utc": "2026-09-07T03:47:33.094340+00:00", "completed": 210, "unload_api_return": true, "elapsed_s": 3.121885200001998, "memory": {"available_mib": 1303.03515625, "python_rss_mib": 84.00390625, "solidworks_rss_mib": 1068.90625}}
{"stage": "cold_batch_persisted", "utc": "2026-09-07T03:47:36.245851+00:00", "completed": 220, "unload_api_return": true, "elapsed_s": 3.118933099991409, "memory": {"available_mib": 1307.6484375, "python_rss_mib": 84.17578125, "solidworks_rss_mib": 1070.1875}}
{"stage": "cold_batch_persisted", "utc": "2026-09-07T03:47:39.440963+00:00", "completed": 230, "unload_api_return": true, "elapsed_s": 3.160178799997084, "memory": {"available_mib": 1334.7421875, "python_rss_mib": 84.29296875, "solidworks_rss_mib": 1071.98828125}}
{"stage": "cold_batch_persisted", "utc": "2026-09-07T03:47:42.624530+00:00", "completed": 240, "unload_api_return": true, "elapsed_s": 3.1487654999946244, "memory": {"available_mib": 1307.18359375, "python_rss_mib": 83.9765625, "solidworks_rss_mib": 1073.6171875}}
{"stage": "cold_batch_persisted", "utc": "2026-09-07T03:47:45.808364+00:00", "completed": 250, "unload_api_return": true, "elapsed_s": 3.150872600002913, "memory": {"available_mib": 1321.2578125, "python_rss_mib": 84.5546875, "solidworks_rss_mib": 1075.3125}}
{"stage": "cold_batch_persisted", "utc": "2026-09-07T03:47:48.971864+00:00", "completed": 260, "unload_api_return": true, "elapsed_s": 3.1303702000004705, "memory": {"available_mib": 1305.1015625, "python_rss_mib": 83.9921875, "solidworks_rss_mib": 1076.36328125}}
{"stage": "cold_batch_persisted", "utc": "2026-09-07T03:47:52.217774+00:00", "completed": 270, "unload_api_return": true, "elapsed_s": 3.2103975000209175, "memory": {"available_mib": 1295.046875, "python_rss_mib": 84.3671875, "solidworks_rss_mib": 1077.67578125}}
{"stage": "cold_batch_persisted", "utc": "2026-09-07T03:47:55.386358+00:00", "completed": 280, "unload_api_return": true, "elapsed_s": 3.133658299979288, "memory": {"available_mib": 1290.83203125, "python_rss_mib": 84.5546875, "solidworks_rss_mib": 1079.08203125}}
{"stage": "cold_batch_persisted", "utc": "2026-09-07T03:47:58.548626+00:00", "completed": 290, "unload_api_return": true, "elapsed_s": 3.1245129000162706, "memory": {"available_mib": 1288.1328125, "python_rss_mib": 84.56640625, "solidworks_rss_mib": 1080.55859375}}
{"stage": "cold_batch_persisted", "utc": "2026-09-07T03:48:01.768263+00:00", "completed": 300, "unload_api_return": true, "elapsed_s": 3.18127440000535, "memory": {"available_mib": 1284.64453125, "python_rss_mib": 84.51953125, "solidworks_rss_mib": 1081.9765625}}
{"stage": "cold_batch_persisted", "utc": "2026-09-07T03:48:04.926256+00:00", "completed": 310, "unload_api_return": true, "elapsed_s": 3.1204828999761958, "memory": {"available_mib": 1280.1328125, "python_rss_mib": 84.64453125, "solidworks_rss_mib": 1082.89453125}}
{"stage": "cold_batch_persisted", "utc": "2026-09-07T03:48:08.099287+00:00", "completed": 320, "unload_api_return": true, "elapsed_s": 3.136434999993071, "memory": {"available_mib": 1279.734375, "python_rss_mib": 84.453125, "solidworks_rss_mib": 1082.71875}}
{"stage": "cold_batch_persisted", "utc": "2026-09-07T03:48:11.306538+00:00", "completed": 330, "unload_api_return": true, "elapsed_s": 3.1693338000040967, "memory": {"available_mib": 1282.32421875, "python_rss_mib": 84.671875, "solidworks_rss_mib": 1083.80859375}}
{"stage": "cold_batch_persisted", "utc": "2026-09-07T03:48:14.180583+00:00", "completed": 340, "unload_api_return": true, "elapsed_s": 2.834224099991843, "memory": {"available_mib": 1282.5078125, "python_rss_mib": 84.51171875, "solidworks_rss_mib": 1084.64453125}}
{"stage": "cold_batch_persisted", "utc": "2026-09-07T03:48:17.174179+00:00", "completed": 350, "unload_api_return": true, "elapsed_s": 2.9530083000136074, "memory": {"available_mib": 1279.58984375, "python_rss_mib": 84.640625, "solidworks_rss_mib": 1086.20703125}}
{"stage": "cold_batch_persisted", "utc": "2026-09-07T03:48:20.064109+00:00", "completed": 360, "unload_api_return": true, "elapsed_s": 2.84993499997654, "memory": {"available_mib": 1278.26953125, "python_rss_mib": 84.703125, "solidworks_rss_mib": 1086.796875}}
{"stage": "cold_batch_persisted", "utc": "2026-09-07T03:48:22.957226+00:00", "completed": 370, "unload_api_return": true, "elapsed_s": 2.852068500011228, "memory": {"available_mib": 1276.4296875, "python_rss_mib": 84.6953125, "solidworks_rss_mib": 1088.19921875}}
{"stage": "cold_batch_persisted", "utc": "2026-09-07T03:48:25.817840+00:00", "completed": 380, "unload_api_return": true, "elapsed_s": 2.8180849000054877, "memory": {"available_mib": 1271.484375, "python_rss_mib": 84.828125, "solidworks_rss_mib": 1088.8984375}}
{"stage": "cold_batch_persisted", "utc": "2026-09-07T03:48:29.000872+00:00", "completed": 390, "unload_api_return": true, "elapsed_s": 3.140968799998518, "memory": {"available_mib": 1268.6171875, "python_rss_mib": 84.55859375, "solidworks_rss_mib": 1090.6328125}}
{"stage": "cold_batch_persisted", "utc": "2026-09-07T03:48:32.226459+00:00", "completed": 400, "unload_api_return": true, "elapsed_s": 3.1856122000026517, "memory": {"available_mib": 1264.80859375, "python_rss_mib": 84.75390625, "solidworks_rss_mib": 1092.30078125}}
{"stage": "cold_batch_persisted", "utc": "2026-09-07T03:48:35.428751+00:00", "completed": 410, "unload_api_return": true, "elapsed_s": 3.159450699982699, "memory": {"available_mib": 1272.421875, "python_rss_mib": 84.70703125, "solidworks_rss_mib": 1093.4296875}}
{"stage": "cold_batch_persisted", "utc": "2026-09-07T03:48:38.639461+00:00", "completed": 420, "unload_api_return": true, "elapsed_s": 3.171989099995699, "memory": {"available_mib": 1257.20703125, "python_rss_mib": 84.5546875, "solidworks_rss_mib": 1094.41796875}}
{"stage": "cold_batch_persisted", "utc": "2026-09-07T03:48:41.892787+00:00", "completed": 430, "unload_api_return": true, "elapsed_s": 3.212094199989224, "memory": {"available_mib": 1256.87109375, "python_rss_mib": 84.87109375, "solidworks_rss_mib": 1095.19921875}}
{"stage": "cold_batch_persisted", "utc": "2026-09-07T03:48:44.559736+00:00", "completed": 440, "unload_api_return": true, "elapsed_s": 2.6255650999955833, "memory": {"available_mib": 1252.7578125, "python_rss_mib": 84.5703125, "solidworks_rss_mib": 1095.34375}}
{"stage": "cold_batch_persisted", "utc": "2026-09-07T03:48:47.809482+00:00", "completed": 450, "unload_api_return": true, "elapsed_s": 3.2082272000261582, "memory": {"available_mib": 1266.50390625, "python_rss_mib": 84.65625, "solidworks_rss_mib": 1097.1640625}}
{"stage": "cold_batch_persisted", "utc": "2026-09-07T03:48:50.253755+00:00", "completed": 460, "unload_api_return": true, "elapsed_s": 2.403611899993848, "memory": {"available_mib": 1254.09765625, "python_rss_mib": 84.64453125, "solidworks_rss_mib": 1097.34765625}}
{"stage": "cold_batch_persisted", "utc": "2026-09-07T03:48:53.489835+00:00", "completed": 470, "unload_api_return": true, "elapsed_s": 3.1934035000158474, "memory": {"available_mib": 1263.171875, "python_rss_mib": 84.75390625, "solidworks_rss_mib": 1099.01171875}}
{"stage": "cold_batch_persisted", "utc": "2026-09-07T03:48:56.692133+00:00", "completed": 480, "unload_api_return": true, "elapsed_s": 3.1599834999942686, "memory": {"available_mib": 1272.19140625, "python_rss_mib": 84.6875, "solidworks_rss_mib": 1100.5078125}}
{"stage": "cold_batch_persisted", "utc": "2026-09-07T03:48:59.901135+00:00", "completed": 490, "unload_api_return": true, "elapsed_s": 3.165932800009614, "memory": {"available_mib": 1269.6484375, "python_rss_mib": 84.7578125, "solidworks_rss_mib": 1101.48046875}}
{"stage": "cold_batch_persisted", "utc": "2026-09-07T03:49:03.070323+00:00", "completed": 500, "unload_api_return": true, "elapsed_s": 3.127474999986589, "memory": {"available_mib": 1243.5390625, "python_rss_mib": 84.87890625, "solidworks_rss_mib": 1102.6875}}
{"stage": "cold_batch_persisted", "utc": "2026-09-07T03:49:06.324824+00:00", "completed": 510, "unload_api_return": true, "elapsed_s": 3.212063399987528, "memory": {"available_mib": 1207.1875, "python_rss_mib": 84.984375, "solidworks_rss_mib": 1103.9140625}}
{"stage": "cold_batch_persisted", "utc": "2026-09-07T03:49:09.523279+00:00", "completed": 520, "unload_api_return": true, "elapsed_s": 3.1558573999791406, "memory": {"available_mib": 1226.5078125, "python_rss_mib": 84.7734375, "solidworks_rss_mib": 1105.19140625}}
{"stage": "cold_batch_persisted", "utc": "2026-09-07T03:49:12.707931+00:00", "completed": 530, "unload_api_return": true, "elapsed_s": 3.141645600000629, "memory": {"available_mib": 1236.50390625, "python_rss_mib": 84.97265625, "solidworks_rss_mib": 1106.5625}}
{"stage": "cold_batch_persisted", "utc": "2026-09-07T03:49:15.902600+00:00", "completed": 540, "unload_api_return": true, "elapsed_s": 3.151042600016808, "memory": {"available_mib": 1239.74609375, "python_rss_mib": 84.81640625, "solidworks_rss_mib": 1108.12890625}}
{"stage": "cold_batch_persisted", "utc": "2026-09-07T03:49:19.104714+00:00", "completed": 550, "unload_api_return": true, "elapsed_s": 3.1575985999952536, "memory": {"available_mib": 1212.671875, "python_rss_mib": 84.6640625, "solidworks_rss_mib": 1109.24609375}}
{"stage": "cold_batch_persisted", "utc": "2026-09-07T03:49:22.291091+00:00", "completed": 560, "unload_api_return": true, "elapsed_s": 3.141663700022036, "memory": {"available_mib": 1215.00390625, "python_rss_mib": 84.98046875, "solidworks_rss_mib": 1110.69921875}}
{"stage": "cold_batch_persisted", "utc": "2026-09-07T03:49:28.482200+00:00", "completed": 570, "unload_api_return": true, "elapsed_s": 6.145904400007566, "memory": {"available_mib": 1186.453125, "python_rss_mib": 85.203125, "solidworks_rss_mib": 1138.09375}}
{"stage": "cold_batch_persisted", "utc": "2026-09-07T03:49:33.073801+00:00", "completed": 580, "unload_api_return": true, "elapsed_s": 4.547942599980161, "memory": {"available_mib": 1158.95703125, "python_rss_mib": 85.0546875, "solidworks_rss_mib": 1140.28125}}
{"stage": "cold_batch_persisted", "utc": "2026-09-07T03:49:36.420012+00:00", "completed": 590, "unload_api_return": true, "elapsed_s": 3.3014263000222854, "memory": {"available_mib": 980.48046875, "python_rss_mib": 85.15234375, "solidworks_rss_mib": 1134.08984375}}
{"stage": "cold_batch_persisted", "utc": "2026-09-07T03:49:39.670209+00:00", "completed": 600, "unload_api_return": true, "elapsed_s": 3.2036421000084374, "memory": {"available_mib": 952.99609375, "python_rss_mib": 84.9453125, "solidworks_rss_mib": 1135.8046875}}
{"stage": "cold_batch_persisted", "utc": "2026-09-07T03:49:42.951924+00:00", "completed": 610, "unload_api_return": true, "elapsed_s": 3.2362894999969285, "memory": {"available_mib": 960.0078125, "python_rss_mib": 85.07421875, "solidworks_rss_mib": 1136.77734375}}
{"stage": "cold_batch_persisted", "utc": "2026-09-07T03:49:46.199950+00:00", "completed": 620, "unload_api_return": true, "elapsed_s": 3.204173100006301, "memory": {"available_mib": 1004.796875, "python_rss_mib": 84.91015625, "solidworks_rss_mib": 1137.99609375}}
{"stage": "cold_batch_persisted", "utc": "2026-09-07T03:49:48.360064+00:00", "completed": 625, "unload_api_return": true, "elapsed_s": 2.1123544999863952, "memory": {"available_mib": 1058.87890625, "python_rss_mib": 85.17578125, "solidworks_rss_mib": 1138.03515625}}
{"stage": "complete_cold_measurements_before_ui_restore", "utc": "2026-09-07T03:49:50.494347+00:00"}
{"stage": "ui_controls_restored_without_redraw", "utc": "2026-09-07T03:49:51.540704+00:00"}
{"stage": "native_state_complete", "utc": "2026-09-07T03:49:54.578238+00:00", "state": "service", "component_count": 625, "solid_count": 1006}
{"stage": "completed", "utc": "2026-09-07T03:49:56.313617+00:00"}
