{"stage": "attached_existing_session", "utc": "2026-09-07T04:03:47.781389+00:00", "documents": [{"title": "WP08_ROBOT_PARKING.SLDASM", "path": "F:\\China Graduate Future Flight Vehicle Innovation Competition\\01_project\\competition\\SERVICE_ROBOT_MECHANICAL_CONSOLIDATION_20260905\\runs\\wp08_retention_delta_20260907_1228\\native\\WP08_ROBOT_PARKING.SLDASM", "document_type": 2, "dirty": false}]}
{"stage": "registered_clean_documents_closed", "utc": "2026-09-07T04:03:49.550880+00:00", "count": 1}
{"stage": "parent_copied", "utc": "2026-09-07T04:03:49.702364+00:00", "source": "F:\\China Graduate Future Flight Vehicle Innovation Competition\\01_project\\competition\\SERVICE_ROBOT_MECHANICAL_CONSOLIDATION_20260905\\runs\\wp07_system_20260907_0610\\native\\WP07_ROBOT_RELEASED.SLDASM", "work": "F:\\China Graduate Future Flight Vehicle Innovation Competition\\01_project\\competition\\SERVICE_ROBOT_MECHANICAL_CONSOLIDATION_20260905\\runs\\wp08_retention_delta_20260907_1228\\native\\work\\WP08_WORK_RELEASED.SLDASM", "source_sha256": "97899b9a15d77ace46aed85312434b640f7809651ff17dc9a9165e658db93b35", "work_sha256": "97899b9a15d77ace46aed85312434b640f7809651ff17dc9a9165e658db93b35"}
{"stage": "six_only_removed_and_survivors_preserved", "utc": "2026-09-07T04:05:47.909692+00:00", "remaining": 591}
{"stage": "insertion_batch_completed_and_unloaded", "utc": "2026-09-07T04:05:51.388659+00:00", "completed": 8, "memory": {"available_mib": 1414.3671875, "python_rss_mib": 87.828125, "solidworks_rss_mib": 1511.95703125}}
{"stage": "insertion_batch_completed_and_unloaded", "utc": "2026-09-07T04:05:55.742165+00:00", "completed": 16, "memory": {"available_mib": 1422.9140625, "python_rss_mib": 87.109375, "solidworks_rss_mib": 1513.578125}}
{"stage": "insertion_batch_completed_and_unloaded", "utc": "2026-09-07T04:05:59.920632+00:00", "completed": 24, "memory": {"available_mib": 1362.01171875, "python_rss_mib": 87.0234375, "solidworks_rss_mib": 1515.5234375}}
{"stage": "insertion_batch_completed_and_unloaded", "utc": "2026-09-07T04:06:03.929563+00:00", "completed": 32, "memory": {"available_mib": 1323.7890625, "python_rss_mib": 87.13671875, "solidworks_rss_mib": 1517.43359375}}
{"stage": "insertion_batch_completed_and_unloaded", "utc": "2026-09-07T04:06:07.441321+00:00", "completed": 34, "memory": {"available_mib": 1265.20703125, "python_rss_mib": 88.11328125, "solidworks_rss_mib": 1517.58203125}}
{"stage": "save_attempt", "utc": "2026-09-07T04:07:27.192964+00:00", "path": "F:\\China Graduate Future Flight Vehicle Innovation Competition\\01_project\\competition\\SERVICE_ROBOT_MECHANICAL_CONSOLIDATION_20260905\\runs\\wp08_retention_delta_20260907_1228\\native\\WP08_ROBOT_RELEASED.SLDASM", "api_return": [true, 0, 0], "ok": true, "errors": 0, "warnings": 0}
{"stage": "saved_closed_before_cold_readback", "utc": "2026-09-07T04:07:32.704824+00:00", "native_sha256": "2b530e4a8e40ed7ef0476d5ba86349d9c8821813679da50fd9bbf47e10ba58ae"}
{"stage": "cold_all_metadata_checked", "utc": "2026-09-07T04:07:53.942545+00:00", "count": 625}
{"stage": "cold_batch_persisted", "utc": "2026-09-07T04:07:57.270000+00:00", "completed": 10, "unload_api_return": true, "elapsed_s": 3.2994959999923594, "memory": {"available_mib": 1410.02734375, "python_rss_mib": 89.6015625, "solidworks_rss_mib": 1613.703125}}
{"stage": "cold_batch_persisted", "utc": "2026-09-07T04:07:59.956064+00:00", "completed": 20, "unload_api_return": true, "elapsed_s": 2.6534256000013556, "memory": {"available_mib": 1399.8828125, "python_rss_mib": 89.484375, "solidworks_rss_mib": 1616.70703125}}
{"stage": "cold_batch_persisted", "utc": "2026-09-07T04:08:02.944663+00:00", "completed": 30, "unload_api_return": true, "elapsed_s": 2.9606943000108004, "memory": {"available_mib": 1399.76953125, "python_rss_mib": 89.39453125, "solidworks_rss_mib": 1620.08203125}}
{"stage": "cold_batch_persisted", "utc": "2026-09-07T04:08:05.954700+00:00", "completed": 40, "unload_api_return": true, "elapsed_s": 2.9817104999965522, "memory": {"available_mib": 1394.8125, "python_rss_mib": 89.609375, "solidworks_rss_mib": 1623.98046875}}
{"stage": "cold_batch_persisted", "utc": "2026-09-07T04:08:08.806762+00:00", "completed": 50, "unload_api_return": true, "elapsed_s": 2.8219618999864906, "memory": {"available_mib": 1392.125, "python_rss_mib": 89.515625, "solidworks_rss_mib": 1627.33984375}}
{"stage": "cold_batch_persisted", "utc": "2026-09-07T04:08:11.786403+00:00", "completed": 60, "unload_api_return": true, "elapsed_s": 2.9481888000154868, "memory": {"available_mib": 1384.9765625, "python_rss_mib": 89.5703125, "solidworks_rss_mib": 1630.84375}}
{"stage": "cold_batch_persisted", "utc": "2026-09-07T04:08:14.449632+00:00", "completed": 70, "unload_api_return": true, "elapsed_s": 2.629845000017667, "memory": {"available_mib": 1358.3046875, "python_rss_mib": 88.16015625, "solidworks_rss_mib": 1633.73828125}}
{"stage": "cold_batch_persisted", "utc": "2026-09-07T04:08:17.163689+00:00", "completed": 80, "unload_api_return": true, "elapsed_s": 2.684647100017173, "memory": {"available_mib": 1349.44140625, "python_rss_mib": 89.48046875, "solidworks_rss_mib": 1637.1953125}}
{"stage": "cold_batch_persisted", "utc": "2026-09-07T04:08:19.539834+00:00", "completed": 90, "unload_api_return": true, "elapsed_s": 2.3409459000104107, "memory": {"available_mib": 1385.30078125, "python_rss_mib": 89.5234375, "solidworks_rss_mib": 1639.76171875}}
{"stage": "cold_batch_persisted", "utc": "2026-09-07T04:08:21.967960+00:00", "completed": 100, "unload_api_return": true, "elapsed_s": 2.38777819997631, "memory": {"available_mib": 1398.37109375, "python_rss_mib": 89.4140625, "solidworks_rss_mib": 1642.1875}}
{"stage": "cold_batch_persisted", "utc": "2026-09-07T04:08:24.531340+00:00", "completed": 110, "unload_api_return": true, "elapsed_s": 2.530474099999992, "memory": {"available_mib": 1388.9296875, "python_rss_mib": 89.5546875, "solidworks_rss_mib": 1645.26953125}}
{"stage": "cold_batch_persisted", "utc": "2026-09-07T04:08:27.730362+00:00", "completed": 120, "unload_api_return": true, "elapsed_s": 3.161551099998178, "memory": {"available_mib": 1342.9921875, "python_rss_mib": 89.3828125, "solidworks_rss_mib": 1649.296875}}
{"stage": "cold_batch_persisted", "utc": "2026-09-07T04:08:31.041938+00:00", "completed": 130, "unload_api_return": true, "elapsed_s": 3.279357899999013, "memory": {"available_mib": 1356.2265625, "python_rss_mib": 89.66796875, "solidworks_rss_mib": 1653.19921875}}
{"stage": "cold_batch_persisted", "utc": "2026-09-07T04:08:34.283044+00:00", "completed": 140, "unload_api_return": true, "elapsed_s": 3.2038853999983985, "memory": {"available_mib": 1361.42578125, "python_rss_mib": 89.2734375, "solidworks_rss_mib": 1657.625}}
{"stage": "cold_batch_persisted", "utc": "2026-09-07T04:08:37.165375+00:00", "completed": 150, "unload_api_return": true, "elapsed_s": 2.8504119999997783, "memory": {"available_mib": 1394.33984375, "python_rss_mib": 89.5703125, "solidworks_rss_mib": 1660.4140625}}
{"stage": "cold_batch_persisted", "utc": "2026-09-07T04:08:40.315292+00:00", "completed": 160, "unload_api_return": true, "elapsed_s": 3.1163532999926247, "memory": {"available_mib": 1382.4765625, "python_rss_mib": 89.47265625, "solidworks_rss_mib": 1664.640625}}
{"stage": "cold_batch_persisted", "utc": "2026-09-07T04:08:43.481283+00:00", "completed": 170, "unload_api_return": true, "elapsed_s": 3.1318503000074998, "memory": {"available_mib": 1394.88671875, "python_rss_mib": 89.27734375, "solidworks_rss_mib": 1666.77734375}}
{"stage": "cold_batch_persisted", "utc": "2026-09-07T04:08:46.538631+00:00", "completed": 180, "unload_api_return": true, "elapsed_s": 3.02344260000973, "memory": {"available_mib": 1401.5546875, "python_rss_mib": 89.6953125, "solidworks_rss_mib": 1667.75}}
{"stage": "cold_batch_persisted", "utc": "2026-09-07T04:08:49.680086+00:00", "completed": 190, "unload_api_return": true, "elapsed_s": 3.109475300007034, "memory": {"available_mib": 1401.10546875, "python_rss_mib": 89.6953125, "solidworks_rss_mib": 1668.7109375}}
{"stage": "cold_batch_persisted", "utc": "2026-09-07T04:08:52.796974+00:00", "completed": 200, "unload_api_return": true, "elapsed_s": 3.0841806000098586, "memory": {"available_mib": 1397.1328125, "python_rss_mib": 89.66796875, "solidworks_rss_mib": 1669.90625}}
{"stage": "cold_batch_persisted", "utc": "2026-09-07T04:08:56.295679+00:00", "completed": 210, "unload_api_return": true, "elapsed_s": 3.465320999996038, "memory": {"available_mib": 1397.703125, "python_rss_mib": 89.7890625, "solidworks_rss_mib": 1671.125}}
{"stage": "cold_batch_persisted", "utc": "2026-09-07T04:08:59.736225+00:00", "completed": 220, "unload_api_return": true, "elapsed_s": 3.401640199997928, "memory": {"available_mib": 1403.6171875, "python_rss_mib": 89.78125, "solidworks_rss_mib": 1671.7578125}}
{"stage": "cold_batch_persisted", "utc": "2026-09-07T04:09:03.202185+00:00", "completed": 230, "unload_api_return": true, "elapsed_s": 3.4310355000197887, "memory": {"available_mib": 1426.46484375, "python_rss_mib": 89.75, "solidworks_rss_mib": 1673.4375}}
{"stage": "cold_batch_persisted", "utc": "2026-09-07T04:09:06.645344+00:00", "completed": 240, "unload_api_return": true, "elapsed_s": 3.409692300017923, "memory": {"available_mib": 1419.3828125, "python_rss_mib": 89.890625, "solidworks_rss_mib": 1674.18359375}}
{"stage": "cold_batch_persisted", "utc": "2026-09-07T04:09:10.244800+00:00", "completed": 250, "unload_api_return": true, "elapsed_s": 3.5665423000173178, "memory": {"available_mib": 1349.33203125, "python_rss_mib": 88.17578125, "solidworks_rss_mib": 1675.29296875}}
{"stage": "cold_batch_persisted", "utc": "2026-09-07T04:09:13.749678+00:00", "completed": 260, "unload_api_return": true, "elapsed_s": 3.470578900014516, "memory": {"available_mib": 1357.92578125, "python_rss_mib": 88.2265625, "solidworks_rss_mib": 1676.16015625}}
{"stage": "cold_batch_persisted", "utc": "2026-09-07T04:09:17.322648+00:00", "completed": 270, "unload_api_return": true, "elapsed_s": 3.5381167999876197, "memory": {"available_mib": 1356.4453125, "python_rss_mib": 89.9921875, "solidworks_rss_mib": 1677.234375}}
{"stage": "cold_batch_persisted", "utc": "2026-09-07T04:09:20.948974+00:00", "completed": 280, "unload_api_return": true, "elapsed_s": 3.583613399998285, "memory": {"available_mib": 1360.296875, "python_rss_mib": 89.8984375, "solidworks_rss_mib": 1675.54296875}}
{"stage": "cold_batch_persisted", "utc": "2026-09-07T04:09:24.667283+00:00", "completed": 290, "unload_api_return": true, "elapsed_s": 3.678346700005932, "memory": {"available_mib": 1376.4453125, "python_rss_mib": 89.796875, "solidworks_rss_mib": 1676.72265625}}
{"stage": "cold_batch_persisted", "utc": "2026-09-07T04:09:28.327403+00:00", "completed": 300, "unload_api_return": true, "elapsed_s": 3.618637400009902, "memory": {"available_mib": 1360.546875, "python_rss_mib": 88.3359375, "solidworks_rss_mib": 1677.546875}}
{"stage": "cold_batch_persisted", "utc": "2026-09-07T04:09:32.065212+00:00", "completed": 310, "unload_api_return": true, "elapsed_s": 3.6927641999791376, "memory": {"available_mib": 1387.4375, "python_rss_mib": 89.91796875, "solidworks_rss_mib": 1678.5078125}}
{"stage": "cold_batch_persisted", "utc": "2026-09-07T04:09:35.856821+00:00", "completed": 320, "unload_api_return": true, "elapsed_s": 3.749119399988558, "memory": {"available_mib": 1361.40625, "python_rss_mib": 89.359375, "solidworks_rss_mib": 1679.59765625}}
{"stage": "cold_batch_persisted", "utc": "2026-09-07T04:09:39.493853+00:00", "completed": 330, "unload_api_return": true, "elapsed_s": 3.5984623999975156, "memory": {"available_mib": 1384.92578125, "python_rss_mib": 89.8046875, "solidworks_rss_mib": 1680.46875}}
{"stage": "cold_batch_persisted", "utc": "2026-09-07T04:09:42.795169+00:00", "completed": 340, "unload_api_return": true, "elapsed_s": 3.2533992000098806, "memory": {"available_mib": 1364.95703125, "python_rss_mib": 89.60546875, "solidworks_rss_mib": 1681.14453125}}
{"stage": "cold_batch_persisted", "utc": "2026-09-07T04:09:46.152038+00:00", "completed": 350, "unload_api_return": true, "elapsed_s": 3.315947499999311, "memory": {"available_mib": 1373.60546875, "python_rss_mib": 89.734375, "solidworks_rss_mib": 1682.28125}}
{"stage": "cold_batch_persisted", "utc": "2026-09-07T04:09:49.434215+00:00", "completed": 360, "unload_api_return": true, "elapsed_s": 3.233585900015896, "memory": {"available_mib": 1351.8515625, "python_rss_mib": 90.21875, "solidworks_rss_mib": 1682.734375}}
{"stage": "cold_batch_persisted", "utc": "2026-09-07T04:09:52.614636+00:00", "completed": 370, "unload_api_return": true, "elapsed_s": 3.1309338999853935, "memory": {"available_mib": 1355.89453125, "python_rss_mib": 88.80859375, "solidworks_rss_mib": 1683.453125}}
{"stage": "cold_batch_persisted", "utc": "2026-09-07T04:09:55.830430+00:00", "completed": 380, "unload_api_return": true, "elapsed_s": 3.1690209999796934, "memory": {"available_mib": 1356.25390625, "python_rss_mib": 90.34765625, "solidworks_rss_mib": 1684.06640625}}
{"stage": "cold_batch_persisted", "utc": "2026-09-07T04:09:59.409612+00:00", "completed": 390, "unload_api_return": true, "elapsed_s": 3.539680899993982, "memory": {"available_mib": 1373.89453125, "python_rss_mib": 90.1640625, "solidworks_rss_mib": 1685.83203125}}
{"stage": "cold_batch_persisted", "utc": "2026-09-07T04:10:03.027298+00:00", "completed": 400, "unload_api_return": true, "elapsed_s": 3.5677435000252444, "memory": {"available_mib": 1362.18359375, "python_rss_mib": 90.18359375, "solidworks_rss_mib": 1687.640625}}
{"stage": "cold_batch_persisted", "utc": "2026-09-07T04:10:06.765290+00:00", "completed": 410, "unload_api_return": true, "elapsed_s": 3.6870933000172954, "memory": {"available_mib": 1326.640625, "python_rss_mib": 90.3046875, "solidworks_rss_mib": 1688.6015625}}
{"stage": "cold_batch_persisted", "utc": "2026-09-07T04:10:10.497316+00:00", "completed": 420, "unload_api_return": true, "elapsed_s": 3.6824455999885686, "memory": {"available_mib": 1344.140625, "python_rss_mib": 90.40625, "solidworks_rss_mib": 1689.390625}}
{"stage": "cold_batch_persisted", "utc": "2026-09-07T04:10:14.090120+00:00", "completed": 430, "unload_api_return": true, "elapsed_s": 3.5489812000014354, "memory": {"available_mib": 1341.5703125, "python_rss_mib": 90.32421875, "solidworks_rss_mib": 1690.1015625}}
{"stage": "cold_batch_persisted", "utc": "2026-09-07T04:10:17.103160+00:00", "completed": 440, "unload_api_return": true, "elapsed_s": 2.967009500018321, "memory": {"available_mib": 1313.3046875, "python_rss_mib": 90.3046875, "solidworks_rss_mib": 1690.42578125}}
{"stage": "cold_batch_persisted", "utc": "2026-09-07T04:10:20.856223+00:00", "completed": 450, "unload_api_return": true, "elapsed_s": 3.702236899989657, "memory": {"available_mib": 1320.19140625, "python_rss_mib": 90.234375, "solidworks_rss_mib": 1691.71484375}}
{"stage": "cold_batch_persisted", "utc": "2026-09-07T04:10:23.706929+00:00", "completed": 460, "unload_api_return": true, "elapsed_s": 2.796303999988595, "memory": {"available_mib": 1338.98046875, "python_rss_mib": 89.92578125, "solidworks_rss_mib": 1692.12890625}}
{"stage": "cold_batch_persisted", "utc": "2026-09-07T04:10:27.340440+00:00", "completed": 470, "unload_api_return": true, "elapsed_s": 3.582739000004949, "memory": {"available_mib": 1333.140625, "python_rss_mib": 90.25, "solidworks_rss_mib": 1693.6328125}}
{"stage": "cold_batch_persisted", "utc": "2026-09-07T04:10:30.982537+00:00", "completed": 480, "unload_api_return": true, "elapsed_s": 3.5923338000138756, "memory": {"available_mib": 1333.2734375, "python_rss_mib": 88.73046875, "solidworks_rss_mib": 1694.453125}}
{"stage": "cold_batch_persisted", "utc": "2026-09-07T04:10:34.617467+00:00", "completed": 490, "unload_api_return": true, "elapsed_s": 3.5900527000194415, "memory": {"available_mib": 1332.359375, "python_rss_mib": 90.45703125, "solidworks_rss_mib": 1696.0078125}}
{"stage": "cold_batch_persisted", "utc": "2026-09-07T04:10:38.404899+00:00", "completed": 500, "unload_api_return": true, "elapsed_s": 3.7355165999906603, "memory": {"available_mib": 1341.24609375, "python_rss_mib": 90.5546875, "solidworks_rss_mib": 1697.15625}}
{"stage": "cold_batch_persisted", "utc": "2026-09-07T04:10:42.260749+00:00", "completed": 510, "unload_api_return": true, "elapsed_s": 3.8116220999800134, "memory": {"available_mib": 1336.87890625, "python_rss_mib": 90.39453125, "solidworks_rss_mib": 1698.703125}}
{"stage": "cold_batch_persisted", "utc": "2026-09-07T04:10:45.916339+00:00", "completed": 520, "unload_api_return": true, "elapsed_s": 3.59343809998245, "memory": {"available_mib": 1315.921875, "python_rss_mib": 90.359375, "solidworks_rss_mib": 1700.53125}}
{"stage": "cold_batch_persisted", "utc": "2026-09-07T04:10:49.410625+00:00", "completed": 530, "unload_api_return": true, "elapsed_s": 3.446366799995303, "memory": {"available_mib": 1328.78125, "python_rss_mib": 89.95703125, "solidworks_rss_mib": 1701.7890625}}
{"stage": "cold_batch_persisted", "utc": "2026-09-07T04:10:53.041720+00:00", "completed": 540, "unload_api_return": true, "elapsed_s": 3.5797286999877542, "memory": {"available_mib": 1334.90625, "python_rss_mib": 90.37890625, "solidworks_rss_mib": 1702.703125}}
{"stage": "cold_batch_persisted", "utc": "2026-09-07T04:10:56.525554+00:00", "completed": 550, "unload_api_return": true, "elapsed_s": 3.439718300011009, "memory": {"available_mib": 1331.78515625, "python_rss_mib": 90.625, "solidworks_rss_mib": 1704.2109375}}
{"stage": "cold_batch_persisted", "utc": "2026-09-07T04:11:00.003380+00:00", "completed": 560, "unload_api_return": true, "elapsed_s": 3.424816600017948, "memory": {"available_mib": 1323.10546875, "python_rss_mib": 90.55859375, "solidworks_rss_mib": 1705.26953125}}
{"stage": "cold_batch_persisted", "utc": "2026-09-07T04:11:06.907747+00:00", "completed": 570, "unload_api_return": true, "elapsed_s": 6.854684399993857, "memory": {"available_mib": 1316.2421875, "python_rss_mib": 90.4140625, "solidworks_rss_mib": 1711.65234375}}
{"stage": "cold_batch_persisted", "utc": "2026-09-07T04:11:12.020620+00:00", "completed": 580, "unload_api_return": true, "elapsed_s": 5.0591702000238, "memory": {"available_mib": 1311.96875, "python_rss_mib": 90.75, "solidworks_rss_mib": 1712.51171875}}
{"stage": "cold_batch_persisted", "utc": "2026-09-07T04:11:15.807743+00:00", "completed": 590, "unload_api_return": true, "elapsed_s": 3.7294390000170097, "memory": {"available_mib": 1292.4296875, "python_rss_mib": 90.578125, "solidworks_rss_mib": 1713.90625}}
{"stage": "cold_batch_persisted", "utc": "2026-09-07T04:11:19.631431+00:00", "completed": 600, "unload_api_return": true, "elapsed_s": 3.7602182000118773, "memory": {"available_mib": 1289.8828125, "python_rss_mib": 90.6484375, "solidworks_rss_mib": 1715.17578125}}
{"stage": "cold_batch_persisted", "utc": "2026-09-07T04:11:23.240797+00:00", "completed": 610, "unload_api_return": true, "elapsed_s": 3.5500822000030894, "memory": {"available_mib": 1293.83203125, "python_rss_mib": 90.51953125, "solidworks_rss_mib": 1715.8203125}}
{"stage": "cold_batch_persisted", "utc": "2026-09-07T04:11:27.097381+00:00", "completed": 620, "unload_api_return": true, "elapsed_s": 3.8037950999860186, "memory": {"available_mib": 1276.34765625, "python_rss_mib": 90.640625, "solidworks_rss_mib": 1717.34765625}}
{"stage": "cold_batch_persisted", "utc": "2026-09-07T04:11:29.641909+00:00", "completed": 625, "unload_api_return": true, "elapsed_s": 2.4941457000095397, "memory": {"available_mib": 1400.0703125, "python_rss_mib": 90.4375, "solidworks_rss_mib": 1712.62109375}}
{"stage": "complete_cold_measurements_before_ui_restore", "utc": "2026-09-07T04:11:32.146721+00:00"}
{"stage": "ui_controls_restored_without_redraw", "utc": "2026-09-07T04:11:33.596160+00:00"}
{"stage": "native_state_complete", "utc": "2026-09-07T04:11:37.052102+00:00", "state": "released", "component_count": 625, "solid_count": 1006}
{"stage": "completed", "utc": "2026-09-07T04:11:38.692249+00:00"}
