{"stage": "registered_clean_documents_closed", "utc": "2026-09-07T03:58:31.137877+00:00", "count": 35}
{"stage": "cold_all_metadata_checked", "utc": "2026-09-07T03:58:53.232737+00:00", "count": 625}
{"stage": "cold_batch_persisted", "utc": "2026-09-07T03:58:56.522668+00:00", "completed": 10, "unload_api_return": true, "elapsed_s": 3.2764026999939233, "memory": {"available_mib": 1339.94140625, "python_rss_mib": 80.296875, "solidworks_rss_mib": 1306.27734375}}
{"stage": "cold_batch_persisted", "utc": "2026-09-07T03:58:59.527469+00:00", "completed": 20, "unload_api_return": true, "elapsed_s": 2.988748299976578, "memory": {"available_mib": 1321.84765625, "python_rss_mib": 80.234375, "solidworks_rss_mib": 1309.66796875}}
{"stage": "cold_batch_persisted", "utc": "2026-09-07T03:59:02.730887+00:00", "completed": 30, "unload_api_return": true, "elapsed_s": 3.1853095999977086, "memory": {"available_mib": 1309.2265625, "python_rss_mib": 80.296875, "solidworks_rss_mib": 1314.05078125}}
{"stage": "cold_batch_persisted", "utc": "2026-09-07T03:59:05.834579+00:00", "completed": 40, "unload_api_return": true, "elapsed_s": 3.0879100000020117, "memory": {"available_mib": 1318.44921875, "python_rss_mib": 80.23828125, "solidworks_rss_mib": 1317.8671875}}
{"stage": "cold_batch_persisted", "utc": "2026-09-07T03:59:08.863160+00:00", "completed": 50, "unload_api_return": true, "elapsed_s": 3.0123724000004586, "memory": {"available_mib": 1309.6953125, "python_rss_mib": 79.296875, "solidworks_rss_mib": 1321.3515625}}
{"stage": "cold_batch_persisted", "utc": "2026-09-07T03:59:12.148516+00:00", "completed": 60, "unload_api_return": true, "elapsed_s": 3.2688089000002947, "memory": {"available_mib": 1270.2890625, "python_rss_mib": 81.42578125, "solidworks_rss_mib": 1312.96484375}}
{"stage": "cold_batch_persisted", "utc": "2026-09-07T03:59:14.774274+00:00", "completed": 70, "unload_api_return": true, "elapsed_s": 2.606710899999598, "memory": {"available_mib": 1243.453125, "python_rss_mib": 81.58203125, "solidworks_rss_mib": 1315.5234375}}
{"stage": "cold_batch_persisted", "utc": "2026-09-07T03:59:17.750304+00:00", "completed": 80, "unload_api_return": true, "elapsed_s": 2.9580400999984704, "memory": {"available_mib": 1243.46484375, "python_rss_mib": 81.5234375, "solidworks_rss_mib": 1318.87890625}}
{"stage": "cold_batch_persisted", "utc": "2026-09-07T03:59:20.290144+00:00", "completed": 90, "unload_api_return": true, "elapsed_s": 2.520866099977866, "memory": {"available_mib": 1155.1328125, "python_rss_mib": 81.5859375, "solidworks_rss_mib": 1321.578125}}
{"stage": "cold_batch_persisted", "utc": "2026-09-07T03:59:22.533628+00:00", "completed": 100, "unload_api_return": true, "elapsed_s": 2.2243470000103116, "memory": {"available_mib": 1140.66796875, "python_rss_mib": 81.390625, "solidworks_rss_mib": 1324.0078125}}
{"stage": "cold_batch_persisted", "utc": "2026-09-07T03:59:24.904824+00:00", "completed": 110, "unload_api_return": true, "elapsed_s": 2.3550119000137784, "memory": {"available_mib": 1175.59765625, "python_rss_mib": 80.78125, "solidworks_rss_mib": 1326.9375}}
{"stage": "cold_batch_persisted", "utc": "2026-09-07T03:59:27.681223+00:00", "completed": 120, "unload_api_return": true, "elapsed_s": 2.7586947999952827, "memory": {"available_mib": 1161.68359375, "python_rss_mib": 81.26953125, "solidworks_rss_mib": 1330.5078125}}
{"stage": "cold_batch_persisted", "utc": "2026-09-07T03:59:31.159745+00:00", "completed": 130, "unload_api_return": true, "elapsed_s": 3.4603017999907024, "memory": {"available_mib": 1134.453125, "python_rss_mib": 81.3671875, "solidworks_rss_mib": 1334.65625}}
{"stage": "cold_batch_persisted", "utc": "2026-09-07T03:59:34.606605+00:00", "completed": 140, "unload_api_return": true, "elapsed_s": 3.427378199994564, "memory": {"available_mib": 1189.83984375, "python_rss_mib": 81.6484375, "solidworks_rss_mib": 1339.546875}}
{"stage": "cold_batch_persisted", "utc": "2026-09-07T03:59:37.608545+00:00", "completed": 150, "unload_api_return": true, "elapsed_s": 2.983104600018123, "memory": {"available_mib": 1220.734375, "python_rss_mib": 81.078125, "solidworks_rss_mib": 1342.77734375}}
{"stage": "cold_batch_persisted", "utc": "2026-09-07T03:59:41.026782+00:00", "completed": 160, "unload_api_return": true, "elapsed_s": 3.399245799984783, "memory": {"available_mib": 1218.2109375, "python_rss_mib": 81.53125, "solidworks_rss_mib": 1347.44921875}}
{"stage": "cold_batch_persisted", "utc": "2026-09-07T03:59:44.348482+00:00", "completed": 170, "unload_api_return": true, "elapsed_s": 3.3018471999967005, "memory": {"available_mib": 1227.94921875, "python_rss_mib": 80.98828125, "solidworks_rss_mib": 1348.10546875}}
{"stage": "cold_batch_persisted", "utc": "2026-09-07T03:59:47.559892+00:00", "completed": 180, "unload_api_return": true, "elapsed_s": 3.191491399978986, "memory": {"available_mib": 1244.0703125, "python_rss_mib": 81.453125, "solidworks_rss_mib": 1348.67578125}}
{"stage": "cold_batch_persisted", "utc": "2026-09-07T03:59:50.854660+00:00", "completed": 190, "unload_api_return": true, "elapsed_s": 3.2749664000002667, "memory": {"available_mib": 1239.1796875, "python_rss_mib": 81.24609375, "solidworks_rss_mib": 1349.4375}}
{"stage": "cold_batch_persisted", "utc": "2026-09-07T03:59:54.232312+00:00", "completed": 200, "unload_api_return": true, "elapsed_s": 3.3572574999998324, "memory": {"available_mib": 1237.00390625, "python_rss_mib": 81.17578125, "solidworks_rss_mib": 1350.41015625}}
{"stage": "cold_batch_persisted", "utc": "2026-09-07T03:59:57.962057+00:00", "completed": 210, "unload_api_return": true, "elapsed_s": 3.708082099998137, "memory": {"available_mib": 1218.69921875, "python_rss_mib": 81.24609375, "solidworks_rss_mib": 1351.94921875}}
{"stage": "cold_batch_persisted", "utc": "2026-09-07T04:00:01.617717+00:00", "completed": 220, "unload_api_return": true, "elapsed_s": 3.6350312999857124, "memory": {"available_mib": 1222.86328125, "python_rss_mib": 81.03515625, "solidworks_rss_mib": 1352.94140625}}
{"stage": "cold_batch_persisted", "utc": "2026-09-07T04:00:05.324569+00:00", "completed": 230, "unload_api_return": true, "elapsed_s": 3.6854630000016186, "memory": {"available_mib": 1230.42578125, "python_rss_mib": 81.34375, "solidworks_rss_mib": 1353.890625}}
{"stage": "cold_batch_persisted", "utc": "2026-09-07T04:00:09.041061+00:00", "completed": 240, "unload_api_return": true, "elapsed_s": 3.6911235000006855, "memory": {"available_mib": 1230.3671875, "python_rss_mib": 81.12109375, "solidworks_rss_mib": 1354.7890625}}
{"stage": "cold_batch_persisted", "utc": "2026-09-07T04:00:12.769585+00:00", "completed": 250, "unload_api_return": true, "elapsed_s": 3.699245499999961, "memory": {"available_mib": 1223.30078125, "python_rss_mib": 81.265625, "solidworks_rss_mib": 1355.5703125}}
{"stage": "cold_batch_persisted", "utc": "2026-09-07T04:00:16.549221+00:00", "completed": 260, "unload_api_return": true, "elapsed_s": 3.756426400010241, "memory": {"available_mib": 1218.96484375, "python_rss_mib": 81.35546875, "solidworks_rss_mib": 1356.88671875}}
{"stage": "cold_batch_persisted", "utc": "2026-09-07T04:00:20.502973+00:00", "completed": 270, "unload_api_return": true, "elapsed_s": 3.9242896999930963, "memory": {"available_mib": 1147.80078125, "python_rss_mib": 81.47265625, "solidworks_rss_mib": 1357.9375}}
{"stage": "cold_batch_persisted", "utc": "2026-09-07T04:00:24.504630+00:00", "completed": 280, "unload_api_return": true, "elapsed_s": 3.975676400004886, "memory": {"available_mib": 1096.625, "python_rss_mib": 81.4609375, "solidworks_rss_mib": 1358.93359375}}
{"stage": "cold_batch_persisted", "utc": "2026-09-07T04:00:28.427876+00:00", "completed": 290, "unload_api_return": true, "elapsed_s": 3.8933482999855187, "memory": {"available_mib": 1112.14453125, "python_rss_mib": 79.79296875, "solidworks_rss_mib": 1358.1484375}}
{"stage": "cold_batch_persisted", "utc": "2026-09-07T04:00:32.372180+00:00", "completed": 300, "unload_api_return": true, "elapsed_s": 3.9133626999973785, "memory": {"available_mib": 1111.859375, "python_rss_mib": 81.47265625, "solidworks_rss_mib": 1359.1640625}}
{"stage": "cold_batch_persisted", "utc": "2026-09-07T04:00:36.372733+00:00", "completed": 310, "unload_api_return": true, "elapsed_s": 3.9749264999991283, "memory": {"available_mib": 1133.30078125, "python_rss_mib": 81.0625, "solidworks_rss_mib": 1360.19140625}}
{"stage": "cold_batch_persisted", "utc": "2026-09-07T04:00:40.479383+00:00", "completed": 320, "unload_api_return": true, "elapsed_s": 4.077673499996308, "memory": {"available_mib": 1105.703125, "python_rss_mib": 81.71875, "solidworks_rss_mib": 1361.14453125}}
{"stage": "cold_batch_persisted", "utc": "2026-09-07T04:00:44.510956+00:00", "completed": 330, "unload_api_return": true, "elapsed_s": 4.003313499997603, "memory": {"available_mib": 1103.99609375, "python_rss_mib": 80.2109375, "solidworks_rss_mib": 1360.890625}}
{"stage": "cold_batch_persisted", "utc": "2026-09-07T04:00:48.136925+00:00", "completed": 340, "unload_api_return": true, "elapsed_s": 3.5958557999983896, "memory": {"available_mib": 1114.5859375, "python_rss_mib": 81.1953125, "solidworks_rss_mib": 1361.26953125}}
{"stage": "cold_batch_persisted", "utc": "2026-09-07T04:00:52.096559+00:00", "completed": 350, "unload_api_return": true, "elapsed_s": 3.9273581000161357, "memory": {"available_mib": 1066.35546875, "python_rss_mib": 81.4140625, "solidworks_rss_mib": 1362.69140625}}
{"stage": "cold_batch_persisted", "utc": "2026-09-07T04:00:55.852219+00:00", "completed": 360, "unload_api_return": true, "elapsed_s": 3.7262754999974277, "memory": {"available_mib": 1067.65234375, "python_rss_mib": 81.51171875, "solidworks_rss_mib": 1363.1328125}}
{"stage": "cold_batch_persisted", "utc": "2026-09-07T04:00:59.597164+00:00", "completed": 370, "unload_api_return": true, "elapsed_s": 3.7199530999932904, "memory": {"available_mib": 1073.65234375, "python_rss_mib": 81.17578125, "solidworks_rss_mib": 1363.98046875}}
{"stage": "cold_batch_persisted", "utc": "2026-09-07T04:01:03.336456+00:00", "completed": 380, "unload_api_return": true, "elapsed_s": 3.698542300000554, "memory": {"available_mib": 1103.6953125, "python_rss_mib": 81.59765625, "solidworks_rss_mib": 1364.94140625}}
{"stage": "cold_batch_persisted", "utc": "2026-09-07T04:01:07.742859+00:00", "completed": 390, "unload_api_return": true, "elapsed_s": 4.367207100003725, "memory": {"available_mib": 1104.15234375, "python_rss_mib": 81.42578125, "solidworks_rss_mib": 1366.63671875}}
{"stage": "cold_batch_persisted", "utc": "2026-09-07T04:01:12.112664+00:00", "completed": 400, "unload_api_return": true, "elapsed_s": 4.326627600006759, "memory": {"available_mib": 1083.890625, "python_rss_mib": 81.48046875, "solidworks_rss_mib": 1367.984375}}
{"stage": "cold_batch_persisted", "utc": "2026-09-07T04:01:16.461725+00:00", "completed": 410, "unload_api_return": true, "elapsed_s": 4.312962600000901, "memory": {"available_mib": 1022.08203125, "python_rss_mib": 81.328125, "solidworks_rss_mib": 1368.66015625}}
{"stage": "cold_batch_persisted", "utc": "2026-09-07T04:01:20.939451+00:00", "completed": 420, "unload_api_return": true, "elapsed_s": 4.435864900005981, "memory": {"available_mib": 1023.1953125, "python_rss_mib": 81.3515625, "solidworks_rss_mib": 1370.0625}}
{"stage": "cold_batch_persisted", "utc": "2026-09-07T04:01:25.374076+00:00", "completed": 430, "unload_api_return": true, "elapsed_s": 4.391431199997896, "memory": {"available_mib": 1093.35546875, "python_rss_mib": 81.59375, "solidworks_rss_mib": 1370.03125}}
{"stage": "cold_batch_persisted", "utc": "2026-09-07T04:01:28.991786+00:00", "completed": 440, "unload_api_return": true, "elapsed_s": 3.5723154000006616, "memory": {"available_mib": 1073.0390625, "python_rss_mib": 81.5234375, "solidworks_rss_mib": 1370.16015625}}
{"stage": "cold_batch_persisted", "utc": "2026-09-07T04:01:33.499639+00:00", "completed": 450, "unload_api_return": true, "elapsed_s": 4.463528499996755, "memory": {"available_mib": 1039.05859375, "python_rss_mib": 81.62109375, "solidworks_rss_mib": 1371.4375}}
{"stage": "cold_batch_persisted", "utc": "2026-09-07T04:01:36.931411+00:00", "completed": 460, "unload_api_return": true, "elapsed_s": 3.3847331999859307, "memory": {"available_mib": 1030.49609375, "python_rss_mib": 81.65234375, "solidworks_rss_mib": 1371.49609375}}
{"stage": "cold_batch_persisted", "utc": "2026-09-07T04:01:41.406928+00:00", "completed": 470, "unload_api_return": true, "elapsed_s": 4.429319699993357, "memory": {"available_mib": 1026.22265625, "python_rss_mib": 81.62890625, "solidworks_rss_mib": 1372.8671875}}
{"stage": "cold_batch_persisted", "utc": "2026-09-07T04:01:46.386940+00:00", "completed": 480, "unload_api_return": true, "elapsed_s": 4.935030099994037, "memory": {"available_mib": 1101.08984375, "python_rss_mib": 81.44921875, "solidworks_rss_mib": 1373.359375}}
{"stage": "cold_batch_persisted", "utc": "2026-09-07T04:01:51.247252+00:00", "completed": 490, "unload_api_return": true, "elapsed_s": 4.818006199988304, "memory": {"available_mib": 1108.79296875, "python_rss_mib": 81.19921875, "solidworks_rss_mib": 1374.45703125}}
{"stage": "cold_batch_persisted", "utc": "2026-09-07T04:01:56.097721+00:00", "completed": 500, "unload_api_return": true, "elapsed_s": 4.805808300006902, "memory": {"available_mib": 1079.1328125, "python_rss_mib": 81.55859375, "solidworks_rss_mib": 1375.90625}}
{"stage": "cold_batch_persisted", "utc": "2026-09-07T04:02:00.455627+00:00", "completed": 510, "unload_api_return": true, "elapsed_s": 4.3245392000244465, "memory": {"available_mib": 1107.2578125, "python_rss_mib": 81.2890625, "solidworks_rss_mib": 1376.5546875}}
{"stage": "cold_batch_persisted", "utc": "2026-09-07T04:02:04.840776+00:00", "completed": 520, "unload_api_return": true, "elapsed_s": 4.3411206000018865, "memory": {"available_mib": 1122.54296875, "python_rss_mib": 81.32421875, "solidworks_rss_mib": 1377.64453125}}
{"stage": "cold_batch_persisted", "utc": "2026-09-07T04:02:09.140766+00:00", "completed": 530, "unload_api_return": true, "elapsed_s": 4.269264000002295, "memory": {"available_mib": 1130.9296875, "python_rss_mib": 81.46484375, "solidworks_rss_mib": 1378.8671875}}
{"stage": "cold_batch_persisted", "utc": "2026-09-07T04:02:13.244159+00:00", "completed": 540, "unload_api_return": true, "elapsed_s": 4.063733199989656, "memory": {"available_mib": 1398.6875, "python_rss_mib": 81.4609375, "solidworks_rss_mib": 1378.40625}}
{"stage": "cold_batch_persisted", "utc": "2026-09-07T04:02:17.084239+00:00", "completed": 550, "unload_api_return": true, "elapsed_s": 3.799753800005419, "memory": {"available_mib": 1931.47265625, "python_rss_mib": 81.33203125, "solidworks_rss_mib": 1379.51171875}}
{"stage": "cold_batch_persisted", "utc": "2026-09-07T04:02:20.881115+00:00", "completed": 560, "unload_api_return": true, "elapsed_s": 3.7586219999939203, "memory": {"available_mib": 1783.7734375, "python_rss_mib": 81.296875, "solidworks_rss_mib": 1380.6953125}}
{"stage": "cold_batch_persisted", "utc": "2026-09-07T04:02:27.390254+00:00", "completed": 570, "unload_api_return": true, "elapsed_s": 6.47577089999686, "memory": {"available_mib": 1806.1875, "python_rss_mib": 81.390625, "solidworks_rss_mib": 1395.95703125}}
{"stage": "cold_batch_persisted", "utc": "2026-09-07T04:02:39.454642+00:00", "completed": 580, "unload_api_return": true, "elapsed_s": 12.03281629999401, "memory": {"available_mib": 1699.51171875, "python_rss_mib": 81.55859375, "solidworks_rss_mib": 1610.1484375}}
{"stage": "cold_batch_persisted", "utc": "2026-09-07T04:02:42.624069+00:00", "completed": 590, "unload_api_return": true, "elapsed_s": 3.1397794999938924, "memory": {"available_mib": 1712.29296875, "python_rss_mib": 81.53515625, "solidworks_rss_mib": 1606.94140625}}
{"stage": "cold_batch_persisted", "utc": "2026-09-07T04:02:45.818525+00:00", "completed": 600, "unload_api_return": true, "elapsed_s": 3.1628564999846276, "memory": {"available_mib": 1704.1796875, "python_rss_mib": 81.59765625, "solidworks_rss_mib": 1607.8359375}}
{"stage": "cold_batch_persisted", "utc": "2026-09-07T04:02:49.047787+00:00", "completed": 610, "unload_api_return": true, "elapsed_s": 3.1994399999966845, "memory": {"available_mib": 1686.234375, "python_rss_mib": 81.4609375, "solidworks_rss_mib": 1609.12109375}}
{"stage": "cold_batch_persisted", "utc": "2026-09-07T04:02:52.285300+00:00", "completed": 620, "unload_api_return": true, "elapsed_s": 3.2042993000068236, "memory": {"available_mib": 1714.0703125, "python_rss_mib": 81.421875, "solidworks_rss_mib": 1610.33984375}}
{"stage": "cold_batch_persisted", "utc": "2026-09-07T04:02:54.352556+00:00", "completed": 625, "unload_api_return": true, "elapsed_s": 2.036229999997886, "memory": {"available_mib": 1718.49609375, "python_rss_mib": 79.94140625, "solidworks_rss_mib": 1610.37109375}}
{"stage": "complete_cold_measurements_before_ui_restore", "utc": "2026-09-07T04:02:56.465542+00:00"}
{"stage": "ui_controls_restored_without_redraw", "utc": "2026-09-07T04:02:57.476440+00:00"}
{"stage": "recovered_file_independently_validated_without_save", "utc": "2026-09-07T04:03:01.516627+00:00", "component_count": 625, "solid_count": 1006}
