{"stage": "registered_clean_documents_closed", "utc": "2026-09-07T04:13:48.627176+00:00", "count": 1}
{"stage": "part_import_started", "utc": "2026-09-07T04:13:48.839729+00:00", "id": "rear_launch_bulkhead", "source": "F:\\China Graduate Future Flight Vehicle Innovation Competition\\01_project\\competition\\SERVICE_ROBOT_MECHANICAL_CONSOLIDATION_20260905\\runs\\wp08_retention_delta_20260907_1228\\results\\rear_rib\\rear_launch_bulkhead.step"}
{"stage": "save_attempt", "utc": "2026-09-07T04:13:52.923388+00:00", "path": "F:\\China Graduate Future Flight Vehicle Innovation Competition\\01_project\\competition\\SERVICE_ROBOT_MECHANICAL_CONSOLIDATION_20260905\\runs\\wp08_retention_delta_20260907_1228\\native\\REAR_RIB_LOCAL\\parts\\rear_launch_bulkhead.SLDPRT", "api_return": [true, 0, 0], "ok": true, "errors": 0, "warnings": 0}
{"stage": "part_completed", "utc": "2026-09-07T04:13:55.857845+00:00", "id": "rear_launch_bulkhead", "solid_count": 1}
{"stage": "part_import_started", "utc": "2026-09-07T04:13:55.915498+00:00", "id": "rear_vertical_rib_86", "source": "F:\\China Graduate Future Flight Vehicle Innovation Competition\\01_project\\competition\\SERVICE_ROBOT_MECHANICAL_CONSOLIDATION_20260905\\runs\\wp08_retention_delta_20260907_1228\\results\\rear_rib\\rear_vertical_rib_86.step"}
{"stage": "save_attempt", "utc": "2026-09-07T04:13:59.331792+00:00", "path": "F:\\China Graduate Future Flight Vehicle Innovation Competition\\01_project\\competition\\SERVICE_ROBOT_MECHANICAL_CONSOLIDATION_20260905\\runs\\wp08_retention_delta_20260907_1228\\native\\REAR_RIB_LOCAL\\parts\\rear_vertical_rib_86.SLDPRT", "api_return": [true, 0, 0], "ok": true, "errors": 0, "warnings": 0}
{"stage": "part_completed", "utc": "2026-09-07T04:14:02.669856+00:00", "id": "rear_vertical_rib_86", "solid_count": 1}
{"stage": "part_import_started", "utc": "2026-09-07T04:14:02.729145+00:00", "id": "WP08_REAR_YPLUS_-50_screw", "source": "F:\\China Graduate Future Flight Vehicle Innovation Competition\\01_project\\competition\\SERVICE_ROBOT_MECHANICAL_CONSOLIDATION_20260905\\runs\\wp08_retention_delta_20260907_1228\\results\\rear_rib\\WP08_REAR_YPLUS_-50_screw.step"}
{"stage": "save_attempt", "utc": "2026-09-07T04:14:06.189724+00:00", "path": "F:\\China Graduate Future Flight Vehicle Innovation Competition\\01_project\\competition\\SERVICE_ROBOT_MECHANICAL_CONSOLIDATION_20260905\\runs\\wp08_retention_delta_20260907_1228\\native\\REAR_RIB_LOCAL\\parts\\WP08_REAR_YPLUS_-50_screw.SLDPRT", "api_return": [true, 0, 0], "ok": true, "errors": 0, "warnings": 0}
{"stage": "part_completed", "utc": "2026-09-07T04:14:09.742528+00:00", "id": "WP08_REAR_YPLUS_-50_screw", "solid_count": 1}
{"stage": "part_import_started", "utc": "2026-09-07T04:14:09.786168+00:00", "id": "WP08_REAR_YPLUS_-50_washer_head", "source": "F:\\China Graduate Future Flight Vehicle Innovation Competition\\01_project\\competition\\SERVICE_ROBOT_MECHANICAL_CONSOLIDATION_20260905\\runs\\wp08_retention_delta_20260907_1228\\results\\rear_rib\\WP08_REAR_YPLUS_-50_washer_head.step"}
{"stage": "save_attempt", "utc": "2026-09-07T04:14:13.272751+00:00", "path": "F:\\China Graduate Future Flight Vehicle Innovation Competition\\01_project\\competition\\SERVICE_ROBOT_MECHANICAL_CONSOLIDATION_20260905\\runs\\wp08_retention_delta_20260907_1228\\native\\REAR_RIB_LOCAL\\parts\\WP08_REAR_YPLUS_-50_washer_head.SLDPRT", "api_return": [true, 0, 0], "ok": true, "errors": 0, "warnings": 0}
{"stage": "part_completed", "utc": "2026-09-07T04:14:17.227762+00:00", "id": "WP08_REAR_YPLUS_-50_washer_head", "solid_count": 1}
{"stage": "part_import_started", "utc": "2026-09-07T04:14:17.266691+00:00", "id": "WP08_REAR_YPLUS_-50_washer_inner", "source": "F:\\China Graduate Future Flight Vehicle Innovation Competition\\01_project\\competition\\SERVICE_ROBOT_MECHANICAL_CONSOLIDATION_20260905\\runs\\wp08_retention_delta_20260907_1228\\results\\rear_rib\\WP08_REAR_YPLUS_-50_washer_inner.step"}
{"stage": "save_attempt", "utc": "2026-09-07T04:14:20.745737+00:00", "path": "F:\\China Graduate Future Flight Vehicle Innovation Competition\\01_project\\competition\\SERVICE_ROBOT_MECHANICAL_CONSOLIDATION_20260905\\runs\\wp08_retention_delta_20260907_1228\\native\\REAR_RIB_LOCAL\\parts\\WP08_REAR_YPLUS_-50_washer_inner.SLDPRT", "api_return": [true, 0, 0], "ok": true, "errors": 0, "warnings": 0}
{"stage": "part_completed", "utc": "2026-09-07T04:14:24.654557+00:00", "id": "WP08_REAR_YPLUS_-50_washer_inner", "solid_count": 1}
{"stage": "part_import_started", "utc": "2026-09-07T04:14:24.691103+00:00", "id": "WP08_REAR_YPLUS_-50_nut", "source": "F:\\China Graduate Future Flight Vehicle Innovation Competition\\01_project\\competition\\SERVICE_ROBOT_MECHANICAL_CONSOLIDATION_20260905\\runs\\wp08_retention_delta_20260907_1228\\results\\rear_rib\\WP08_REAR_YPLUS_-50_nut.step"}
{"stage": "save_attempt", "utc": "2026-09-07T04:14:28.192950+00:00", "path": "F:\\China Graduate Future Flight Vehicle Innovation Competition\\01_project\\competition\\SERVICE_ROBOT_MECHANICAL_CONSOLIDATION_20260905\\runs\\wp08_retention_delta_20260907_1228\\native\\REAR_RIB_LOCAL\\parts\\WP08_REAR_YPLUS_-50_nut.SLDPRT", "api_return": [true, 0, 0], "ok": true, "errors": 0, "warnings": 0}
{"stage": "part_completed", "utc": "2026-09-07T04:14:32.193576+00:00", "id": "WP08_REAR_YPLUS_-50_nut", "solid_count": 1}
{"stage": "part_import_started", "utc": "2026-09-07T04:14:32.247413+00:00", "id": "WP08_REAR_YPLUS_50_screw", "source": "F:\\China Graduate Future Flight Vehicle Innovation Competition\\01_project\\competition\\SERVICE_ROBOT_MECHANICAL_CONSOLIDATION_20260905\\runs\\wp08_retention_delta_20260907_1228\\results\\rear_rib\\WP08_REAR_YPLUS_50_screw.step"}
{"stage": "save_attempt", "utc": "2026-09-07T04:14:38.062919+00:00", "path": "F:\\China Graduate Future Flight Vehicle Innovation Competition\\01_project\\competition\\SERVICE_ROBOT_MECHANICAL_CONSOLIDATION_20260905\\runs\\wp08_retention_delta_20260907_1228\\native\\REAR_RIB_LOCAL\\parts\\WP08_REAR_YPLUS_50_screw.SLDPRT", "api_return": [true, 0, 0], "ok": true, "errors": 0, "warnings": 0}
{"stage": "part_completed", "utc": "2026-09-07T04:14:46.521312+00:00", "id": "WP08_REAR_YPLUS_50_screw", "solid_count": 1}
{"stage": "part_import_started", "utc": "2026-09-07T04:14:46.557289+00:00", "id": "WP08_REAR_YPLUS_50_washer_head", "source": "F:\\China Graduate Future Flight Vehicle Innovation Competition\\01_project\\competition\\SERVICE_ROBOT_MECHANICAL_CONSOLIDATION_20260905\\runs\\wp08_retention_delta_20260907_1228\\results\\rear_rib\\WP08_REAR_YPLUS_50_washer_head.step"}
{"stage": "save_attempt", "utc": "2026-09-07T04:15:01.550947+00:00", "path": "F:\\China Graduate Future Flight Vehicle Innovation Competition\\01_project\\competition\\SERVICE_ROBOT_MECHANICAL_CONSOLIDATION_20260905\\runs\\wp08_retention_delta_20260907_1228\\native\\REAR_RIB_LOCAL\\parts\\WP08_REAR_YPLUS_50_washer_head.SLDPRT", "api_return": [true, 0, 0], "ok": true, "errors": 0, "warnings": 0}
{"stage": "part_completed", "utc": "2026-09-07T04:15:12.304332+00:00", "id": "WP08_REAR_YPLUS_50_washer_head", "solid_count": 1}
{"stage": "part_import_started", "utc": "2026-09-07T04:15:12.344248+00:00", "id": "WP08_REAR_YPLUS_50_washer_inner", "source": "F:\\China Graduate Future Flight Vehicle Innovation Competition\\01_project\\competition\\SERVICE_ROBOT_MECHANICAL_CONSOLIDATION_20260905\\runs\\wp08_retention_delta_20260907_1228\\results\\rear_rib\\WP08_REAR_YPLUS_50_washer_inner.step"}
{"stage": "save_attempt", "utc": "2026-09-07T04:15:20.324490+00:00", "path": "F:\\China Graduate Future Flight Vehicle Innovation Competition\\01_project\\competition\\SERVICE_ROBOT_MECHANICAL_CONSOLIDATION_20260905\\runs\\wp08_retention_delta_20260907_1228\\native\\REAR_RIB_LOCAL\\parts\\WP08_REAR_YPLUS_50_washer_inner.SLDPRT", "api_return": [true, 0, 0], "ok": true, "errors": 0, "warnings": 0}
{"stage": "part_completed", "utc": "2026-09-07T04:15:26.454553+00:00", "id": "WP08_REAR_YPLUS_50_washer_inner", "solid_count": 1}
{"stage": "part_import_started", "utc": "2026-09-07T04:15:26.491878+00:00", "id": "WP08_REAR_YPLUS_50_nut", "source": "F:\\China Graduate Future Flight Vehicle Innovation Competition\\01_project\\competition\\SERVICE_ROBOT_MECHANICAL_CONSOLIDATION_20260905\\runs\\wp08_retention_delta_20260907_1228\\results\\rear_rib\\WP08_REAR_YPLUS_50_nut.step"}
{"stage": "save_attempt", "utc": "2026-09-07T04:15:45.446467+00:00", "path": "F:\\China Graduate Future Flight Vehicle Innovation Competition\\01_project\\competition\\SERVICE_ROBOT_MECHANICAL_CONSOLIDATION_20260905\\runs\\wp08_retention_delta_20260907_1228\\native\\REAR_RIB_LOCAL\\parts\\WP08_REAR_YPLUS_50_nut.SLDPRT", "api_return": [true, 0, 0], "ok": true, "errors": 0, "warnings": 0}
{"stage": "part_completed", "utc": "2026-09-07T04:15:50.875385+00:00", "id": "WP08_REAR_YPLUS_50_nut", "solid_count": 1}
{"stage": "part_import_started", "utc": "2026-09-07T04:15:50.921443+00:00", "id": "CONTEXT_RB_end_frame_-1", "source": "F:\\China Graduate Future Flight Vehicle Innovation Competition\\01_project\\competition\\SERVICE_ROBOT_MECHANICAL_CONSOLIDATION_20260905\\runs\\wp08_retention_delta_20260907_1228\\results\\rear_rib\\CONTEXT_RB_end_frame_-1.step"}
{"stage": "save_attempt", "utc": "2026-09-07T04:16:01.285202+00:00", "path": "F:\\China Graduate Future Flight Vehicle Innovation Competition\\01_project\\competition\\SERVICE_ROBOT_MECHANICAL_CONSOLIDATION_20260905\\runs\\wp08_retention_delta_20260907_1228\\native\\REAR_RIB_LOCAL\\parts\\CONTEXT_RB_end_frame_-1.SLDPRT", "api_return": [true, 0, 0], "ok": true, "errors": 0, "warnings": 0}
{"stage": "part_completed", "utc": "2026-09-07T04:16:09.803978+00:00", "id": "CONTEXT_RB_end_frame_-1", "solid_count": 1}
{"stage": "components_inserted_fixed_identity", "utc": "2026-09-07T04:16:18.041583+00:00", "added": 11, "total": 11}
{"stage": "save_attempt", "utc": "2026-09-07T04:16:25.352126+00:00", "path": "F:\\China Graduate Future Flight Vehicle Innovation Competition\\01_project\\competition\\SERVICE_ROBOT_MECHANICAL_CONSOLIDATION_20260905\\runs\\wp08_retention_delta_20260907_1228\\native\\REAR_RIB_LOCAL\\WP08_RIGHT_REAR_RIB.SLDASM", "api_return": [true, 0, 0], "ok": true, "errors": 0, "warnings": 0}
{"stage": "save_attempt", "utc": "2026-09-07T04:16:26.174888+00:00", "path": "F:\\China Graduate Future Flight Vehicle Innovation Competition\\01_project\\competition\\SERVICE_ROBOT_MECHANICAL_CONSOLIDATION_20260905\\runs\\wp08_retention_delta_20260907_1228\\native\\REAR_RIB_LOCAL\\native_roundtrip.step", "api_return": [true, 0, 0], "ok": true, "errors": 0, "warnings": 0}
{"stage": "assembly_saved_exported_and_closed", "utc": "2026-09-07T04:16:27.422574+00:00"}
{"stage": "cold_assembly_verified_left_visible", "utc": "2026-09-07T04:16:40.302360+00:00", "component_count": 11}
{"stage": "completed", "utc": "2026-09-07T04:16:40.346838+00:00"}
{"stage": "detached_without_exiting_existing_session", "utc": "2026-09-07T04:16:40.386919+00:00"}
