{"time": "2026-08-05T16:18:03", "pid": 44888, "stage": "SCRIPT_START"}
{"time": "2026-08-05T16:18:03", "pid": 44888, "stage": "BEFORE_FREECAD_IMPORT"}
{"time": "2026-08-05T16:18:03", "pid": 44888, "stage": "AFTER_FREECAD_IMPORT", "version": "['1', '1', '3', '20260725 (Git shallow)', 'Unknown', '2026/07/25 04:52:02', 'grafted,grafted', '145529fe741292ff0b3977a01195bf0247425794']"}
{"time": "2026-08-05T16:18:03", "pid": 44888, "stage": "DOCUMENT_CREATED", "name": "SPACE_EMBODIED_ROBOT_TOP_INTEGRATION_F3P3"}
{"time": "2026-08-05T16:18:03", "pid": 44888, "stage": "COMPONENT_ADD_START", "component": "spacecraft_reference"}
{"time": "2026-08-05T16:18:03", "pid": 44888, "stage": "COMPONENT_ADD_ERROR", "component": "spacecraft_reference", "error": "Property SPACE_EMBODIED_ROBOT_TOP_INTEGRATION_F3P3#spacecraft_reference.Type already exists"}
{"time": "2026-08-05T16:18:03", "pid": 44888, "stage": "COMPONENT_ADD_START", "component": "solar_wing_left"}
{"time": "2026-08-05T16:18:03", "pid": 44888, "stage": "COMPONENT_ADD_ERROR", "component": "solar_wing_left", "error": "Property SPACE_EMBODIED_ROBOT_TOP_INTEGRATION_F3P3#solar_wing_left.Type already exists"}
{"time": "2026-08-05T16:18:03", "pid": 44888, "stage": "COMPONENT_ADD_START", "component": "solar_wing_right"}
{"time": "2026-08-05T16:18:03", "pid": 44888, "stage": "COMPONENT_ADD_ERROR", "component": "solar_wing_right", "error": "Property SPACE_EMBODIED_ROBOT_TOP_INTEGRATION_F3P3#solar_wing_right.Type already exists"}
{"time": "2026-08-05T16:18:03", "pid": 44888, "stage": "COMPONENT_ADD_START", "component": "b601_hifi"}
{"time": "2026-08-05T16:18:03", "pid": 44888, "stage": "COMPONENT_ADD_ERROR", "component": "b601_hifi", "error": "Property SPACE_EMBODIED_ROBOT_TOP_INTEGRATION_F3P3#b601_hifi.Type already exists"}
{"time": "2026-08-05T16:18:03", "pid": 44888, "stage": "COMPONENT_ADD_START", "component": "base_adapter_load_bridge"}
{"time": "2026-08-05T16:18:03", "pid": 44888, "stage": "COMPONENT_ADD_ERROR", "component": "base_adapter_load_bridge", "error": "Property SPACE_EMBODIED_ROBOT_TOP_INTEGRATION_F3P3#base_adapter_load_bridge.Type already exists"}
{"time": "2026-08-05T16:18:03", "pid": 44888, "stage": "COMPONENT_ADD_START", "component": "g07_aft_saddle"}
{"time": "2026-08-05T16:18:03", "pid": 44888, "stage": "COMPONENT_ADD_ERROR", "component": "g07_aft_saddle", "error": "Property SPACE_EMBODIED_ROBOT_TOP_INTEGRATION_F3P3#g07_aft_saddle.Type already exists"}
{"time": "2026-08-05T16:18:03", "pid": 44888, "stage": "COMPONENT_ADD_START", "component": "g08_fwd_saddle"}
{"time": "2026-08-05T16:18:03", "pid": 44888, "stage": "COMPONENT_ADD_ERROR", "component": "g08_fwd_saddle", "error": "Property SPACE_EMBODIED_ROBOT_TOP_INTEGRATION_F3P3#g08_fwd_saddle.Type already exists"}
{"time": "2026-08-05T16:18:03", "pid": 44888, "stage": "COMPONENT_ADD_START", "component": "mid_saddle_candidate"}
{"time": "2026-08-05T16:18:03", "pid": 44888, "stage": "COMPONENT_ADD_ERROR", "component": "mid_saddle_candidate", "error": "Property SPACE_EMBODIED_ROBOT_TOP_INTEGRATION_F3P3#mid_saddle_candidate.Type already exists"}
{"time": "2026-08-05T16:18:03", "pid": 44888, "stage": "COMPONENT_ADD_START", "component": "hdrm_envelope"}
{"time": "2026-08-05T16:18:03", "pid": 44888, "stage": "COMPONENT_ADD_ERROR", "component": "hdrm_envelope", "error": "Property SPACE_EMBODIED_ROBOT_TOP_INTEGRATION_F3P3#hdrm_envelope.Type already exists"}
{"time": "2026-08-05T16:18:03", "pid": 44888, "stage": "COMPONENT_ADD_START", "component": "release_residual_keepout"}
{"time": "2026-08-05T16:18:03", "pid": 44888, "stage": "COMPONENT_ADD_ERROR", "component": "release_residual_keepout", "error": "Property SPACE_EMBODIED_ROBOT_TOP_INTEGRATION_F3P3#release_residual_keepout.Type already exists"}
{"time": "2026-08-05T16:18:03", "pid": 44888, "stage": "COMPONENT_ADD_START", "component": "harness_sweep_envelope"}
{"time": "2026-08-05T16:18:03", "pid": 44888, "stage": "COMPONENT_ADD_ERROR", "component": "harness_sweep_envelope", "error": "Property SPACE_EMBODIED_ROBOT_TOP_INTEGRATION_F3P3#harness_sweep_envelope.Type already exists"}
{"time": "2026-08-05T16:18:03", "pid": 44888, "stage": "COMPONENT_ADD_START", "component": "camera_fov"}
{"time": "2026-08-05T16:18:03", "pid": 44888, "stage": "COMPONENT_ADD_ERROR", "component": "camera_fov", "error": "Property SPACE_EMBODIED_ROBOT_TOP_INTEGRATION_F3P3#camera_fov.Type already exists"}
{"time": "2026-08-05T16:18:03", "pid": 44888, "stage": "COMPONENT_ADD_START", "component": "maintenance_tool_keepout"}
{"time": "2026-08-05T16:18:03", "pid": 44888, "stage": "COMPONENT_ADD_ERROR", "component": "maintenance_tool_keepout", "error": "Property SPACE_EMBODIED_ROBOT_TOP_INTEGRATION_F3P3#maintenance_tool_keepout.Type already exists"}
{"time": "2026-08-05T16:18:03", "pid": 44888, "stage": "COMPONENT_ADD_START", "component": "mode_a_envelope"}
{"time": "2026-08-05T16:18:03", "pid": 44888, "stage": "COMPONENT_ADD_ERROR", "component": "mode_a_envelope", "error": "Property SPACE_EMBODIED_ROBOT_TOP_INTEGRATION_F3P3#mode_a_envelope.Type already exists"}
{"time": "2026-08-05T16:18:03", "pid": 44888, "stage": "COMPONENT_ADD_START", "component": "mode_b_envelope"}
{"time": "2026-08-05T16:18:03", "pid": 44888, "stage": "COMPONENT_ADD_ERROR", "component": "mode_b_envelope", "error": "Property SPACE_EMBODIED_ROBOT_TOP_INTEGRATION_F3P3#mode_b_envelope.Type already exists"}
{"time": "2026-08-05T16:18:03", "pid": 44888, "stage": "B601_HIFI_LINK_START"}
{"time": "2026-08-05T16:18:03", "pid": 44888, "stage": "B601_HIFI_LINK_ADDED", "package": "base_link"}
{"time": "2026-08-05T16:18:03", "pid": 44888, "stage": "B601_HIFI_LINK_ADDED", "package": "gripper_left"}
{"time": "2026-08-05T16:18:03", "pid": 44888, "stage": "B601_HIFI_LINK_ADDED", "package": "gripper_link"}
{"time": "2026-08-05T16:18:03", "pid": 44888, "stage": "B601_HIFI_LINK_ADDED", "package": "gripper_right"}
{"time": "2026-08-05T16:18:03", "pid": 44888, "stage": "B601_HIFI_LINK_ADDED", "package": "link1"}
{"time": "2026-08-05T16:18:03", "pid": 44888, "stage": "B601_HIFI_LINK_ADDED", "package": "link2"}
{"time": "2026-08-05T16:18:03", "pid": 44888, "stage": "B601_HIFI_LINK_ADDED", "package": "link3"}
{"time": "2026-08-05T16:18:03", "pid": 44888, "stage": "B601_HIFI_LINK_ADDED", "package": "link4"}
{"time": "2026-08-05T16:18:03", "pid": 44888, "stage": "B601_HIFI_LINK_ADDED", "package": "link5"}
{"time": "2026-08-05T16:18:03", "pid": 44888, "stage": "B601_HIFI_LINK_ADDED", "package": "link6"}
{"time": "2026-08-05T16:18:03", "pid": 44888, "stage": "STATES_ADD_START"}
{"time": "2026-08-05T16:18:03", "pid": 44888, "stage": "ASSEMBLY_SAVED", "path": "F:\\Space-Embodied-Robot-HAG_A_20260804\\12_f3_p1_hifi_attachment\\15_f3_p3_top_assembly\\SPACE_EMBODIED_ROBOT_TOP_INTEGRATION_F3P3.FCStd", "sha256": "E70DD6DB88702BFEE1982C3931DA36FEC57BF8B4983F363CC67B5CCFFEF28845"}
{"time": "2026-08-05T16:18:03", "pid": 44888, "stage": "DOCUMENT_CLOSED"}
{"time": "2026-08-05T16:18:03", "pid": 44888, "stage": "SCRIPT_PASS", "path": "F:\\Space-Embodied-Robot-HAG_A_20260804\\12_f3_p1_hifi_attachment\\15_f3_p3_top_assembly\\SPACE_EMBODIED_ROBOT_TOP_INTEGRATION_F3P3.FCStd", "sha256": "E70DD6DB88702BFEE1982C3931DA36FEC57BF8B4983F363CC67B5CCFFEF28845", "components": 15, "states": 23}
{"time": "2026-08-05T16:18:03", "pid": 44888, "stage": "RESULT_WRITTEN", "path": "F:\\Space-Embodied-Robot-HAG_A_20260804\\12_f3_p1_hifi_attachment\\15_f3_p3_top_assembly\\F3_P3_TOP_ASSEMBLY_RESULT.json"}
