{"time": "2026-08-05T14:48:25", "pid": 43836, "stage": "SCRIPT_START"}
{"time": "2026-08-05T14:48:25", "pid": 43836, "stage": "BEFORE_FREECAD_IMPORT"}
{"time": "2026-08-05T14:48:25", "pid": 43836, "stage": "AFTER_FREECAD_IMPORT", "version": "['1', '1', '3', '20260725 (Git shallow)', 'Unknown', '2026/07/25 04:52:02', 'grafted,grafted', '145529fe741292ff0b3977a01195bf0247425794']"}
{"time": "2026-08-05T14:48:25", "pid": 43836, "stage": "ASSEMBLY_CREATE_START"}
{"time": "2026-08-05T14:48:25", "pid": 43836, "stage": "IMPORT_V23_START", "path": "F:\\China Graduate Future Flight Vehicle Innovation Competition\\20_engineering\\cad\\Space_Embodied_Robot_CAD_V2_3_NATIVE_INTEGRATION\\evidence\\config_steps\\native_STOWED.step"}
{"time": "2026-08-05T14:48:26", "pid": 43836, "stage": "IMPORT_V23_COMPLETE"}
{"time": "2026-08-05T14:48:26", "pid": 43836, "stage": "IMPORT_PACKAGE_START", "package": "B601_HIFI_VISUAL_BASE_LINK"}
{"time": "2026-08-05T14:48:26", "pid": 43836, "stage": "IMPORT_PACKAGE_COMPLETE", "package": "B601_HIFI_VISUAL_BASE_LINK"}
{"time": "2026-08-05T14:48:26", "pid": 43836, "stage": "IMPORT_PACKAGE_START", "package": "B601_HIFI_VISUAL_GRIPPER_LEFT"}
{"time": "2026-08-05T14:48:26", "pid": 43836, "stage": "IMPORT_PACKAGE_COMPLETE", "package": "B601_HIFI_VISUAL_GRIPPER_LEFT"}
{"time": "2026-08-05T14:48:26", "pid": 43836, "stage": "IMPORT_PACKAGE_START", "package": "B601_HIFI_VISUAL_GRIPPER_LINK"}
{"time": "2026-08-05T14:48:26", "pid": 43836, "stage": "IMPORT_PACKAGE_COMPLETE", "package": "B601_HIFI_VISUAL_GRIPPER_LINK"}
{"time": "2026-08-05T14:48:26", "pid": 43836, "stage": "IMPORT_PACKAGE_START", "package": "B601_HIFI_VISUAL_GRIPPER_RIGHT"}
{"time": "2026-08-05T14:48:26", "pid": 43836, "stage": "IMPORT_PACKAGE_COMPLETE", "package": "B601_HIFI_VISUAL_GRIPPER_RIGHT"}
{"time": "2026-08-05T14:48:26", "pid": 43836, "stage": "IMPORT_PACKAGE_START", "package": "B601_HIFI_VISUAL_LINK1"}
{"time": "2026-08-05T14:48:27", "pid": 43836, "stage": "IMPORT_PACKAGE_COMPLETE", "package": "B601_HIFI_VISUAL_LINK1"}
{"time": "2026-08-05T14:48:27", "pid": 43836, "stage": "IMPORT_PACKAGE_START", "package": "B601_HIFI_VISUAL_LINK2"}
{"time": "2026-08-05T14:48:28", "pid": 43836, "stage": "IMPORT_PACKAGE_COMPLETE", "package": "B601_HIFI_VISUAL_LINK2"}
{"time": "2026-08-05T14:48:28", "pid": 43836, "stage": "IMPORT_PACKAGE_START", "package": "B601_HIFI_VISUAL_LINK3"}
{"time": "2026-08-05T14:48:28", "pid": 43836, "stage": "IMPORT_PACKAGE_COMPLETE", "package": "B601_HIFI_VISUAL_LINK3"}
{"time": "2026-08-05T14:48:28", "pid": 43836, "stage": "IMPORT_PACKAGE_START", "package": "B601_HIFI_VISUAL_LINK4"}
{"time": "2026-08-05T14:48:31", "pid": 43836, "stage": "IMPORT_PACKAGE_COMPLETE", "package": "B601_HIFI_VISUAL_LINK4"}
{"time": "2026-08-05T14:48:31", "pid": 43836, "stage": "IMPORT_PACKAGE_START", "package": "B601_HIFI_VISUAL_LINK5"}
{"time": "2026-08-05T14:48:31", "pid": 43836, "stage": "IMPORT_PACKAGE_COMPLETE", "package": "B601_HIFI_VISUAL_LINK5"}
{"time": "2026-08-05T14:48:31", "pid": 43836, "stage": "IMPORT_PACKAGE_START", "package": "B601_HIFI_VISUAL_LINK6"}
{"time": "2026-08-05T14:48:31", "pid": 43836, "stage": "IMPORT_PACKAGE_COMPLETE", "package": "B601_HIFI_VISUAL_LINK6"}
{"time": "2026-08-05T14:48:51", "pid": 43836, "stage": "ASSEMBLY_SAVED", "path": "F:\\Space-Embodied-Robot-HAG_A_20260804\\12_f3_p1_hifi_attachment\\15_f3_p3_top_assembly\\F3_P3_TOP_ASSEMBLY.FCStd", "objects": 206}
{"time": "2026-08-05T14:48:51", "pid": 43836, "stage": "STOWED_CLEARANCE_START"}
{"time": "2026-08-05T14:48:51", "pid": 43836, "stage": "CLEARANCE_OBJECTS", "spacecraft": 206, "b601": 0}
{"time": "2026-08-05T14:48:51", "pid": 43836, "stage": "STOWED_CLEARANCE_COMPLETE", "min_distance": Infinity, "pairs": 0}
{"time": "2026-08-05T14:48:51", "pid": 43836, "stage": "DEPLOYED_CLEARANCE_START"}
{"time": "2026-08-05T14:48:51", "pid": 43836, "stage": "DEPLOYED_CLEARANCE_COMPLETE", "min_distance": Infinity, "pairs": 0}
{"time": "2026-08-05T14:48:51", "pid": 43836, "stage": "CONTINUOUS_CLEARANCE_START"}
{"time": "2026-08-05T14:48:51", "pid": 43836, "stage": "CLEARANCE_SAMPLE", "alpha": 0.0, "min_distance": Infinity}
{"time": "2026-08-05T14:48:51", "pid": 43836, "stage": "CLEARANCE_SAMPLE", "alpha": 0.1, "min_distance": Infinity}
{"time": "2026-08-05T14:48:51", "pid": 43836, "stage": "CLEARANCE_SAMPLE", "alpha": 0.2, "min_distance": Infinity}
{"time": "2026-08-05T14:48:51", "pid": 43836, "stage": "CLEARANCE_SAMPLE", "alpha": 0.3, "min_distance": Infinity}
{"time": "2026-08-05T14:48:51", "pid": 43836, "stage": "CLEARANCE_SAMPLE", "alpha": 0.4, "min_distance": Infinity}
{"time": "2026-08-05T14:48:51", "pid": 43836, "stage": "CLEARANCE_SAMPLE", "alpha": 0.5, "min_distance": Infinity}
{"time": "2026-08-05T14:48:51", "pid": 43836, "stage": "CLEARANCE_SAMPLE", "alpha": 0.6, "min_distance": Infinity}
{"time": "2026-08-05T14:48:51", "pid": 43836, "stage": "CLEARANCE_SAMPLE", "alpha": 0.7, "min_distance": Infinity}
{"time": "2026-08-05T14:48:51", "pid": 43836, "stage": "CLEARANCE_SAMPLE", "alpha": 0.8, "min_distance": Infinity}
{"time": "2026-08-05T14:48:51", "pid": 43836, "stage": "CLEARANCE_SAMPLE", "alpha": 0.9, "min_distance": Infinity}
{"time": "2026-08-05T14:48:51", "pid": 43836, "stage": "CLEARANCE_SAMPLE", "alpha": 1.0, "min_distance": Infinity}
{"time": "2026-08-05T14:48:51", "pid": 43836, "stage": "CONTINUOUS_CLEARANCE_COMPLETE", "min_over_curve": Infinity}
{"time": "2026-08-05T14:48:51", "pid": 43836, "stage": "SCRIPT_PASS", "elapsed_s": 26.622}
{"time": "2026-08-05T14:48:51", "pid": 43836, "stage": "RESULT_WRITTEN", "path": "F:\\Space-Embodied-Robot-HAG_A_20260804\\12_f3_p1_hifi_attachment\\15_f3_p3_top_assembly\\F3_P3_TOP_ASSEMBLY_RESULT.json"}
{"time": "2026-08-05T14:50:21", "pid": 19780, "stage": "SCRIPT_START"}
{"time": "2026-08-05T14:50:21", "pid": 19780, "stage": "BEFORE_FREECAD_IMPORT"}
{"time": "2026-08-05T14:50:21", "pid": 19780, "stage": "AFTER_FREECAD_IMPORT", "version": "['1', '1', '3', '20260725 (Git shallow)', 'Unknown', '2026/07/25 04:52:02', 'grafted,grafted', '145529fe741292ff0b3977a01195bf0247425794']"}
{"time": "2026-08-05T14:50:21", "pid": 19780, "stage": "ASSEMBLY_CREATE_START"}
{"time": "2026-08-05T14:50:21", "pid": 19780, "stage": "IMPORT_V23_START", "path": "F:\\China Graduate Future Flight Vehicle Innovation Competition\\20_engineering\\cad\\Space_Embodied_Robot_CAD_V2_3_NATIVE_INTEGRATION\\evidence\\config_steps\\native_STOWED.step"}
{"time": "2026-08-05T14:50:22", "pid": 19780, "stage": "IMPORT_V23_COMPLETE"}
{"time": "2026-08-05T14:50:22", "pid": 19780, "stage": "IMPORT_PACKAGE_START", "package": "B601_HIFI_VISUAL_BASE_LINK"}
{"time": "2026-08-05T14:50:22", "pid": 19780, "stage": "IMPORT_PACKAGE_COMPLETE", "package": "B601_HIFI_VISUAL_BASE_LINK"}
{"time": "2026-08-05T14:50:22", "pid": 19780, "stage": "IMPORT_PACKAGE_START", "package": "B601_HIFI_VISUAL_GRIPPER_LEFT"}
{"time": "2026-08-05T14:50:22", "pid": 19780, "stage": "IMPORT_PACKAGE_COMPLETE", "package": "B601_HIFI_VISUAL_GRIPPER_LEFT"}
{"time": "2026-08-05T14:50:22", "pid": 19780, "stage": "IMPORT_PACKAGE_START", "package": "B601_HIFI_VISUAL_GRIPPER_LINK"}
{"time": "2026-08-05T14:50:23", "pid": 19780, "stage": "IMPORT_PACKAGE_COMPLETE", "package": "B601_HIFI_VISUAL_GRIPPER_LINK"}
{"time": "2026-08-05T14:50:23", "pid": 19780, "stage": "IMPORT_PACKAGE_START", "package": "B601_HIFI_VISUAL_GRIPPER_RIGHT"}
{"time": "2026-08-05T14:50:23", "pid": 19780, "stage": "IMPORT_PACKAGE_COMPLETE", "package": "B601_HIFI_VISUAL_GRIPPER_RIGHT"}
{"time": "2026-08-05T14:50:23", "pid": 19780, "stage": "IMPORT_PACKAGE_START", "package": "B601_HIFI_VISUAL_LINK1"}
{"time": "2026-08-05T14:50:23", "pid": 19780, "stage": "IMPORT_PACKAGE_COMPLETE", "package": "B601_HIFI_VISUAL_LINK1"}
{"time": "2026-08-05T14:50:23", "pid": 19780, "stage": "IMPORT_PACKAGE_START", "package": "B601_HIFI_VISUAL_LINK2"}
{"time": "2026-08-05T14:50:24", "pid": 19780, "stage": "IMPORT_PACKAGE_COMPLETE", "package": "B601_HIFI_VISUAL_LINK2"}
{"time": "2026-08-05T14:50:24", "pid": 19780, "stage": "IMPORT_PACKAGE_START", "package": "B601_HIFI_VISUAL_LINK3"}
{"time": "2026-08-05T14:50:25", "pid": 19780, "stage": "IMPORT_PACKAGE_COMPLETE", "package": "B601_HIFI_VISUAL_LINK3"}
{"time": "2026-08-05T14:50:25", "pid": 19780, "stage": "IMPORT_PACKAGE_START", "package": "B601_HIFI_VISUAL_LINK4"}
{"time": "2026-08-05T14:50:27", "pid": 19780, "stage": "IMPORT_PACKAGE_COMPLETE", "package": "B601_HIFI_VISUAL_LINK4"}
{"time": "2026-08-05T14:50:27", "pid": 19780, "stage": "IMPORT_PACKAGE_START", "package": "B601_HIFI_VISUAL_LINK5"}
{"time": "2026-08-05T14:50:27", "pid": 19780, "stage": "IMPORT_PACKAGE_COMPLETE", "package": "B601_HIFI_VISUAL_LINK5"}
{"time": "2026-08-05T14:50:27", "pid": 19780, "stage": "IMPORT_PACKAGE_START", "package": "B601_HIFI_VISUAL_LINK6"}
{"time": "2026-08-05T14:50:27", "pid": 19780, "stage": "IMPORT_PACKAGE_COMPLETE", "package": "B601_HIFI_VISUAL_LINK6"}
{"time": "2026-08-05T14:50:46", "pid": 19780, "stage": "ASSEMBLY_SAVED", "path": "F:\\Space-Embodied-Robot-HAG_A_20260804\\12_f3_p1_hifi_attachment\\15_f3_p3_top_assembly\\F3_P3_TOP_ASSEMBLY.FCStd", "objects": 206}
{"time": "2026-08-05T14:50:46", "pid": 19780, "stage": "STOWED_CLEARANCE_START"}
{"time": "2026-08-05T14:50:46", "pid": 19780, "stage": "CLEARANCE_OBJECTS", "spacecraft": 206, "b601": 0}
{"time": "2026-08-05T14:50:46", "pid": 19780, "stage": "STOWED_CLEARANCE_COMPLETE", "min_distance": Infinity, "pairs": 0}
{"time": "2026-08-05T14:50:46", "pid": 19780, "stage": "DEPLOYED_CLEARANCE_START"}
{"time": "2026-08-05T14:50:46", "pid": 19780, "stage": "DEPLOYED_CLEARANCE_COMPLETE", "min_distance": Infinity, "pairs": 0}
{"time": "2026-08-05T14:50:46", "pid": 19780, "stage": "CONTINUOUS_CLEARANCE_START"}
{"time": "2026-08-05T14:50:46", "pid": 19780, "stage": "CLEARANCE_SAMPLE", "alpha": 0.0, "min_distance": Infinity}
{"time": "2026-08-05T14:50:46", "pid": 19780, "stage": "CLEARANCE_SAMPLE", "alpha": 0.1, "min_distance": Infinity}
{"time": "2026-08-05T14:50:46", "pid": 19780, "stage": "CLEARANCE_SAMPLE", "alpha": 0.2, "min_distance": Infinity}
{"time": "2026-08-05T14:50:46", "pid": 19780, "stage": "CLEARANCE_SAMPLE", "alpha": 0.3, "min_distance": Infinity}
{"time": "2026-08-05T14:50:46", "pid": 19780, "stage": "CLEARANCE_SAMPLE", "alpha": 0.4, "min_distance": Infinity}
{"time": "2026-08-05T14:50:46", "pid": 19780, "stage": "CLEARANCE_SAMPLE", "alpha": 0.5, "min_distance": Infinity}
{"time": "2026-08-05T14:50:46", "pid": 19780, "stage": "CLEARANCE_SAMPLE", "alpha": 0.6, "min_distance": Infinity}
{"time": "2026-08-05T14:50:46", "pid": 19780, "stage": "CLEARANCE_SAMPLE", "alpha": 0.7, "min_distance": Infinity}
{"time": "2026-08-05T14:50:46", "pid": 19780, "stage": "CLEARANCE_SAMPLE", "alpha": 0.8, "min_distance": Infinity}
{"time": "2026-08-05T14:50:46", "pid": 19780, "stage": "CLEARANCE_SAMPLE", "alpha": 0.9, "min_distance": Infinity}
{"time": "2026-08-05T14:50:46", "pid": 19780, "stage": "CLEARANCE_SAMPLE", "alpha": 1.0, "min_distance": Infinity}
{"time": "2026-08-05T14:50:46", "pid": 19780, "stage": "CONTINUOUS_CLEARANCE_COMPLETE", "min_over_curve": Infinity}
{"time": "2026-08-05T14:50:47", "pid": 19780, "stage": "SCRIPT_PASS", "elapsed_s": 25.619}
{"time": "2026-08-05T14:50:47", "pid": 19780, "stage": "RESULT_WRITTEN", "path": "F:\\Space-Embodied-Robot-HAG_A_20260804\\12_f3_p1_hifi_attachment\\15_f3_p3_top_assembly\\F3_P3_TOP_ASSEMBLY_RESULT.json"}
{"time": "2026-08-05T14:52:40", "pid": 46708, "stage": "SCRIPT_START"}
{"time": "2026-08-05T14:52:40", "pid": 46708, "stage": "BEFORE_FREECAD_IMPORT"}
{"time": "2026-08-05T14:52:40", "pid": 46708, "stage": "AFTER_FREECAD_IMPORT", "version": "['1', '1', '3', '20260725 (Git shallow)', 'Unknown', '2026/07/25 04:52:02', 'grafted,grafted', '145529fe741292ff0b3977a01195bf0247425794']"}
{"time": "2026-08-05T14:52:40", "pid": 46708, "stage": "ASSEMBLY_CREATE_START"}
{"time": "2026-08-05T14:52:40", "pid": 46708, "stage": "IMPORT_V23_START", "path": "F:\\China Graduate Future Flight Vehicle Innovation Competition\\20_engineering\\cad\\Space_Embodied_Robot_CAD_V2_3_NATIVE_INTEGRATION\\evidence\\config_steps\\native_STOWED.step"}
{"time": "2026-08-05T14:52:41", "pid": 46708, "stage": "IMPORT_V23_COMPLETE"}
{"time": "2026-08-05T14:52:41", "pid": 46708, "stage": "IMPORT_PACKAGE_START", "package": "B601_HIFI_VISUAL_BASE_LINK"}
{"time": "2026-08-05T14:52:41", "pid": 46708, "stage": "IMPORT_PACKAGE_COMPLETE", "package": "B601_HIFI_VISUAL_BASE_LINK"}
{"time": "2026-08-05T14:52:41", "pid": 46708, "stage": "IMPORT_PACKAGE_START", "package": "B601_HIFI_VISUAL_GRIPPER_LEFT"}
{"time": "2026-08-05T14:52:41", "pid": 46708, "stage": "IMPORT_PACKAGE_COMPLETE", "package": "B601_HIFI_VISUAL_GRIPPER_LEFT"}
{"time": "2026-08-05T14:52:41", "pid": 46708, "stage": "IMPORT_PACKAGE_START", "package": "B601_HIFI_VISUAL_GRIPPER_LINK"}
{"time": "2026-08-05T14:52:41", "pid": 46708, "stage": "IMPORT_PACKAGE_COMPLETE", "package": "B601_HIFI_VISUAL_GRIPPER_LINK"}
{"time": "2026-08-05T14:52:41", "pid": 46708, "stage": "IMPORT_PACKAGE_START", "package": "B601_HIFI_VISUAL_GRIPPER_RIGHT"}
{"time": "2026-08-05T14:52:41", "pid": 46708, "stage": "IMPORT_PACKAGE_COMPLETE", "package": "B601_HIFI_VISUAL_GRIPPER_RIGHT"}
{"time": "2026-08-05T14:52:41", "pid": 46708, "stage": "IMPORT_PACKAGE_START", "package": "B601_HIFI_VISUAL_LINK1"}
{"time": "2026-08-05T14:52:42", "pid": 46708, "stage": "IMPORT_PACKAGE_COMPLETE", "package": "B601_HIFI_VISUAL_LINK1"}
{"time": "2026-08-05T14:52:42", "pid": 46708, "stage": "IMPORT_PACKAGE_START", "package": "B601_HIFI_VISUAL_LINK2"}
{"time": "2026-08-05T14:52:43", "pid": 46708, "stage": "IMPORT_PACKAGE_COMPLETE", "package": "B601_HIFI_VISUAL_LINK2"}
{"time": "2026-08-05T14:52:43", "pid": 46708, "stage": "IMPORT_PACKAGE_START", "package": "B601_HIFI_VISUAL_LINK3"}
{"time": "2026-08-05T14:52:43", "pid": 46708, "stage": "IMPORT_PACKAGE_COMPLETE", "package": "B601_HIFI_VISUAL_LINK3"}
{"time": "2026-08-05T14:52:44", "pid": 46708, "stage": "IMPORT_PACKAGE_START", "package": "B601_HIFI_VISUAL_LINK4"}
{"time": "2026-08-05T14:52:46", "pid": 46708, "stage": "IMPORT_PACKAGE_COMPLETE", "package": "B601_HIFI_VISUAL_LINK4"}
{"time": "2026-08-05T14:52:46", "pid": 46708, "stage": "IMPORT_PACKAGE_START", "package": "B601_HIFI_VISUAL_LINK5"}
{"time": "2026-08-05T14:52:46", "pid": 46708, "stage": "IMPORT_PACKAGE_COMPLETE", "package": "B601_HIFI_VISUAL_LINK5"}
{"time": "2026-08-05T14:52:46", "pid": 46708, "stage": "IMPORT_PACKAGE_START", "package": "B601_HIFI_VISUAL_LINK6"}
{"time": "2026-08-05T14:52:46", "pid": 46708, "stage": "IMPORT_PACKAGE_COMPLETE", "package": "B601_HIFI_VISUAL_LINK6"}
{"time": "2026-08-05T14:53:05", "pid": 46708, "stage": "ASSEMBLY_SAVED", "path": "F:\\Space-Embodied-Robot-HAG_A_20260804\\12_f3_p1_hifi_attachment\\15_f3_p3_top_assembly\\F3_P3_TOP_ASSEMBLY.FCStd", "objects": 206}
{"time": "2026-08-05T14:53:05", "pid": 46708, "stage": "STOWED_CLEARANCE_START"}
{"time": "2026-08-05T14:53:05", "pid": 46708, "stage": "CLEARANCE_OBJECTS", "spacecraft": 196, "b601": 10}
{"time": "2026-08-05T15:04:27", "pid": 27644, "stage": "SCRIPT_START"}
{"time": "2026-08-05T15:04:27", "pid": 27644, "stage": "BEFORE_FREECAD_IMPORT"}
{"time": "2026-08-05T15:04:27", "pid": 27644, "stage": "AFTER_FREECAD_IMPORT", "version": "['1', '1', '3', '20260725 (Git shallow)', 'Unknown', '2026/07/25 04:52:02', 'grafted,grafted', '145529fe741292ff0b3977a01195bf0247425794']"}
{"time": "2026-08-05T15:04:27", "pid": 27644, "stage": "ASSEMBLY_CREATE_START"}
{"time": "2026-08-05T15:04:27", "pid": 27644, "stage": "IMPORT_V23_START", "path": "F:\\China Graduate Future Flight Vehicle Innovation Competition\\20_engineering\\cad\\Space_Embodied_Robot_CAD_V2_3_NATIVE_INTEGRATION\\evidence\\config_steps\\native_STOWED.step"}
{"time": "2026-08-05T15:04:27", "pid": 27644, "stage": "IMPORT_V23_COMPLETE"}
{"time": "2026-08-05T15:04:27", "pid": 27644, "stage": "IMPORT_PACKAGE_START", "package": "B601_HIFI_VISUAL_BASE_LINK"}
{"time": "2026-08-05T15:04:27", "pid": 27644, "stage": "IMPORT_PACKAGE_COMPLETE", "package": "B601_HIFI_VISUAL_BASE_LINK"}
{"time": "2026-08-05T15:04:27", "pid": 27644, "stage": "IMPORT_PACKAGE_START", "package": "B601_HIFI_VISUAL_GRIPPER_LEFT"}
{"time": "2026-08-05T15:04:27", "pid": 27644, "stage": "IMPORT_PACKAGE_COMPLETE", "package": "B601_HIFI_VISUAL_GRIPPER_LEFT"}
{"time": "2026-08-05T15:04:27", "pid": 27644, "stage": "IMPORT_PACKAGE_START", "package": "B601_HIFI_VISUAL_GRIPPER_LINK"}
{"time": "2026-08-05T15:04:28", "pid": 27644, "stage": "IMPORT_PACKAGE_COMPLETE", "package": "B601_HIFI_VISUAL_GRIPPER_LINK"}
{"time": "2026-08-05T15:04:28", "pid": 27644, "stage": "IMPORT_PACKAGE_START", "package": "B601_HIFI_VISUAL_GRIPPER_RIGHT"}
{"time": "2026-08-05T15:04:28", "pid": 27644, "stage": "IMPORT_PACKAGE_COMPLETE", "package": "B601_HIFI_VISUAL_GRIPPER_RIGHT"}
{"time": "2026-08-05T15:04:28", "pid": 27644, "stage": "IMPORT_PACKAGE_START", "package": "B601_HIFI_VISUAL_LINK1"}
{"time": "2026-08-05T15:04:29", "pid": 27644, "stage": "IMPORT_PACKAGE_COMPLETE", "package": "B601_HIFI_VISUAL_LINK1"}
{"time": "2026-08-05T15:04:29", "pid": 27644, "stage": "IMPORT_PACKAGE_START", "package": "B601_HIFI_VISUAL_LINK2"}
{"time": "2026-08-05T15:04:30", "pid": 27644, "stage": "IMPORT_PACKAGE_COMPLETE", "package": "B601_HIFI_VISUAL_LINK2"}
{"time": "2026-08-05T15:04:30", "pid": 27644, "stage": "IMPORT_PACKAGE_START", "package": "B601_HIFI_VISUAL_LINK3"}
{"time": "2026-08-05T15:04:30", "pid": 27644, "stage": "IMPORT_PACKAGE_COMPLETE", "package": "B601_HIFI_VISUAL_LINK3"}
{"time": "2026-08-05T15:04:30", "pid": 27644, "stage": "IMPORT_PACKAGE_START", "package": "B601_HIFI_VISUAL_LINK4"}
{"time": "2026-08-05T15:04:32", "pid": 27644, "stage": "IMPORT_PACKAGE_COMPLETE", "package": "B601_HIFI_VISUAL_LINK4"}
{"time": "2026-08-05T15:04:32", "pid": 27644, "stage": "IMPORT_PACKAGE_START", "package": "B601_HIFI_VISUAL_LINK5"}
{"time": "2026-08-05T15:04:32", "pid": 27644, "stage": "IMPORT_PACKAGE_COMPLETE", "package": "B601_HIFI_VISUAL_LINK5"}
{"time": "2026-08-05T15:04:32", "pid": 27644, "stage": "IMPORT_PACKAGE_START", "package": "B601_HIFI_VISUAL_LINK6"}
{"time": "2026-08-05T15:04:32", "pid": 27644, "stage": "IMPORT_PACKAGE_COMPLETE", "package": "B601_HIFI_VISUAL_LINK6"}
{"time": "2026-08-05T15:04:54", "pid": 27644, "stage": "ASSEMBLY_SAVED", "path": "F:\\Space-Embodied-Robot-HAG_A_20260804\\12_f3_p1_hifi_attachment\\15_f3_p3_top_assembly\\F3_P3_TOP_ASSEMBLY.FCStd", "objects": 206}
{"time": "2026-08-05T15:04:54", "pid": 27644, "stage": "STOWED_CLEARANCE_START"}
{"time": "2026-08-05T15:04:54", "pid": 27644, "stage": "CLEARANCE_OBJECTS", "spacecraft": 73, "b601": 133}
{"time": "2026-08-05T15:18:49", "pid": 48848, "stage": "SCRIPT_START"}
{"time": "2026-08-05T15:18:49", "pid": 48848, "stage": "BEFORE_FREECAD_IMPORT"}
{"time": "2026-08-05T15:18:49", "pid": 48848, "stage": "AFTER_FREECAD_IMPORT", "version": "['1', '1', '3', '20260725 (Git shallow)', 'Unknown', '2026/07/25 04:52:02', 'grafted,grafted', '145529fe741292ff0b3977a01195bf0247425794']"}
{"time": "2026-08-05T15:18:49", "pid": 48848, "stage": "ASSEMBLY_CREATE_START"}
{"time": "2026-08-05T15:18:49", "pid": 48848, "stage": "IMPORT_V23_START", "path": "F:\\China Graduate Future Flight Vehicle Innovation Competition\\20_engineering\\cad\\Space_Embodied_Robot_CAD_V2_3_NATIVE_INTEGRATION\\evidence\\config_steps\\native_STOWED.step"}
{"time": "2026-08-05T15:18:50", "pid": 48848, "stage": "IMPORT_V23_COMPLETE"}
{"time": "2026-08-05T15:18:50", "pid": 48848, "stage": "IMPORT_PACKAGE_START", "package": "B601_HIFI_VISUAL_BASE_LINK"}
{"time": "2026-08-05T15:18:51", "pid": 48848, "stage": "IMPORT_PACKAGE_COMPLETE", "package": "B601_HIFI_VISUAL_BASE_LINK"}
{"time": "2026-08-05T15:18:51", "pid": 48848, "stage": "IMPORT_PACKAGE_START", "package": "B601_HIFI_VISUAL_GRIPPER_LEFT"}
{"time": "2026-08-05T15:18:51", "pid": 48848, "stage": "IMPORT_PACKAGE_COMPLETE", "package": "B601_HIFI_VISUAL_GRIPPER_LEFT"}
{"time": "2026-08-05T15:18:51", "pid": 48848, "stage": "IMPORT_PACKAGE_START", "package": "B601_HIFI_VISUAL_GRIPPER_LINK"}
{"time": "2026-08-05T15:18:52", "pid": 48848, "stage": "IMPORT_PACKAGE_COMPLETE", "package": "B601_HIFI_VISUAL_GRIPPER_LINK"}
{"time": "2026-08-05T15:18:52", "pid": 48848, "stage": "IMPORT_PACKAGE_START", "package": "B601_HIFI_VISUAL_GRIPPER_RIGHT"}
{"time": "2026-08-05T15:18:52", "pid": 48848, "stage": "IMPORT_PACKAGE_COMPLETE", "package": "B601_HIFI_VISUAL_GRIPPER_RIGHT"}
{"time": "2026-08-05T15:18:52", "pid": 48848, "stage": "IMPORT_PACKAGE_START", "package": "B601_HIFI_VISUAL_LINK1"}
{"time": "2026-08-05T15:18:53", "pid": 48848, "stage": "IMPORT_PACKAGE_COMPLETE", "package": "B601_HIFI_VISUAL_LINK1"}
{"time": "2026-08-05T15:18:53", "pid": 48848, "stage": "IMPORT_PACKAGE_START", "package": "B601_HIFI_VISUAL_LINK2"}
{"time": "2026-08-05T15:18:53", "pid": 48848, "stage": "IMPORT_PACKAGE_COMPLETE", "package": "B601_HIFI_VISUAL_LINK2"}
{"time": "2026-08-05T15:18:53", "pid": 48848, "stage": "IMPORT_PACKAGE_START", "package": "B601_HIFI_VISUAL_LINK3"}
{"time": "2026-08-05T15:18:54", "pid": 48848, "stage": "IMPORT_PACKAGE_COMPLETE", "package": "B601_HIFI_VISUAL_LINK3"}
{"time": "2026-08-05T15:18:54", "pid": 48848, "stage": "IMPORT_PACKAGE_START", "package": "B601_HIFI_VISUAL_LINK4"}
{"time": "2026-08-05T15:18:56", "pid": 48848, "stage": "IMPORT_PACKAGE_COMPLETE", "package": "B601_HIFI_VISUAL_LINK4"}
{"time": "2026-08-05T15:18:56", "pid": 48848, "stage": "IMPORT_PACKAGE_START", "package": "B601_HIFI_VISUAL_LINK5"}
{"time": "2026-08-05T15:18:56", "pid": 48848, "stage": "IMPORT_PACKAGE_COMPLETE", "package": "B601_HIFI_VISUAL_LINK5"}
{"time": "2026-08-05T15:18:56", "pid": 48848, "stage": "IMPORT_PACKAGE_START", "package": "B601_HIFI_VISUAL_LINK6"}
{"time": "2026-08-05T15:18:57", "pid": 48848, "stage": "IMPORT_PACKAGE_COMPLETE", "package": "B601_HIFI_VISUAL_LINK6"}
{"time": "2026-08-05T15:19:17", "pid": 48848, "stage": "ASSEMBLY_SAVED", "path": "F:\\Space-Embodied-Robot-HAG_A_20260804\\12_f3_p1_hifi_attachment\\15_f3_p3_top_assembly\\F3_P3_TOP_ASSEMBLY.FCStd", "objects": 206}
{"time": "2026-08-05T15:19:17", "pid": 48848, "stage": "STOWED_CLEARANCE_START"}
{"time": "2026-08-05T15:19:18", "pid": 48848, "stage": "CLEARANCE_OBJECTS", "spacecraft": 73, "b601": 133}
{"time": "2026-08-05T15:35:23", "pid": 36140, "stage": "SCRIPT_START"}
{"time": "2026-08-05T15:35:23", "pid": 36140, "stage": "BEFORE_FREECAD_IMPORT"}
{"time": "2026-08-05T15:35:23", "pid": 36140, "stage": "AFTER_FREECAD_IMPORT", "version": "['1', '1', '3', '20260725 (Git shallow)', 'Unknown', '2026/07/25 04:52:02', 'grafted,grafted', '145529fe741292ff0b3977a01195bf0247425794']"}
{"time": "2026-08-05T15:35:23", "pid": 36140, "stage": "ASSEMBLY_CREATE_START"}
{"time": "2026-08-05T15:35:23", "pid": 36140, "stage": "IMPORT_V23_START", "path": "F:\\China Graduate Future Flight Vehicle Innovation Competition\\20_engineering\\cad\\Space_Embodied_Robot_CAD_V2_3_NATIVE_INTEGRATION\\evidence\\config_steps\\native_STOWED.step"}
{"time": "2026-08-05T15:35:24", "pid": 36140, "stage": "IMPORT_V23_COMPLETE"}
{"time": "2026-08-05T15:35:24", "pid": 36140, "stage": "IMPORT_PACKAGE_START", "package": "B601_HIFI_VISUAL_BASE_LINK"}
{"time": "2026-08-05T15:35:24", "pid": 36140, "stage": "IMPORT_PACKAGE_COMPLETE", "package": "B601_HIFI_VISUAL_BASE_LINK"}
{"time": "2026-08-05T15:35:24", "pid": 36140, "stage": "IMPORT_PACKAGE_START", "package": "B601_HIFI_VISUAL_GRIPPER_LEFT"}
{"time": "2026-08-05T15:35:24", "pid": 36140, "stage": "IMPORT_PACKAGE_COMPLETE", "package": "B601_HIFI_VISUAL_GRIPPER_LEFT"}
{"time": "2026-08-05T15:35:24", "pid": 36140, "stage": "IMPORT_PACKAGE_START", "package": "B601_HIFI_VISUAL_GRIPPER_LINK"}
{"time": "2026-08-05T15:35:25", "pid": 36140, "stage": "IMPORT_PACKAGE_COMPLETE", "package": "B601_HIFI_VISUAL_GRIPPER_LINK"}
{"time": "2026-08-05T15:35:25", "pid": 36140, "stage": "IMPORT_PACKAGE_START", "package": "B601_HIFI_VISUAL_GRIPPER_RIGHT"}
{"time": "2026-08-05T15:35:25", "pid": 36140, "stage": "IMPORT_PACKAGE_COMPLETE", "package": "B601_HIFI_VISUAL_GRIPPER_RIGHT"}
{"time": "2026-08-05T15:35:25", "pid": 36140, "stage": "IMPORT_PACKAGE_START", "package": "B601_HIFI_VISUAL_LINK1"}
{"time": "2026-08-05T15:35:26", "pid": 36140, "stage": "IMPORT_PACKAGE_COMPLETE", "package": "B601_HIFI_VISUAL_LINK1"}
{"time": "2026-08-05T15:35:26", "pid": 36140, "stage": "IMPORT_PACKAGE_START", "package": "B601_HIFI_VISUAL_LINK2"}
{"time": "2026-08-05T15:35:27", "pid": 36140, "stage": "IMPORT_PACKAGE_COMPLETE", "package": "B601_HIFI_VISUAL_LINK2"}
{"time": "2026-08-05T15:35:27", "pid": 36140, "stage": "IMPORT_PACKAGE_START", "package": "B601_HIFI_VISUAL_LINK3"}
{"time": "2026-08-05T15:35:28", "pid": 36140, "stage": "IMPORT_PACKAGE_COMPLETE", "package": "B601_HIFI_VISUAL_LINK3"}
{"time": "2026-08-05T15:35:28", "pid": 36140, "stage": "IMPORT_PACKAGE_START", "package": "B601_HIFI_VISUAL_LINK4"}
{"time": "2026-08-05T15:35:31", "pid": 36140, "stage": "IMPORT_PACKAGE_COMPLETE", "package": "B601_HIFI_VISUAL_LINK4"}
{"time": "2026-08-05T15:35:31", "pid": 36140, "stage": "IMPORT_PACKAGE_START", "package": "B601_HIFI_VISUAL_LINK5"}
{"time": "2026-08-05T15:35:31", "pid": 36140, "stage": "IMPORT_PACKAGE_COMPLETE", "package": "B601_HIFI_VISUAL_LINK5"}
{"time": "2026-08-05T15:35:31", "pid": 36140, "stage": "IMPORT_PACKAGE_START", "package": "B601_HIFI_VISUAL_LINK6"}
{"time": "2026-08-05T15:35:31", "pid": 36140, "stage": "IMPORT_PACKAGE_COMPLETE", "package": "B601_HIFI_VISUAL_LINK6"}
{"time": "2026-08-05T15:35:56", "pid": 36140, "stage": "ASSEMBLY_SAVED", "path": "F:\\Space-Embodied-Robot-HAG_A_20260804\\12_f3_p1_hifi_attachment\\15_f3_p3_top_assembly\\F3_P3_TOP_ASSEMBLY.FCStd", "objects": 206}
{"time": "2026-08-05T15:35:56", "pid": 36140, "stage": "STOWED_CLEARANCE_START"}
{"time": "2026-08-05T15:35:56", "pid": 36140, "stage": "CLEARANCE_OBJECTS", "spacecraft": 73, "b601": 133}
