{"time": "2026-08-05T15:52:17", "pid": 46112, "stage": "SCRIPT_START"}
{"time": "2026-08-05T15:52:17", "pid": 46112, "stage": "BEFORE_FREECAD_IMPORT"}
{"time": "2026-08-05T15:52:17", "pid": 46112, "stage": "AFTER_FREECAD_IMPORT", "version": "['1', '1', '3', '20260725 (Git shallow)', 'Unknown', '2026/07/25 04:52:02', 'grafted,grafted', '145529fe741292ff0b3977a01195bf0247425794']"}
{"time": "2026-08-05T15:52:17", "pid": 46112, "stage": "ASSEMBLY_CREATE_START"}
{"time": "2026-08-05T15:52:17", "pid": 46112, "stage": "IMPORT_V23_START", "path": "F:\\China Graduate Future Flight Vehicle Innovation Competition\\20_engineering\\cad\\Space_Embodied_Robot_CAD_V2_3_NATIVE_INTEGRATION\\evidence\\config_steps\\native_STOWED.step"}
{"time": "2026-08-05T15:52:17", "pid": 46112, "stage": "IMPORT_V23_COMPLETE", "objects": 73}
{"time": "2026-08-05T15:52:17", "pid": 46112, "stage": "IMPORT_PACKAGE_START", "package": "B601_HIFI_VISUAL_BASE_LINK"}
{"time": "2026-08-05T15:52:17", "pid": 46112, "stage": "IMPORT_PACKAGE_COMPLETE", "package": "B601_HIFI_VISUAL_BASE_LINK"}
{"time": "2026-08-05T15:52:17", "pid": 46112, "stage": "IMPORT_PACKAGE_START", "package": "B601_HIFI_VISUAL_GRIPPER_LEFT"}
{"time": "2026-08-05T15:52:17", "pid": 46112, "stage": "IMPORT_PACKAGE_COMPLETE", "package": "B601_HIFI_VISUAL_GRIPPER_LEFT"}
{"time": "2026-08-05T15:52:17", "pid": 46112, "stage": "IMPORT_PACKAGE_START", "package": "B601_HIFI_VISUAL_GRIPPER_LINK"}
{"time": "2026-08-05T15:52:18", "pid": 46112, "stage": "IMPORT_PACKAGE_COMPLETE", "package": "B601_HIFI_VISUAL_GRIPPER_LINK"}
{"time": "2026-08-05T15:52:18", "pid": 46112, "stage": "IMPORT_PACKAGE_START", "package": "B601_HIFI_VISUAL_GRIPPER_RIGHT"}
{"time": "2026-08-05T15:52:18", "pid": 46112, "stage": "IMPORT_PACKAGE_COMPLETE", "package": "B601_HIFI_VISUAL_GRIPPER_RIGHT"}
{"time": "2026-08-05T15:52:18", "pid": 46112, "stage": "IMPORT_PACKAGE_START", "package": "B601_HIFI_VISUAL_LINK1"}
{"time": "2026-08-05T15:52:19", "pid": 46112, "stage": "IMPORT_PACKAGE_COMPLETE", "package": "B601_HIFI_VISUAL_LINK1"}
{"time": "2026-08-05T15:52:19", "pid": 46112, "stage": "IMPORT_PACKAGE_START", "package": "B601_HIFI_VISUAL_LINK2"}
{"time": "2026-08-05T15:52:20", "pid": 46112, "stage": "IMPORT_PACKAGE_COMPLETE", "package": "B601_HIFI_VISUAL_LINK2"}
{"time": "2026-08-05T15:52:20", "pid": 46112, "stage": "IMPORT_PACKAGE_START", "package": "B601_HIFI_VISUAL_LINK3"}
{"time": "2026-08-05T15:52:21", "pid": 46112, "stage": "IMPORT_PACKAGE_COMPLETE", "package": "B601_HIFI_VISUAL_LINK3"}
{"time": "2026-08-05T15:52:21", "pid": 46112, "stage": "IMPORT_PACKAGE_START", "package": "B601_HIFI_VISUAL_LINK4"}
{"time": "2026-08-05T15:52:24", "pid": 46112, "stage": "IMPORT_PACKAGE_COMPLETE", "package": "B601_HIFI_VISUAL_LINK4"}
{"time": "2026-08-05T15:52:24", "pid": 46112, "stage": "IMPORT_PACKAGE_START", "package": "B601_HIFI_VISUAL_LINK5"}
{"time": "2026-08-05T15:52:24", "pid": 46112, "stage": "IMPORT_PACKAGE_COMPLETE", "package": "B601_HIFI_VISUAL_LINK5"}
{"time": "2026-08-05T15:52:24", "pid": 46112, "stage": "IMPORT_PACKAGE_START", "package": "B601_HIFI_VISUAL_LINK6"}
{"time": "2026-08-05T15:52:24", "pid": 46112, "stage": "IMPORT_PACKAGE_COMPLETE", "package": "B601_HIFI_VISUAL_LINK6"}
{"time": "2026-08-05T15:52:51", "pid": 46112, "stage": "ASSEMBLY_SAVED", "path": "F:\\Space-Embodied-Robot-HAG_A_20260804\\12_f3_p1_hifi_attachment\\15_f3_p3_top_assembly\\F3_P3_TOP_ASSEMBLY.FCStd", "objects": 206}
{"time": "2026-08-05T15:52:51", "pid": 46112, "stage": "CLEARANCE_FAST_START"}
{"time": "2026-08-05T15:52:51", "pid": 46112, "stage": "SPACECRAFT_BBOXES", "count": 73}
{"time": "2026-08-05T15:52:51", "pid": 46112, "stage": "CONFIG_CHECK_START", "config": "STOWED"}
{"time": "2026-08-05T15:52:51", "pid": 46112, "stage": "CONFIG_CHECK_COMPLETE", "config": "STOWED", "min_distance": 0.0, "pairs": 2430}
{"time": "2026-08-05T15:52:51", "pid": 46112, "stage": "CONFIG_CHECK_START", "config": "DEPLOYED_NOMINAL"}
{"time": "2026-08-05T15:52:52", "pid": 46112, "stage": "CONFIG_CHECK_COMPLETE", "config": "DEPLOYED_NOMINAL", "min_distance": 0.0, "pairs": 2430}
{"time": "2026-08-05T15:52:52", "pid": 46112, "stage": "CONTINUOUS_CLEARANCE_START"}
{"time": "2026-08-05T15:52:52", "pid": 46112, "stage": "CLEARANCE_SAMPLE", "alpha": 0.0, "min_distance": 0.0}
{"time": "2026-08-05T15:52:52", "pid": 46112, "stage": "CLEARANCE_SAMPLE", "alpha": 0.2, "min_distance": 0.0}
{"time": "2026-08-05T15:52:52", "pid": 46112, "stage": "CLEARANCE_SAMPLE", "alpha": 0.4, "min_distance": 0.0}
{"time": "2026-08-05T15:52:52", "pid": 46112, "stage": "CLEARANCE_SAMPLE", "alpha": 0.6, "min_distance": 0.0}
{"time": "2026-08-05T15:52:53", "pid": 46112, "stage": "CLEARANCE_SAMPLE", "alpha": 0.8, "min_distance": 0.0}
{"time": "2026-08-05T15:52:53", "pid": 46112, "stage": "CLEARANCE_SAMPLE", "alpha": 1.0, "min_distance": 0.0}
{"time": "2026-08-05T15:52:53", "pid": 46112, "stage": "CONTINUOUS_CLEARANCE_COMPLETE", "min_over_curve": 0.0}
{"time": "2026-08-05T15:52:53", "pid": 46112, "stage": "SCRIPT_PASS", "elapsed_s": 36.525}
{"time": "2026-08-05T15:52:53", "pid": 46112, "stage": "RESULT_WRITTEN", "path": "F:\\Space-Embodied-Robot-HAG_A_20260804\\12_f3_p1_hifi_attachment\\15_f3_p3_top_assembly\\F3_P3_TOP_ASSEMBLY_RESULT.json"}
{"time": "2026-08-05T15:55:58", "pid": 16048, "stage": "SCRIPT_START"}
{"time": "2026-08-05T15:55:58", "pid": 16048, "stage": "BEFORE_FREECAD_IMPORT"}
{"time": "2026-08-05T15:55:58", "pid": 16048, "stage": "AFTER_FREECAD_IMPORT", "version": "['1', '1', '3', '20260725 (Git shallow)', 'Unknown', '2026/07/25 04:52:02', 'grafted,grafted', '145529fe741292ff0b3977a01195bf0247425794']"}
{"time": "2026-08-05T15:55:58", "pid": 16048, "stage": "ASSEMBLY_CREATE_START"}
{"time": "2026-08-05T15:55:58", "pid": 16048, "stage": "IMPORT_V23_START", "path": "F:\\China Graduate Future Flight Vehicle Innovation Competition\\20_engineering\\cad\\Space_Embodied_Robot_CAD_V2_3_NATIVE_INTEGRATION\\evidence\\config_steps\\native_STOWED.step"}
{"time": "2026-08-05T15:55:59", "pid": 16048, "stage": "IMPORT_V23_COMPLETE", "objects": 73}
{"time": "2026-08-05T15:55:59", "pid": 16048, "stage": "IMPORT_PACKAGE_START", "package": "B601_HIFI_VISUAL_BASE_LINK"}
{"time": "2026-08-05T15:55:59", "pid": 16048, "stage": "IMPORT_PACKAGE_COMPLETE", "package": "B601_HIFI_VISUAL_BASE_LINK"}
{"time": "2026-08-05T15:55:59", "pid": 16048, "stage": "IMPORT_PACKAGE_START", "package": "B601_HIFI_VISUAL_GRIPPER_LEFT"}
{"time": "2026-08-05T15:55:59", "pid": 16048, "stage": "IMPORT_PACKAGE_COMPLETE", "package": "B601_HIFI_VISUAL_GRIPPER_LEFT"}
{"time": "2026-08-05T15:55:59", "pid": 16048, "stage": "IMPORT_PACKAGE_START", "package": "B601_HIFI_VISUAL_GRIPPER_LINK"}
{"time": "2026-08-05T15:56:00", "pid": 16048, "stage": "IMPORT_PACKAGE_COMPLETE", "package": "B601_HIFI_VISUAL_GRIPPER_LINK"}
{"time": "2026-08-05T15:56:00", "pid": 16048, "stage": "IMPORT_PACKAGE_START", "package": "B601_HIFI_VISUAL_GRIPPER_RIGHT"}
{"time": "2026-08-05T15:56:00", "pid": 16048, "stage": "IMPORT_PACKAGE_COMPLETE", "package": "B601_HIFI_VISUAL_GRIPPER_RIGHT"}
{"time": "2026-08-05T15:56:00", "pid": 16048, "stage": "IMPORT_PACKAGE_START", "package": "B601_HIFI_VISUAL_LINK1"}
{"time": "2026-08-05T15:56:01", "pid": 16048, "stage": "IMPORT_PACKAGE_COMPLETE", "package": "B601_HIFI_VISUAL_LINK1"}
{"time": "2026-08-05T15:56:01", "pid": 16048, "stage": "IMPORT_PACKAGE_START", "package": "B601_HIFI_VISUAL_LINK2"}
{"time": "2026-08-05T15:56:02", "pid": 16048, "stage": "IMPORT_PACKAGE_COMPLETE", "package": "B601_HIFI_VISUAL_LINK2"}
{"time": "2026-08-05T15:56:02", "pid": 16048, "stage": "IMPORT_PACKAGE_START", "package": "B601_HIFI_VISUAL_LINK3"}
{"time": "2026-08-05T15:56:02", "pid": 16048, "stage": "IMPORT_PACKAGE_COMPLETE", "package": "B601_HIFI_VISUAL_LINK3"}
{"time": "2026-08-05T15:56:02", "pid": 16048, "stage": "IMPORT_PACKAGE_START", "package": "B601_HIFI_VISUAL_LINK4"}
{"time": "2026-08-05T15:56:05", "pid": 16048, "stage": "IMPORT_PACKAGE_COMPLETE", "package": "B601_HIFI_VISUAL_LINK4"}
{"time": "2026-08-05T15:56:05", "pid": 16048, "stage": "IMPORT_PACKAGE_START", "package": "B601_HIFI_VISUAL_LINK5"}
{"time": "2026-08-05T15:56:05", "pid": 16048, "stage": "IMPORT_PACKAGE_COMPLETE", "package": "B601_HIFI_VISUAL_LINK5"}
{"time": "2026-08-05T15:56:05", "pid": 16048, "stage": "IMPORT_PACKAGE_START", "package": "B601_HIFI_VISUAL_LINK6"}
{"time": "2026-08-05T15:56:05", "pid": 16048, "stage": "IMPORT_PACKAGE_COMPLETE", "package": "B601_HIFI_VISUAL_LINK6"}
{"time": "2026-08-05T15:56:30", "pid": 16048, "stage": "ASSEMBLY_SAVED", "path": "F:\\Space-Embodied-Robot-HAG_A_20260804\\12_f3_p1_hifi_attachment\\15_f3_p3_top_assembly\\F3_P3_TOP_ASSEMBLY.FCStd", "objects": 206}
{"time": "2026-08-05T15:56:30", "pid": 16048, "stage": "CLEARANCE_FAST_START"}
{"time": "2026-08-05T15:56:30", "pid": 16048, "stage": "SPACECRAFT_BBOXES", "count": 73}
{"time": "2026-08-05T15:56:30", "pid": 16048, "stage": "CONFIG_CHECK_START", "config": "STOWED"}
{"time": "2026-08-05T15:56:31", "pid": 16048, "stage": "CONFIG_CHECK_COMPLETE", "config": "STOWED", "min_distance": 0.0, "pairs": 304}
{"time": "2026-08-05T15:56:31", "pid": 16048, "stage": "CONFIG_CHECK_START", "config": "DEPLOYED_NOMINAL"}
{"time": "2026-08-05T15:56:31", "pid": 16048, "stage": "CONFIG_CHECK_COMPLETE", "config": "DEPLOYED_NOMINAL", "min_distance": 0.0, "pairs": 847}
{"time": "2026-08-05T15:56:31", "pid": 16048, "stage": "CONTINUOUS_CLEARANCE_START"}
{"time": "2026-08-05T15:56:31", "pid": 16048, "stage": "CLEARANCE_SAMPLE", "alpha": 0.0, "min_distance": 0.0}
{"time": "2026-08-05T15:56:32", "pid": 16048, "stage": "CLEARANCE_SAMPLE", "alpha": 0.2, "min_distance": 0.0}
{"time": "2026-08-05T15:56:32", "pid": 16048, "stage": "CLEARANCE_SAMPLE", "alpha": 0.4, "min_distance": 0.0}
{"time": "2026-08-05T15:56:32", "pid": 16048, "stage": "CLEARANCE_SAMPLE", "alpha": 0.6, "min_distance": 0.0}
{"time": "2026-08-05T15:56:32", "pid": 16048, "stage": "CLEARANCE_SAMPLE", "alpha": 0.8, "min_distance": 0.0}
{"time": "2026-08-05T15:56:33", "pid": 16048, "stage": "CLEARANCE_SAMPLE", "alpha": 1.0, "min_distance": 0.0}
{"time": "2026-08-05T15:56:33", "pid": 16048, "stage": "CONTINUOUS_CLEARANCE_COMPLETE", "min_over_curve": 0.0}
{"time": "2026-08-05T15:56:33", "pid": 16048, "stage": "SCRIPT_PASS", "elapsed_s": 34.416}
{"time": "2026-08-05T15:56:33", "pid": 16048, "stage": "RESULT_WRITTEN", "path": "F:\\Space-Embodied-Robot-HAG_A_20260804\\12_f3_p1_hifi_attachment\\15_f3_p3_top_assembly\\F3_P3_TOP_ASSEMBLY_RESULT.json"}
