{"time": "2026-08-05T02:29:30", "pid": 29896, "stage": "SCRIPT_START"}
{"time": "2026-08-05T02:29:30", "pid": 29896, "stage": "BEFORE_FREECAD_IMPORT"}
{"time": "2026-08-05T02:29:30", "pid": 29896, "stage": "AFTER_FREECAD_IMPORT", "version": "['1', '1', '3', '20260725 (Git shallow)', 'Unknown', '2026/07/25 04:52:02', 'grafted,grafted', '145529fe741292ff0b3977a01195bf0247425794']"}
{"time": "2026-08-05T02:29:30", "pid": 29896, "stage": "OWNERSHIP_LOADED", "links": ["link1", "link2", "link4", "link3", "link6", "link5", "gripper_link", "base_link"]}
{"time": "2026-08-05T02:29:30", "pid": 29896, "stage": "BEFORE_OPEN_DONOR", "path": "F:\\Space-Embodied-Robot-HAG_A_20260804\\03_import_headless\\B601_HIFI_HEADLESS_IMPORT.FCStd"}
{"time": "2026-08-05T02:29:34", "pid": 29896, "stage": "AFTER_OPEN_DONOR", "object_count": 749}
{"time": "2026-08-05T02:29:34", "pid": 29896, "stage": "DONOR_SHA256", "sha256": "09C24124750B3FEF541850B722EF9ACC81B7F7AA055C34E460B061AF0D21BDB3"}
{"time": "2026-08-05T02:29:34", "pid": 29896, "stage": "PACKAGE_START", "link": "base_link"}
{"time": "2026-08-05T02:29:34", "pid": 29896, "stage": "OBJECT_COPY_ERROR", "link": "base_link", "obj_id": "Part__Feature241", "error": "'Part.Feature' object has no attribute 'AuthorityRole'"}
{"time": "2026-08-05T02:29:34", "pid": 29896, "stage": "OBJECT_COPY_ERROR", "link": "base_link", "obj_id": "Part__Feature242", "error": "'Part.Feature' object has no attribute 'AuthorityRole'"}
{"time": "2026-08-05T02:29:34", "pid": 29896, "stage": "OBJECT_COPY_ERROR", "link": "base_link", "obj_id": "Part__Feature310", "error": "'Part.Feature' object has no attribute 'AuthorityRole'"}
{"time": "2026-08-05T02:29:34", "pid": 29896, "stage": "OBJECT_COPY_ERROR", "link": "base_link", "obj_id": "Part__Feature311", "error": "'Part.Feature' object has no attribute 'AuthorityRole'"}
{"time": "2026-08-05T02:29:37", "pid": 29896, "stage": "PACKAGE_COMPLETE", "link": "base_link", "objects": 0, "path": "F:\\Space-Embodied-Robot-HAG_A_20260804\\12_f3_p1_hifi_attachment\\01_visual_packages\\B601_HIFI_VISUAL_BASE_LINK.FCStd"}
{"time": "2026-08-05T02:29:37", "pid": 29896, "stage": "PACKAGE_START", "link": "link1"}
{"time": "2026-08-05T02:29:37", "pid": 29896, "stage": "OBJECT_COPY_ERROR", "link": "link1", "obj_id": "Part__Feature025", "error": "'Part.Feature' object has no attribute 'AuthorityRole'"}
{"time": "2026-08-05T02:29:37", "pid": 29896, "stage": "OBJECT_COPY_ERROR", "link": "link1", "obj_id": "Part__Feature029", "error": "'Part.Feature' object has no attribute 'AuthorityRole'"}
{"time": "2026-08-05T02:29:37", "pid": 29896, "stage": "OBJECT_COPY_ERROR", "link": "link1", "obj_id": "Part__Feature097", "error": "'Part.Feature' object has no attribute 'AuthorityRole'"}
{"time": "2026-08-05T02:29:37", "pid": 29896, "stage": "OBJECT_COPY_ERROR", "link": "link1", "obj_id": "Part__Feature098", "error": "'Part.Feature' object has no attribute 'AuthorityRole'"}
{"time": "2026-08-05T02:29:37", "pid": 29896, "stage": "OBJECT_COPY_ERROR", "link": "link1", "obj_id": "Part__Feature099", "error": "'Part.Feature' object has no attribute 'AuthorityRole'"}
{"time": "2026-08-05T02:29:37", "pid": 29896, "stage": "OBJECT_COPY_ERROR", "link": "link1", "obj_id": "Part__Feature100", "error": "'Part.Feature' object has no attribute 'AuthorityRole'"}
{"time": "2026-08-05T02:29:37", "pid": 29896, "stage": "OBJECT_COPY_ERROR", "link": "link1", "obj_id": "Part__Feature102", "error": "'Part.Feature' object has no attribute 'AuthorityRole'"}
{"time": "2026-08-05T02:29:37", "pid": 29896, "stage": "OBJECT_COPY_ERROR", "link": "link1", "obj_id": "Part__Feature176", "error": "'Part.Feature' object has no attribute 'AuthorityRole'"}
{"time": "2026-08-05T02:29:37", "pid": 29896, "stage": "OBJECT_COPY_ERROR", "link": "link1", "obj_id": "Part__Feature177", "error": "'Part.Feature' object has no attribute 'AuthorityRole'"}
{"time": "2026-08-05T02:29:37", "pid": 29896, "stage": "OBJECT_COPY_ERROR", "link": "link1", "obj_id": "Part__Feature179", "error": "'Part.Feature' object has no attribute 'AuthorityRole'"}
{"time": "2026-08-05T02:29:37", "pid": 29896, "stage": "OBJECT_COPY_ERROR", "link": "link1", "obj_id": "Part__Feature180", "error": "'Part.Feature' object has no attribute 'AuthorityRole'"}
{"time": "2026-08-05T02:29:37", "pid": 29896, "stage": "OBJECT_COPY_ERROR", "link": "link1", "obj_id": "Part__Feature214", "error": "'Part.Feature' object has no attribute 'AuthorityRole'"}
{"time": "2026-08-05T02:29:37", "pid": 29896, "stage": "OBJECT_COPY_ERROR", "link": "link1", "obj_id": "Part__Feature329", "error": "'Part.Feature' object has no attribute 'AuthorityRole'"}
{"time": "2026-08-05T02:29:43", "pid": 29896, "stage": "PACKAGE_COMPLETE", "link": "link1", "objects": 0, "path": "F:\\Space-Embodied-Robot-HAG_A_20260804\\12_f3_p1_hifi_attachment\\01_visual_packages\\B601_HIFI_VISUAL_LINK1.FCStd"}
{"time": "2026-08-05T02:29:43", "pid": 29896, "stage": "PACKAGE_START", "link": "link2"}
{"time": "2026-08-05T02:29:43", "pid": 29896, "stage": "OBJECT_COPY_ERROR", "link": "link2", "obj_id": "Part__Feature026", "error": "'Part.Feature' object has no attribute 'AuthorityRole'"}
{"time": "2026-08-05T02:29:43", "pid": 29896, "stage": "OBJECT_COPY_ERROR", "link": "link2", "obj_id": "Part__Feature027", "error": "'Part.Feature' object has no attribute 'AuthorityRole'"}
{"time": "2026-08-05T02:29:43", "pid": 29896, "stage": "OBJECT_COPY_ERROR", "link": "link2", "obj_id": "Part__Feature028", "error": "'Part.Feature' object has no attribute 'AuthorityRole'"}
{"time": "2026-08-05T02:29:43", "pid": 29896, "stage": "OBJECT_COPY_ERROR", "link": "link2", "obj_id": "Part__Feature093", "error": "'Part.Feature' object has no attribute 'AuthorityRole'"}
{"time": "2026-08-05T02:29:43", "pid": 29896, "stage": "OBJECT_COPY_ERROR", "link": "link2", "obj_id": "Part__Feature094", "error": "'Part.Feature' object has no attribute 'AuthorityRole'"}
{"time": "2026-08-05T02:29:43", "pid": 29896, "stage": "OBJECT_COPY_ERROR", "link": "link2", "obj_id": "Part__Feature096", "error": "'Part.Feature' object has no attribute 'AuthorityRole'"}
{"time": "2026-08-05T02:29:43", "pid": 29896, "stage": "OBJECT_COPY_ERROR", "link": "link2", "obj_id": "Part__Feature172", "error": "'Part.Feature' object has no attribute 'AuthorityRole'"}
{"time": "2026-08-05T02:29:43", "pid": 29896, "stage": "OBJECT_COPY_ERROR", "link": "link2", "obj_id": "Part__Feature173", "error": "'Part.Feature' object has no attribute 'AuthorityRole'"}
{"time": "2026-08-05T02:29:43", "pid": 29896, "stage": "OBJECT_COPY_ERROR", "link": "link2", "obj_id": "Part__Feature174", "error": "'Part.Feature' object has no attribute 'AuthorityRole'"}
{"time": "2026-08-05T02:29:43", "pid": 29896, "stage": "OBJECT_COPY_ERROR", "link": "link2", "obj_id": "Part__Feature175", "error": "'Part.Feature' object has no attribute 'AuthorityRole'"}
{"time": "2026-08-05T02:29:43", "pid": 29896, "stage": "OBJECT_COPY_ERROR", "link": "link2", "obj_id": "Part__Feature178", "error": "'Part.Feature' object has no attribute 'AuthorityRole'"}
{"time": "2026-08-05T02:29:43", "pid": 29896, "stage": "OBJECT_COPY_ERROR", "link": "link2", "obj_id": "Part__Feature218", "error": "'Part.Feature' object has no attribute 'AuthorityRole'"}
{"time": "2026-08-05T02:29:43", "pid": 29896, "stage": "OBJECT_COPY_ERROR", "link": "link2", "obj_id": "Part__Feature219", "error": "'Part.Feature' object has no attribute 'AuthorityRole'"}
{"time": "2026-08-05T02:29:43", "pid": 29896, "stage": "OBJECT_COPY_ERROR", "link": "link2", "obj_id": "Part__Feature328", "error": "'Part.Feature' object has no attribute 'AuthorityRole'"}
{"time": "2026-08-05T02:29:43", "pid": 29896, "stage": "PACKAGE_COMPLETE", "link": "link2", "objects": 0, "path": "F:\\Space-Embodied-Robot-HAG_A_20260804\\12_f3_p1_hifi_attachment\\01_visual_packages\\B601_HIFI_VISUAL_LINK2.FCStd"}
{"time": "2026-08-05T02:29:43", "pid": 29896, "stage": "PACKAGE_START", "link": "link3"}
{"time": "2026-08-05T02:29:43", "pid": 29896, "stage": "OBJECT_COPY_ERROR", "link": "link3", "obj_id": "Part__Feature095", "error": "'Part.Feature' object has no attribute 'AuthorityRole'"}
{"time": "2026-08-05T02:29:43", "pid": 29896, "stage": "OBJECT_COPY_ERROR", "link": "link3", "obj_id": "Part__Feature168", "error": "'Part.Feature' object has no attribute 'AuthorityRole'"}
{"time": "2026-08-05T02:29:44", "pid": 29896, "stage": "OBJECT_COPY_ERROR", "link": "link3", "obj_id": "Part__Feature169", "error": "'Part.Feature' object has no attribute 'AuthorityRole'"}
{"time": "2026-08-05T02:29:44", "pid": 29896, "stage": "OBJECT_COPY_ERROR", "link": "link3", "obj_id": "Part__Feature170", "error": "'Part.Feature' object has no attribute 'AuthorityRole'"}
{"time": "2026-08-05T02:29:44", "pid": 29896, "stage": "OBJECT_COPY_ERROR", "link": "link3", "obj_id": "Part__Feature171", "error": "'Part.Feature' object has no attribute 'AuthorityRole'"}
{"time": "2026-08-05T02:29:44", "pid": 29896, "stage": "PACKAGE_COMPLETE", "link": "link3", "objects": 0, "path": "F:\\Space-Embodied-Robot-HAG_A_20260804\\12_f3_p1_hifi_attachment\\01_visual_packages\\B601_HIFI_VISUAL_LINK3.FCStd"}
{"time": "2026-08-05T02:29:44", "pid": 29896, "stage": "PACKAGE_START", "link": "link4"}
{"time": "2026-08-05T02:29:44", "pid": 29896, "stage": "OBJECT_COPY_ERROR", "link": "link4", "obj_id": "Part__Feature033", "error": "'Part.Feature' object has no attribute 'AuthorityRole'"}
{"time": "2026-08-05T02:29:44", "pid": 29896, "stage": "OBJECT_COPY_ERROR", "link": "link4", "obj_id": "Part__Feature034", "error": "'Part.Feature' object has no attribute 'AuthorityRole'"}
{"time": "2026-08-05T02:29:44", "pid": 29896, "stage": "OBJECT_COPY_ERROR", "link": "link4", "obj_id": "Part__Feature091", "error": "'Part.Feature' object has no attribute 'AuthorityRole'"}
{"time": "2026-08-05T02:29:44", "pid": 29896, "stage": "OBJECT_COPY_ERROR", "link": "link4", "obj_id": "Part__Feature092", "error": "'Part.Feature' object has no attribute 'AuthorityRole'"}
{"time": "2026-08-05T02:29:44", "pid": 29896, "stage": "OBJECT_COPY_ERROR", "link": "link4", "obj_id": "Part__Feature216", "error": "'Part.Feature' object has no attribute 'AuthorityRole'"}
{"time": "2026-08-05T02:29:44", "pid": 29896, "stage": "OBJECT_COPY_ERROR", "link": "link4", "obj_id": "Part__Feature217", "error": "'Part.Feature' object has no attribute 'AuthorityRole'"}
{"time": "2026-08-05T02:29:44", "pid": 29896, "stage": "OBJECT_COPY_ERROR", "link": "link4", "obj_id": "Part__Feature300", "error": "'Part.Feature' object has no attribute 'AuthorityRole'"}
{"time": "2026-08-05T02:29:44", "pid": 29896, "stage": "OBJECT_COPY_ERROR", "link": "link4", "obj_id": "Part__Feature301", "error": "'Part.Feature' object has no attribute 'AuthorityRole'"}
{"time": "2026-08-05T02:29:49", "pid": 29896, "stage": "PACKAGE_COMPLETE", "link": "link4", "objects": 0, "path": "F:\\Space-Embodied-Robot-HAG_A_20260804\\12_f3_p1_hifi_attachment\\01_visual_packages\\B601_HIFI_VISUAL_LINK4.FCStd"}
{"time": "2026-08-05T02:29:49", "pid": 29896, "stage": "PACKAGE_START", "link": "link5"}
{"time": "2026-08-05T02:29:49", "pid": 29896, "stage": "OBJECT_COPY_ERROR", "link": "link5", "obj_id": "Part__Feature220", "error": "'Part.Feature' object has no attribute 'AuthorityRole'"}
{"time": "2026-08-05T02:29:49", "pid": 29896, "stage": "OBJECT_COPY_ERROR", "link": "link5", "obj_id": "Part__Feature327", "error": "'Part.Feature' object has no attribute 'AuthorityRole'"}
{"time": "2026-08-05T02:29:49", "pid": 29896, "stage": "PACKAGE_COMPLETE", "link": "link5", "objects": 0, "path": "F:\\Space-Embodied-Robot-HAG_A_20260804\\12_f3_p1_hifi_attachment\\01_visual_packages\\B601_HIFI_VISUAL_LINK5.FCStd"}
{"time": "2026-08-05T02:29:49", "pid": 29896, "stage": "PACKAGE_START", "link": "link6"}
{"time": "2026-08-05T02:29:49", "pid": 29896, "stage": "OBJECT_COPY_ERROR", "link": "link6", "obj_id": "Part__Feature215", "error": "'Part.Feature' object has no attribute 'AuthorityRole'"}
{"time": "2026-08-05T02:29:49", "pid": 29896, "stage": "OBJECT_COPY_ERROR", "link": "link6", "obj_id": "Part__Feature221", "error": "'Part.Feature' object has no attribute 'AuthorityRole'"}
{"time": "2026-08-05T02:29:49", "pid": 29896, "stage": "OBJECT_COPY_ERROR", "link": "link6", "obj_id": "Part__Feature222", "error": "'Part.Feature' object has no attribute 'AuthorityRole'"}
{"time": "2026-08-05T02:29:49", "pid": 29896, "stage": "OBJECT_COPY_ERROR", "link": "link6", "obj_id": "Part__Feature330", "error": "'Part.Feature' object has no attribute 'AuthorityRole'"}
{"time": "2026-08-05T02:29:49", "pid": 29896, "stage": "OBJECT_COPY_ERROR", "link": "link6", "obj_id": "Part__Feature331", "error": "'Part.Feature' object has no attribute 'AuthorityRole'"}
{"time": "2026-08-05T02:29:50", "pid": 29896, "stage": "PACKAGE_COMPLETE", "link": "link6", "objects": 0, "path": "F:\\Space-Embodied-Robot-HAG_A_20260804\\12_f3_p1_hifi_attachment\\01_visual_packages\\B601_HIFI_VISUAL_LINK6.FCStd"}
{"time": "2026-08-05T02:29:50", "pid": 29896, "stage": "PACKAGE_START", "link": "gripper_link"}
{"time": "2026-08-05T02:29:50", "pid": 29896, "stage": "OBJECT_COPY_ERROR", "link": "gripper_link", "obj_id": "Part__Feature223", "error": "'Part.Feature' object has no attribute 'AuthorityRole'"}
{"time": "2026-08-05T02:29:50", "pid": 29896, "stage": "OBJECT_COPY_ERROR", "link": "gripper_link", "obj_id": "Part__Feature224", "error": "'Part.Feature' object has no attribute 'AuthorityRole'"}
{"time": "2026-08-05T02:29:50", "pid": 29896, "stage": "OBJECT_COPY_ERROR", "link": "gripper_link", "obj_id": "Part__Feature240", "error": "'Part.Feature' object has no attribute 'AuthorityRole'"}
{"time": "2026-08-05T02:29:50", "pid": 29896, "stage": "OBJECT_COPY_ERROR", "link": "gripper_link", "obj_id": "Part__Feature243", "error": "'Part.Feature' object has no attribute 'AuthorityRole'"}
{"time": "2026-08-05T02:29:50", "pid": 29896, "stage": "OBJECT_COPY_ERROR", "link": "gripper_link", "obj_id": "Part__Feature244", "error": "'Part.Feature' object has no attribute 'AuthorityRole'"}
{"time": "2026-08-05T02:29:50", "pid": 29896, "stage": "OBJECT_COPY_ERROR", "link": "gripper_link", "obj_id": "Part__Feature245", "error": "'Part.Feature' object has no attribute 'AuthorityRole'"}
{"time": "2026-08-05T02:29:50", "pid": 29896, "stage": "OBJECT_COPY_ERROR", "link": "gripper_link", "obj_id": "Part__Feature246", "error": "'Part.Feature' object has no attribute 'AuthorityRole'"}
{"time": "2026-08-05T02:29:50", "pid": 29896, "stage": "OBJECT_COPY_ERROR", "link": "gripper_link", "obj_id": "Part__Feature247", "error": "'Part.Feature' object has no attribute 'AuthorityRole'"}
{"time": "2026-08-05T02:29:50", "pid": 29896, "stage": "OBJECT_COPY_ERROR", "link": "gripper_link", "obj_id": "Part__Feature248", "error": "'Part.Feature' object has no attribute 'AuthorityRole'"}
{"time": "2026-08-05T02:29:50", "pid": 29896, "stage": "OBJECT_COPY_ERROR", "link": "gripper_link", "obj_id": "Part__Feature249", "error": "'Part.Feature' object has no attribute 'AuthorityRole'"}
{"time": "2026-08-05T02:29:50", "pid": 29896, "stage": "OBJECT_COPY_ERROR", "link": "gripper_link", "obj_id": "Part__Feature250", "error": "'Part.Feature' object has no attribute 'AuthorityRole'"}
{"time": "2026-08-05T02:29:50", "pid": 29896, "stage": "OBJECT_COPY_ERROR", "link": "gripper_link", "obj_id": "Part__Feature251", "error": "'Part.Feature' object has no attribute 'AuthorityRole'"}
{"time": "2026-08-05T02:29:50", "pid": 29896, "stage": "OBJECT_COPY_ERROR", "link": "gripper_link", "obj_id": "Part__Feature252", "error": "'Part.Feature' object has no attribute 'AuthorityRole'"}
{"time": "2026-08-05T02:29:50", "pid": 29896, "stage": "OBJECT_COPY_ERROR", "link": "gripper_link", "obj_id": "Part__Feature253", "error": "'Part.Feature' object has no attribute 'AuthorityRole'"}
{"time": "2026-08-05T02:29:50", "pid": 29896, "stage": "OBJECT_COPY_ERROR", "link": "gripper_link", "obj_id": "Part__Feature254", "error": "'Part.Feature' object has no attribute 'AuthorityRole'"}
{"time": "2026-08-05T02:29:50", "pid": 29896, "stage": "OBJECT_COPY_ERROR", "link": "gripper_link", "obj_id": "Part__Feature255", "error": "'Part.Feature' object has no attribute 'AuthorityRole'"}
{"time": "2026-08-05T02:29:50", "pid": 29896, "stage": "OBJECT_COPY_ERROR", "link": "gripper_link", "obj_id": "Part__Feature256", "error": "'Part.Feature' object has no attribute 'AuthorityRole'"}
{"time": "2026-08-05T02:29:50", "pid": 29896, "stage": "OBJECT_COPY_ERROR", "link": "gripper_link", "obj_id": "Part__Feature257", "error": "'Part.Feature' object has no attribute 'AuthorityRole'"}
{"time": "2026-08-05T02:29:50", "pid": 29896, "stage": "OBJECT_COPY_ERROR", "link": "gripper_link", "obj_id": "Part__Feature258", "error": "'Part.Feature' object has no attribute 'AuthorityRole'"}
{"time": "2026-08-05T02:29:50", "pid": 29896, "stage": "OBJECT_COPY_ERROR", "link": "gripper_link", "obj_id": "Part__Feature259", "error": "'Part.Feature' object has no attribute 'AuthorityRole'"}
{"time": "2026-08-05T02:29:50", "pid": 29896, "stage": "OBJECT_COPY_ERROR", "link": "gripper_link", "obj_id": "Part__Feature260", "error": "'Part.Feature' object has no attribute 'AuthorityRole'"}
{"time": "2026-08-05T02:29:50", "pid": 29896, "stage": "OBJECT_COPY_ERROR", "link": "gripper_link", "obj_id": "Part__Feature261", "error": "'Part.Feature' object has no attribute 'AuthorityRole'"}
{"time": "2026-08-05T02:29:50", "pid": 29896, "stage": "OBJECT_COPY_ERROR", "link": "gripper_link", "obj_id": "Part__Feature262", "error": "'Part.Feature' object has no attribute 'AuthorityRole'"}
{"time": "2026-08-05T02:29:50", "pid": 29896, "stage": "OBJECT_COPY_ERROR", "link": "gripper_link", "obj_id": "Part__Feature263", "error": "'Part.Feature' object has no attribute 'AuthorityRole'"}
{"time": "2026-08-05T02:29:50", "pid": 29896, "stage": "OBJECT_COPY_ERROR", "link": "gripper_link", "obj_id": "Part__Feature264", "error": "'Part.Feature' object has no attribute 'AuthorityRole'"}
{"time": "2026-08-05T02:29:50", "pid": 29896, "stage": "OBJECT_COPY_ERROR", "link": "gripper_link", "obj_id": "Part__Feature265", "error": "'Part.Feature' object has no attribute 'AuthorityRole'"}
{"time": "2026-08-05T02:29:50", "pid": 29896, "stage": "OBJECT_COPY_ERROR", "link": "gripper_link", "obj_id": "Part__Feature266", "error": "'Part.Feature' object has no attribute 'AuthorityRole'"}
{"time": "2026-08-05T02:29:50", "pid": 29896, "stage": "OBJECT_COPY_ERROR", "link": "gripper_link", "obj_id": "Part__Feature267", "error": "'Part.Feature' object has no attribute 'AuthorityRole'"}
{"time": "2026-08-05T02:29:50", "pid": 29896, "stage": "OBJECT_COPY_ERROR", "link": "gripper_link", "obj_id": "Part__Feature268", "error": "'Part.Feature' object has no attribute 'AuthorityRole'"}
{"time": "2026-08-05T02:29:50", "pid": 29896, "stage": "OBJECT_COPY_ERROR", "link": "gripper_link", "obj_id": "Part__Feature269", "error": "'Part.Feature' object has no attribute 'AuthorityRole'"}
{"time": "2026-08-05T02:29:50", "pid": 29896, "stage": "OBJECT_COPY_ERROR", "link": "gripper_link", "obj_id": "Part__Feature270", "error": "'Part.Feature' object has no attribute 'AuthorityRole'"}
{"time": "2026-08-05T02:29:50", "pid": 29896, "stage": "OBJECT_COPY_ERROR", "link": "gripper_link", "obj_id": "Part__Feature271", "error": "'Part.Feature' object has no attribute 'AuthorityRole'"}
{"time": "2026-08-05T02:29:50", "pid": 29896, "stage": "OBJECT_COPY_ERROR", "link": "gripper_link", "obj_id": "Part__Feature272", "error": "'Part.Feature' object has no attribute 'AuthorityRole'"}
{"time": "2026-08-05T02:29:50", "pid": 29896, "stage": "OBJECT_COPY_ERROR", "link": "gripper_link", "obj_id": "Part__Feature273", "error": "'Part.Feature' object has no attribute 'AuthorityRole'"}
{"time": "2026-08-05T02:29:50", "pid": 29896, "stage": "OBJECT_COPY_ERROR", "link": "gripper_link", "obj_id": "Part__Feature274", "error": "'Part.Feature' object has no attribute 'AuthorityRole'"}
{"time": "2026-08-05T02:29:50", "pid": 29896, "stage": "OBJECT_COPY_ERROR", "link": "gripper_link", "obj_id": "Part__Feature275", "error": "'Part.Feature' object has no attribute 'AuthorityRole'"}
{"time": "2026-08-05T02:29:50", "pid": 29896, "stage": "OBJECT_COPY_ERROR", "link": "gripper_link", "obj_id": "Part__Feature276", "error": "'Part.Feature' object has no attribute 'AuthorityRole'"}
{"time": "2026-08-05T02:29:50", "pid": 29896, "stage": "OBJECT_COPY_ERROR", "link": "gripper_link", "obj_id": "Part__Feature277", "error": "'Part.Feature' object has no attribute 'AuthorityRole'"}
{"time": "2026-08-05T02:29:50", "pid": 29896, "stage": "OBJECT_COPY_ERROR", "link": "gripper_link", "obj_id": "Part__Feature278", "error": "'Part.Feature' object has no attribute 'AuthorityRole'"}
{"time": "2026-08-05T02:29:50", "pid": 29896, "stage": "OBJECT_COPY_ERROR", "link": "gripper_link", "obj_id": "Part__Feature279", "error": "'Part.Feature' object has no attribute 'AuthorityRole'"}
{"time": "2026-08-05T02:29:50", "pid": 29896, "stage": "OBJECT_COPY_ERROR", "link": "gripper_link", "obj_id": "Part__Feature280", "error": "'Part.Feature' object has no attribute 'AuthorityRole'"}
{"time": "2026-08-05T02:29:50", "pid": 29896, "stage": "OBJECT_COPY_ERROR", "link": "gripper_link", "obj_id": "Part__Feature281", "error": "'Part.Feature' object has no attribute 'AuthorityRole'"}
{"time": "2026-08-05T02:29:50", "pid": 29896, "stage": "OBJECT_COPY_ERROR", "link": "gripper_link", "obj_id": "Part__Feature282", "error": "'Part.Feature' object has no attribute 'AuthorityRole'"}
{"time": "2026-08-05T02:29:50", "pid": 29896, "stage": "OBJECT_COPY_ERROR", "link": "gripper_link", "obj_id": "Part__Feature283", "error": "'Part.Feature' object has no attribute 'AuthorityRole'"}
{"time": "2026-08-05T02:29:50", "pid": 29896, "stage": "OBJECT_COPY_ERROR", "link": "gripper_link", "obj_id": "Part__Feature284", "error": "'Part.Feature' object has no attribute 'AuthorityRole'"}
{"time": "2026-08-05T02:29:50", "pid": 29896, "stage": "OBJECT_COPY_ERROR", "link": "gripper_link", "obj_id": "Part__Feature285", "error": "'Part.Feature' object has no attribute 'AuthorityRole'"}
{"time": "2026-08-05T02:29:50", "pid": 29896, "stage": "OBJECT_COPY_ERROR", "link": "gripper_link", "obj_id": "Part__Feature286", "error": "'Part.Feature' object has no attribute 'AuthorityRole'"}
{"time": "2026-08-05T02:29:50", "pid": 29896, "stage": "OBJECT_COPY_ERROR", "link": "gripper_link", "obj_id": "Part__Feature287", "error": "'Part.Feature' object has no attribute 'AuthorityRole'"}
{"time": "2026-08-05T02:29:50", "pid": 29896, "stage": "OBJECT_COPY_ERROR", "link": "gripper_link", "obj_id": "Part__Feature288", "error": "'Part.Feature' object has no attribute 'AuthorityRole'"}
{"time": "2026-08-05T02:29:50", "pid": 29896, "stage": "OBJECT_COPY_ERROR", "link": "gripper_link", "obj_id": "Part__Feature289", "error": "'Part.Feature' object has no attribute 'AuthorityRole'"}
{"time": "2026-08-05T02:29:50", "pid": 29896, "stage": "OBJECT_COPY_ERROR", "link": "gripper_link", "obj_id": "Part__Feature290", "error": "'Part.Feature' object has no attribute 'AuthorityRole'"}
{"time": "2026-08-05T02:29:50", "pid": 29896, "stage": "OBJECT_COPY_ERROR", "link": "gripper_link", "obj_id": "Part__Feature291", "error": "'Part.Feature' object has no attribute 'AuthorityRole'"}
{"time": "2026-08-05T02:29:50", "pid": 29896, "stage": "OBJECT_COPY_ERROR", "link": "gripper_link", "obj_id": "Part__Feature292", "error": "'Part.Feature' object has no attribute 'AuthorityRole'"}
{"time": "2026-08-05T02:29:50", "pid": 29896, "stage": "OBJECT_COPY_ERROR", "link": "gripper_link", "obj_id": "Part__Feature293", "error": "'Part.Feature' object has no attribute 'AuthorityRole'"}
{"time": "2026-08-05T02:29:50", "pid": 29896, "stage": "OBJECT_COPY_ERROR", "link": "gripper_link", "obj_id": "Part__Feature294", "error": "'Part.Feature' object has no attribute 'AuthorityRole'"}
{"time": "2026-08-05T02:29:50", "pid": 29896, "stage": "OBJECT_COPY_ERROR", "link": "gripper_link", "obj_id": "Part__Feature295", "error": "'Part.Feature' object has no attribute 'AuthorityRole'"}
{"time": "2026-08-05T02:29:50", "pid": 29896, "stage": "OBJECT_COPY_ERROR", "link": "gripper_link", "obj_id": "Part__Feature296", "error": "'Part.Feature' object has no attribute 'AuthorityRole'"}
{"time": "2026-08-05T02:29:50", "pid": 29896, "stage": "OBJECT_COPY_ERROR", "link": "gripper_link", "obj_id": "Part__Feature299", "error": "'Part.Feature' object has no attribute 'AuthorityRole'"}
{"time": "2026-08-05T02:29:50", "pid": 29896, "stage": "OBJECT_COPY_ERROR", "link": "gripper_link", "obj_id": "Part__Feature307", "error": "'Part.Feature' object has no attribute 'AuthorityRole'"}
{"time": "2026-08-05T02:29:50", "pid": 29896, "stage": "OBJECT_COPY_ERROR", "link": "gripper_link", "obj_id": "Part__Feature308", "error": "'Part.Feature' object has no attribute 'AuthorityRole'"}
{"time": "2026-08-05T02:29:50", "pid": 29896, "stage": "OBJECT_COPY_ERROR", "link": "gripper_link", "obj_id": "Part__Feature309", "error": "'Part.Feature' object has no attribute 'AuthorityRole'"}
{"time": "2026-08-05T02:29:50", "pid": 29896, "stage": "OBJECT_COPY_ERROR", "link": "gripper_link", "obj_id": "Part__Feature334", "error": "'Part.Feature' object has no attribute 'AuthorityRole'"}
{"time": "2026-08-05T02:29:50", "pid": 29896, "stage": "OBJECT_COPY_ERROR", "link": "gripper_link", "obj_id": "Part__Feature335", "error": "'Part.Feature' object has no attribute 'AuthorityRole'"}
{"time": "2026-08-05T02:29:50", "pid": 29896, "stage": "OBJECT_COPY_ERROR", "link": "gripper_link", "obj_id": "Part__Feature336", "error": "'Part.Feature' object has no attribute 'AuthorityRole'"}
{"time": "2026-08-05T02:29:50", "pid": 29896, "stage": "OBJECT_COPY_ERROR", "link": "gripper_link", "obj_id": "Part__Feature337", "error": "'Part.Feature' object has no attribute 'AuthorityRole'"}
{"time": "2026-08-05T02:29:50", "pid": 29896, "stage": "OBJECT_COPY_ERROR", "link": "gripper_link", "obj_id": "Part__Feature338", "error": "'Part.Feature' object has no attribute 'AuthorityRole'"}
{"time": "2026-08-05T02:29:50", "pid": 29896, "stage": "OBJECT_COPY_ERROR", "link": "gripper_link", "obj_id": "Part__Feature339", "error": "'Part.Feature' object has no attribute 'AuthorityRole'"}
{"time": "2026-08-05T02:29:50", "pid": 29896, "stage": "OBJECT_COPY_ERROR", "link": "gripper_link", "obj_id": "Part__Feature340", "error": "'Part.Feature' object has no attribute 'AuthorityRole'"}
{"time": "2026-08-05T02:29:50", "pid": 29896, "stage": "OBJECT_COPY_ERROR", "link": "gripper_link", "obj_id": "Part__Feature375", "error": "'Part.Feature' object has no attribute 'AuthorityRole'"}
{"time": "2026-08-05T02:29:50", "pid": 29896, "stage": "OBJECT_COPY_ERROR", "link": "gripper_link", "obj_id": "Part__Feature376", "error": "'Part.Feature' object has no attribute 'AuthorityRole'"}
{"time": "2026-08-05T02:29:50", "pid": 29896, "stage": "OBJECT_COPY_ERROR", "link": "gripper_link", "obj_id": "Part__Feature377", "error": "'Part.Feature' object has no attribute 'AuthorityRole'"}
{"time": "2026-08-05T02:29:50", "pid": 29896, "stage": "OBJECT_COPY_ERROR", "link": "gripper_link", "obj_id": "Part__Feature378", "error": "'Part.Feature' object has no attribute 'AuthorityRole'"}
{"time": "2026-08-05T02:29:50", "pid": 29896, "stage": "OBJECT_COPY_ERROR", "link": "gripper_link", "obj_id": "Part__Feature379", "error": "'Part.Feature' object has no attribute 'AuthorityRole'"}
{"time": "2026-08-05T02:29:50", "pid": 29896, "stage": "OBJECT_COPY_ERROR", "link": "gripper_link", "obj_id": "Part__Feature380", "error": "'Part.Feature' object has no attribute 'AuthorityRole'"}
{"time": "2026-08-05T02:29:50", "pid": 29896, "stage": "OBJECT_COPY_ERROR", "link": "gripper_link", "obj_id": "Part__Feature381", "error": "'Part.Feature' object has no attribute 'AuthorityRole'"}
{"time": "2026-08-05T02:29:50", "pid": 29896, "stage": "OBJECT_COPY_ERROR", "link": "gripper_link", "obj_id": "Part__Feature382", "error": "'Part.Feature' object has no attribute 'AuthorityRole'"}
{"time": "2026-08-05T02:29:50", "pid": 29896, "stage": "OBJECT_COPY_ERROR", "link": "gripper_link", "obj_id": "Part__Feature383", "error": "'Part.Feature' object has no attribute 'AuthorityRole'"}
{"time": "2026-08-05T02:29:50", "pid": 29896, "stage": "OBJECT_COPY_ERROR", "link": "gripper_link", "obj_id": "Part__Feature384", "error": "'Part.Feature' object has no attribute 'AuthorityRole'"}
{"time": "2026-08-05T02:29:50", "pid": 29896, "stage": "OBJECT_COPY_ERROR", "link": "gripper_link", "obj_id": "Part__Feature385", "error": "'Part.Feature' object has no attribute 'AuthorityRole'"}
{"time": "2026-08-05T02:29:50", "pid": 29896, "stage": "OBJECT_COPY_ERROR", "link": "gripper_link", "obj_id": "Part__Feature386", "error": "'Part.Feature' object has no attribute 'AuthorityRole'"}
{"time": "2026-08-05T02:29:50", "pid": 29896, "stage": "OBJECT_COPY_ERROR", "link": "gripper_link", "obj_id": "Part__Feature387", "error": "'Part.Feature' object has no attribute 'AuthorityRole'"}
{"time": "2026-08-05T02:29:50", "pid": 29896, "stage": "OBJECT_COPY_ERROR", "link": "gripper_link", "obj_id": "Part__Feature388", "error": "'Part.Feature' object has no attribute 'AuthorityRole'"}
{"time": "2026-08-05T02:29:56", "pid": 29896, "stage": "PACKAGE_COMPLETE", "link": "gripper_link", "objects": 0, "path": "F:\\Space-Embodied-Robot-HAG_A_20260804\\12_f3_p1_hifi_attachment\\01_visual_packages\\B601_HIFI_VISUAL_GRIPPER_LINK.FCStd"}
{"time": "2026-08-05T02:29:56", "pid": 29896, "stage": "PACKAGE_START", "link": "gripper_left"}
{"time": "2026-08-05T02:29:56", "pid": 29896, "stage": "PACKAGE_SKIP", "link": "gripper_left", "reason": "no_objects"}
{"time": "2026-08-05T02:29:56", "pid": 29896, "stage": "PACKAGE_START", "link": "gripper_right"}
{"time": "2026-08-05T02:29:56", "pid": 29896, "stage": "PACKAGE_SKIP", "link": "gripper_right", "reason": "no_objects"}
{"time": "2026-08-05T02:29:56", "pid": 29896, "stage": "SCRIPT_PASS", "packages": 8, "elapsed_s": 25.832}
{"time": "2026-08-05T02:31:22", "pid": 18316, "stage": "SCRIPT_START"}
{"time": "2026-08-05T02:31:22", "pid": 18316, "stage": "BEFORE_FREECAD_IMPORT"}
{"time": "2026-08-05T02:31:22", "pid": 18316, "stage": "AFTER_FREECAD_IMPORT", "version": "['1', '1', '3', '20260725 (Git shallow)', 'Unknown', '2026/07/25 04:52:02', 'grafted,grafted', '145529fe741292ff0b3977a01195bf0247425794']"}
{"time": "2026-08-05T02:31:22", "pid": 18316, "stage": "OWNERSHIP_LOADED", "links": ["link1", "link2", "link4", "link3", "link6", "link5", "gripper_link", "base_link"]}
{"time": "2026-08-05T02:31:22", "pid": 18316, "stage": "BEFORE_OPEN_DONOR", "path": "F:\\Space-Embodied-Robot-HAG_A_20260804\\03_import_headless\\B601_HIFI_HEADLESS_IMPORT.FCStd"}
{"time": "2026-08-05T02:31:26", "pid": 18316, "stage": "AFTER_OPEN_DONOR", "object_count": 749}
{"time": "2026-08-05T02:31:26", "pid": 18316, "stage": "DONOR_SHA256", "sha256": "09C24124750B3FEF541850B722EF9ACC81B7F7AA055C34E460B061AF0D21BDB3"}
{"time": "2026-08-05T02:31:26", "pid": 18316, "stage": "PACKAGE_START", "link": "base_link"}
{"time": "2026-08-05T02:31:29", "pid": 18316, "stage": "PACKAGE_COMPLETE", "link": "base_link", "objects": 4, "path": "F:\\Space-Embodied-Robot-HAG_A_20260804\\12_f3_p1_hifi_attachment\\01_visual_packages\\B601_HIFI_VISUAL_BASE_LINK.FCStd"}
{"time": "2026-08-05T02:31:29", "pid": 18316, "stage": "PACKAGE_START", "link": "link1"}
{"time": "2026-08-05T02:31:35", "pid": 18316, "stage": "PACKAGE_COMPLETE", "link": "link1", "objects": 13, "path": "F:\\Space-Embodied-Robot-HAG_A_20260804\\12_f3_p1_hifi_attachment\\01_visual_packages\\B601_HIFI_VISUAL_LINK1.FCStd"}
{"time": "2026-08-05T02:31:35", "pid": 18316, "stage": "PACKAGE_START", "link": "link2"}
{"time": "2026-08-05T02:31:35", "pid": 18316, "stage": "PACKAGE_COMPLETE", "link": "link2", "objects": 14, "path": "F:\\Space-Embodied-Robot-HAG_A_20260804\\12_f3_p1_hifi_attachment\\01_visual_packages\\B601_HIFI_VISUAL_LINK2.FCStd"}
{"time": "2026-08-05T02:31:35", "pid": 18316, "stage": "PACKAGE_START", "link": "link3"}
{"time": "2026-08-05T02:31:35", "pid": 18316, "stage": "PACKAGE_COMPLETE", "link": "link3", "objects": 5, "path": "F:\\Space-Embodied-Robot-HAG_A_20260804\\12_f3_p1_hifi_attachment\\01_visual_packages\\B601_HIFI_VISUAL_LINK3.FCStd"}
{"time": "2026-08-05T02:31:35", "pid": 18316, "stage": "PACKAGE_START", "link": "link4"}
{"time": "2026-08-05T02:31:41", "pid": 18316, "stage": "PACKAGE_COMPLETE", "link": "link4", "objects": 8, "path": "F:\\Space-Embodied-Robot-HAG_A_20260804\\12_f3_p1_hifi_attachment\\01_visual_packages\\B601_HIFI_VISUAL_LINK4.FCStd"}
{"time": "2026-08-05T02:31:41", "pid": 18316, "stage": "PACKAGE_START", "link": "link5"}
{"time": "2026-08-05T02:31:41", "pid": 18316, "stage": "PACKAGE_COMPLETE", "link": "link5", "objects": 2, "path": "F:\\Space-Embodied-Robot-HAG_A_20260804\\12_f3_p1_hifi_attachment\\01_visual_packages\\B601_HIFI_VISUAL_LINK5.FCStd"}
{"time": "2026-08-05T02:31:41", "pid": 18316, "stage": "PACKAGE_START", "link": "link6"}
{"time": "2026-08-05T02:31:41", "pid": 18316, "stage": "PACKAGE_COMPLETE", "link": "link6", "objects": 5, "path": "F:\\Space-Embodied-Robot-HAG_A_20260804\\12_f3_p1_hifi_attachment\\01_visual_packages\\B601_HIFI_VISUAL_LINK6.FCStd"}
{"time": "2026-08-05T02:31:41", "pid": 18316, "stage": "PACKAGE_START", "link": "gripper_link"}
{"time": "2026-08-05T02:31:47", "pid": 18316, "stage": "PACKAGE_COMPLETE", "link": "gripper_link", "objects": 82, "path": "F:\\Space-Embodied-Robot-HAG_A_20260804\\12_f3_p1_hifi_attachment\\01_visual_packages\\B601_HIFI_VISUAL_GRIPPER_LINK.FCStd"}
{"time": "2026-08-05T02:31:47", "pid": 18316, "stage": "PACKAGE_START", "link": "gripper_left"}
{"time": "2026-08-05T02:31:47", "pid": 18316, "stage": "PACKAGE_SKIP", "link": "gripper_left", "reason": "no_objects"}
{"time": "2026-08-05T02:31:47", "pid": 18316, "stage": "PACKAGE_START", "link": "gripper_right"}
{"time": "2026-08-05T02:31:47", "pid": 18316, "stage": "PACKAGE_SKIP", "link": "gripper_right", "reason": "no_objects"}
{"time": "2026-08-05T02:31:47", "pid": 18316, "stage": "SCRIPT_PASS", "packages": 8, "elapsed_s": 25.459}
{"time": "2026-08-05T02:39:00", "pid": 47580, "stage": "SCRIPT_START"}
{"time": "2026-08-05T02:39:00", "pid": 47580, "stage": "BEFORE_FREECAD_IMPORT"}
{"time": "2026-08-05T02:39:00", "pid": 47580, "stage": "AFTER_FREECAD_IMPORT", "version": "['1', '1', '3', '20260725 (Git shallow)', 'Unknown', '2026/07/25 04:52:02', 'grafted,grafted', '145529fe741292ff0b3977a01195bf0247425794']"}
{"time": "2026-08-05T02:39:00", "pid": 47580, "stage": "OWNERSHIP_LOADED", "links": ["link1", "link2", "link4", "link3", "link6", "link5", "gripper_link", "base_link", "gripper_left", "gripper_right"]}
{"time": "2026-08-05T02:39:00", "pid": 47580, "stage": "BEFORE_OPEN_DONOR", "path": "F:\\Space-Embodied-Robot-HAG_A_20260804\\03_import_headless\\B601_HIFI_HEADLESS_IMPORT.FCStd"}
{"time": "2026-08-05T02:39:05", "pid": 47580, "stage": "AFTER_OPEN_DONOR", "object_count": 749}
{"time": "2026-08-05T02:39:05", "pid": 47580, "stage": "DONOR_SHA256", "sha256": "09C24124750B3FEF541850B722EF9ACC81B7F7AA055C34E460B061AF0D21BDB3"}
{"time": "2026-08-05T02:39:05", "pid": 47580, "stage": "PACKAGE_START", "link": "base_link"}
{"time": "2026-08-05T02:39:05", "pid": 47580, "stage": "PACKAGE_COMPLETE", "link": "base_link", "objects": 3, "path": "F:\\Space-Embodied-Robot-HAG_A_20260804\\12_f3_p1_hifi_attachment\\01_visual_packages\\B601_HIFI_VISUAL_BASE_LINK.FCStd"}
{"time": "2026-08-05T02:39:05", "pid": 47580, "stage": "PACKAGE_START", "link": "link1"}
{"time": "2026-08-05T02:39:10", "pid": 47580, "stage": "PACKAGE_COMPLETE", "link": "link1", "objects": 12, "path": "F:\\Space-Embodied-Robot-HAG_A_20260804\\12_f3_p1_hifi_attachment\\01_visual_packages\\B601_HIFI_VISUAL_LINK1.FCStd"}
{"time": "2026-08-05T02:39:10", "pid": 47580, "stage": "PACKAGE_START", "link": "link2"}
{"time": "2026-08-05T02:39:13", "pid": 47580, "stage": "PACKAGE_COMPLETE", "link": "link2", "objects": 15, "path": "F:\\Space-Embodied-Robot-HAG_A_20260804\\12_f3_p1_hifi_attachment\\01_visual_packages\\B601_HIFI_VISUAL_LINK2.FCStd"}
{"time": "2026-08-05T02:39:14", "pid": 47580, "stage": "PACKAGE_START", "link": "link3"}
{"time": "2026-08-05T02:39:17", "pid": 47580, "stage": "PACKAGE_COMPLETE", "link": "link3", "objects": 6, "path": "F:\\Space-Embodied-Robot-HAG_A_20260804\\12_f3_p1_hifi_attachment\\01_visual_packages\\B601_HIFI_VISUAL_LINK3.FCStd"}
{"time": "2026-08-05T02:39:17", "pid": 47580, "stage": "PACKAGE_START", "link": "link4"}
{"time": "2026-08-05T02:39:28", "pid": 47580, "stage": "PACKAGE_COMPLETE", "link": "link4", "objects": 9, "path": "F:\\Space-Embodied-Robot-HAG_A_20260804\\12_f3_p1_hifi_attachment\\01_visual_packages\\B601_HIFI_VISUAL_LINK4.FCStd"}
{"time": "2026-08-05T02:39:28", "pid": 47580, "stage": "PACKAGE_START", "link": "link5"}
{"time": "2026-08-05T02:39:29", "pid": 47580, "stage": "PACKAGE_COMPLETE", "link": "link5", "objects": 2, "path": "F:\\Space-Embodied-Robot-HAG_A_20260804\\12_f3_p1_hifi_attachment\\01_visual_packages\\B601_HIFI_VISUAL_LINK5.FCStd"}
{"time": "2026-08-05T02:39:29", "pid": 47580, "stage": "PACKAGE_START", "link": "link6"}
{"time": "2026-08-05T02:39:29", "pid": 47580, "stage": "PACKAGE_COMPLETE", "link": "link6", "objects": 5, "path": "F:\\Space-Embodied-Robot-HAG_A_20260804\\12_f3_p1_hifi_attachment\\01_visual_packages\\B601_HIFI_VISUAL_LINK6.FCStd"}
{"time": "2026-08-05T02:39:29", "pid": 47580, "stage": "PACKAGE_START", "link": "gripper_link"}
{"time": "2026-08-05T02:39:33", "pid": 47580, "stage": "PACKAGE_COMPLETE", "link": "gripper_link", "objects": 79, "path": "F:\\Space-Embodied-Robot-HAG_A_20260804\\12_f3_p1_hifi_attachment\\01_visual_packages\\B601_HIFI_VISUAL_GRIPPER_LINK.FCStd"}
{"time": "2026-08-05T02:39:33", "pid": 47580, "stage": "PACKAGE_START", "link": "gripper_left"}
{"time": "2026-08-05T02:39:33", "pid": 47580, "stage": "PACKAGE_COMPLETE", "link": "gripper_left", "objects": 1, "path": "F:\\Space-Embodied-Robot-HAG_A_20260804\\12_f3_p1_hifi_attachment\\01_visual_packages\\B601_HIFI_VISUAL_GRIPPER_LEFT.FCStd"}
{"time": "2026-08-05T02:39:33", "pid": 47580, "stage": "PACKAGE_START", "link": "gripper_right"}
{"time": "2026-08-05T02:39:33", "pid": 47580, "stage": "PACKAGE_COMPLETE", "link": "gripper_right", "objects": 1, "path": "F:\\Space-Embodied-Robot-HAG_A_20260804\\12_f3_p1_hifi_attachment\\01_visual_packages\\B601_HIFI_VISUAL_GRIPPER_RIGHT.FCStd"}
{"time": "2026-08-05T02:39:33", "pid": 47580, "stage": "SCRIPT_PASS", "packages": 10, "elapsed_s": 32.944}
