{"time": "2026-08-05T02:45:36", "pid": 48720, "stage": "SCRIPT_START"}
{"time": "2026-08-05T02:45:36", "pid": 48720, "stage": "BEFORE_FREECAD_IMPORT"}
{"time": "2026-08-05T02:45:36", "pid": 48720, "stage": "AFTER_FREECAD_IMPORT", "version": "['1', '1', '3', '20260725 (Git shallow)', 'Unknown', '2026/07/25 04:52:02', 'grafted,grafted', '145529fe741292ff0b3977a01195bf0247425794']"}
{"time": "2026-08-05T02:45:36", "pid": 48720, "stage": "PACKAGES_FOUND", "count": 10}
{"time": "2026-08-05T02:45:36", "pid": 48720, "stage": "PACKAGE_TEST_START", "package": "B601_HIFI_VISUAL_BASE_LINK"}
{"time": "2026-08-05T02:45:36", "pid": 48720, "stage": "BEFORE_OPEN", "package": "B601_HIFI_VISUAL_BASE_LINK"}
{"time": "2026-08-05T02:45:37", "pid": 48720, "stage": "AFTER_OPEN", "package": "B601_HIFI_VISUAL_BASE_LINK", "objects": 3, "elapsed_s": 0.403}
{"time": "2026-08-05T02:45:37", "pid": 48720, "stage": "BEFORE_RECOMPUTE", "package": "B601_HIFI_VISUAL_BASE_LINK"}
{"time": "2026-08-05T02:45:37", "pid": 48720, "stage": "AFTER_RECOMPUTE", "package": "B601_HIFI_VISUAL_BASE_LINK", "elapsed_s": 0.003}
{"time": "2026-08-05T02:45:37", "pid": 48720, "stage": "BEFORE_CLOSE", "package": "B601_HIFI_VISUAL_BASE_LINK"}
{"time": "2026-08-05T02:45:37", "pid": 48720, "stage": "AFTER_CLOSE", "package": "B601_HIFI_VISUAL_BASE_LINK"}
{"time": "2026-08-05T02:45:37", "pid": 48720, "stage": "BEFORE_COLD_REOPEN", "package": "B601_HIFI_VISUAL_BASE_LINK"}
{"time": "2026-08-05T02:45:37", "pid": 48720, "stage": "AFTER_COLD_REOPEN", "package": "B601_HIFI_VISUAL_BASE_LINK", "objects": 3, "elapsed_s": 0.049}
{"time": "2026-08-05T02:45:37", "pid": 48720, "stage": "PACKAGE_TEST_COMPLETE", "package": "B601_HIFI_VISUAL_BASE_LINK", "status": "PASS"}
{"time": "2026-08-05T02:45:37", "pid": 48720, "stage": "PACKAGE_TEST_START", "package": "B601_HIFI_VISUAL_GRIPPER_LEFT"}
{"time": "2026-08-05T02:45:37", "pid": 48720, "stage": "BEFORE_OPEN", "package": "B601_HIFI_VISUAL_GRIPPER_LEFT"}
{"time": "2026-08-05T02:45:37", "pid": 48720, "stage": "AFTER_OPEN", "package": "B601_HIFI_VISUAL_GRIPPER_LEFT", "objects": 1, "elapsed_s": 0.014}
{"time": "2026-08-05T02:45:37", "pid": 48720, "stage": "BEFORE_RECOMPUTE", "package": "B601_HIFI_VISUAL_GRIPPER_LEFT"}
{"time": "2026-08-05T02:45:37", "pid": 48720, "stage": "AFTER_RECOMPUTE", "package": "B601_HIFI_VISUAL_GRIPPER_LEFT", "elapsed_s": 0.0}
{"time": "2026-08-05T02:45:37", "pid": 48720, "stage": "BEFORE_CLOSE", "package": "B601_HIFI_VISUAL_GRIPPER_LEFT"}
{"time": "2026-08-05T02:45:37", "pid": 48720, "stage": "AFTER_CLOSE", "package": "B601_HIFI_VISUAL_GRIPPER_LEFT"}
{"time": "2026-08-05T02:45:37", "pid": 48720, "stage": "BEFORE_COLD_REOPEN", "package": "B601_HIFI_VISUAL_GRIPPER_LEFT"}
{"time": "2026-08-05T02:45:37", "pid": 48720, "stage": "AFTER_COLD_REOPEN", "package": "B601_HIFI_VISUAL_GRIPPER_LEFT", "objects": 1, "elapsed_s": 0.015}
{"time": "2026-08-05T02:45:37", "pid": 48720, "stage": "PACKAGE_TEST_COMPLETE", "package": "B601_HIFI_VISUAL_GRIPPER_LEFT", "status": "PASS"}
{"time": "2026-08-05T02:45:37", "pid": 48720, "stage": "PACKAGE_TEST_START", "package": "B601_HIFI_VISUAL_GRIPPER_LINK"}
{"time": "2026-08-05T02:45:37", "pid": 48720, "stage": "BEFORE_OPEN", "package": "B601_HIFI_VISUAL_GRIPPER_LINK"}
{"time": "2026-08-05T02:45:38", "pid": 48720, "stage": "AFTER_OPEN", "package": "B601_HIFI_VISUAL_GRIPPER_LINK", "objects": 79, "elapsed_s": 0.612}
{"time": "2026-08-05T02:45:41", "pid": 48720, "stage": "BEFORE_RECOMPUTE", "package": "B601_HIFI_VISUAL_GRIPPER_LINK"}
{"time": "2026-08-05T02:45:41", "pid": 48720, "stage": "AFTER_RECOMPUTE", "package": "B601_HIFI_VISUAL_GRIPPER_LINK", "elapsed_s": 0.002}
{"time": "2026-08-05T02:45:41", "pid": 48720, "stage": "BEFORE_CLOSE", "package": "B601_HIFI_VISUAL_GRIPPER_LINK"}
{"time": "2026-08-05T02:45:41", "pid": 48720, "stage": "AFTER_CLOSE", "package": "B601_HIFI_VISUAL_GRIPPER_LINK"}
{"time": "2026-08-05T02:45:41", "pid": 48720, "stage": "BEFORE_COLD_REOPEN", "package": "B601_HIFI_VISUAL_GRIPPER_LINK"}
{"time": "2026-08-05T02:45:42", "pid": 48720, "stage": "AFTER_COLD_REOPEN", "package": "B601_HIFI_VISUAL_GRIPPER_LINK", "objects": 79, "elapsed_s": 0.807}
{"time": "2026-08-05T02:45:44", "pid": 48720, "stage": "PACKAGE_TEST_COMPLETE", "package": "B601_HIFI_VISUAL_GRIPPER_LINK", "status": "PASS"}
{"time": "2026-08-05T02:45:44", "pid": 48720, "stage": "PACKAGE_TEST_START", "package": "B601_HIFI_VISUAL_GRIPPER_RIGHT"}
{"time": "2026-08-05T02:45:44", "pid": 48720, "stage": "BEFORE_OPEN", "package": "B601_HIFI_VISUAL_GRIPPER_RIGHT"}
{"time": "2026-08-05T02:45:44", "pid": 48720, "stage": "AFTER_OPEN", "package": "B601_HIFI_VISUAL_GRIPPER_RIGHT", "objects": 1, "elapsed_s": 0.019}
{"time": "2026-08-05T02:45:44", "pid": 48720, "stage": "BEFORE_RECOMPUTE", "package": "B601_HIFI_VISUAL_GRIPPER_RIGHT"}
{"time": "2026-08-05T02:45:44", "pid": 48720, "stage": "AFTER_RECOMPUTE", "package": "B601_HIFI_VISUAL_GRIPPER_RIGHT", "elapsed_s": 0.0}
{"time": "2026-08-05T02:45:44", "pid": 48720, "stage": "BEFORE_CLOSE", "package": "B601_HIFI_VISUAL_GRIPPER_RIGHT"}
{"time": "2026-08-05T02:45:44", "pid": 48720, "stage": "AFTER_CLOSE", "package": "B601_HIFI_VISUAL_GRIPPER_RIGHT"}
{"time": "2026-08-05T02:45:44", "pid": 48720, "stage": "BEFORE_COLD_REOPEN", "package": "B601_HIFI_VISUAL_GRIPPER_RIGHT"}
{"time": "2026-08-05T02:45:44", "pid": 48720, "stage": "AFTER_COLD_REOPEN", "package": "B601_HIFI_VISUAL_GRIPPER_RIGHT", "objects": 1, "elapsed_s": 0.018}
{"time": "2026-08-05T02:45:44", "pid": 48720, "stage": "PACKAGE_TEST_COMPLETE", "package": "B601_HIFI_VISUAL_GRIPPER_RIGHT", "status": "PASS"}
{"time": "2026-08-05T02:45:44", "pid": 48720, "stage": "PACKAGE_TEST_START", "package": "B601_HIFI_VISUAL_LINK1"}
{"time": "2026-08-05T02:45:44", "pid": 48720, "stage": "BEFORE_OPEN", "package": "B601_HIFI_VISUAL_LINK1"}
{"time": "2026-08-05T02:45:45", "pid": 48720, "stage": "AFTER_OPEN", "package": "B601_HIFI_VISUAL_LINK1", "objects": 12, "elapsed_s": 0.796}
{"time": "2026-08-05T02:45:47", "pid": 48720, "stage": "BEFORE_RECOMPUTE", "package": "B601_HIFI_VISUAL_LINK1"}
{"time": "2026-08-05T02:45:47", "pid": 48720, "stage": "AFTER_RECOMPUTE", "package": "B601_HIFI_VISUAL_LINK1", "elapsed_s": 0.0}
{"time": "2026-08-05T02:45:47", "pid": 48720, "stage": "BEFORE_CLOSE", "package": "B601_HIFI_VISUAL_LINK1"}
{"time": "2026-08-05T02:45:47", "pid": 48720, "stage": "AFTER_CLOSE", "package": "B601_HIFI_VISUAL_LINK1"}
{"time": "2026-08-05T02:45:47", "pid": 48720, "stage": "BEFORE_COLD_REOPEN", "package": "B601_HIFI_VISUAL_LINK1"}
{"time": "2026-08-05T02:45:48", "pid": 48720, "stage": "AFTER_COLD_REOPEN", "package": "B601_HIFI_VISUAL_LINK1", "objects": 12, "elapsed_s": 0.82}
{"time": "2026-08-05T02:45:49", "pid": 48720, "stage": "PACKAGE_TEST_COMPLETE", "package": "B601_HIFI_VISUAL_LINK1", "status": "PASS"}
{"time": "2026-08-05T02:45:49", "pid": 48720, "stage": "PACKAGE_TEST_START", "package": "B601_HIFI_VISUAL_LINK2"}
{"time": "2026-08-05T02:45:49", "pid": 48720, "stage": "BEFORE_OPEN", "package": "B601_HIFI_VISUAL_LINK2"}
{"time": "2026-08-05T02:45:49", "pid": 48720, "stage": "AFTER_OPEN", "package": "B601_HIFI_VISUAL_LINK2", "objects": 15, "elapsed_s": 0.703}
{"time": "2026-08-05T02:45:51", "pid": 48720, "stage": "BEFORE_RECOMPUTE", "package": "B601_HIFI_VISUAL_LINK2"}
{"time": "2026-08-05T02:45:51", "pid": 48720, "stage": "AFTER_RECOMPUTE", "package": "B601_HIFI_VISUAL_LINK2", "elapsed_s": 0.0}
{"time": "2026-08-05T02:45:51", "pid": 48720, "stage": "BEFORE_CLOSE", "package": "B601_HIFI_VISUAL_LINK2"}
{"time": "2026-08-05T02:45:51", "pid": 48720, "stage": "AFTER_CLOSE", "package": "B601_HIFI_VISUAL_LINK2"}
{"time": "2026-08-05T02:45:51", "pid": 48720, "stage": "BEFORE_COLD_REOPEN", "package": "B601_HIFI_VISUAL_LINK2"}
{"time": "2026-08-05T02:45:52", "pid": 48720, "stage": "AFTER_COLD_REOPEN", "package": "B601_HIFI_VISUAL_LINK2", "objects": 15, "elapsed_s": 0.706}
{"time": "2026-08-05T02:45:53", "pid": 48720, "stage": "PACKAGE_TEST_COMPLETE", "package": "B601_HIFI_VISUAL_LINK2", "status": "PASS"}
{"time": "2026-08-05T02:45:53", "pid": 48720, "stage": "PACKAGE_TEST_START", "package": "B601_HIFI_VISUAL_LINK3"}
{"time": "2026-08-05T02:45:53", "pid": 48720, "stage": "BEFORE_OPEN", "package": "B601_HIFI_VISUAL_LINK3"}
{"time": "2026-08-05T02:45:53", "pid": 48720, "stage": "AFTER_OPEN", "package": "B601_HIFI_VISUAL_LINK3", "objects": 6, "elapsed_s": 0.659}
{"time": "2026-08-05T02:45:55", "pid": 48720, "stage": "BEFORE_RECOMPUTE", "package": "B601_HIFI_VISUAL_LINK3"}
{"time": "2026-08-05T02:45:55", "pid": 48720, "stage": "AFTER_RECOMPUTE", "package": "B601_HIFI_VISUAL_LINK3", "elapsed_s": 0.001}
{"time": "2026-08-05T02:45:55", "pid": 48720, "stage": "BEFORE_CLOSE", "package": "B601_HIFI_VISUAL_LINK3"}
{"time": "2026-08-05T02:45:55", "pid": 48720, "stage": "AFTER_CLOSE", "package": "B601_HIFI_VISUAL_LINK3"}
{"time": "2026-08-05T02:45:55", "pid": 48720, "stage": "BEFORE_COLD_REOPEN", "package": "B601_HIFI_VISUAL_LINK3"}
{"time": "2026-08-05T02:45:56", "pid": 48720, "stage": "AFTER_COLD_REOPEN", "package": "B601_HIFI_VISUAL_LINK3", "objects": 6, "elapsed_s": 0.636}
{"time": "2026-08-05T02:45:56", "pid": 48720, "stage": "PACKAGE_TEST_COMPLETE", "package": "B601_HIFI_VISUAL_LINK3", "status": "PASS"}
{"time": "2026-08-05T02:45:56", "pid": 48720, "stage": "PACKAGE_TEST_START", "package": "B601_HIFI_VISUAL_LINK4"}
{"time": "2026-08-05T02:45:56", "pid": 48720, "stage": "BEFORE_OPEN", "package": "B601_HIFI_VISUAL_LINK4"}
{"time": "2026-08-05T02:45:58", "pid": 48720, "stage": "AFTER_OPEN", "package": "B601_HIFI_VISUAL_LINK4", "objects": 9, "elapsed_s": 2.033}
{"time": "2026-08-05T02:46:06", "pid": 48720, "stage": "BEFORE_RECOMPUTE", "package": "B601_HIFI_VISUAL_LINK4"}
{"time": "2026-08-05T02:46:06", "pid": 48720, "stage": "AFTER_RECOMPUTE", "package": "B601_HIFI_VISUAL_LINK4", "elapsed_s": 0.0}
{"time": "2026-08-05T02:46:06", "pid": 48720, "stage": "BEFORE_CLOSE", "package": "B601_HIFI_VISUAL_LINK4"}
{"time": "2026-08-05T02:46:06", "pid": 48720, "stage": "AFTER_CLOSE", "package": "B601_HIFI_VISUAL_LINK4"}
{"time": "2026-08-05T02:46:06", "pid": 48720, "stage": "BEFORE_COLD_REOPEN", "package": "B601_HIFI_VISUAL_LINK4"}
{"time": "2026-08-05T02:46:08", "pid": 48720, "stage": "AFTER_COLD_REOPEN", "package": "B601_HIFI_VISUAL_LINK4", "objects": 9, "elapsed_s": 1.977}
{"time": "2026-08-05T02:46:11", "pid": 48720, "stage": "PACKAGE_TEST_COMPLETE", "package": "B601_HIFI_VISUAL_LINK4", "status": "PASS"}
{"time": "2026-08-05T02:46:11", "pid": 48720, "stage": "PACKAGE_TEST_START", "package": "B601_HIFI_VISUAL_LINK5"}
{"time": "2026-08-05T02:46:11", "pid": 48720, "stage": "BEFORE_OPEN", "package": "B601_HIFI_VISUAL_LINK5"}
{"time": "2026-08-05T02:46:11", "pid": 48720, "stage": "AFTER_OPEN", "package": "B601_HIFI_VISUAL_LINK5", "objects": 2, "elapsed_s": 0.029}
{"time": "2026-08-05T02:46:11", "pid": 48720, "stage": "BEFORE_RECOMPUTE", "package": "B601_HIFI_VISUAL_LINK5"}
{"time": "2026-08-05T02:46:11", "pid": 48720, "stage": "AFTER_RECOMPUTE", "package": "B601_HIFI_VISUAL_LINK5", "elapsed_s": 0.001}
{"time": "2026-08-05T02:46:11", "pid": 48720, "stage": "BEFORE_CLOSE", "package": "B601_HIFI_VISUAL_LINK5"}
{"time": "2026-08-05T02:46:11", "pid": 48720, "stage": "AFTER_CLOSE", "package": "B601_HIFI_VISUAL_LINK5"}
{"time": "2026-08-05T02:46:11", "pid": 48720, "stage": "BEFORE_COLD_REOPEN", "package": "B601_HIFI_VISUAL_LINK5"}
{"time": "2026-08-05T02:46:11", "pid": 48720, "stage": "AFTER_COLD_REOPEN", "package": "B601_HIFI_VISUAL_LINK5", "objects": 2, "elapsed_s": 0.029}
{"time": "2026-08-05T02:46:11", "pid": 48720, "stage": "PACKAGE_TEST_COMPLETE", "package": "B601_HIFI_VISUAL_LINK5", "status": "PASS"}
{"time": "2026-08-05T02:46:11", "pid": 48720, "stage": "PACKAGE_TEST_START", "package": "B601_HIFI_VISUAL_LINK6"}
{"time": "2026-08-05T02:46:11", "pid": 48720, "stage": "BEFORE_OPEN", "package": "B601_HIFI_VISUAL_LINK6"}
{"time": "2026-08-05T02:46:11", "pid": 48720, "stage": "AFTER_OPEN", "package": "B601_HIFI_VISUAL_LINK6", "objects": 5, "elapsed_s": 0.099}
{"time": "2026-08-05T02:46:12", "pid": 48720, "stage": "BEFORE_RECOMPUTE", "package": "B601_HIFI_VISUAL_LINK6"}
{"time": "2026-08-05T02:46:12", "pid": 48720, "stage": "AFTER_RECOMPUTE", "package": "B601_HIFI_VISUAL_LINK6", "elapsed_s": 0.001}
{"time": "2026-08-05T02:46:12", "pid": 48720, "stage": "BEFORE_CLOSE", "package": "B601_HIFI_VISUAL_LINK6"}
{"time": "2026-08-05T02:46:12", "pid": 48720, "stage": "AFTER_CLOSE", "package": "B601_HIFI_VISUAL_LINK6"}
{"time": "2026-08-05T02:46:12", "pid": 48720, "stage": "BEFORE_COLD_REOPEN", "package": "B601_HIFI_VISUAL_LINK6"}
{"time": "2026-08-05T02:46:12", "pid": 48720, "stage": "AFTER_COLD_REOPEN", "package": "B601_HIFI_VISUAL_LINK6", "objects": 5, "elapsed_s": 0.096}
{"time": "2026-08-05T02:46:12", "pid": 48720, "stage": "PACKAGE_TEST_COMPLETE", "package": "B601_HIFI_VISUAL_LINK6", "status": "PASS"}
{"time": "2026-08-05T02:46:12", "pid": 48720, "stage": "SCRIPT_PASS", "packages_tested": 10, "all_pass": true, "total_elapsed_s": 35.87}
{"time": "2026-08-05T02:46:12", "pid": 48720, "stage": "RESULT_WRITTEN", "path": "F:\\Space-Embodied-Robot-HAG_A_20260804\\12_f3_p1_hifi_attachment\\10_t005_c\\T005_C_RESULTS.json"}
