{"time": "2026-08-05T02:44:43", "pid": 38352, "stage": "SCRIPT_START"}
{"time": "2026-08-05T02:44:43", "pid": 38352, "stage": "URDF_LOADED", "joints": 9}
{"time": "2026-08-05T02:44:43", "pid": 38352, "stage": "REFERENCE_POSES", "q0_ee": [0.26030983999892254, 4.2246381795406315e-08, 0.19170070281316054], "stow_ee": [-3.43663795125684, 0.6827346639504761, 0.7561596343079945]}
{"time": "2026-08-05T02:44:43", "pid": 38352, "stage": "ROUND_START", "round": 1}
{"time": "2026-08-05T02:44:43", "pid": 38352, "stage": "STEP", "round": 1, "step": "J01+", "ee": [0.19655628698695543, 0.1248395656017804, 0.17859583002693838]}
{"time": "2026-08-05T02:44:43", "pid": 38352, "stage": "STEP", "round": 1, "step": "J02+", "ee": [0.1689148851792051, 0.1113925502236761, 0.06642331019740524]}
{"time": "2026-08-05T02:44:43", "pid": 38352, "stage": "STEP", "round": 1, "step": "J03-", "ee": [0.16576175553817127, 0.11299150172682185, 0.28063634189240816]}
{"time": "2026-08-05T02:44:43", "pid": 38352, "stage": "STEP", "round": 1, "step": "J04+", "ee": [0.12496571568036961, 0.09008806176241702, 0.1929639082930595]}
{"time": "2026-08-05T02:44:43", "pid": 38352, "stage": "STEP", "round": 1, "step": "J05-", "ee": [0.07740399268847095, 0.12285874296432578, 0.21067624345645708]}
{"time": "2026-08-05T02:44:43", "pid": 38352, "stage": "STEP", "round": 1, "step": "J06+", "ee": [0.07370436438910036, 0.11379764868505249, 0.21564655714945316]}
{"time": "2026-08-05T02:44:43", "pid": 38352, "stage": "STEP", "round": 1, "step": "P_left+", "ee": [0.07370436438910036, 0.11379764868505249, 0.21564655714945316]}
{"time": "2026-08-05T02:44:43", "pid": 38352, "stage": "STEP", "round": 1, "step": "P_right-", "ee": [0.07370436438910036, 0.11379764868505249, 0.21564655714945316]}
{"time": "2026-08-05T02:44:43", "pid": 38352, "stage": "STEP", "round": 1, "step": "STOW", "ee": [-3.43663795125684, 0.6827346639504761, 0.7561596343079945]}
{"time": "2026-08-05T02:44:43", "pid": 38352, "stage": "STEP", "round": 1, "step": "Q0", "ee": [0.26030983999892254, 4.2246381795406315e-08, 0.19170070281316054]}
{"time": "2026-08-05T02:44:43", "pid": 38352, "stage": "ROUND_COMPLETE", "round": 1, "reset_error": 0.0}
{"time": "2026-08-05T02:44:43", "pid": 38352, "stage": "ROUND_START", "round": 2}
{"time": "2026-08-05T02:44:43", "pid": 38352, "stage": "STEP", "round": 2, "step": "J01+", "ee": [0.19655628698695543, 0.1248395656017804, 0.17859583002693838]}
{"time": "2026-08-05T02:44:43", "pid": 38352, "stage": "STEP", "round": 2, "step": "J02+", "ee": [0.1689148851792051, 0.1113925502236761, 0.06642331019740524]}
{"time": "2026-08-05T02:44:43", "pid": 38352, "stage": "STEP", "round": 2, "step": "J03-", "ee": [0.16576175553817127, 0.11299150172682185, 0.28063634189240816]}
{"time": "2026-08-05T02:44:43", "pid": 38352, "stage": "STEP", "round": 2, "step": "J04+", "ee": [0.12496571568036961, 0.09008806176241702, 0.1929639082930595]}
{"time": "2026-08-05T02:44:43", "pid": 38352, "stage": "STEP", "round": 2, "step": "J05-", "ee": [0.07740399268847095, 0.12285874296432578, 0.21067624345645708]}
{"time": "2026-08-05T02:44:43", "pid": 38352, "stage": "STEP", "round": 2, "step": "J06+", "ee": [0.07370436438910036, 0.11379764868505249, 0.21564655714945316]}
{"time": "2026-08-05T02:44:43", "pid": 38352, "stage": "STEP", "round": 2, "step": "P_left+", "ee": [0.07370436438910036, 0.11379764868505249, 0.21564655714945316]}
{"time": "2026-08-05T02:44:43", "pid": 38352, "stage": "STEP", "round": 2, "step": "P_right-", "ee": [0.07370436438910036, 0.11379764868505249, 0.21564655714945316]}
{"time": "2026-08-05T02:44:43", "pid": 38352, "stage": "STEP", "round": 2, "step": "STOW", "ee": [-3.43663795125684, 0.6827346639504761, 0.7561596343079945]}
{"time": "2026-08-05T02:44:43", "pid": 38352, "stage": "STEP", "round": 2, "step": "Q0", "ee": [0.26030983999892254, 4.2246381795406315e-08, 0.19170070281316054]}
{"time": "2026-08-05T02:44:43", "pid": 38352, "stage": "ROUND_COMPLETE", "round": 2, "reset_error": 0.0}
{"time": "2026-08-05T02:44:43", "pid": 38352, "stage": "ROUND_START", "round": 3}
{"time": "2026-08-05T02:44:43", "pid": 38352, "stage": "STEP", "round": 3, "step": "J01+", "ee": [0.19655628698695543, 0.1248395656017804, 0.17859583002693838]}
{"time": "2026-08-05T02:44:43", "pid": 38352, "stage": "STEP", "round": 3, "step": "J02+", "ee": [0.1689148851792051, 0.1113925502236761, 0.06642331019740524]}
{"time": "2026-08-05T02:44:43", "pid": 38352, "stage": "STEP", "round": 3, "step": "J03-", "ee": [0.16576175553817127, 0.11299150172682185, 0.28063634189240816]}
{"time": "2026-08-05T02:44:43", "pid": 38352, "stage": "STEP", "round": 3, "step": "J04+", "ee": [0.12496571568036961, 0.09008806176241702, 0.1929639082930595]}
{"time": "2026-08-05T02:44:43", "pid": 38352, "stage": "STEP", "round": 3, "step": "J05-", "ee": [0.07740399268847095, 0.12285874296432578, 0.21067624345645708]}
{"time": "2026-08-05T02:44:43", "pid": 38352, "stage": "STEP", "round": 3, "step": "J06+", "ee": [0.07370436438910036, 0.11379764868505249, 0.21564655714945316]}
{"time": "2026-08-05T02:44:43", "pid": 38352, "stage": "STEP", "round": 3, "step": "P_left+", "ee": [0.07370436438910036, 0.11379764868505249, 0.21564655714945316]}
{"time": "2026-08-05T02:44:43", "pid": 38352, "stage": "STEP", "round": 3, "step": "P_right-", "ee": [0.07370436438910036, 0.11379764868505249, 0.21564655714945316]}
{"time": "2026-08-05T02:44:43", "pid": 38352, "stage": "STEP", "round": 3, "step": "STOW", "ee": [-3.43663795125684, 0.6827346639504761, 0.7561596343079945]}
{"time": "2026-08-05T02:44:43", "pid": 38352, "stage": "STEP", "round": 3, "step": "Q0", "ee": [0.26030983999892254, 4.2246381795406315e-08, 0.19170070281316054]}
{"time": "2026-08-05T02:44:43", "pid": 38352, "stage": "ROUND_COMPLETE", "round": 3, "reset_error": 0.0}
{"time": "2026-08-05T02:44:43", "pid": 38352, "stage": "SCRIPT_PASS", "rounds": 3, "steps_per_round": 10, "all_reset_pass": true, "max_reset_error_mm": 0.0}
{"time": "2026-08-05T02:44:43", "pid": 38352, "stage": "RESULT_WRITTEN", "path": "F:\\Space-Embodied-Robot-HAG_A_20260804\\12_f3_p1_hifi_attachment\\09_t005_b\\T005_B_RESULTS.json"}
