{"time": "2026-08-05T02:43:24", "pid": 50652, "stage": "SCRIPT_START"}
{"time": "2026-08-05T02:43:24", "pid": 50652, "stage": "URDF_LOADED", "joints": 9}
{"time": "2026-08-05T02:43:24", "pid": 50652, "stage": "NAMED_STATES_START"}
{"time": "2026-08-05T02:43:24", "pid": 50652, "stage": "NAMED_STATE", "name": "Q0", "links": 10}
{"time": "2026-08-05T02:43:24", "pid": 50652, "stage": "NAMED_STATE", "name": "STOWED", "links": 10}
{"time": "2026-08-05T02:43:24", "pid": 50652, "stage": "NAMED_STATE", "name": "DEPLOYED_NOMINAL", "links": 10}
{"time": "2026-08-05T02:43:24", "pid": 50652, "stage": "NAMED_STATE", "name": "PARTIAL", "links": 10}
{"time": "2026-08-05T02:43:24", "pid": 50652, "stage": "NAMED_STATE", "name": "SERVICE", "links": 10}
{"time": "2026-08-05T02:43:24", "pid": 50652, "stage": "JOINT_PERTURBATIONS_START"}
{"time": "2026-08-05T02:43:25", "pid": 50652, "stage": "JOINT_PERTURBATION", "joint": "joint1", "tests": 6}
{"time": "2026-08-05T02:43:25", "pid": 50652, "stage": "JOINT_PERTURBATION", "joint": "joint2", "tests": 6}
{"time": "2026-08-05T02:43:25", "pid": 50652, "stage": "JOINT_PERTURBATION", "joint": "joint3", "tests": 6}
{"time": "2026-08-05T02:43:25", "pid": 50652, "stage": "JOINT_PERTURBATION", "joint": "joint4", "tests": 6}
{"time": "2026-08-05T02:43:25", "pid": 50652, "stage": "JOINT_PERTURBATION", "joint": "joint5", "tests": 6}
{"time": "2026-08-05T02:43:25", "pid": 50652, "stage": "JOINT_PERTURBATION", "joint": "joint6", "tests": 6}
{"time": "2026-08-05T02:43:25", "pid": 50652, "stage": "JOINT_PERTURBATION", "joint": "gripper_joint1", "tests": 6}
{"time": "2026-08-05T02:43:25", "pid": 50652, "stage": "JOINT_PERTURBATION", "joint": "gripper_joint2", "tests": 6}
{"time": "2026-08-05T02:43:25", "pid": 50652, "stage": "RANDOM_POSES_START"}
{"time": "2026-08-05T02:43:25", "pid": 50652, "stage": "RANDOM_POSE", "pose_id": 0, "links": 10}
{"time": "2026-08-05T02:43:25", "pid": 50652, "stage": "RANDOM_POSE", "pose_id": 1, "links": 10}
{"time": "2026-08-05T02:43:25", "pid": 50652, "stage": "RANDOM_POSE", "pose_id": 2, "links": 10}
{"time": "2026-08-05T02:43:25", "pid": 50652, "stage": "RANDOM_POSE", "pose_id": 3, "links": 10}
{"time": "2026-08-05T02:43:25", "pid": 50652, "stage": "RANDOM_POSE", "pose_id": 4, "links": 10}
{"time": "2026-08-05T02:43:25", "pid": 50652, "stage": "RANDOM_POSE", "pose_id": 5, "links": 10}
{"time": "2026-08-05T02:43:25", "pid": 50652, "stage": "RANDOM_POSE", "pose_id": 6, "links": 10}
{"time": "2026-08-05T02:43:25", "pid": 50652, "stage": "RANDOM_POSE", "pose_id": 7, "links": 10}
{"time": "2026-08-05T02:43:25", "pid": 50652, "stage": "RANDOM_POSE", "pose_id": 8, "links": 10}
{"time": "2026-08-05T02:43:25", "pid": 50652, "stage": "RANDOM_POSE", "pose_id": 9, "links": 10}
{"time": "2026-08-05T02:43:25", "pid": 50652, "stage": "RANDOM_POSE", "pose_id": 10, "links": 10}
{"time": "2026-08-05T02:43:25", "pid": 50652, "stage": "RANDOM_POSE", "pose_id": 11, "links": 10}
{"time": "2026-08-05T02:43:25", "pid": 50652, "stage": "RANDOM_POSE", "pose_id": 12, "links": 10}
{"time": "2026-08-05T02:43:25", "pid": 50652, "stage": "RANDOM_POSE", "pose_id": 13, "links": 10}
{"time": "2026-08-05T02:43:25", "pid": 50652, "stage": "RANDOM_POSE", "pose_id": 14, "links": 10}
{"time": "2026-08-05T02:43:25", "pid": 50652, "stage": "RANDOM_POSE", "pose_id": 15, "links": 10}
{"time": "2026-08-05T02:43:25", "pid": 50652, "stage": "RANDOM_POSE", "pose_id": 16, "links": 10}
{"time": "2026-08-05T02:43:25", "pid": 50652, "stage": "RANDOM_POSE", "pose_id": 17, "links": 10}
{"time": "2026-08-05T02:43:25", "pid": 50652, "stage": "RANDOM_POSE", "pose_id": 18, "links": 10}
{"time": "2026-08-05T02:43:25", "pid": 50652, "stage": "RANDOM_POSE", "pose_id": 19, "links": 10}
{"time": "2026-08-05T02:43:25", "pid": 50652, "stage": "SCRIPT_PASS", "named_states": 5, "joint_perturbations": 48, "random_poses": 20, "all_pass": true}
{"time": "2026-08-05T02:43:25", "pid": 50652, "stage": "RESULT_WRITTEN", "path": "F:\\Space-Embodied-Robot-HAG_A_20260804\\12_f3_p1_hifi_attachment\\08_t005_a\\T005_A_RESULTS.json"}
