{"command": ["G:\\Windows_program_file\\Anaconda\\python.exe", "../review/review_r07.py", "--execute-geometry", "--output", "../review/R07_REVIEW_FINAL.json"]}
{"review_progress": "runtime_bootstrap", "monotonic_s": 96755.344}
{"review_progress": "step_import_start", "monotonic_s": 96763.37, "path": "F:\\China Graduate Future Flight Vehicle Innovation Competition\\01_project\\competition\\SERVICE_ROBOT_MECHANICAL_CONSOLIDATION_20260905\\runs\\wp04_robot_assembly_20260906_175153\\candidate\\servicer_structure_service.step"}
{"review_progress": "step_import_loaded", "monotonic_s": 96767.473, "path": "F:\\China Graduate Future Flight Vehicle Innovation Competition\\01_project\\competition\\SERVICE_ROBOT_MECHANICAL_CONSOLIDATION_20260905\\runs\\wp04_robot_assembly_20260906_175153\\candidate\\servicer_structure_service.step"}
{"review_progress": "step_detach_progress", "monotonic_s": 96767.496, "path": "F:\\China Graduate Future Flight Vehicle Innovation Competition\\01_project\\competition\\SERVICE_ROBOT_MECHANICAL_CONSOLIDATION_20260905\\runs\\wp04_robot_assembly_20260906_175153\\candidate\\servicer_structure_service.step", "total_detached_labels": 20}
{"review_progress": "step_detach_progress", "monotonic_s": 96767.509, "path": "F:\\China Graduate Future Flight Vehicle Innovation Competition\\01_project\\competition\\SERVICE_ROBOT_MECHANICAL_CONSOLIDATION_20260905\\runs\\wp04_robot_assembly_20260906_175153\\candidate\\servicer_structure_service.step", "total_detached_labels": 40}
{"review_progress": "step_detach_progress", "monotonic_s": 96767.521, "path": "F:\\China Graduate Future Flight Vehicle Innovation Competition\\01_project\\competition\\SERVICE_ROBOT_MECHANICAL_CONSOLIDATION_20260905\\runs\\wp04_robot_assembly_20260906_175153\\candidate\\servicer_structure_service.step", "total_detached_labels": 60}
{"review_progress": "step_detach_progress", "monotonic_s": 96767.532, "path": "F:\\China Graduate Future Flight Vehicle Innovation Competition\\01_project\\competition\\SERVICE_ROBOT_MECHANICAL_CONSOLIDATION_20260905\\runs\\wp04_robot_assembly_20260906_175153\\candidate\\servicer_structure_service.step", "total_detached_labels": 80}
{"review_progress": "step_detach_progress", "monotonic_s": 96767.545, "path": "F:\\China Graduate Future Flight Vehicle Innovation Competition\\01_project\\competition\\SERVICE_ROBOT_MECHANICAL_CONSOLIDATION_20260905\\runs\\wp04_robot_assembly_20260906_175153\\candidate\\servicer_structure_service.step", "total_detached_labels": 100}
{"review_progress": "step_detach_progress", "monotonic_s": 96767.555, "path": "F:\\China Graduate Future Flight Vehicle Innovation Competition\\01_project\\competition\\SERVICE_ROBOT_MECHANICAL_CONSOLIDATION_20260905\\runs\\wp04_robot_assembly_20260906_175153\\candidate\\servicer_structure_service.step", "total_detached_labels": 120}
{"review_progress": "step_detach_progress", "monotonic_s": 96767.566, "path": "F:\\China Graduate Future Flight Vehicle Innovation Competition\\01_project\\competition\\SERVICE_ROBOT_MECHANICAL_CONSOLIDATION_20260905\\runs\\wp04_robot_assembly_20260906_175153\\candidate\\servicer_structure_service.step", "total_detached_labels": 140}
{"review_progress": "step_detach_progress", "monotonic_s": 96767.578, "path": "F:\\China Graduate Future Flight Vehicle Innovation Competition\\01_project\\competition\\SERVICE_ROBOT_MECHANICAL_CONSOLIDATION_20260905\\runs\\wp04_robot_assembly_20260906_175153\\candidate\\servicer_structure_service.step", "total_detached_labels": 160}
{"review_progress": "step_detach_progress", "monotonic_s": 96767.603, "path": "F:\\China Graduate Future Flight Vehicle Innovation Competition\\01_project\\competition\\SERVICE_ROBOT_MECHANICAL_CONSOLIDATION_20260905\\runs\\wp04_robot_assembly_20260906_175153\\candidate\\servicer_structure_service.step", "total_detached_labels": 180}
{"review_progress": "step_detach_progress", "monotonic_s": 96767.609, "path": "F:\\China Graduate Future Flight Vehicle Innovation Competition\\01_project\\competition\\SERVICE_ROBOT_MECHANICAL_CONSOLIDATION_20260905\\runs\\wp04_robot_assembly_20260906_175153\\candidate\\servicer_structure_service.step", "total_detached_labels": 200}
{"review_progress": "step_detach_progress", "monotonic_s": 96767.614, "path": "F:\\China Graduate Future Flight Vehicle Innovation Competition\\01_project\\competition\\SERVICE_ROBOT_MECHANICAL_CONSOLIDATION_20260905\\runs\\wp04_robot_assembly_20260906_175153\\candidate\\servicer_structure_service.step", "total_detached_labels": 220}
{"review_progress": "step_detach_progress", "monotonic_s": 96767.619, "path": "F:\\China Graduate Future Flight Vehicle Innovation Competition\\01_project\\competition\\SERVICE_ROBOT_MECHANICAL_CONSOLIDATION_20260905\\runs\\wp04_robot_assembly_20260906_175153\\candidate\\servicer_structure_service.step", "total_detached_labels": 240}
{"review_progress": "step_detach_progress", "monotonic_s": 96767.624, "path": "F:\\China Graduate Future Flight Vehicle Innovation Competition\\01_project\\competition\\SERVICE_ROBOT_MECHANICAL_CONSOLIDATION_20260905\\runs\\wp04_robot_assembly_20260906_175153\\candidate\\servicer_structure_service.step", "total_detached_labels": 260}
{"review_progress": "step_detach_progress", "monotonic_s": 96767.628, "path": "F:\\China Graduate Future Flight Vehicle Innovation Competition\\01_project\\competition\\SERVICE_ROBOT_MECHANICAL_CONSOLIDATION_20260905\\runs\\wp04_robot_assembly_20260906_175153\\candidate\\servicer_structure_service.step", "total_detached_labels": 280}
{"review_progress": "step_detach_progress", "monotonic_s": 96767.632, "path": "F:\\China Graduate Future Flight Vehicle Innovation Competition\\01_project\\competition\\SERVICE_ROBOT_MECHANICAL_CONSOLIDATION_20260905\\runs\\wp04_robot_assembly_20260906_175153\\candidate\\servicer_structure_service.step", "total_detached_labels": 300}
{"review_progress": "step_detach_progress", "monotonic_s": 96767.638, "path": "F:\\China Graduate Future Flight Vehicle Innovation Competition\\01_project\\competition\\SERVICE_ROBOT_MECHANICAL_CONSOLIDATION_20260905\\runs\\wp04_robot_assembly_20260906_175153\\candidate\\servicer_structure_service.step", "total_detached_labels": 320}
{"review_progress": "step_detach_progress", "monotonic_s": 96767.645, "path": "F:\\China Graduate Future Flight Vehicle Innovation Competition\\01_project\\competition\\SERVICE_ROBOT_MECHANICAL_CONSOLIDATION_20260905\\runs\\wp04_robot_assembly_20260906_175153\\candidate\\servicer_structure_service.step", "total_detached_labels": 340}
{"review_progress": "step_detach_progress", "monotonic_s": 96767.651, "path": "F:\\China Graduate Future Flight Vehicle Innovation Competition\\01_project\\competition\\SERVICE_ROBOT_MECHANICAL_CONSOLIDATION_20260905\\runs\\wp04_robot_assembly_20260906_175153\\candidate\\servicer_structure_service.step", "total_detached_labels": 360}
{"review_progress": "step_detach_progress", "monotonic_s": 96767.657, "path": "F:\\China Graduate Future Flight Vehicle Innovation Competition\\01_project\\competition\\SERVICE_ROBOT_MECHANICAL_CONSOLIDATION_20260905\\runs\\wp04_robot_assembly_20260906_175153\\candidate\\servicer_structure_service.step", "total_detached_labels": 380}
{"review_progress": "step_detach_progress", "monotonic_s": 96767.663, "path": "F:\\China Graduate Future Flight Vehicle Innovation Competition\\01_project\\competition\\SERVICE_ROBOT_MECHANICAL_CONSOLIDATION_20260905\\runs\\wp04_robot_assembly_20260906_175153\\candidate\\servicer_structure_service.step", "total_detached_labels": 400}
{"review_progress": "step_detach_progress", "monotonic_s": 96767.67, "path": "F:\\China Graduate Future Flight Vehicle Innovation Competition\\01_project\\competition\\SERVICE_ROBOT_MECHANICAL_CONSOLIDATION_20260905\\runs\\wp04_robot_assembly_20260906_175153\\candidate\\servicer_structure_service.step", "total_detached_labels": 420}
{"review_progress": "step_detach_progress", "monotonic_s": 96767.676, "path": "F:\\China Graduate Future Flight Vehicle Innovation Competition\\01_project\\competition\\SERVICE_ROBOT_MECHANICAL_CONSOLIDATION_20260905\\runs\\wp04_robot_assembly_20260906_175153\\candidate\\servicer_structure_service.step", "total_detached_labels": 440}
{"review_progress": "step_detach_progress", "monotonic_s": 96767.683, "path": "F:\\China Graduate Future Flight Vehicle Innovation Competition\\01_project\\competition\\SERVICE_ROBOT_MECHANICAL_CONSOLIDATION_20260905\\runs\\wp04_robot_assembly_20260906_175153\\candidate\\servicer_structure_service.step", "total_detached_labels": 460}
{"review_progress": "step_detach_progress", "monotonic_s": 96767.689, "path": "F:\\China Graduate Future Flight Vehicle Innovation Competition\\01_project\\competition\\SERVICE_ROBOT_MECHANICAL_CONSOLIDATION_20260905\\runs\\wp04_robot_assembly_20260906_175153\\candidate\\servicer_structure_service.step", "total_detached_labels": 480}
{"review_progress": "step_detach_progress", "monotonic_s": 96767.695, "path": "F:\\China Graduate Future Flight Vehicle Innovation Competition\\01_project\\competition\\SERVICE_ROBOT_MECHANICAL_CONSOLIDATION_20260905\\runs\\wp04_robot_assembly_20260906_175153\\candidate\\servicer_structure_service.step", "total_detached_labels": 500}
{"review_progress": "step_detach_progress", "monotonic_s": 96767.702, "path": "F:\\China Graduate Future Flight Vehicle Innovation Competition\\01_project\\competition\\SERVICE_ROBOT_MECHANICAL_CONSOLIDATION_20260905\\runs\\wp04_robot_assembly_20260906_175153\\candidate\\servicer_structure_service.step", "total_detached_labels": 520}
{"review_progress": "step_detach_progress", "monotonic_s": 96767.708, "path": "F:\\China Graduate Future Flight Vehicle Innovation Competition\\01_project\\competition\\SERVICE_ROBOT_MECHANICAL_CONSOLIDATION_20260905\\runs\\wp04_robot_assembly_20260906_175153\\candidate\\servicer_structure_service.step", "total_detached_labels": 540}
{"review_progress": "step_detach_progress", "monotonic_s": 96767.713, "path": "F:\\China Graduate Future Flight Vehicle Innovation Competition\\01_project\\competition\\SERVICE_ROBOT_MECHANICAL_CONSOLIDATION_20260905\\runs\\wp04_robot_assembly_20260906_175153\\candidate\\servicer_structure_service.step", "total_detached_labels": 560}
{"review_progress": "step_detach_done", "monotonic_s": 96767.718, "path": "F:\\China Graduate Future Flight Vehicle Innovation Competition\\01_project\\competition\\SERVICE_ROBOT_MECHANICAL_CONSOLIDATION_20260905\\runs\\wp04_robot_assembly_20260906_175153\\candidate\\servicer_structure_service.step", "detached_leaf_count": 575}
{"review_progress": "step_source_tree_released", "monotonic_s": 96767.896, "path": "F:\\China Graduate Future Flight Vehicle Innovation Competition\\01_project\\competition\\SERVICE_ROBOT_MECHANICAL_CONSOLIDATION_20260905\\runs\\wp04_robot_assembly_20260906_175153\\candidate\\servicer_structure_service.step"}
{"review_progress": "shape_registry_ready", "monotonic_s": 96767.899, "instance_count": 575}
{"review_progress": "bounds_ready", "monotonic_s": 96767.984, "instance_count": 575}
{"review_progress": "validity_start", "monotonic_s": 96767.984, "instance_count": 575}
{"review_progress": "validity_progress", "monotonic_s": 96768.177, "checked": 25, "last_id": "RB_lower_beam_20"}
{"review_progress": "validity_progress", "monotonic_s": 96768.237, "checked": 50, "last_id": "RB_pillar_bottom_washer_2"}
{"review_progress": "validity_progress", "monotonic_s": 96768.305, "checked": 75, "last_id": "M6_root_bolt_70_70"}
{"review_progress": "validity_progress", "monotonic_s": 96768.343, "checked": 100, "last_id": "M5_bottom_washer_5"}
{"review_progress": "validity_progress", "monotonic_s": 96768.405, "checked": 125, "last_id": "shear_web_screw_-1_-30_-94"}
{"review_progress": "validity_progress", "monotonic_s": 96768.456, "checked": 150, "last_id": "cover_mount_-1_0_-75"}
{"review_progress": "validity_progress", "monotonic_s": 96768.523, "checked": 175, "last_id": "shear_web_screw_1_30_-94"}
{"review_progress": "validity_progress", "monotonic_s": 96768.599, "checked": 200, "last_id": "lower_deck_angle_-1_1"}
{"review_progress": "validity_progress", "monotonic_s": 96768.673, "checked": 225, "last_id": "R01_D_lower_-1_50_washer_head"}
{"review_progress": "validity_progress", "monotonic_s": 96768.719, "checked": 250, "last_id": "R01_W_lower_1_-130_washer_nut"}
{"review_progress": "validity_progress", "monotonic_s": 96768.766, "checked": 275, "last_id": "R01_D_upper_-1_-150_nut"}
{"review_progress": "validity_progress", "monotonic_s": 96768.813, "checked": 300, "last_id": "R01_W_upper_-1_130_screw"}
{"review_progress": "validity_progress", "monotonic_s": 96768.858, "checked": 325, "last_id": "R01_D_upper_1_140_washer_head"}
{"review_progress": "validity_progress", "monotonic_s": 96768.919, "checked": 350, "last_id": "equipment_adcs_propulsion_allocation"}
{"review_progress": "validity_progress", "monotonic_s": 96768.969, "checked": 375, "last_id": "trunk_clip_0"}
{"review_progress": "validity_progress", "monotonic_s": 96769.033, "checked": 400, "last_id": "hold_contact_pad_0_1"}
{"review_progress": "validity_progress", "monotonic_s": 96769.096, "checked": 425, "last_id": "hold_contact_pad_1_1"}
{"review_progress": "validity_progress", "monotonic_s": 96769.166, "checked": 450, "last_id": "wing_-1_leaf_3"}
{"review_progress": "validity_progress", "monotonic_s": 96769.413, "checked": 475, "last_id": "wing_edge_frame_1_2_1"}
{"review_progress": "validity_progress", "monotonic_s": 96769.479, "checked": 500, "last_id": "R07_RAIL_-1_1_15_nut"}
{"review_progress": "validity_progress", "monotonic_s": 96769.523, "checked": 525, "last_id": "R07_RAIL_1_1_15_washer_nut"}
{"review_progress": "validity_progress", "monotonic_s": 96769.569, "checked": 550, "last_id": "R07_HOLD_0_1_OUTER_washer_head"}
{"review_progress": "validity_progress", "monotonic_s": 96769.612, "checked": 575, "last_id": "R07_rear_axial_washer_1_1"}
{"review_progress": "validity_done", "monotonic_s": 96769.612, "checked": 575}
{"review_progress": "local_step_import_start", "monotonic_s": 96769.612, "path": "F:\\China Graduate Future Flight Vehicle Innovation Competition\\01_project\\competition\\SERVICE_ROBOT_MECHANICAL_CONSOLIDATION_20260905\\runs\\wp04_robot_assembly_20260906_175153\\candidate\\r07_local.step"}
{"review_progress": "local_step_equivalence_done", "monotonic_s": 96777.209, "checked": 246}
{"review_progress": "connection", "monotonic_s": 96777.21, "id": "R07_RAIL_-1_-1_15"}
{"review_progress": "connection", "monotonic_s": 96777.891, "id": "R07_RAIL_-1_-1_164"}
{"review_progress": "connection", "monotonic_s": 96778.696, "id": "R07_RAIL_-1_-1_-164"}
{"review_progress": "connection", "monotonic_s": 96779.48, "id": "R07_RAIL_-1_1_15"}
{"review_progress": "connection", "monotonic_s": 96780.14, "id": "R07_RAIL_-1_1_164"}
{"review_progress": "connection", "monotonic_s": 96780.861, "id": "R07_RAIL_-1_1_-164"}
{"review_progress": "connection", "monotonic_s": 96781.573, "id": "R07_RAIL_1_-1_15"}
{"review_progress": "connection", "monotonic_s": 96782.241, "id": "R07_RAIL_1_-1_164"}
{"review_progress": "connection", "monotonic_s": 96783.051, "id": "R07_RAIL_1_-1_-164"}
{"review_progress": "connection", "monotonic_s": 96783.841, "id": "R07_RAIL_1_1_15"}
{"review_progress": "connection", "monotonic_s": 96784.508, "id": "R07_RAIL_1_1_164"}
{"review_progress": "connection", "monotonic_s": 96785.237, "id": "R07_RAIL_1_1_-164"}
{"review_progress": "connection", "monotonic_s": 96785.954, "id": "R07_HOLD_0_-1_INNER"}
{"review_progress": "connection", "monotonic_s": 96786.597, "id": "R07_HOLD_0_-1_OUTER"}
{"review_progress": "connection", "monotonic_s": 96787.331, "id": "R07_HOLD_0_1_INNER"}
{"review_progress": "connection", "monotonic_s": 96787.917, "id": "R07_HOLD_0_1_OUTER"}
{"review_progress": "connection", "monotonic_s": 96788.584, "id": "R07_HOLD_1_-1_INNER"}
{"review_progress": "connection", "monotonic_s": 96789.236, "id": "R07_HOLD_1_-1_OUTER"}
{"review_progress": "connection", "monotonic_s": 96789.972, "id": "R07_HOLD_1_1_INNER"}
{"review_progress": "connection", "monotonic_s": 96790.569, "id": "R07_HOLD_1_1_OUTER"}
{"review_progress": "static_pairs", "monotonic_s": 96792.332, "broad": 1547, "narrow": 50}
{"review_progress": "static_pairs", "monotonic_s": 96792.752, "broad": 5022, "narrow": 100}
{"review_progress": "static_pairs", "monotonic_s": 96793.093, "broad": 11398, "narrow": 150}
{"review_progress": "static_pairs", "monotonic_s": 96793.361, "broad": 24112, "narrow": 200}
{"review_progress": "static_pairs", "monotonic_s": 96793.553, "broad": 33275, "narrow": 250}
{"review_progress": "static_pairs", "monotonic_s": 96793.758, "broad": 60806, "narrow": 300}
{"review_progress": "static_pairs", "monotonic_s": 96794.048, "broad": 68210, "narrow": 350}
{"review_progress": "static_pairs", "monotonic_s": 96794.223, "broad": 71981, "narrow": 400}
{"status": "SCOPED_GEOMETRY_WITH_UNKNOWN", "output": "..\\review\\R07_REVIEW_FINAL.json"}
{"command": ["G:\\Windows_program_file\\Anaconda\\python.exe", "../review/r07_three_state.py", "--execute-geometry", "--service-review", "../review/R07_REVIEW_FINAL.json", "--output", "../review/R07_THREE_STATE.json"]}
{"review_progress": "service_reference_import", "monotonic_s": 96795.656}
{"review_progress": "step_import_start", "monotonic_s": 96803.126, "path": "F:\\China Graduate Future Flight Vehicle Innovation Competition\\01_project\\competition\\SERVICE_ROBOT_MECHANICAL_CONSOLIDATION_20260905\\runs\\wp04_robot_assembly_20260906_175153\\candidate\\servicer_structure_service.step"}
{"review_progress": "step_import_loaded", "monotonic_s": 96807.025, "path": "F:\\China Graduate Future Flight Vehicle Innovation Competition\\01_project\\competition\\SERVICE_ROBOT_MECHANICAL_CONSOLIDATION_20260905\\runs\\wp04_robot_assembly_20260906_175153\\candidate\\servicer_structure_service.step"}
{"review_progress": "step_detach_progress", "monotonic_s": 96807.046, "path": "F:\\China Graduate Future Flight Vehicle Innovation Competition\\01_project\\competition\\SERVICE_ROBOT_MECHANICAL_CONSOLIDATION_20260905\\runs\\wp04_robot_assembly_20260906_175153\\candidate\\servicer_structure_service.step", "total_detached_labels": 20}
{"review_progress": "step_detach_progress", "monotonic_s": 96807.059, "path": "F:\\China Graduate Future Flight Vehicle Innovation Competition\\01_project\\competition\\SERVICE_ROBOT_MECHANICAL_CONSOLIDATION_20260905\\runs\\wp04_robot_assembly_20260906_175153\\candidate\\servicer_structure_service.step", "total_detached_labels": 40}
{"review_progress": "step_detach_progress", "monotonic_s": 96807.069, "path": "F:\\China Graduate Future Flight Vehicle Innovation Competition\\01_project\\competition\\SERVICE_ROBOT_MECHANICAL_CONSOLIDATION_20260905\\runs\\wp04_robot_assembly_20260906_175153\\candidate\\servicer_structure_service.step", "total_detached_labels": 60}
{"review_progress": "step_detach_progress", "monotonic_s": 96807.079, "path": "F:\\China Graduate Future Flight Vehicle Innovation Competition\\01_project\\competition\\SERVICE_ROBOT_MECHANICAL_CONSOLIDATION_20260905\\runs\\wp04_robot_assembly_20260906_175153\\candidate\\servicer_structure_service.step", "total_detached_labels": 80}
{"review_progress": "step_detach_progress", "monotonic_s": 96807.092, "path": "F:\\China Graduate Future Flight Vehicle Innovation Competition\\01_project\\competition\\SERVICE_ROBOT_MECHANICAL_CONSOLIDATION_20260905\\runs\\wp04_robot_assembly_20260906_175153\\candidate\\servicer_structure_service.step", "total_detached_labels": 100}
{"review_progress": "step_detach_progress", "monotonic_s": 96807.101, "path": "F:\\China Graduate Future Flight Vehicle Innovation Competition\\01_project\\competition\\SERVICE_ROBOT_MECHANICAL_CONSOLIDATION_20260905\\runs\\wp04_robot_assembly_20260906_175153\\candidate\\servicer_structure_service.step", "total_detached_labels": 120}
{"review_progress": "step_detach_progress", "monotonic_s": 96807.111, "path": "F:\\China Graduate Future Flight Vehicle Innovation Competition\\01_project\\competition\\SERVICE_ROBOT_MECHANICAL_CONSOLIDATION_20260905\\runs\\wp04_robot_assembly_20260906_175153\\candidate\\servicer_structure_service.step", "total_detached_labels": 140}
{"review_progress": "step_detach_progress", "monotonic_s": 96807.123, "path": "F:\\China Graduate Future Flight Vehicle Innovation Competition\\01_project\\competition\\SERVICE_ROBOT_MECHANICAL_CONSOLIDATION_20260905\\runs\\wp04_robot_assembly_20260906_175153\\candidate\\servicer_structure_service.step", "total_detached_labels": 160}
{"review_progress": "step_detach_progress", "monotonic_s": 96807.146, "path": "F:\\China Graduate Future Flight Vehicle Innovation Competition\\01_project\\competition\\SERVICE_ROBOT_MECHANICAL_CONSOLIDATION_20260905\\runs\\wp04_robot_assembly_20260906_175153\\candidate\\servicer_structure_service.step", "total_detached_labels": 180}
{"review_progress": "step_detach_progress", "monotonic_s": 96807.153, "path": "F:\\China Graduate Future Flight Vehicle Innovation Competition\\01_project\\competition\\SERVICE_ROBOT_MECHANICAL_CONSOLIDATION_20260905\\runs\\wp04_robot_assembly_20260906_175153\\candidate\\servicer_structure_service.step", "total_detached_labels": 200}
{"review_progress": "step_detach_progress", "monotonic_s": 96807.158, "path": "F:\\China Graduate Future Flight Vehicle Innovation Competition\\01_project\\competition\\SERVICE_ROBOT_MECHANICAL_CONSOLIDATION_20260905\\runs\\wp04_robot_assembly_20260906_175153\\candidate\\servicer_structure_service.step", "total_detached_labels": 220}
{"review_progress": "step_detach_progress", "monotonic_s": 96807.162, "path": "F:\\China Graduate Future Flight Vehicle Innovation Competition\\01_project\\competition\\SERVICE_ROBOT_MECHANICAL_CONSOLIDATION_20260905\\runs\\wp04_robot_assembly_20260906_175153\\candidate\\servicer_structure_service.step", "total_detached_labels": 240}
{"review_progress": "step_detach_progress", "monotonic_s": 96807.167, "path": "F:\\China Graduate Future Flight Vehicle Innovation Competition\\01_project\\competition\\SERVICE_ROBOT_MECHANICAL_CONSOLIDATION_20260905\\runs\\wp04_robot_assembly_20260906_175153\\candidate\\servicer_structure_service.step", "total_detached_labels": 260}
{"review_progress": "step_detach_progress", "monotonic_s": 96807.171, "path": "F:\\China Graduate Future Flight Vehicle Innovation Competition\\01_project\\competition\\SERVICE_ROBOT_MECHANICAL_CONSOLIDATION_20260905\\runs\\wp04_robot_assembly_20260906_175153\\candidate\\servicer_structure_service.step", "total_detached_labels": 280}
{"review_progress": "step_detach_progress", "monotonic_s": 96807.175, "path": "F:\\China Graduate Future Flight Vehicle Innovation Competition\\01_project\\competition\\SERVICE_ROBOT_MECHANICAL_CONSOLIDATION_20260905\\runs\\wp04_robot_assembly_20260906_175153\\candidate\\servicer_structure_service.step", "total_detached_labels": 300}
{"review_progress": "step_detach_progress", "monotonic_s": 96807.18, "path": "F:\\China Graduate Future Flight Vehicle Innovation Competition\\01_project\\competition\\SERVICE_ROBOT_MECHANICAL_CONSOLIDATION_20260905\\runs\\wp04_robot_assembly_20260906_175153\\candidate\\servicer_structure_service.step", "total_detached_labels": 320}
{"review_progress": "step_detach_progress", "monotonic_s": 96807.186, "path": "F:\\China Graduate Future Flight Vehicle Innovation Competition\\01_project\\competition\\SERVICE_ROBOT_MECHANICAL_CONSOLIDATION_20260905\\runs\\wp04_robot_assembly_20260906_175153\\candidate\\servicer_structure_service.step", "total_detached_labels": 340}
{"review_progress": "step_detach_progress", "monotonic_s": 96807.192, "path": "F:\\China Graduate Future Flight Vehicle Innovation Competition\\01_project\\competition\\SERVICE_ROBOT_MECHANICAL_CONSOLIDATION_20260905\\runs\\wp04_robot_assembly_20260906_175153\\candidate\\servicer_structure_service.step", "total_detached_labels": 360}
{"review_progress": "step_detach_progress", "monotonic_s": 96807.199, "path": "F:\\China Graduate Future Flight Vehicle Innovation Competition\\01_project\\competition\\SERVICE_ROBOT_MECHANICAL_CONSOLIDATION_20260905\\runs\\wp04_robot_assembly_20260906_175153\\candidate\\servicer_structure_service.step", "total_detached_labels": 380}
{"review_progress": "step_detach_progress", "monotonic_s": 96807.204, "path": "F:\\China Graduate Future Flight Vehicle Innovation Competition\\01_project\\competition\\SERVICE_ROBOT_MECHANICAL_CONSOLIDATION_20260905\\runs\\wp04_robot_assembly_20260906_175153\\candidate\\servicer_structure_service.step", "total_detached_labels": 400}
{"review_progress": "step_detach_progress", "monotonic_s": 96807.211, "path": "F:\\China Graduate Future Flight Vehicle Innovation Competition\\01_project\\competition\\SERVICE_ROBOT_MECHANICAL_CONSOLIDATION_20260905\\runs\\wp04_robot_assembly_20260906_175153\\candidate\\servicer_structure_service.step", "total_detached_labels": 420}
{"review_progress": "step_detach_progress", "monotonic_s": 96807.217, "path": "F:\\China Graduate Future Flight Vehicle Innovation Competition\\01_project\\competition\\SERVICE_ROBOT_MECHANICAL_CONSOLIDATION_20260905\\runs\\wp04_robot_assembly_20260906_175153\\candidate\\servicer_structure_service.step", "total_detached_labels": 440}
{"review_progress": "step_detach_progress", "monotonic_s": 96807.223, "path": "F:\\China Graduate Future Flight Vehicle Innovation Competition\\01_project\\competition\\SERVICE_ROBOT_MECHANICAL_CONSOLIDATION_20260905\\runs\\wp04_robot_assembly_20260906_175153\\candidate\\servicer_structure_service.step", "total_detached_labels": 460}
{"review_progress": "step_detach_progress", "monotonic_s": 96807.228, "path": "F:\\China Graduate Future Flight Vehicle Innovation Competition\\01_project\\competition\\SERVICE_ROBOT_MECHANICAL_CONSOLIDATION_20260905\\runs\\wp04_robot_assembly_20260906_175153\\candidate\\servicer_structure_service.step", "total_detached_labels": 480}
{"review_progress": "step_detach_progress", "monotonic_s": 96807.234, "path": "F:\\China Graduate Future Flight Vehicle Innovation Competition\\01_project\\competition\\SERVICE_ROBOT_MECHANICAL_CONSOLIDATION_20260905\\runs\\wp04_robot_assembly_20260906_175153\\candidate\\servicer_structure_service.step", "total_detached_labels": 500}
{"review_progress": "step_detach_progress", "monotonic_s": 96807.241, "path": "F:\\China Graduate Future Flight Vehicle Innovation Competition\\01_project\\competition\\SERVICE_ROBOT_MECHANICAL_CONSOLIDATION_20260905\\runs\\wp04_robot_assembly_20260906_175153\\candidate\\servicer_structure_service.step", "total_detached_labels": 520}
{"review_progress": "step_detach_progress", "monotonic_s": 96807.246, "path": "F:\\China Graduate Future Flight Vehicle Innovation Competition\\01_project\\competition\\SERVICE_ROBOT_MECHANICAL_CONSOLIDATION_20260905\\runs\\wp04_robot_assembly_20260906_175153\\candidate\\servicer_structure_service.step", "total_detached_labels": 540}
{"review_progress": "step_detach_progress", "monotonic_s": 96807.25, "path": "F:\\China Graduate Future Flight Vehicle Innovation Competition\\01_project\\competition\\SERVICE_ROBOT_MECHANICAL_CONSOLIDATION_20260905\\runs\\wp04_robot_assembly_20260906_175153\\candidate\\servicer_structure_service.step", "total_detached_labels": 560}
{"review_progress": "step_detach_done", "monotonic_s": 96807.255, "path": "F:\\China Graduate Future Flight Vehicle Innovation Competition\\01_project\\competition\\SERVICE_ROBOT_MECHANICAL_CONSOLIDATION_20260905\\runs\\wp04_robot_assembly_20260906_175153\\candidate\\servicer_structure_service.step", "detached_leaf_count": 575}
{"review_progress": "step_source_tree_released", "monotonic_s": 96807.421, "path": "F:\\China Graduate Future Flight Vehicle Innovation Competition\\01_project\\competition\\SERVICE_ROBOT_MECHANICAL_CONSOLIDATION_20260905\\runs\\wp04_robot_assembly_20260906_175153\\candidate\\servicer_structure_service.step"}
{"review_progress": "shape_registry_ready", "monotonic_s": 96807.424, "instance_count": 575}
{"review_progress": "bounds_ready", "monotonic_s": 96807.503, "instance_count": 575}
{"review_progress": "only_service_affected_shapes_retained", "monotonic_s": 96808.001, "count": 158}
{"review_progress": "state_start", "monotonic_s": 96808.001, "state": "parking"}
{"review_progress": "step_import_start", "monotonic_s": 96808.023, "path": "F:\\China Graduate Future Flight Vehicle Innovation Competition\\01_project\\competition\\SERVICE_ROBOT_MECHANICAL_CONSOLIDATION_20260905\\runs\\wp04_robot_assembly_20260906_175153\\candidate\\servicer_structure_parking.step"}
{"review_progress": "step_import_loaded", "monotonic_s": 96811.898, "path": "F:\\China Graduate Future Flight Vehicle Innovation Competition\\01_project\\competition\\SERVICE_ROBOT_MECHANICAL_CONSOLIDATION_20260905\\runs\\wp04_robot_assembly_20260906_175153\\candidate\\servicer_structure_parking.step"}
{"review_progress": "step_detach_progress", "monotonic_s": 96811.915, "path": "F:\\China Graduate Future Flight Vehicle Innovation Competition\\01_project\\competition\\SERVICE_ROBOT_MECHANICAL_CONSOLIDATION_20260905\\runs\\wp04_robot_assembly_20260906_175153\\candidate\\servicer_structure_parking.step", "total_detached_labels": 20}
{"review_progress": "step_detach_progress", "monotonic_s": 96811.927, "path": "F:\\China Graduate Future Flight Vehicle Innovation Competition\\01_project\\competition\\SERVICE_ROBOT_MECHANICAL_CONSOLIDATION_20260905\\runs\\wp04_robot_assembly_20260906_175153\\candidate\\servicer_structure_parking.step", "total_detached_labels": 40}
{"review_progress": "step_detach_progress", "monotonic_s": 96811.937, "path": "F:\\China Graduate Future Flight Vehicle Innovation Competition\\01_project\\competition\\SERVICE_ROBOT_MECHANICAL_CONSOLIDATION_20260905\\runs\\wp04_robot_assembly_20260906_175153\\candidate\\servicer_structure_parking.step", "total_detached_labels": 60}
{"review_progress": "step_detach_progress", "monotonic_s": 96811.948, "path": "F:\\China Graduate Future Flight Vehicle Innovation Competition\\01_project\\competition\\SERVICE_ROBOT_MECHANICAL_CONSOLIDATION_20260905\\runs\\wp04_robot_assembly_20260906_175153\\candidate\\servicer_structure_parking.step", "total_detached_labels": 80}
{"review_progress": "step_detach_progress", "monotonic_s": 96811.96, "path": "F:\\China Graduate Future Flight Vehicle Innovation Competition\\01_project\\competition\\SERVICE_ROBOT_MECHANICAL_CONSOLIDATION_20260905\\runs\\wp04_robot_assembly_20260906_175153\\candidate\\servicer_structure_parking.step", "total_detached_labels": 100}
{"review_progress": "step_detach_progress", "monotonic_s": 96811.97, "path": "F:\\China Graduate Future Flight Vehicle Innovation Competition\\01_project\\competition\\SERVICE_ROBOT_MECHANICAL_CONSOLIDATION_20260905\\runs\\wp04_robot_assembly_20260906_175153\\candidate\\servicer_structure_parking.step", "total_detached_labels": 120}
{"review_progress": "step_detach_progress", "monotonic_s": 96811.98, "path": "F:\\China Graduate Future Flight Vehicle Innovation Competition\\01_project\\competition\\SERVICE_ROBOT_MECHANICAL_CONSOLIDATION_20260905\\runs\\wp04_robot_assembly_20260906_175153\\candidate\\servicer_structure_parking.step", "total_detached_labels": 140}
{"review_progress": "step_detach_progress", "monotonic_s": 96811.991, "path": "F:\\China Graduate Future Flight Vehicle Innovation Competition\\01_project\\competition\\SERVICE_ROBOT_MECHANICAL_CONSOLIDATION_20260905\\runs\\wp04_robot_assembly_20260906_175153\\candidate\\servicer_structure_parking.step", "total_detached_labels": 160}
{"review_progress": "step_detach_progress", "monotonic_s": 96812.014, "path": "F:\\China Graduate Future Flight Vehicle Innovation Competition\\01_project\\competition\\SERVICE_ROBOT_MECHANICAL_CONSOLIDATION_20260905\\runs\\wp04_robot_assembly_20260906_175153\\candidate\\servicer_structure_parking.step", "total_detached_labels": 180}
{"review_progress": "step_detach_progress", "monotonic_s": 96812.02, "path": "F:\\China Graduate Future Flight Vehicle Innovation Competition\\01_project\\competition\\SERVICE_ROBOT_MECHANICAL_CONSOLIDATION_20260905\\runs\\wp04_robot_assembly_20260906_175153\\candidate\\servicer_structure_parking.step", "total_detached_labels": 200}
{"review_progress": "step_detach_progress", "monotonic_s": 96812.025, "path": "F:\\China Graduate Future Flight Vehicle Innovation Competition\\01_project\\competition\\SERVICE_ROBOT_MECHANICAL_CONSOLIDATION_20260905\\runs\\wp04_robot_assembly_20260906_175153\\candidate\\servicer_structure_parking.step", "total_detached_labels": 220}
{"review_progress": "step_detach_progress", "monotonic_s": 96812.029, "path": "F:\\China Graduate Future Flight Vehicle Innovation Competition\\01_project\\competition\\SERVICE_ROBOT_MECHANICAL_CONSOLIDATION_20260905\\runs\\wp04_robot_assembly_20260906_175153\\candidate\\servicer_structure_parking.step", "total_detached_labels": 240}
{"review_progress": "step_detach_progress", "monotonic_s": 96812.034, "path": "F:\\China Graduate Future Flight Vehicle Innovation Competition\\01_project\\competition\\SERVICE_ROBOT_MECHANICAL_CONSOLIDATION_20260905\\runs\\wp04_robot_assembly_20260906_175153\\candidate\\servicer_structure_parking.step", "total_detached_labels": 260}
{"review_progress": "step_detach_progress", "monotonic_s": 96812.038, "path": "F:\\China Graduate Future Flight Vehicle Innovation Competition\\01_project\\competition\\SERVICE_ROBOT_MECHANICAL_CONSOLIDATION_20260905\\runs\\wp04_robot_assembly_20260906_175153\\candidate\\servicer_structure_parking.step", "total_detached_labels": 280}
{"review_progress": "step_detach_progress", "monotonic_s": 96812.042, "path": "F:\\China Graduate Future Flight Vehicle Innovation Competition\\01_project\\competition\\SERVICE_ROBOT_MECHANICAL_CONSOLIDATION_20260905\\runs\\wp04_robot_assembly_20260906_175153\\candidate\\servicer_structure_parking.step", "total_detached_labels": 300}
{"review_progress": "step_detach_progress", "monotonic_s": 96812.048, "path": "F:\\China Graduate Future Flight Vehicle Innovation Competition\\01_project\\competition\\SERVICE_ROBOT_MECHANICAL_CONSOLIDATION_20260905\\runs\\wp04_robot_assembly_20260906_175153\\candidate\\servicer_structure_parking.step", "total_detached_labels": 320}
{"review_progress": "step_detach_progress", "monotonic_s": 96812.054, "path": "F:\\China Graduate Future Flight Vehicle Innovation Competition\\01_project\\competition\\SERVICE_ROBOT_MECHANICAL_CONSOLIDATION_20260905\\runs\\wp04_robot_assembly_20260906_175153\\candidate\\servicer_structure_parking.step", "total_detached_labels": 340}
{"review_progress": "step_detach_progress", "monotonic_s": 96812.06, "path": "F:\\China Graduate Future Flight Vehicle Innovation Competition\\01_project\\competition\\SERVICE_ROBOT_MECHANICAL_CONSOLIDATION_20260905\\runs\\wp04_robot_assembly_20260906_175153\\candidate\\servicer_structure_parking.step", "total_detached_labels": 360}
{"review_progress": "step_detach_progress", "monotonic_s": 96812.066, "path": "F:\\China Graduate Future Flight Vehicle Innovation Competition\\01_project\\competition\\SERVICE_ROBOT_MECHANICAL_CONSOLIDATION_20260905\\runs\\wp04_robot_assembly_20260906_175153\\candidate\\servicer_structure_parking.step", "total_detached_labels": 380}
{"review_progress": "step_detach_progress", "monotonic_s": 96812.073, "path": "F:\\China Graduate Future Flight Vehicle Innovation Competition\\01_project\\competition\\SERVICE_ROBOT_MECHANICAL_CONSOLIDATION_20260905\\runs\\wp04_robot_assembly_20260906_175153\\candidate\\servicer_structure_parking.step", "total_detached_labels": 400}
{"review_progress": "step_detach_progress", "monotonic_s": 96812.079, "path": "F:\\China Graduate Future Flight Vehicle Innovation Competition\\01_project\\competition\\SERVICE_ROBOT_MECHANICAL_CONSOLIDATION_20260905\\runs\\wp04_robot_assembly_20260906_175153\\candidate\\servicer_structure_parking.step", "total_detached_labels": 420}
{"review_progress": "step_detach_progress", "monotonic_s": 96812.085, "path": "F:\\China Graduate Future Flight Vehicle Innovation Competition\\01_project\\competition\\SERVICE_ROBOT_MECHANICAL_CONSOLIDATION_20260905\\runs\\wp04_robot_assembly_20260906_175153\\candidate\\servicer_structure_parking.step", "total_detached_labels": 440}
{"review_progress": "step_detach_progress", "monotonic_s": 96812.091, "path": "F:\\China Graduate Future Flight Vehicle Innovation Competition\\01_project\\competition\\SERVICE_ROBOT_MECHANICAL_CONSOLIDATION_20260905\\runs\\wp04_robot_assembly_20260906_175153\\candidate\\servicer_structure_parking.step", "total_detached_labels": 460}
{"review_progress": "step_detach_progress", "monotonic_s": 96812.097, "path": "F:\\China Graduate Future Flight Vehicle Innovation Competition\\01_project\\competition\\SERVICE_ROBOT_MECHANICAL_CONSOLIDATION_20260905\\runs\\wp04_robot_assembly_20260906_175153\\candidate\\servicer_structure_parking.step", "total_detached_labels": 480}
{"review_progress": "step_detach_progress", "monotonic_s": 96812.103, "path": "F:\\China Graduate Future Flight Vehicle Innovation Competition\\01_project\\competition\\SERVICE_ROBOT_MECHANICAL_CONSOLIDATION_20260905\\runs\\wp04_robot_assembly_20260906_175153\\candidate\\servicer_structure_parking.step", "total_detached_labels": 500}
{"review_progress": "step_detach_progress", "monotonic_s": 96812.109, "path": "F:\\China Graduate Future Flight Vehicle Innovation Competition\\01_project\\competition\\SERVICE_ROBOT_MECHANICAL_CONSOLIDATION_20260905\\runs\\wp04_robot_assembly_20260906_175153\\candidate\\servicer_structure_parking.step", "total_detached_labels": 520}
{"review_progress": "step_detach_progress", "monotonic_s": 96812.114, "path": "F:\\China Graduate Future Flight Vehicle Innovation Competition\\01_project\\competition\\SERVICE_ROBOT_MECHANICAL_CONSOLIDATION_20260905\\runs\\wp04_robot_assembly_20260906_175153\\candidate\\servicer_structure_parking.step", "total_detached_labels": 540}
{"review_progress": "step_detach_progress", "monotonic_s": 96812.119, "path": "F:\\China Graduate Future Flight Vehicle Innovation Competition\\01_project\\competition\\SERVICE_ROBOT_MECHANICAL_CONSOLIDATION_20260905\\runs\\wp04_robot_assembly_20260906_175153\\candidate\\servicer_structure_parking.step", "total_detached_labels": 560}
{"review_progress": "step_detach_done", "monotonic_s": 96812.124, "path": "F:\\China Graduate Future Flight Vehicle Innovation Competition\\01_project\\competition\\SERVICE_ROBOT_MECHANICAL_CONSOLIDATION_20260905\\runs\\wp04_robot_assembly_20260906_175153\\candidate\\servicer_structure_parking.step", "detached_leaf_count": 575}
{"review_progress": "step_source_tree_released", "monotonic_s": 96812.294, "path": "F:\\China Graduate Future Flight Vehicle Innovation Competition\\01_project\\competition\\SERVICE_ROBOT_MECHANICAL_CONSOLIDATION_20260905\\runs\\wp04_robot_assembly_20260906_175153\\candidate\\servicer_structure_parking.step"}
{"review_progress": "shape_registry_ready", "monotonic_s": 96812.297, "instance_count": 575}
{"review_progress": "bounds_ready", "monotonic_s": 96812.375, "instance_count": 575}
{"review_progress": "validity_start", "monotonic_s": 96812.704, "instance_count": 575}
{"review_progress": "validity_progress", "monotonic_s": 96812.886, "checked": 25, "last_id": "RB_lower_beam_20"}
{"review_progress": "validity_progress", "monotonic_s": 96812.942, "checked": 50, "last_id": "RB_pillar_bottom_washer_2"}
{"review_progress": "validity_progress", "monotonic_s": 96813.007, "checked": 75, "last_id": "M6_root_bolt_70_70"}
{"review_progress": "validity_progress", "monotonic_s": 96813.041, "checked": 100, "last_id": "M5_bottom_washer_5"}
{"review_progress": "validity_progress", "monotonic_s": 96813.096, "checked": 125, "last_id": "shear_web_screw_-1_-30_-94"}
{"review_progress": "validity_progress", "monotonic_s": 96813.142, "checked": 150, "last_id": "cover_mount_-1_0_-75"}
{"review_progress": "validity_progress", "monotonic_s": 96813.2, "checked": 175, "last_id": "shear_web_screw_1_30_-94"}
{"review_progress": "validity_progress", "monotonic_s": 96813.267, "checked": 200, "last_id": "lower_deck_angle_-1_1"}
{"review_progress": "validity_progress", "monotonic_s": 96813.342, "checked": 225, "last_id": "R01_D_lower_-1_50_washer_head"}
{"review_progress": "validity_progress", "monotonic_s": 96813.388, "checked": 250, "last_id": "R01_W_lower_1_-130_washer_nut"}
{"review_progress": "validity_progress", "monotonic_s": 96813.435, "checked": 275, "last_id": "R01_D_upper_-1_-150_nut"}
{"review_progress": "validity_progress", "monotonic_s": 96813.482, "checked": 300, "last_id": "R01_W_upper_-1_130_screw"}
{"review_progress": "validity_progress", "monotonic_s": 96813.529, "checked": 325, "last_id": "R01_D_upper_1_140_washer_head"}
{"review_progress": "validity_progress", "monotonic_s": 96813.59, "checked": 350, "last_id": "equipment_adcs_propulsion_allocation"}
{"review_progress": "validity_progress", "monotonic_s": 96813.641, "checked": 375, "last_id": "trunk_clip_0"}
{"review_progress": "validity_progress", "monotonic_s": 96813.706, "checked": 400, "last_id": "hold_contact_pad_0_1"}
{"review_progress": "validity_progress", "monotonic_s": 96813.769, "checked": 425, "last_id": "hold_contact_pad_1_1"}
{"review_progress": "validity_progress", "monotonic_s": 96813.839, "checked": 450, "last_id": "wing_-1_leaf_3"}
{"review_progress": "validity_progress", "monotonic_s": 96814.088, "checked": 475, "last_id": "wing_edge_frame_1_2_1"}
{"review_progress": "validity_progress", "monotonic_s": 96814.155, "checked": 500, "last_id": "R07_RAIL_-1_1_15_nut"}
{"review_progress": "validity_progress", "monotonic_s": 96814.199, "checked": 525, "last_id": "R07_RAIL_1_1_15_washer_nut"}
{"review_progress": "validity_progress", "monotonic_s": 96814.245, "checked": 550, "last_id": "R07_HOLD_0_1_OUTER_washer_head"}
{"review_progress": "validity_progress", "monotonic_s": 96814.289, "checked": 575, "last_id": "R07_rear_axial_washer_1_1"}
{"review_progress": "validity_done", "monotonic_s": 96814.289, "checked": 575}
{"review_progress": "affected_invariance", "monotonic_s": 96814.314, "state": "parking", "checked": 1, "total": 158}
{"review_progress": "affected_invariance", "monotonic_s": 96814.631, "state": "parking", "checked": 26, "total": 158}
{"review_progress": "affected_invariance", "monotonic_s": 96814.952, "state": "parking", "checked": 51, "total": 158}
{"review_progress": "affected_invariance", "monotonic_s": 96815.27, "state": "parking", "checked": 76, "total": 158}
{"review_progress": "affected_invariance", "monotonic_s": 96815.629, "state": "parking", "checked": 101, "total": 158}
{"review_progress": "affected_invariance", "monotonic_s": 96816.444, "state": "parking", "checked": 126, "total": 158}
{"review_progress": "affected_invariance", "monotonic_s": 96816.856, "state": "parking", "checked": 151, "total": 158}
{"review_progress": "static_pairs", "monotonic_s": 96817.982, "broad": 1547, "narrow": 50}
{"review_progress": "static_pairs", "monotonic_s": 96818.395, "broad": 5022, "narrow": 100}
{"review_progress": "static_pairs", "monotonic_s": 96818.718, "broad": 11398, "narrow": 150}
{"review_progress": "static_pairs", "monotonic_s": 96818.976, "broad": 24112, "narrow": 200}
{"review_progress": "static_pairs", "monotonic_s": 96819.167, "broad": 33275, "narrow": 250}
{"review_progress": "static_pairs", "monotonic_s": 96819.371, "broad": 60806, "narrow": 300}
{"review_progress": "static_pairs", "monotonic_s": 96819.668, "broad": 66373, "narrow": 350}
{"review_progress": "static_pairs", "monotonic_s": 96819.898, "broad": 71498, "narrow": 400}
{"review_progress": "state_finished", "monotonic_s": 96820.182, "state": "parking", "status": "DISCRETE_STATE_RELATED_STATIC_PASS_WITH_8_THREAD_UNKNOWNS"}
{"review_progress": "state_start", "monotonic_s": 96820.182, "state": "released"}
{"review_progress": "step_import_start", "monotonic_s": 96820.203, "path": "F:\\China Graduate Future Flight Vehicle Innovation Competition\\01_project\\competition\\SERVICE_ROBOT_MECHANICAL_CONSOLIDATION_20260905\\runs\\wp04_robot_assembly_20260906_175153\\candidate\\servicer_structure_released.step"}
{"review_progress": "step_import_loaded", "monotonic_s": 96824.215, "path": "F:\\China Graduate Future Flight Vehicle Innovation Competition\\01_project\\competition\\SERVICE_ROBOT_MECHANICAL_CONSOLIDATION_20260905\\runs\\wp04_robot_assembly_20260906_175153\\candidate\\servicer_structure_released.step"}
{"review_progress": "step_detach_progress", "monotonic_s": 96824.232, "path": "F:\\China Graduate Future Flight Vehicle Innovation Competition\\01_project\\competition\\SERVICE_ROBOT_MECHANICAL_CONSOLIDATION_20260905\\runs\\wp04_robot_assembly_20260906_175153\\candidate\\servicer_structure_released.step", "total_detached_labels": 20}
{"review_progress": "step_detach_progress", "monotonic_s": 96824.245, "path": "F:\\China Graduate Future Flight Vehicle Innovation Competition\\01_project\\competition\\SERVICE_ROBOT_MECHANICAL_CONSOLIDATION_20260905\\runs\\wp04_robot_assembly_20260906_175153\\candidate\\servicer_structure_released.step", "total_detached_labels": 40}
{"review_progress": "step_detach_progress", "monotonic_s": 96824.255, "path": "F:\\China Graduate Future Flight Vehicle Innovation Competition\\01_project\\competition\\SERVICE_ROBOT_MECHANICAL_CONSOLIDATION_20260905\\runs\\wp04_robot_assembly_20260906_175153\\candidate\\servicer_structure_released.step", "total_detached_labels": 60}
{"review_progress": "step_detach_progress", "monotonic_s": 96824.265, "path": "F:\\China Graduate Future Flight Vehicle Innovation Competition\\01_project\\competition\\SERVICE_ROBOT_MECHANICAL_CONSOLIDATION_20260905\\runs\\wp04_robot_assembly_20260906_175153\\candidate\\servicer_structure_released.step", "total_detached_labels": 80}
{"review_progress": "step_detach_progress", "monotonic_s": 96824.278, "path": "F:\\China Graduate Future Flight Vehicle Innovation Competition\\01_project\\competition\\SERVICE_ROBOT_MECHANICAL_CONSOLIDATION_20260905\\runs\\wp04_robot_assembly_20260906_175153\\candidate\\servicer_structure_released.step", "total_detached_labels": 100}
{"review_progress": "step_detach_progress", "monotonic_s": 96824.287, "path": "F:\\China Graduate Future Flight Vehicle Innovation Competition\\01_project\\competition\\SERVICE_ROBOT_MECHANICAL_CONSOLIDATION_20260905\\runs\\wp04_robot_assembly_20260906_175153\\candidate\\servicer_structure_released.step", "total_detached_labels": 120}
{"review_progress": "step_detach_progress", "monotonic_s": 96824.297, "path": "F:\\China Graduate Future Flight Vehicle Innovation Competition\\01_project\\competition\\SERVICE_ROBOT_MECHANICAL_CONSOLIDATION_20260905\\runs\\wp04_robot_assembly_20260906_175153\\candidate\\servicer_structure_released.step", "total_detached_labels": 140}
{"review_progress": "step_detach_progress", "monotonic_s": 96824.308, "path": "F:\\China Graduate Future Flight Vehicle Innovation Competition\\01_project\\competition\\SERVICE_ROBOT_MECHANICAL_CONSOLIDATION_20260905\\runs\\wp04_robot_assembly_20260906_175153\\candidate\\servicer_structure_released.step", "total_detached_labels": 160}
{"review_progress": "step_detach_progress", "monotonic_s": 96824.332, "path": "F:\\China Graduate Future Flight Vehicle Innovation Competition\\01_project\\competition\\SERVICE_ROBOT_MECHANICAL_CONSOLIDATION_20260905\\runs\\wp04_robot_assembly_20260906_175153\\candidate\\servicer_structure_released.step", "total_detached_labels": 180}
{"review_progress": "step_detach_progress", "monotonic_s": 96824.338, "path": "F:\\China Graduate Future Flight Vehicle Innovation Competition\\01_project\\competition\\SERVICE_ROBOT_MECHANICAL_CONSOLIDATION_20260905\\runs\\wp04_robot_assembly_20260906_175153\\candidate\\servicer_structure_released.step", "total_detached_labels": 200}
{"review_progress": "step_detach_progress", "monotonic_s": 96824.343, "path": "F:\\China Graduate Future Flight Vehicle Innovation Competition\\01_project\\competition\\SERVICE_ROBOT_MECHANICAL_CONSOLIDATION_20260905\\runs\\wp04_robot_assembly_20260906_175153\\candidate\\servicer_structure_released.step", "total_detached_labels": 220}
{"review_progress": "step_detach_progress", "monotonic_s": 96824.348, "path": "F:\\China Graduate Future Flight Vehicle Innovation Competition\\01_project\\competition\\SERVICE_ROBOT_MECHANICAL_CONSOLIDATION_20260905\\runs\\wp04_robot_assembly_20260906_175153\\candidate\\servicer_structure_released.step", "total_detached_labels": 240}
{"review_progress": "step_detach_progress", "monotonic_s": 96824.352, "path": "F:\\China Graduate Future Flight Vehicle Innovation Competition\\01_project\\competition\\SERVICE_ROBOT_MECHANICAL_CONSOLIDATION_20260905\\runs\\wp04_robot_assembly_20260906_175153\\candidate\\servicer_structure_released.step", "total_detached_labels": 260}
{"review_progress": "step_detach_progress", "monotonic_s": 96824.356, "path": "F:\\China Graduate Future Flight Vehicle Innovation Competition\\01_project\\competition\\SERVICE_ROBOT_MECHANICAL_CONSOLIDATION_20260905\\runs\\wp04_robot_assembly_20260906_175153\\candidate\\servicer_structure_released.step", "total_detached_labels": 280}
{"review_progress": "step_detach_progress", "monotonic_s": 96824.36, "path": "F:\\China Graduate Future Flight Vehicle Innovation Competition\\01_project\\competition\\SERVICE_ROBOT_MECHANICAL_CONSOLIDATION_20260905\\runs\\wp04_robot_assembly_20260906_175153\\candidate\\servicer_structure_released.step", "total_detached_labels": 300}
{"review_progress": "step_detach_progress", "monotonic_s": 96824.366, "path": "F:\\China Graduate Future Flight Vehicle Innovation Competition\\01_project\\competition\\SERVICE_ROBOT_MECHANICAL_CONSOLIDATION_20260905\\runs\\wp04_robot_assembly_20260906_175153\\candidate\\servicer_structure_released.step", "total_detached_labels": 320}
{"review_progress": "step_detach_progress", "monotonic_s": 96824.372, "path": "F:\\China Graduate Future Flight Vehicle Innovation Competition\\01_project\\competition\\SERVICE_ROBOT_MECHANICAL_CONSOLIDATION_20260905\\runs\\wp04_robot_assembly_20260906_175153\\candidate\\servicer_structure_released.step", "total_detached_labels": 340}
{"review_progress": "step_detach_progress", "monotonic_s": 96824.378, "path": "F:\\China Graduate Future Flight Vehicle Innovation Competition\\01_project\\competition\\SERVICE_ROBOT_MECHANICAL_CONSOLIDATION_20260905\\runs\\wp04_robot_assembly_20260906_175153\\candidate\\servicer_structure_released.step", "total_detached_labels": 360}
{"review_progress": "step_detach_progress", "monotonic_s": 96824.384, "path": "F:\\China Graduate Future Flight Vehicle Innovation Competition\\01_project\\competition\\SERVICE_ROBOT_MECHANICAL_CONSOLIDATION_20260905\\runs\\wp04_robot_assembly_20260906_175153\\candidate\\servicer_structure_released.step", "total_detached_labels": 380}
{"review_progress": "step_detach_progress", "monotonic_s": 96824.391, "path": "F:\\China Graduate Future Flight Vehicle Innovation Competition\\01_project\\competition\\SERVICE_ROBOT_MECHANICAL_CONSOLIDATION_20260905\\runs\\wp04_robot_assembly_20260906_175153\\candidate\\servicer_structure_released.step", "total_detached_labels": 400}
{"review_progress": "step_detach_progress", "monotonic_s": 96824.397, "path": "F:\\China Graduate Future Flight Vehicle Innovation Competition\\01_project\\competition\\SERVICE_ROBOT_MECHANICAL_CONSOLIDATION_20260905\\runs\\wp04_robot_assembly_20260906_175153\\candidate\\servicer_structure_released.step", "total_detached_labels": 420}
{"review_progress": "step_detach_progress", "monotonic_s": 96824.403, "path": "F:\\China Graduate Future Flight Vehicle Innovation Competition\\01_project\\competition\\SERVICE_ROBOT_MECHANICAL_CONSOLIDATION_20260905\\runs\\wp04_robot_assembly_20260906_175153\\candidate\\servicer_structure_released.step", "total_detached_labels": 440}
{"review_progress": "step_detach_progress", "monotonic_s": 96824.409, "path": "F:\\China Graduate Future Flight Vehicle Innovation Competition\\01_project\\competition\\SERVICE_ROBOT_MECHANICAL_CONSOLIDATION_20260905\\runs\\wp04_robot_assembly_20260906_175153\\candidate\\servicer_structure_released.step", "total_detached_labels": 460}
{"review_progress": "step_detach_progress", "monotonic_s": 96824.415, "path": "F:\\China Graduate Future Flight Vehicle Innovation Competition\\01_project\\competition\\SERVICE_ROBOT_MECHANICAL_CONSOLIDATION_20260905\\runs\\wp04_robot_assembly_20260906_175153\\candidate\\servicer_structure_released.step", "total_detached_labels": 480}
{"review_progress": "step_detach_progress", "monotonic_s": 96824.421, "path": "F:\\China Graduate Future Flight Vehicle Innovation Competition\\01_project\\competition\\SERVICE_ROBOT_MECHANICAL_CONSOLIDATION_20260905\\runs\\wp04_robot_assembly_20260906_175153\\candidate\\servicer_structure_released.step", "total_detached_labels": 500}
{"review_progress": "step_detach_progress", "monotonic_s": 96824.427, "path": "F:\\China Graduate Future Flight Vehicle Innovation Competition\\01_project\\competition\\SERVICE_ROBOT_MECHANICAL_CONSOLIDATION_20260905\\runs\\wp04_robot_assembly_20260906_175153\\candidate\\servicer_structure_released.step", "total_detached_labels": 520}
{"review_progress": "step_detach_progress", "monotonic_s": 96824.433, "path": "F:\\China Graduate Future Flight Vehicle Innovation Competition\\01_project\\competition\\SERVICE_ROBOT_MECHANICAL_CONSOLIDATION_20260905\\runs\\wp04_robot_assembly_20260906_175153\\candidate\\servicer_structure_released.step", "total_detached_labels": 540}
{"review_progress": "step_detach_progress", "monotonic_s": 96824.437, "path": "F:\\China Graduate Future Flight Vehicle Innovation Competition\\01_project\\competition\\SERVICE_ROBOT_MECHANICAL_CONSOLIDATION_20260905\\runs\\wp04_robot_assembly_20260906_175153\\candidate\\servicer_structure_released.step", "total_detached_labels": 560}
{"review_progress": "step_detach_done", "monotonic_s": 96824.442, "path": "F:\\China Graduate Future Flight Vehicle Innovation Competition\\01_project\\competition\\SERVICE_ROBOT_MECHANICAL_CONSOLIDATION_20260905\\runs\\wp04_robot_assembly_20260906_175153\\candidate\\servicer_structure_released.step", "detached_leaf_count": 575}
{"review_progress": "step_source_tree_released", "monotonic_s": 96824.617, "path": "F:\\China Graduate Future Flight Vehicle Innovation Competition\\01_project\\competition\\SERVICE_ROBOT_MECHANICAL_CONSOLIDATION_20260905\\runs\\wp04_robot_assembly_20260906_175153\\candidate\\servicer_structure_released.step"}
{"review_progress": "shape_registry_ready", "monotonic_s": 96824.62, "instance_count": 575}
{"review_progress": "bounds_ready", "monotonic_s": 96824.698, "instance_count": 575}
{"review_progress": "validity_start", "monotonic_s": 96825.028, "instance_count": 575}
{"review_progress": "validity_progress", "monotonic_s": 96825.213, "checked": 25, "last_id": "RB_lower_beam_20"}
{"review_progress": "validity_progress", "monotonic_s": 96825.269, "checked": 50, "last_id": "RB_pillar_bottom_washer_2"}
{"review_progress": "validity_progress", "monotonic_s": 96825.335, "checked": 75, "last_id": "M6_root_bolt_70_70"}
{"review_progress": "validity_progress", "monotonic_s": 96825.37, "checked": 100, "last_id": "M5_bottom_washer_5"}
{"review_progress": "validity_progress", "monotonic_s": 96825.426, "checked": 125, "last_id": "shear_web_screw_-1_-30_-94"}
{"review_progress": "validity_progress", "monotonic_s": 96825.471, "checked": 150, "last_id": "cover_mount_-1_0_-75"}
{"review_progress": "validity_progress", "monotonic_s": 96825.53, "checked": 175, "last_id": "shear_web_screw_1_30_-94"}
{"review_progress": "validity_progress", "monotonic_s": 96825.6, "checked": 200, "last_id": "lower_deck_angle_-1_1"}
{"review_progress": "validity_progress", "monotonic_s": 96825.677, "checked": 225, "last_id": "R01_D_lower_-1_50_washer_head"}
{"review_progress": "validity_progress", "monotonic_s": 96825.724, "checked": 250, "last_id": "R01_W_lower_1_-130_washer_nut"}
{"review_progress": "validity_progress", "monotonic_s": 96825.772, "checked": 275, "last_id": "R01_D_upper_-1_-150_nut"}
{"review_progress": "validity_progress", "monotonic_s": 96825.819, "checked": 300, "last_id": "R01_W_upper_-1_130_screw"}
{"review_progress": "validity_progress", "monotonic_s": 96825.865, "checked": 325, "last_id": "R01_D_upper_1_140_washer_head"}
{"review_progress": "validity_progress", "monotonic_s": 96825.927, "checked": 350, "last_id": "equipment_adcs_propulsion_allocation"}
{"review_progress": "validity_progress", "monotonic_s": 96825.979, "checked": 375, "last_id": "trunk_clip_0"}
{"review_progress": "validity_progress", "monotonic_s": 96826.044, "checked": 400, "last_id": "hold_contact_pad_0_1"}
{"review_progress": "validity_progress", "monotonic_s": 96826.108, "checked": 425, "last_id": "hold_contact_pad_1_1"}
{"review_progress": "validity_progress", "monotonic_s": 96826.178, "checked": 450, "last_id": "wing_-1_leaf_3"}
{"review_progress": "validity_progress", "monotonic_s": 96826.426, "checked": 475, "last_id": "wing_edge_frame_1_2_1"}
{"review_progress": "validity_progress", "monotonic_s": 96826.493, "checked": 500, "last_id": "R07_RAIL_-1_1_15_nut"}
{"review_progress": "validity_progress", "monotonic_s": 96826.537, "checked": 525, "last_id": "R07_RAIL_1_1_15_washer_nut"}
{"review_progress": "validity_progress", "monotonic_s": 96826.584, "checked": 550, "last_id": "R07_HOLD_0_1_OUTER_washer_head"}
{"review_progress": "validity_progress", "monotonic_s": 96826.629, "checked": 575, "last_id": "R07_rear_axial_washer_1_1"}
{"review_progress": "validity_done", "monotonic_s": 96826.629, "checked": 575}
{"review_progress": "affected_invariance", "monotonic_s": 96826.649, "state": "released", "checked": 1, "total": 158}
{"review_progress": "affected_invariance", "monotonic_s": 96826.974, "state": "released", "checked": 26, "total": 158}
{"review_progress": "affected_invariance", "monotonic_s": 96827.304, "state": "released", "checked": 51, "total": 158}
{"review_progress": "affected_invariance", "monotonic_s": 96827.617, "state": "released", "checked": 76, "total": 158}
{"review_progress": "affected_invariance", "monotonic_s": 96827.965, "state": "released", "checked": 101, "total": 158}
{"review_progress": "affected_invariance", "monotonic_s": 96828.764, "state": "released", "checked": 126, "total": 158}
{"review_progress": "affected_invariance", "monotonic_s": 96829.177, "state": "released", "checked": 151, "total": 158}
{"review_progress": "static_pairs", "monotonic_s": 96830.284, "broad": 1547, "narrow": 50}
{"review_progress": "static_pairs", "monotonic_s": 96830.697, "broad": 5022, "narrow": 100}
{"review_progress": "static_pairs", "monotonic_s": 96831.024, "broad": 11398, "narrow": 150}
{"review_progress": "static_pairs", "monotonic_s": 96831.286, "broad": 24112, "narrow": 200}
{"review_progress": "static_pairs", "monotonic_s": 96831.478, "broad": 33275, "narrow": 250}
{"review_progress": "static_pairs", "monotonic_s": 96831.688, "broad": 60806, "narrow": 300}
{"review_progress": "static_pairs", "monotonic_s": 96831.997, "broad": 66373, "narrow": 350}
{"review_progress": "static_pairs", "monotonic_s": 96832.225, "broad": 71498, "narrow": 400}
{"review_progress": "state_finished", "monotonic_s": 96832.502, "state": "released", "status": "DISCRETE_STATE_RELATED_STATIC_PASS_WITH_8_THREAD_UNKNOWNS"}
{"status": "THREE_STATE_RELATED_NOMINAL_STATIC_PASS_WITH_8_THREAD_UNKNOWNS", "output": "..\\review\\R07_THREE_STATE.json"}
{"command": ["G:\\Windows_program_file\\Anaconda\\python.exe", "pose_screen.py"]}
{"status": "SCOPED_SURFACE_RESULTS_WITH_EXPLICIT_UNKNOWN", "poses": [{"state": "parking", "status": "DECLARED_NONADJACENT_BODY_PAIR_SURFACES_DISJOINT_ONLY"}, {"state": "released", "status": "DECLARED_NONADJACENT_BODY_PAIR_SURFACES_DISJOINT_ONLY"}, {"state": "service", "status": "DECLARED_NONADJACENT_BODY_PAIR_SURFACES_DISJOINT_ONLY"}]}
{"command": ["G:\\Windows_program_file\\Anaconda\\python.exe", "render_r07_drawing.py"]}
["F:\\China Graduate Future Flight Vehicle Innovation Competition\\01_project\\competition\\SERVICE_ROBOT_MECHANICAL_CONSOLIDATION_20260905\\runs\\wp04_robot_assembly_20260906_175153\\candidate\\results\\drawing_r07_upper_cap.png", "F:\\China Graduate Future Flight Vehicle Innovation Competition\\01_project\\competition\\SERVICE_ROBOT_MECHANICAL_CONSOLIDATION_20260905\\runs\\wp04_robot_assembly_20260906_175153\\candidate\\results\\drawing_r07_lower_spacer.png", "F:\\China Graduate Future Flight Vehicle Innovation Competition\\01_project\\competition\\SERVICE_ROBOT_MECHANICAL_CONSOLIDATION_20260905\\runs\\wp04_robot_assembly_20260906_175153\\candidate\\results\\drawing_r07_retention_lug.png", "F:\\China Graduate Future Flight Vehicle Innovation Competition\\01_project\\competition\\SERVICE_ROBOT_MECHANICAL_CONSOLIDATION_20260905\\runs\\wp04_robot_assembly_20260906_175153\\candidate\\results\\drawing_r07_retention_foot.png", "F:\\China Graduate Future Flight Vehicle Innovation Competition\\01_project\\competition\\SERVICE_ROBOT_MECHANICAL_CONSOLIDATION_20260905\\runs\\wp04_robot_assembly_20260906_175153\\candidate\\results\\drawing_r07_rear_bulkhead.png", "F:\\China Graduate Future Flight Vehicle Innovation Competition\\01_project\\competition\\SERVICE_ROBOT_MECHANICAL_CONSOLIDATION_20260905\\runs\\wp04_robot_assembly_20260906_175153\\candidate\\results\\drawing_r07_web_relief.png"]
