{"review_progress": "runtime_bootstrap", "monotonic_s": 95980.82}
{"review_progress": "step_import_start", "monotonic_s": 95988.469, "path": "F:\\China Graduate Future Flight Vehicle Innovation Competition\\01_project\\competition\\SERVICE_ROBOT_MECHANICAL_CONSOLIDATION_20260905\\runs\\wp04_robot_assembly_20260906_175153\\candidate\\servicer_structure_service.step"}
{"review_progress": "step_import_loaded", "monotonic_s": 95992.441, "path": "F:\\China Graduate Future Flight Vehicle Innovation Competition\\01_project\\competition\\SERVICE_ROBOT_MECHANICAL_CONSOLIDATION_20260905\\runs\\wp04_robot_assembly_20260906_175153\\candidate\\servicer_structure_service.step"}
{"review_progress": "step_detach_progress", "monotonic_s": 95992.463, "path": "F:\\China Graduate Future Flight Vehicle Innovation Competition\\01_project\\competition\\SERVICE_ROBOT_MECHANICAL_CONSOLIDATION_20260905\\runs\\wp04_robot_assembly_20260906_175153\\candidate\\servicer_structure_service.step", "total_detached_labels": 20}
{"review_progress": "step_detach_progress", "monotonic_s": 95992.475, "path": "F:\\China Graduate Future Flight Vehicle Innovation Competition\\01_project\\competition\\SERVICE_ROBOT_MECHANICAL_CONSOLIDATION_20260905\\runs\\wp04_robot_assembly_20260906_175153\\candidate\\servicer_structure_service.step", "total_detached_labels": 40}
{"review_progress": "step_detach_progress", "monotonic_s": 95992.485, "path": "F:\\China Graduate Future Flight Vehicle Innovation Competition\\01_project\\competition\\SERVICE_ROBOT_MECHANICAL_CONSOLIDATION_20260905\\runs\\wp04_robot_assembly_20260906_175153\\candidate\\servicer_structure_service.step", "total_detached_labels": 60}
{"review_progress": "step_detach_progress", "monotonic_s": 95992.495, "path": "F:\\China Graduate Future Flight Vehicle Innovation Competition\\01_project\\competition\\SERVICE_ROBOT_MECHANICAL_CONSOLIDATION_20260905\\runs\\wp04_robot_assembly_20260906_175153\\candidate\\servicer_structure_service.step", "total_detached_labels": 80}
{"review_progress": "step_detach_progress", "monotonic_s": 95992.508, "path": "F:\\China Graduate Future Flight Vehicle Innovation Competition\\01_project\\competition\\SERVICE_ROBOT_MECHANICAL_CONSOLIDATION_20260905\\runs\\wp04_robot_assembly_20260906_175153\\candidate\\servicer_structure_service.step", "total_detached_labels": 100}
{"review_progress": "step_detach_progress", "monotonic_s": 95992.517, "path": "F:\\China Graduate Future Flight Vehicle Innovation Competition\\01_project\\competition\\SERVICE_ROBOT_MECHANICAL_CONSOLIDATION_20260905\\runs\\wp04_robot_assembly_20260906_175153\\candidate\\servicer_structure_service.step", "total_detached_labels": 120}
{"review_progress": "step_detach_progress", "monotonic_s": 95992.527, "path": "F:\\China Graduate Future Flight Vehicle Innovation Competition\\01_project\\competition\\SERVICE_ROBOT_MECHANICAL_CONSOLIDATION_20260905\\runs\\wp04_robot_assembly_20260906_175153\\candidate\\servicer_structure_service.step", "total_detached_labels": 140}
{"review_progress": "step_detach_progress", "monotonic_s": 95992.538, "path": "F:\\China Graduate Future Flight Vehicle Innovation Competition\\01_project\\competition\\SERVICE_ROBOT_MECHANICAL_CONSOLIDATION_20260905\\runs\\wp04_robot_assembly_20260906_175153\\candidate\\servicer_structure_service.step", "total_detached_labels": 160}
{"review_progress": "step_detach_progress", "monotonic_s": 95992.561, "path": "F:\\China Graduate Future Flight Vehicle Innovation Competition\\01_project\\competition\\SERVICE_ROBOT_MECHANICAL_CONSOLIDATION_20260905\\runs\\wp04_robot_assembly_20260906_175153\\candidate\\servicer_structure_service.step", "total_detached_labels": 180}
{"review_progress": "step_detach_progress", "monotonic_s": 95992.567, "path": "F:\\China Graduate Future Flight Vehicle Innovation Competition\\01_project\\competition\\SERVICE_ROBOT_MECHANICAL_CONSOLIDATION_20260905\\runs\\wp04_robot_assembly_20260906_175153\\candidate\\servicer_structure_service.step", "total_detached_labels": 200}
{"review_progress": "step_detach_progress", "monotonic_s": 95992.572, "path": "F:\\China Graduate Future Flight Vehicle Innovation Competition\\01_project\\competition\\SERVICE_ROBOT_MECHANICAL_CONSOLIDATION_20260905\\runs\\wp04_robot_assembly_20260906_175153\\candidate\\servicer_structure_service.step", "total_detached_labels": 220}
{"review_progress": "step_detach_progress", "monotonic_s": 95992.576, "path": "F:\\China Graduate Future Flight Vehicle Innovation Competition\\01_project\\competition\\SERVICE_ROBOT_MECHANICAL_CONSOLIDATION_20260905\\runs\\wp04_robot_assembly_20260906_175153\\candidate\\servicer_structure_service.step", "total_detached_labels": 240}
{"review_progress": "step_detach_progress", "monotonic_s": 95992.581, "path": "F:\\China Graduate Future Flight Vehicle Innovation Competition\\01_project\\competition\\SERVICE_ROBOT_MECHANICAL_CONSOLIDATION_20260905\\runs\\wp04_robot_assembly_20260906_175153\\candidate\\servicer_structure_service.step", "total_detached_labels": 260}
{"review_progress": "step_detach_progress", "monotonic_s": 95992.585, "path": "F:\\China Graduate Future Flight Vehicle Innovation Competition\\01_project\\competition\\SERVICE_ROBOT_MECHANICAL_CONSOLIDATION_20260905\\runs\\wp04_robot_assembly_20260906_175153\\candidate\\servicer_structure_service.step", "total_detached_labels": 280}
{"review_progress": "step_detach_progress", "monotonic_s": 95992.589, "path": "F:\\China Graduate Future Flight Vehicle Innovation Competition\\01_project\\competition\\SERVICE_ROBOT_MECHANICAL_CONSOLIDATION_20260905\\runs\\wp04_robot_assembly_20260906_175153\\candidate\\servicer_structure_service.step", "total_detached_labels": 300}
{"review_progress": "step_detach_progress", "monotonic_s": 95992.595, "path": "F:\\China Graduate Future Flight Vehicle Innovation Competition\\01_project\\competition\\SERVICE_ROBOT_MECHANICAL_CONSOLIDATION_20260905\\runs\\wp04_robot_assembly_20260906_175153\\candidate\\servicer_structure_service.step", "total_detached_labels": 320}
{"review_progress": "step_detach_progress", "monotonic_s": 95992.601, "path": "F:\\China Graduate Future Flight Vehicle Innovation Competition\\01_project\\competition\\SERVICE_ROBOT_MECHANICAL_CONSOLIDATION_20260905\\runs\\wp04_robot_assembly_20260906_175153\\candidate\\servicer_structure_service.step", "total_detached_labels": 340}
{"review_progress": "step_detach_progress", "monotonic_s": 95992.607, "path": "F:\\China Graduate Future Flight Vehicle Innovation Competition\\01_project\\competition\\SERVICE_ROBOT_MECHANICAL_CONSOLIDATION_20260905\\runs\\wp04_robot_assembly_20260906_175153\\candidate\\servicer_structure_service.step", "total_detached_labels": 360}
{"review_progress": "step_detach_progress", "monotonic_s": 95992.613, "path": "F:\\China Graduate Future Flight Vehicle Innovation Competition\\01_project\\competition\\SERVICE_ROBOT_MECHANICAL_CONSOLIDATION_20260905\\runs\\wp04_robot_assembly_20260906_175153\\candidate\\servicer_structure_service.step", "total_detached_labels": 380}
{"review_progress": "step_detach_progress", "monotonic_s": 95992.619, "path": "F:\\China Graduate Future Flight Vehicle Innovation Competition\\01_project\\competition\\SERVICE_ROBOT_MECHANICAL_CONSOLIDATION_20260905\\runs\\wp04_robot_assembly_20260906_175153\\candidate\\servicer_structure_service.step", "total_detached_labels": 400}
{"review_progress": "step_detach_progress", "monotonic_s": 95992.625, "path": "F:\\China Graduate Future Flight Vehicle Innovation Competition\\01_project\\competition\\SERVICE_ROBOT_MECHANICAL_CONSOLIDATION_20260905\\runs\\wp04_robot_assembly_20260906_175153\\candidate\\servicer_structure_service.step", "total_detached_labels": 420}
{"review_progress": "step_detach_progress", "monotonic_s": 95992.631, "path": "F:\\China Graduate Future Flight Vehicle Innovation Competition\\01_project\\competition\\SERVICE_ROBOT_MECHANICAL_CONSOLIDATION_20260905\\runs\\wp04_robot_assembly_20260906_175153\\candidate\\servicer_structure_service.step", "total_detached_labels": 440}
{"review_progress": "step_detach_progress", "monotonic_s": 95992.637, "path": "F:\\China Graduate Future Flight Vehicle Innovation Competition\\01_project\\competition\\SERVICE_ROBOT_MECHANICAL_CONSOLIDATION_20260905\\runs\\wp04_robot_assembly_20260906_175153\\candidate\\servicer_structure_service.step", "total_detached_labels": 460}
{"review_progress": "step_detach_progress", "monotonic_s": 95992.643, "path": "F:\\China Graduate Future Flight Vehicle Innovation Competition\\01_project\\competition\\SERVICE_ROBOT_MECHANICAL_CONSOLIDATION_20260905\\runs\\wp04_robot_assembly_20260906_175153\\candidate\\servicer_structure_service.step", "total_detached_labels": 480}
{"review_progress": "step_detach_progress", "monotonic_s": 95992.649, "path": "F:\\China Graduate Future Flight Vehicle Innovation Competition\\01_project\\competition\\SERVICE_ROBOT_MECHANICAL_CONSOLIDATION_20260905\\runs\\wp04_robot_assembly_20260906_175153\\candidate\\servicer_structure_service.step", "total_detached_labels": 500}
{"review_progress": "step_detach_progress", "monotonic_s": 95992.655, "path": "F:\\China Graduate Future Flight Vehicle Innovation Competition\\01_project\\competition\\SERVICE_ROBOT_MECHANICAL_CONSOLIDATION_20260905\\runs\\wp04_robot_assembly_20260906_175153\\candidate\\servicer_structure_service.step", "total_detached_labels": 520}
{"review_progress": "step_detach_progress", "monotonic_s": 95992.661, "path": "F:\\China Graduate Future Flight Vehicle Innovation Competition\\01_project\\competition\\SERVICE_ROBOT_MECHANICAL_CONSOLIDATION_20260905\\runs\\wp04_robot_assembly_20260906_175153\\candidate\\servicer_structure_service.step", "total_detached_labels": 540}
{"review_progress": "step_detach_progress", "monotonic_s": 95992.666, "path": "F:\\China Graduate Future Flight Vehicle Innovation Competition\\01_project\\competition\\SERVICE_ROBOT_MECHANICAL_CONSOLIDATION_20260905\\runs\\wp04_robot_assembly_20260906_175153\\candidate\\servicer_structure_service.step", "total_detached_labels": 560}
{"review_progress": "step_detach_done", "monotonic_s": 95992.67, "path": "F:\\China Graduate Future Flight Vehicle Innovation Competition\\01_project\\competition\\SERVICE_ROBOT_MECHANICAL_CONSOLIDATION_20260905\\runs\\wp04_robot_assembly_20260906_175153\\candidate\\servicer_structure_service.step", "detached_leaf_count": 575}
{"review_progress": "step_source_tree_released", "monotonic_s": 95992.834, "path": "F:\\China Graduate Future Flight Vehicle Innovation Competition\\01_project\\competition\\SERVICE_ROBOT_MECHANICAL_CONSOLIDATION_20260905\\runs\\wp04_robot_assembly_20260906_175153\\candidate\\servicer_structure_service.step"}
{"review_progress": "shape_registry_ready", "monotonic_s": 95992.837, "instance_count": 575}
{"review_progress": "bounds_ready", "monotonic_s": 95992.917, "instance_count": 575}
{"review_progress": "validity_start", "monotonic_s": 95992.917, "instance_count": 575}
{"review_progress": "validity_progress", "monotonic_s": 95993.098, "checked": 25, "last_id": "RB_lower_beam_20"}
{"review_progress": "validity_progress", "monotonic_s": 95993.154, "checked": 50, "last_id": "RB_pillar_bottom_washer_2"}
{"review_progress": "validity_progress", "monotonic_s": 95993.218, "checked": 75, "last_id": "M6_root_bolt_70_70"}
{"review_progress": "validity_progress", "monotonic_s": 95993.253, "checked": 100, "last_id": "M5_bottom_washer_5"}
{"review_progress": "validity_progress", "monotonic_s": 95993.307, "checked": 125, "last_id": "shear_web_screw_-1_-30_-94"}
{"review_progress": "validity_progress", "monotonic_s": 95993.352, "checked": 150, "last_id": "cover_mount_-1_0_-75"}
{"review_progress": "validity_progress", "monotonic_s": 95993.41, "checked": 175, "last_id": "shear_web_screw_1_30_-94"}
{"review_progress": "validity_progress", "monotonic_s": 95993.476, "checked": 200, "last_id": "lower_deck_angle_-1_1"}
{"review_progress": "validity_progress", "monotonic_s": 95993.551, "checked": 225, "last_id": "R01_D_lower_-1_50_washer_head"}
{"review_progress": "validity_progress", "monotonic_s": 95993.596, "checked": 250, "last_id": "R01_W_lower_1_-130_washer_nut"}
{"review_progress": "validity_progress", "monotonic_s": 95993.643, "checked": 275, "last_id": "R01_D_upper_-1_-150_nut"}
{"review_progress": "validity_progress", "monotonic_s": 95993.689, "checked": 300, "last_id": "R01_W_upper_-1_130_screw"}
{"review_progress": "validity_progress", "monotonic_s": 95993.735, "checked": 325, "last_id": "R01_D_upper_1_140_washer_head"}
{"review_progress": "validity_progress", "monotonic_s": 95993.796, "checked": 350, "last_id": "equipment_adcs_propulsion_allocation"}
{"review_progress": "validity_progress", "monotonic_s": 95993.846, "checked": 375, "last_id": "trunk_clip_0"}
{"review_progress": "validity_progress", "monotonic_s": 95993.91, "checked": 400, "last_id": "hold_contact_pad_0_1"}
{"review_progress": "validity_progress", "monotonic_s": 95993.971, "checked": 425, "last_id": "hold_contact_pad_1_1"}
{"review_progress": "validity_progress", "monotonic_s": 95994.039, "checked": 450, "last_id": "wing_-1_leaf_3"}
{"review_progress": "validity_progress", "monotonic_s": 95994.284, "checked": 475, "last_id": "wing_edge_frame_1_2_1"}
{"review_progress": "validity_progress", "monotonic_s": 95994.35, "checked": 500, "last_id": "R07_RAIL_-1_1_15_nut"}
{"review_progress": "validity_progress", "monotonic_s": 95994.394, "checked": 525, "last_id": "R07_RAIL_1_1_15_washer_nut"}
{"review_progress": "validity_progress", "monotonic_s": 95994.44, "checked": 550, "last_id": "R07_HOLD_0_1_OUTER_washer_head"}
{"review_progress": "validity_progress", "monotonic_s": 95994.485, "checked": 575, "last_id": "R07_rear_axial_washer_1_1"}
{"review_progress": "validity_done", "monotonic_s": 95994.485, "checked": 575}
{"review_progress": "local_step_import_start", "monotonic_s": 95994.485, "path": "F:\\China Graduate Future Flight Vehicle Innovation Competition\\01_project\\competition\\SERVICE_ROBOT_MECHANICAL_CONSOLIDATION_20260905\\runs\\wp04_robot_assembly_20260906_175153\\candidate\\r07_local.step"}
{"review_progress": "local_step_equivalence_done", "monotonic_s": 95999.615, "checked": 159}
{"review_progress": "connection", "monotonic_s": 95999.615, "id": "R07_RAIL_-1_-1_15"}
{"review_progress": "connection", "monotonic_s": 96000.291, "id": "R07_RAIL_-1_-1_164"}
{"review_progress": "connection", "monotonic_s": 96001.188, "id": "R07_RAIL_-1_-1_-164"}
{"review_progress": "connection", "monotonic_s": 96002.081, "id": "R07_RAIL_-1_1_15"}
{"review_progress": "connection", "monotonic_s": 96002.765, "id": "R07_RAIL_-1_1_164"}
{"review_progress": "connection", "monotonic_s": 96003.504, "id": "R07_RAIL_-1_1_-164"}
{"review_progress": "connection", "monotonic_s": 96004.211, "id": "R07_RAIL_1_-1_15"}
{"review_progress": "connection", "monotonic_s": 96004.882, "id": "R07_RAIL_1_-1_164"}
{"review_progress": "connection", "monotonic_s": 96005.768, "id": "R07_RAIL_1_-1_-164"}
{"review_progress": "connection", "monotonic_s": 96006.617, "id": "R07_RAIL_1_1_15"}
{"review_progress": "connection", "monotonic_s": 96007.286, "id": "R07_RAIL_1_1_164"}
{"review_progress": "connection", "monotonic_s": 96008.02, "id": "R07_RAIL_1_1_-164"}
{"review_progress": "connection", "monotonic_s": 96008.734, "id": "R07_HOLD_0_-1_INNER"}
{"review_progress": "connection", "monotonic_s": 96009.383, "id": "R07_HOLD_0_-1_OUTER"}
{"review_progress": "connection", "monotonic_s": 96010.112, "id": "R07_HOLD_0_1_INNER"}
{"review_progress": "connection", "monotonic_s": 96010.712, "id": "R07_HOLD_0_1_OUTER"}
{"review_progress": "connection", "monotonic_s": 96011.367, "id": "R07_HOLD_1_-1_INNER"}
{"review_progress": "connection", "monotonic_s": 96012.015, "id": "R07_HOLD_1_-1_OUTER"}
{"review_progress": "connection", "monotonic_s": 96012.757, "id": "R07_HOLD_1_1_INNER"}
{"review_progress": "connection", "monotonic_s": 96013.35, "id": "R07_HOLD_1_1_OUTER"}
{"review_progress": "static_pairs", "monotonic_s": 96015.017, "broad": 1547, "narrow": 50}
{"review_progress": "static_pairs", "monotonic_s": 96015.437, "broad": 5022, "narrow": 100}
{"review_progress": "static_pairs", "monotonic_s": 96015.766, "broad": 11354, "narrow": 150}
{"review_progress": "static_pairs", "monotonic_s": 96016.068, "broad": 24026, "narrow": 200}
{"review_progress": "static_pairs", "monotonic_s": 96016.302, "broad": 33257, "narrow": 250}
{"review_progress": "static_pairs", "monotonic_s": 96016.563, "broad": 57237, "narrow": 300}
{"review_progress": "static_pairs", "monotonic_s": 96016.915, "broad": 66535, "narrow": 350}
{"review_progress": "static_pairs", "monotonic_s": 96017.15, "broad": 71814, "narrow": 400}
{"status": "SCOPED_GEOMETRY_FAIL", "output": "..\\review\\R07_REVIEW_CANDIDATE4.json"}
