{"review_progress": "runtime_bootstrap", "monotonic_s": 96212.677}
{"review_progress": "step_import_start", "monotonic_s": 96220.704, "path": "F:\\China Graduate Future Flight Vehicle Innovation Competition\\01_project\\competition\\SERVICE_ROBOT_MECHANICAL_CONSOLIDATION_20260905\\runs\\wp04_robot_assembly_20260906_175153\\candidate\\servicer_structure_service.step"}
{"review_progress": "step_import_loaded", "monotonic_s": 96224.727, "path": "F:\\China Graduate Future Flight Vehicle Innovation Competition\\01_project\\competition\\SERVICE_ROBOT_MECHANICAL_CONSOLIDATION_20260905\\runs\\wp04_robot_assembly_20260906_175153\\candidate\\servicer_structure_service.step"}
{"review_progress": "step_detach_progress", "monotonic_s": 96224.748, "path": "F:\\China Graduate Future Flight Vehicle Innovation Competition\\01_project\\competition\\SERVICE_ROBOT_MECHANICAL_CONSOLIDATION_20260905\\runs\\wp04_robot_assembly_20260906_175153\\candidate\\servicer_structure_service.step", "total_detached_labels": 20}
{"review_progress": "step_detach_progress", "monotonic_s": 96224.761, "path": "F:\\China Graduate Future Flight Vehicle Innovation Competition\\01_project\\competition\\SERVICE_ROBOT_MECHANICAL_CONSOLIDATION_20260905\\runs\\wp04_robot_assembly_20260906_175153\\candidate\\servicer_structure_service.step", "total_detached_labels": 40}
{"review_progress": "step_detach_progress", "monotonic_s": 96224.77, "path": "F:\\China Graduate Future Flight Vehicle Innovation Competition\\01_project\\competition\\SERVICE_ROBOT_MECHANICAL_CONSOLIDATION_20260905\\runs\\wp04_robot_assembly_20260906_175153\\candidate\\servicer_structure_service.step", "total_detached_labels": 60}
{"review_progress": "step_detach_progress", "monotonic_s": 96224.78, "path": "F:\\China Graduate Future Flight Vehicle Innovation Competition\\01_project\\competition\\SERVICE_ROBOT_MECHANICAL_CONSOLIDATION_20260905\\runs\\wp04_robot_assembly_20260906_175153\\candidate\\servicer_structure_service.step", "total_detached_labels": 80}
{"review_progress": "step_detach_progress", "monotonic_s": 96224.794, "path": "F:\\China Graduate Future Flight Vehicle Innovation Competition\\01_project\\competition\\SERVICE_ROBOT_MECHANICAL_CONSOLIDATION_20260905\\runs\\wp04_robot_assembly_20260906_175153\\candidate\\servicer_structure_service.step", "total_detached_labels": 100}
{"review_progress": "step_detach_progress", "monotonic_s": 96224.803, "path": "F:\\China Graduate Future Flight Vehicle Innovation Competition\\01_project\\competition\\SERVICE_ROBOT_MECHANICAL_CONSOLIDATION_20260905\\runs\\wp04_robot_assembly_20260906_175153\\candidate\\servicer_structure_service.step", "total_detached_labels": 120}
{"review_progress": "step_detach_progress", "monotonic_s": 96224.813, "path": "F:\\China Graduate Future Flight Vehicle Innovation Competition\\01_project\\competition\\SERVICE_ROBOT_MECHANICAL_CONSOLIDATION_20260905\\runs\\wp04_robot_assembly_20260906_175153\\candidate\\servicer_structure_service.step", "total_detached_labels": 140}
{"review_progress": "step_detach_progress", "monotonic_s": 96224.824, "path": "F:\\China Graduate Future Flight Vehicle Innovation Competition\\01_project\\competition\\SERVICE_ROBOT_MECHANICAL_CONSOLIDATION_20260905\\runs\\wp04_robot_assembly_20260906_175153\\candidate\\servicer_structure_service.step", "total_detached_labels": 160}
{"review_progress": "step_detach_progress", "monotonic_s": 96224.848, "path": "F:\\China Graduate Future Flight Vehicle Innovation Competition\\01_project\\competition\\SERVICE_ROBOT_MECHANICAL_CONSOLIDATION_20260905\\runs\\wp04_robot_assembly_20260906_175153\\candidate\\servicer_structure_service.step", "total_detached_labels": 180}
{"review_progress": "step_detach_progress", "monotonic_s": 96224.854, "path": "F:\\China Graduate Future Flight Vehicle Innovation Competition\\01_project\\competition\\SERVICE_ROBOT_MECHANICAL_CONSOLIDATION_20260905\\runs\\wp04_robot_assembly_20260906_175153\\candidate\\servicer_structure_service.step", "total_detached_labels": 200}
{"review_progress": "step_detach_progress", "monotonic_s": 96224.859, "path": "F:\\China Graduate Future Flight Vehicle Innovation Competition\\01_project\\competition\\SERVICE_ROBOT_MECHANICAL_CONSOLIDATION_20260905\\runs\\wp04_robot_assembly_20260906_175153\\candidate\\servicer_structure_service.step", "total_detached_labels": 220}
{"review_progress": "step_detach_progress", "monotonic_s": 96224.864, "path": "F:\\China Graduate Future Flight Vehicle Innovation Competition\\01_project\\competition\\SERVICE_ROBOT_MECHANICAL_CONSOLIDATION_20260905\\runs\\wp04_robot_assembly_20260906_175153\\candidate\\servicer_structure_service.step", "total_detached_labels": 240}
{"review_progress": "step_detach_progress", "monotonic_s": 96224.868, "path": "F:\\China Graduate Future Flight Vehicle Innovation Competition\\01_project\\competition\\SERVICE_ROBOT_MECHANICAL_CONSOLIDATION_20260905\\runs\\wp04_robot_assembly_20260906_175153\\candidate\\servicer_structure_service.step", "total_detached_labels": 260}
{"review_progress": "step_detach_progress", "monotonic_s": 96224.872, "path": "F:\\China Graduate Future Flight Vehicle Innovation Competition\\01_project\\competition\\SERVICE_ROBOT_MECHANICAL_CONSOLIDATION_20260905\\runs\\wp04_robot_assembly_20260906_175153\\candidate\\servicer_structure_service.step", "total_detached_labels": 280}
{"review_progress": "step_detach_progress", "monotonic_s": 96224.876, "path": "F:\\China Graduate Future Flight Vehicle Innovation Competition\\01_project\\competition\\SERVICE_ROBOT_MECHANICAL_CONSOLIDATION_20260905\\runs\\wp04_robot_assembly_20260906_175153\\candidate\\servicer_structure_service.step", "total_detached_labels": 300}
{"review_progress": "step_detach_progress", "monotonic_s": 96224.882, "path": "F:\\China Graduate Future Flight Vehicle Innovation Competition\\01_project\\competition\\SERVICE_ROBOT_MECHANICAL_CONSOLIDATION_20260905\\runs\\wp04_robot_assembly_20260906_175153\\candidate\\servicer_structure_service.step", "total_detached_labels": 320}
{"review_progress": "step_detach_progress", "monotonic_s": 96224.888, "path": "F:\\China Graduate Future Flight Vehicle Innovation Competition\\01_project\\competition\\SERVICE_ROBOT_MECHANICAL_CONSOLIDATION_20260905\\runs\\wp04_robot_assembly_20260906_175153\\candidate\\servicer_structure_service.step", "total_detached_labels": 340}
{"review_progress": "step_detach_progress", "monotonic_s": 96224.894, "path": "F:\\China Graduate Future Flight Vehicle Innovation Competition\\01_project\\competition\\SERVICE_ROBOT_MECHANICAL_CONSOLIDATION_20260905\\runs\\wp04_robot_assembly_20260906_175153\\candidate\\servicer_structure_service.step", "total_detached_labels": 360}
{"review_progress": "step_detach_progress", "monotonic_s": 96224.9, "path": "F:\\China Graduate Future Flight Vehicle Innovation Competition\\01_project\\competition\\SERVICE_ROBOT_MECHANICAL_CONSOLIDATION_20260905\\runs\\wp04_robot_assembly_20260906_175153\\candidate\\servicer_structure_service.step", "total_detached_labels": 380}
{"review_progress": "step_detach_progress", "monotonic_s": 96224.906, "path": "F:\\China Graduate Future Flight Vehicle Innovation Competition\\01_project\\competition\\SERVICE_ROBOT_MECHANICAL_CONSOLIDATION_20260905\\runs\\wp04_robot_assembly_20260906_175153\\candidate\\servicer_structure_service.step", "total_detached_labels": 400}
{"review_progress": "step_detach_progress", "monotonic_s": 96224.912, "path": "F:\\China Graduate Future Flight Vehicle Innovation Competition\\01_project\\competition\\SERVICE_ROBOT_MECHANICAL_CONSOLIDATION_20260905\\runs\\wp04_robot_assembly_20260906_175153\\candidate\\servicer_structure_service.step", "total_detached_labels": 420}
{"review_progress": "step_detach_progress", "monotonic_s": 96224.919, "path": "F:\\China Graduate Future Flight Vehicle Innovation Competition\\01_project\\competition\\SERVICE_ROBOT_MECHANICAL_CONSOLIDATION_20260905\\runs\\wp04_robot_assembly_20260906_175153\\candidate\\servicer_structure_service.step", "total_detached_labels": 440}
{"review_progress": "step_detach_progress", "monotonic_s": 96224.925, "path": "F:\\China Graduate Future Flight Vehicle Innovation Competition\\01_project\\competition\\SERVICE_ROBOT_MECHANICAL_CONSOLIDATION_20260905\\runs\\wp04_robot_assembly_20260906_175153\\candidate\\servicer_structure_service.step", "total_detached_labels": 460}
{"review_progress": "step_detach_progress", "monotonic_s": 96224.931, "path": "F:\\China Graduate Future Flight Vehicle Innovation Competition\\01_project\\competition\\SERVICE_ROBOT_MECHANICAL_CONSOLIDATION_20260905\\runs\\wp04_robot_assembly_20260906_175153\\candidate\\servicer_structure_service.step", "total_detached_labels": 480}
{"review_progress": "step_detach_progress", "monotonic_s": 96224.937, "path": "F:\\China Graduate Future Flight Vehicle Innovation Competition\\01_project\\competition\\SERVICE_ROBOT_MECHANICAL_CONSOLIDATION_20260905\\runs\\wp04_robot_assembly_20260906_175153\\candidate\\servicer_structure_service.step", "total_detached_labels": 500}
{"review_progress": "step_detach_progress", "monotonic_s": 96224.943, "path": "F:\\China Graduate Future Flight Vehicle Innovation Competition\\01_project\\competition\\SERVICE_ROBOT_MECHANICAL_CONSOLIDATION_20260905\\runs\\wp04_robot_assembly_20260906_175153\\candidate\\servicer_structure_service.step", "total_detached_labels": 520}
{"review_progress": "step_detach_progress", "monotonic_s": 96224.948, "path": "F:\\China Graduate Future Flight Vehicle Innovation Competition\\01_project\\competition\\SERVICE_ROBOT_MECHANICAL_CONSOLIDATION_20260905\\runs\\wp04_robot_assembly_20260906_175153\\candidate\\servicer_structure_service.step", "total_detached_labels": 540}
{"review_progress": "step_detach_progress", "monotonic_s": 96224.953, "path": "F:\\China Graduate Future Flight Vehicle Innovation Competition\\01_project\\competition\\SERVICE_ROBOT_MECHANICAL_CONSOLIDATION_20260905\\runs\\wp04_robot_assembly_20260906_175153\\candidate\\servicer_structure_service.step", "total_detached_labels": 560}
{"review_progress": "step_detach_done", "monotonic_s": 96224.958, "path": "F:\\China Graduate Future Flight Vehicle Innovation Competition\\01_project\\competition\\SERVICE_ROBOT_MECHANICAL_CONSOLIDATION_20260905\\runs\\wp04_robot_assembly_20260906_175153\\candidate\\servicer_structure_service.step", "detached_leaf_count": 575}
{"review_progress": "step_source_tree_released", "monotonic_s": 96225.118, "path": "F:\\China Graduate Future Flight Vehicle Innovation Competition\\01_project\\competition\\SERVICE_ROBOT_MECHANICAL_CONSOLIDATION_20260905\\runs\\wp04_robot_assembly_20260906_175153\\candidate\\servicer_structure_service.step"}
{"review_progress": "shape_registry_ready", "monotonic_s": 96225.121, "instance_count": 575}
{"review_progress": "bounds_ready", "monotonic_s": 96225.199, "instance_count": 575}
{"review_progress": "validity_start", "monotonic_s": 96225.199, "instance_count": 575}
{"review_progress": "validity_progress", "monotonic_s": 96225.381, "checked": 25, "last_id": "RB_lower_beam_20"}
{"review_progress": "validity_progress", "monotonic_s": 96225.437, "checked": 50, "last_id": "RB_pillar_bottom_washer_2"}
{"review_progress": "validity_progress", "monotonic_s": 96225.501, "checked": 75, "last_id": "M6_root_bolt_70_70"}
{"review_progress": "validity_progress", "monotonic_s": 96225.536, "checked": 100, "last_id": "M5_bottom_washer_5"}
{"review_progress": "validity_progress", "monotonic_s": 96225.591, "checked": 125, "last_id": "shear_web_screw_-1_-30_-94"}
{"review_progress": "validity_progress", "monotonic_s": 96225.636, "checked": 150, "last_id": "cover_mount_-1_0_-75"}
{"review_progress": "validity_progress", "monotonic_s": 96225.694, "checked": 175, "last_id": "shear_web_screw_1_30_-94"}
{"review_progress": "validity_progress", "monotonic_s": 96225.76, "checked": 200, "last_id": "lower_deck_angle_-1_1"}
{"review_progress": "validity_progress", "monotonic_s": 96225.835, "checked": 225, "last_id": "R01_D_lower_-1_50_washer_head"}
{"review_progress": "validity_progress", "monotonic_s": 96225.881, "checked": 250, "last_id": "R01_W_lower_1_-130_washer_nut"}
{"review_progress": "validity_progress", "monotonic_s": 96225.928, "checked": 275, "last_id": "R01_D_upper_-1_-150_nut"}
{"review_progress": "validity_progress", "monotonic_s": 96225.974, "checked": 300, "last_id": "R01_W_upper_-1_130_screw"}
{"review_progress": "validity_progress", "monotonic_s": 96226.02, "checked": 325, "last_id": "R01_D_upper_1_140_washer_head"}
{"review_progress": "validity_progress", "monotonic_s": 96226.082, "checked": 350, "last_id": "equipment_adcs_propulsion_allocation"}
{"review_progress": "validity_progress", "monotonic_s": 96226.132, "checked": 375, "last_id": "trunk_clip_0"}
{"review_progress": "validity_progress", "monotonic_s": 96226.196, "checked": 400, "last_id": "hold_contact_pad_0_1"}
{"review_progress": "validity_progress", "monotonic_s": 96226.259, "checked": 425, "last_id": "hold_contact_pad_1_1"}
{"review_progress": "validity_progress", "monotonic_s": 96226.329, "checked": 450, "last_id": "wing_-1_leaf_3"}
{"review_progress": "validity_progress", "monotonic_s": 96226.576, "checked": 475, "last_id": "wing_edge_frame_1_2_1"}
{"review_progress": "validity_progress", "monotonic_s": 96226.642, "checked": 500, "last_id": "R07_RAIL_-1_1_15_nut"}
{"review_progress": "validity_progress", "monotonic_s": 96226.687, "checked": 525, "last_id": "R07_RAIL_1_1_15_washer_nut"}
{"review_progress": "validity_progress", "monotonic_s": 96226.733, "checked": 550, "last_id": "R07_HOLD_0_1_OUTER_washer_head"}
{"review_progress": "validity_progress", "monotonic_s": 96226.777, "checked": 575, "last_id": "R07_rear_axial_washer_1_1"}
{"review_progress": "validity_done", "monotonic_s": 96226.777, "checked": 575}
{"review_progress": "local_step_import_start", "monotonic_s": 96226.777, "path": "F:\\China Graduate Future Flight Vehicle Innovation Competition\\01_project\\competition\\SERVICE_ROBOT_MECHANICAL_CONSOLIDATION_20260905\\runs\\wp04_robot_assembly_20260906_175153\\candidate\\r07_local.step"}
{"review_progress": "local_step_equivalence_done", "monotonic_s": 96233.921, "checked": 246}
{"review_progress": "connection", "monotonic_s": 96233.921, "id": "R07_RAIL_-1_-1_15"}
{"review_progress": "connection", "monotonic_s": 96234.599, "id": "R07_RAIL_-1_-1_164"}
{"review_progress": "connection", "monotonic_s": 96235.411, "id": "R07_RAIL_-1_-1_-164"}
{"review_progress": "connection", "monotonic_s": 96236.196, "id": "R07_RAIL_-1_1_15"}
{"review_progress": "connection", "monotonic_s": 96236.866, "id": "R07_RAIL_-1_1_164"}
{"review_progress": "connection", "monotonic_s": 96237.594, "id": "R07_RAIL_-1_1_-164"}
{"review_progress": "connection", "monotonic_s": 96238.298, "id": "R07_RAIL_1_-1_15"}
{"review_progress": "connection", "monotonic_s": 96238.961, "id": "R07_RAIL_1_-1_164"}
{"review_progress": "connection", "monotonic_s": 96239.778, "id": "R07_RAIL_1_-1_-164"}
{"review_progress": "connection", "monotonic_s": 96240.58, "id": "R07_RAIL_1_1_15"}
{"review_progress": "connection", "monotonic_s": 96241.26, "id": "R07_RAIL_1_1_164"}
{"review_progress": "connection", "monotonic_s": 96241.986, "id": "R07_RAIL_1_1_-164"}
{"review_progress": "connection", "monotonic_s": 96242.702, "id": "R07_HOLD_0_-1_INNER"}
{"review_progress": "connection", "monotonic_s": 96243.358, "id": "R07_HOLD_0_-1_OUTER"}
{"review_progress": "connection", "monotonic_s": 96244.079, "id": "R07_HOLD_0_1_INNER"}
{"review_progress": "connection", "monotonic_s": 96244.673, "id": "R07_HOLD_0_1_OUTER"}
{"review_progress": "connection", "monotonic_s": 96245.331, "id": "R07_HOLD_1_-1_INNER"}
{"review_progress": "connection", "monotonic_s": 96245.976, "id": "R07_HOLD_1_-1_OUTER"}
{"review_progress": "connection", "monotonic_s": 96246.703, "id": "R07_HOLD_1_1_INNER"}
{"review_progress": "connection", "monotonic_s": 96247.295, "id": "R07_HOLD_1_1_OUTER"}
{"review_progress": "static_pairs", "monotonic_s": 96249.051, "broad": 1547, "narrow": 50}
{"review_progress": "static_pairs", "monotonic_s": 96249.46, "broad": 5022, "narrow": 100}
{"review_progress": "static_pairs", "monotonic_s": 96249.78, "broad": 11398, "narrow": 150}
{"review_progress": "static_pairs", "monotonic_s": 96250.041, "broad": 24112, "narrow": 200}
{"review_progress": "static_pairs", "monotonic_s": 96250.228, "broad": 33275, "narrow": 250}
{"review_progress": "static_pairs", "monotonic_s": 96250.436, "broad": 60806, "narrow": 300}
{"review_progress": "static_pairs", "monotonic_s": 96250.725, "broad": 68210, "narrow": 350}
{"review_progress": "static_pairs", "monotonic_s": 96250.9, "broad": 71981, "narrow": 400}
{"status": "SCOPED_GEOMETRY_WITH_UNKNOWN", "output": "..\\review\\R07_REVIEW_CANDIDATE5.json"}
