{"stage": "preferences_saved", "utc": "2026-09-07T08:50:54.306364+00:00"}
{"stage": "part_import_started", "utc": "2026-09-07T08:50:54.905237+00:00", "id": "PWR_GLAND", "source": "F:\\China Graduate Future Flight Vehicle Innovation Competition\\01_project\\competition\\SERVICE_ROBOT_MECHANICAL_CONSOLIDATION_20260905\\runs\\wp09_interfaces_20260907_1525\\functional_closure\\candidate\\parts\\PWR_GLAND.step"}
{"stage": "save_attempt", "utc": "2026-09-07T08:51:07.261082+00:00", "path": "F:\\China Graduate Future Flight Vehicle Innovation Competition\\01_project\\competition\\SERVICE_ROBOT_MECHANICAL_CONSOLIDATION_20260905\\runs\\wp09_interfaces_20260907_1525\\functional_closure\\native\\parts\\PWR_GLAND.SLDPRT", "api_return": [true, 0, 0], "ok": true, "errors": 0, "warnings": 0}
{"stage": "part_completed", "utc": "2026-09-07T08:51:14.448393+00:00", "id": "PWR_GLAND", "solid_count": 1}
{"stage": "save_attempt", "utc": "2026-09-07T08:51:18.734880+00:00", "path": "F:\\China Graduate Future Flight Vehicle Innovation Competition\\01_project\\competition\\SERVICE_ROBOT_MECHANICAL_CONSOLIDATION_20260905\\runs\\wp09_interfaces_20260907_1525\\functional_closure\\native\\roundtrip\\PWR_GLAND.step", "api_return": [true, 0, 0], "ok": true, "errors": 0, "warnings": 0}
{"stage": "roundtrip", "utc": "2026-09-07T08:51:20.250835+00:00", "id": "PWR_GLAND"}
{"stage": "part_import_started", "utc": "2026-09-07T08:51:20.289742+00:00", "id": "PWR_NUT", "source": "F:\\China Graduate Future Flight Vehicle Innovation Competition\\01_project\\competition\\SERVICE_ROBOT_MECHANICAL_CONSOLIDATION_20260905\\runs\\wp09_interfaces_20260907_1525\\functional_closure\\candidate\\parts\\PWR_NUT.step"}
{"stage": "save_attempt", "utc": "2026-09-07T08:51:25.946342+00:00", "path": "F:\\China Graduate Future Flight Vehicle Innovation Competition\\01_project\\competition\\SERVICE_ROBOT_MECHANICAL_CONSOLIDATION_20260905\\runs\\wp09_interfaces_20260907_1525\\functional_closure\\native\\parts\\PWR_NUT.SLDPRT", "api_return": [true, 0, 0], "ok": true, "errors": 0, "warnings": 0}
{"stage": "part_completed", "utc": "2026-09-07T08:51:32.668917+00:00", "id": "PWR_NUT", "solid_count": 1}
{"stage": "save_attempt", "utc": "2026-09-07T08:51:36.869696+00:00", "path": "F:\\China Graduate Future Flight Vehicle Innovation Competition\\01_project\\competition\\SERVICE_ROBOT_MECHANICAL_CONSOLIDATION_20260905\\runs\\wp09_interfaces_20260907_1525\\functional_closure\\native\\roundtrip\\PWR_NUT.step", "api_return": [true, 0, 0], "ok": true, "errors": 0, "warnings": 0}
{"stage": "roundtrip", "utc": "2026-09-07T08:51:38.370317+00:00", "id": "PWR_NUT"}
{"stage": "part_import_started", "utc": "2026-09-07T08:51:38.415349+00:00", "id": "RS422_GLAND", "source": "F:\\China Graduate Future Flight Vehicle Innovation Competition\\01_project\\competition\\SERVICE_ROBOT_MECHANICAL_CONSOLIDATION_20260905\\runs\\wp09_interfaces_20260907_1525\\functional_closure\\candidate\\parts\\RS422_GLAND.step"}
{"stage": "save_attempt", "utc": "2026-09-07T08:51:43.921238+00:00", "path": "F:\\China Graduate Future Flight Vehicle Innovation Competition\\01_project\\competition\\SERVICE_ROBOT_MECHANICAL_CONSOLIDATION_20260905\\runs\\wp09_interfaces_20260907_1525\\functional_closure\\native\\parts\\RS422_GLAND.SLDPRT", "api_return": [true, 0, 0], "ok": true, "errors": 0, "warnings": 0}
{"stage": "part_completed", "utc": "2026-09-07T08:51:50.902321+00:00", "id": "RS422_GLAND", "solid_count": 1}
{"stage": "save_attempt", "utc": "2026-09-07T08:51:55.190761+00:00", "path": "F:\\China Graduate Future Flight Vehicle Innovation Competition\\01_project\\competition\\SERVICE_ROBOT_MECHANICAL_CONSOLIDATION_20260905\\runs\\wp09_interfaces_20260907_1525\\functional_closure\\native\\roundtrip\\RS422_GLAND.step", "api_return": [true, 0, 0], "ok": true, "errors": 0, "warnings": 0}
{"stage": "roundtrip", "utc": "2026-09-07T08:51:56.700332+00:00", "id": "RS422_GLAND"}
{"stage": "part_import_started", "utc": "2026-09-07T08:51:56.743897+00:00", "id": "RS422_NUT", "source": "F:\\China Graduate Future Flight Vehicle Innovation Competition\\01_project\\competition\\SERVICE_ROBOT_MECHANICAL_CONSOLIDATION_20260905\\runs\\wp09_interfaces_20260907_1525\\functional_closure\\candidate\\parts\\RS422_NUT.step"}
{"stage": "save_attempt", "utc": "2026-09-07T08:52:02.218202+00:00", "path": "F:\\China Graduate Future Flight Vehicle Innovation Competition\\01_project\\competition\\SERVICE_ROBOT_MECHANICAL_CONSOLIDATION_20260905\\runs\\wp09_interfaces_20260907_1525\\functional_closure\\native\\parts\\RS422_NUT.SLDPRT", "api_return": [true, 0, 0], "ok": true, "errors": 0, "warnings": 0}
{"stage": "part_completed", "utc": "2026-09-07T08:52:09.134370+00:00", "id": "RS422_NUT", "solid_count": 1}
{"stage": "save_attempt", "utc": "2026-09-07T08:52:13.543062+00:00", "path": "F:\\China Graduate Future Flight Vehicle Innovation Competition\\01_project\\competition\\SERVICE_ROBOT_MECHANICAL_CONSOLIDATION_20260905\\runs\\wp09_interfaces_20260907_1525\\functional_closure\\native\\roundtrip\\RS422_NUT.step", "api_return": [true, 0, 0], "ok": true, "errors": 0, "warnings": 0}
{"stage": "roundtrip", "utc": "2026-09-07T08:52:15.109216+00:00", "id": "RS422_NUT"}
{"stage": "part_import_started", "utc": "2026-09-07T08:52:15.154367+00:00", "id": "front_service_cover_GSE", "source": "F:\\China Graduate Future Flight Vehicle Innovation Competition\\01_project\\competition\\SERVICE_ROBOT_MECHANICAL_CONSOLIDATION_20260905\\runs\\wp09_interfaces_20260907_1525\\functional_closure\\candidate\\parts\\front_service_cover_GSE.step"}
{"stage": "save_attempt", "utc": "2026-09-07T08:52:20.713431+00:00", "path": "F:\\China Graduate Future Flight Vehicle Innovation Competition\\01_project\\competition\\SERVICE_ROBOT_MECHANICAL_CONSOLIDATION_20260905\\runs\\wp09_interfaces_20260907_1525\\functional_closure\\native\\parts\\front_service_cover_GSE.SLDPRT", "api_return": [true, 0, 0], "ok": true, "errors": 0, "warnings": 0}
{"stage": "part_completed", "utc": "2026-09-07T08:52:27.556819+00:00", "id": "front_service_cover_GSE", "solid_count": 1}
{"stage": "save_attempt", "utc": "2026-09-07T08:52:32.203663+00:00", "path": "F:\\China Graduate Future Flight Vehicle Innovation Competition\\01_project\\competition\\SERVICE_ROBOT_MECHANICAL_CONSOLIDATION_20260905\\runs\\wp09_interfaces_20260907_1525\\functional_closure\\native\\roundtrip\\front_service_cover_GSE.step", "api_return": [true, 0, 0], "ok": true, "errors": 0, "warnings": 0}
{"stage": "roundtrip", "utc": "2026-09-07T08:52:33.775519+00:00", "id": "front_service_cover_GSE"}
{"stage": "end", "utc": "2026-09-07T08:52:33.812932+00:00"}
